\BOOKMARK [0][-]{chapter.1}{\376\377\145\160\122\066\116\016\000\040\000B\000C\000D\000\040\170\001}{}% 1
\BOOKMARK [1][-]{section.1.1}{\376\377\136\070\165\050\145\160\122\066}{chapter.1}% 2
\BOOKMARK [2][-]{subsection.1.1.1}{\376\377\136\070\165\050\145\160\122\066\116\000\211\310}{section.1.1}% 3
\BOOKMARK [2][-]{subsection.1.1.2}{\376\377\116\214\217\333\122\066\116\016\123\101\217\333\122\066\116\113\225\364\166\204\217\154\143\142}{section.1.1}% 4
\BOOKMARK [2][-]{subsection.1.1.3}{\376\377\116\214\217\333\122\066\173\227\147\057\217\320\173\227}{section.1.1}% 5
\BOOKMARK [2][-]{subsection.1.1.4}{\376\377\136\046\173\046\123\367\145\160\166\204\210\150\171\072\377\032\123\237\170\001\060\001\123\315\170\001\124\214\210\145\170\001}{section.1.1}% 6
\BOOKMARK [1][-]{section.1.2}{\376\377\121\340\171\315\173\200\123\125\166\204\177\026\170\001}{chapter.1}% 7
\BOOKMARK [2][-]{subsection.1.2.1}{\376\377\116\214\000-\123\101\217\333\122\066\170\001\377\010\000B\000C\000D\000\040\170\001\377\011}{section.1.2}% 8
\BOOKMARK [2][-]{subsection.1.2.2}{\376\377\150\074\226\367\170\001\377\010\000G\000r\000a\000y\000\040\170\001\377\011}{section.1.2}% 9
\BOOKMARK [2][-]{subsection.1.2.3}{\376\377\213\241\173\227\147\072\133\127\173\046\226\306}{section.1.2}% 10
\BOOKMARK [0][-]{chapter.2}{\376\377\136\003\134\024\116\343\145\160}{}% 11
\BOOKMARK [1][-]{section.2.1}{\376\377\127\372\147\054\220\073\217\221\217\320\173\227}{chapter.2}% 12
\BOOKMARK [2][-]{subsection.2.1.1}{\376\377\116\016\220\073\217\221\217\320\173\227}{section.2.1}% 13
\BOOKMARK [2][-]{subsection.2.1.2}{\376\377\142\026\220\073\217\221\217\320\173\227}{section.2.1}% 14
\BOOKMARK [2][-]{subsection.2.1.3}{\376\377\227\136\220\073\217\221\217\320\173\227}{section.2.1}% 15
\BOOKMARK [1][-]{section.2.2}{\376\377\131\015\124\010\220\073\217\221\217\320\173\227}{chapter.2}% 16
\BOOKMARK [2][-]{subsection.2.2.1}{\376\377\116\016\227\136\220\073\217\221}{section.2.2}% 17
\BOOKMARK [2][-]{subsection.2.2.2}{\376\377\142\026\227\136\220\073\217\221}{section.2.2}% 18
\BOOKMARK [2][-]{subsection.2.2.3}{\376\377\116\016\142\026\227\136\220\073\217\221}{section.2.2}% 19
\BOOKMARK [2][-]{subsection.2.2.4}{\376\377\137\002\142\026\220\073\217\221}{section.2.2}% 20
\BOOKMARK [2][-]{subsection.2.2.5}{\376\377\124\014\142\026\220\073\217\221}{section.2.2}% 21
\BOOKMARK [1][-]{section.2.3}{\376\377\220\073\217\221\165\065\136\163\123\312\153\143\060\001\215\037\220\073\217\221}{chapter.2}% 22
\BOOKMARK [1][-]{section.2.4}{\376\377\127\372\147\054\133\232\137\213\124\214\211\304\122\031}{chapter.2}% 23
\BOOKMARK [2][-]{subsection.2.4.1}{\376\377\220\073\217\221\121\375\145\160\166\204\166\370\173\111}{section.2.4}% 24
\BOOKMARK [2][-]{subsection.2.4.2}{\376\377\127\372\147\054\133\232\137\213}{section.2.4}% 25
\BOOKMARK [2][-]{subsection.2.4.3}{\376\377\220\073\217\221\116\343\145\160\166\204\116\011\147\141\211\304\122\031}{section.2.4}% 26
\BOOKMARK [1][-]{section.2.5}{\376\377\136\070\165\050\121\154\137\017}{chapter.2}% 27
\BOOKMARK [2][-]{subsection.2.5.1}{\376\377\155\210\123\273\137\213}{section.2.5}% 28
\BOOKMARK [2][-]{subsection.2.5.2}{\376\377\124\070\145\066\137\213\0001}{section.2.5}% 29
\BOOKMARK [2][-]{subsection.2.5.3}{\376\377\124\070\145\066\137\213\0002}{section.2.5}% 30
\BOOKMARK [2][-]{subsection.2.5.4}{\376\377\123\005\124\053\137\213}{section.2.5}% 31
\BOOKMARK [2][-]{subsection.2.5.5}{\376\377\121\163\116\216\137\002\142\026\124\214\124\014\142\026\217\320\173\227}{section.2.5}% 32
\BOOKMARK [1][-]{section.2.6}{\376\377\220\073\217\221\121\375\145\160\166\204\150\007\121\306\137\142\137\017}{chapter.2}% 33
\BOOKMARK [2][-]{subsection.2.6.1}{\376\377\121\375\145\160\166\204\040\034\116\016\040\023\142\026\040\035\137\017\124\214\040\034\142\026\040\023\116\016\040\035\137\017}{section.2.6}% 34
\BOOKMARK [2][-]{subsection.2.6.2}{\376\377\147\000\134\017\230\171}{section.2.6}% 35
\BOOKMARK [2][-]{subsection.2.6.3}{\376\377\147\000\131\047\230\171}{section.2.6}% 36
\BOOKMARK [2][-]{subsection.2.6.4}{\376\377\147\000\134\017\230\171\124\214\147\000\131\047\230\171\166\204\121\163\174\373}{section.2.6}% 37
\BOOKMARK [2][-]{subsection.2.6.5}{\376\377\220\073\217\221\121\375\145\160\166\204\147\000\134\017\230\171\116\113\124\214\137\142\137\017}{section.2.6}% 38
\BOOKMARK [2][-]{subsection.2.6.6}{\376\377\220\073\217\221\121\375\145\160\166\204\147\000\131\047\230\171\116\113\171\357\137\142\137\017}{section.2.6}% 39
\BOOKMARK [2][-]{subsection.2.6.7}{\376\377\116\044\171\315\150\007\121\306\137\142\137\017\116\113\225\364\166\204\121\163\174\373}{section.2.6}% 40
\BOOKMARK [1][-]{section.2.7}{\376\377\167\037\120\074\210\150\116\016\220\073\217\221\210\150\217\276\137\017}{chapter.2}% 41
\BOOKMARK [2][-]{subsection.2.7.1}{\376\377\165\061\220\073\217\221\121\375\145\160\137\017\122\027\167\037\120\074\210\150}{section.2.7}% 42
\BOOKMARK [2][-]{subsection.2.7.2}{\376\377\165\061\167\037\120\074\210\150\121\231\220\073\217\221\121\375\145\160\137\017}{section.2.7}% 43
