\BOOKMARK [0][-]{chapter.1}{\376\377\176\352\213\272}{}% 1
\BOOKMARK [1][-]{section.1.1}{\376\377\173\046\123\367\213\364\146\016}{chapter.1}% 2
\BOOKMARK [0][-]{chapter.2}{\376\377\131\015\145\160\127\337\116\016\131\015\123\330\121\375\145\160}{}% 3
\BOOKMARK [1][-]{section.2.1}{\376\377\131\015\145\160\166\204\133\232\116\111}{chapter.2}% 4
\BOOKMARK [2][-]{subsection.2.1.1}{\376\377\127\372\147\054\133\232\116\111}{section.2.1}% 5
\BOOKMARK [2][-]{subsection.2.1.2}{\376\377\145\160\226\306\210\150\171\072}{section.2.1}% 6
\BOOKMARK [1][-]{section.2.2}{\376\377\131\015\145\160\166\204\217\320\173\227\116\016\131\015\145\160\226\306}{chapter.2}% 7
\BOOKMARK [1][-]{section.2.3}{\376\377\131\015\145\160\166\204\121\340\117\125\210\150\171\072}{chapter.2}% 8
\BOOKMARK [2][-]{subsection.2.3.1}{\376\377\140\047\215\050\116\016\213\301\146\016}{section.2.3}% 9
\BOOKMARK [2][-]{subsection.2.3.2}{\376\377\131\015\145\160\166\204\116\011\211\322\210\150\217\276\137\017}{section.2.3}% 10
\BOOKMARK [1][-]{section.2.4}{\376\377\116\011\176\364\172\172\225\364\116\055\166\204\164\003\227\142\142\225\137\161\377\010\236\316\146\374\164\003\377\011}{chapter.2}% 11
\BOOKMARK [2][-]{subsection.2.4.1}{\376\377\145\340\172\167\217\334\160\271\116\016\126\333\122\031\217\320\173\227}{section.2.4}% 12
\BOOKMARK [1][-]{section.2.5}{\376\377\131\015\121\205\171\357\172\172\225\364\000\040\000C\000n}{chapter.2}% 13
\BOOKMARK [1][-]{section.2.6}{\376\377\131\015\145\160\166\204\000\040\000n\000\040\153\041\145\271\150\071}{chapter.2}% 14
\BOOKMARK [0][-]{chapter.3}{\376\377\131\015\123\330\121\375\145\160\127\372\170\100}{}% 15
\BOOKMARK [1][-]{section.3.1}{\376\377\133\236\145\160\127\337\122\060\131\015\145\160\127\337\166\204\142\151\121\105}{chapter.3}% 16
\BOOKMARK [2][-]{subsection.3.1.1}{\376\377\142\151\121\105\122\250\147\072}{section.3.1}% 17
\BOOKMARK [2][-]{subsection.3.1.2}{\376\377\142\151\121\105\153\145\232\244}{section.3.1}% 18
\BOOKMARK [2][-]{subsection.3.1.3}{\376\377\142\151\121\105\124\016\166\204\134\001\225\355\140\047}{section.3.1}% 19
\BOOKMARK [1][-]{section.3.2}{\376\377\133\232\116\111\116\016\140\047\215\050}{chapter.3}% 20
\BOOKMARK [1][-]{section.3.3}{\376\377\122\035\173\111\121\375\145\160}{chapter.3}% 21
\BOOKMARK [2][-]{subsection.3.3.1}{\376\377\143\007\145\160\121\375\145\160}{section.3.3}% 22
\BOOKMARK [2][-]{subsection.3.3.2}{\376\377\133\371\145\160\121\375\145\160}{section.3.3}% 23
\BOOKMARK [2][-]{subsection.3.3.3}{\376\377\116\011\211\322\121\375\145\160}{section.3.3}% 24
\BOOKMARK [2][-]{subsection.3.3.4}{\376\377\123\315\116\011\211\322\121\375\145\160}{section.3.3}% 25
\BOOKMARK [2][-]{subsection.3.3.5}{\376\377\116\000\202\054\136\102\121\375\145\160\000\040\000z\000b}{section.3.3}% 26
\BOOKMARK [0][-]{chapter.4}{\376\377\211\343\147\220\121\375\145\160}{}% 27
\BOOKMARK [1][-]{section.4.1}{\376\377\131\015\123\330\121\375\145\160\166\204\147\201\226\120}{chapter.4}% 28
\BOOKMARK [2][-]{subsection.4.1.1}{\376\377\147\201\226\120\133\130\127\050\166\204\121\105\211\201\147\141\116\366}{section.4.1}% 29
\BOOKMARK [2][-]{subsection.4.1.2}{\376\377\147\201\226\120\217\320\173\227\154\325\122\031}{section.4.1}% 30
\BOOKMARK [1][-]{section.4.2}{\376\377\131\015\123\330\121\375\145\160\166\204\217\336\176\355\140\047}{chapter.4}% 31
\BOOKMARK [2][-]{subsection.4.2.1}{\376\377\217\336\176\355\166\204\121\105\211\201\147\141\116\366}{section.4.2}% 32
\BOOKMARK [2][-]{subsection.4.2.2}{\376\377\217\336\176\355\121\375\145\160\166\204\217\320\173\227\140\047\215\050}{section.4.2}% 33
\BOOKMARK [1][-]{section.4.3}{\376\377\131\015\123\330\121\375\145\160\166\204\133\374\145\160}{chapter.4}% 34
\BOOKMARK [2][-]{subsection.4.3.1}{\376\377\123\357\133\374\166\204\137\305\211\201\147\141\116\366\377\032\217\336\176\355}{section.4.3}% 35
\BOOKMARK [1][-]{section.4.4}{\376\377\147\357\211\177\040\024\236\316\146\374\145\271\172\013\377\010\000C\000-\000R\000\040\145\271\172\013\377\011}{chapter.4}% 36
\BOOKMARK [2][-]{subsection.4.4.1}{\376\377\143\250\133\374\140\035\215\357}{section.4.4}% 37
\BOOKMARK [2][-]{subsection.4.4.2}{\376\377\133\374\145\160\213\241\173\227\121\154\137\017}{section.4.4}% 38
\BOOKMARK [1][-]{section.4.5}{\376\377\211\343\147\220\121\375\145\160}{chapter.4}% 39
\BOOKMARK [2][-]{subsection.4.5.1}{\376\377\123\357\133\374\116\016\211\343\147\220\166\204\123\072\122\053}{section.4.5}% 40
\BOOKMARK [2][-]{subsection.4.5.2}{\376\377\211\343\147\220\166\204\121\105\211\201\147\141\116\366}{section.4.5}% 41
\BOOKMARK [1][-]{section.4.6}{\376\377\214\003\124\214\121\375\145\160}{chapter.4}% 42
\BOOKMARK [2][-]{subsection.4.6.1}{\376\377\211\343\147\220\121\375\145\160\116\016\214\003\124\214\121\375\145\160\166\204\121\163\174\373}{section.4.6}% 43
\BOOKMARK [2][-]{subsection.4.6.2}{\376\377\121\161\217\155\214\003\124\214\121\375\145\160}{section.4.6}% 44
\BOOKMARK [0][-]{chapter.5}{\376\377\121\161\137\142\146\040\134\004\000\040\000\050\000C\000o\000n\000f\000o\000r\000m\000a\000l\000\040\000M\000a\000p\000p\000i\000n\000g\000\051}{}% 45
\BOOKMARK [1][-]{section.5.1}{\376\377\121\340\117\125\141\017\116\111}{chapter.5}% 46
\BOOKMARK [1][-]{section.5.2}{\376\377\121\161\137\142\146\040\134\004\166\204\133\232\116\111}{chapter.5}% 47
\BOOKMARK [2][-]{subsection.5.2.1}{\376\377\142\151\121\105\131\015\136\163\227\142\116\012\166\204\121\161\137\142\140\047}{section.5.2}% 48
\BOOKMARK [1][-]{section.5.3}{\376\377\122\006\137\017\176\277\140\047\146\040\134\004}{chapter.5}% 49
\BOOKMARK [1][-]{section.5.4}{\376\377\117\335\127\006\140\047\116\016\133\371\171\360\160\271}{chapter.5}% 50
\BOOKMARK [2][-]{subsection.5.4.1}{\376\377\133\371\171\360\160\271\137\025\164\006}{section.5.4}% 51
\BOOKMARK [2][-]{subsection.5.4.2}{\376\377\117\335\127\006\140\047\000\040\000\050\000C\000i\000r\000c\000l\000e\000-\000P\000r\000e\000s\000e\000r\000v\000i\000n\000g\000\040\000P\000r\000o\000p\000e\000r\000t\000y\000\051}{section.5.4}% 52
\BOOKMARK [1][-]{section.5.5}{\376\377\116\244\153\324\116\016\146\040\134\004\125\057\116\000\140\047}{chapter.5}% 53
\BOOKMARK [2][-]{subsection.5.5.1}{\376\377\116\244\153\324\000\040\000\050\000C\000r\000o\000s\000s\000\040\000R\000a\000t\000i\000o\000\051}{section.5.5}% 54
\BOOKMARK [2][-]{subsection.5.5.2}{\376\377\125\057\116\000\170\156\133\232\146\040\134\004\166\204\147\141\116\366}{section.5.5}% 55
\BOOKMARK [1][-]{section.5.6}{\376\377\116\011\171\315\121\170\127\213\146\040\134\004\174\173\127\213\123\312\121\166\143\250\133\374}{chapter.5}% 56
\BOOKMARK [2][-]{subsection.5.6.1}{\376\377\174\173\127\213\000\040\000I\377\032\116\012\123\112\136\163\227\142\000\040\000I\000m\000\050\000z\000\051\000\040\000>\000\040\0000\000\040\000\040\123\125\117\115\127\006\166\330\000\040\000|\000w\000|\000\040\000<\000\040\0001}{section.5.6}% 57
\BOOKMARK [2][-]{subsection.5.6.2}{\376\377\174\173\127\213\000\040\000I\000I\377\032\123\125\117\115\127\006\166\330\000\040\000|\000z\000|\000\040\000<\000\040\0001\000\040\000\040\123\125\117\115\127\006\166\330\000\040\000|\000w\000|\000\040\000<\000\040\0001}{section.5.6}% 58
\BOOKMARK [2][-]{subsection.5.6.3}{\376\377\174\173\127\213\000\040\000I\000I\000I\377\032\116\012\123\112\136\163\227\142\000\040\000I\000m\000\050\000z\000\051\000\040\000>\000\040\0000\000\040\000\040\116\012\123\112\136\163\227\142\000\040\000I\000m\000\050\000w\000\051\000\040\000>\000\040\0000}{section.5.6}% 59
\BOOKMARK [1][-]{section.5.7}{\376\377\122\035\173\111\121\375\145\160\166\204\121\161\137\142\140\047}{chapter.5}% 60
\BOOKMARK [2][-]{subsection.5.7.1}{\376\377\136\102\121\375\145\160}{section.5.7}% 61
\BOOKMARK [2][-]{subsection.5.7.2}{\376\377\150\071\137\017\121\375\145\160}{section.5.7}% 62
\BOOKMARK [2][-]{subsection.5.7.3}{\376\377\143\007\145\160\121\375\145\160}{section.5.7}% 63
\BOOKMARK [2][-]{subsection.5.7.4}{\376\377\133\371\145\160\121\375\145\160}{section.5.7}% 64
\BOOKMARK [0][-]{chapter.6}{\376\377\131\015\171\357\122\006}{}% 65
\BOOKMARK [1][-]{section.6.1}{\376\377\131\015\123\330\121\375\145\160\171\357\122\006\166\204\133\232\116\111}{chapter.6}% 66
\BOOKMARK [2][-]{subsection.6.1.1}{\376\377\171\357\122\006\166\204\213\241\173\227\145\271\154\325\377\010\123\302\145\160\145\271\172\013\154\325\377\011}{section.6.1}% 67
\BOOKMARK [1][-]{section.6.2}{\376\377\121\170\127\213\117\213\230\230\213\241\173\227}{chapter.6}% 68
\BOOKMARK [1][-]{section.6.3}{\376\377\221\315\211\201\121\154\137\017\116\016\143\250\213\272}{chapter.6}% 69
\BOOKMARK [2][-]{subsection.6.3.1}{\376\377\131\015\171\357\122\006\166\204\117\060\120\074\116\015\173\111\137\017}{section.6.3}% 70
\BOOKMARK [2][-]{subsection.6.3.2}{\376\377\150\070\137\303\121\154\137\017\377\032\000|\000z\000-\000z\0000\000|\000=\000r\000\040\0001\000\050\000z\000-\000z\0000\000\051\000n\000\040\000d\000z\000\040\166\204\213\241\173\227}{section.6.3}% 71
\BOOKMARK [1][-]{section.6.4}{\376\377\123\237\121\375\145\160\116\016\116\015\133\232\171\357\122\006}{chapter.6}% 72
\BOOKMARK [2][-]{subsection.6.4.1}{\376\377\123\330\116\012\226\120\171\357\122\006\166\204\133\374\145\160}{section.6.4}% 73
\BOOKMARK [2][-]{subsection.6.4.2}{\376\377\162\133\230\177\000-\203\261\136\003\134\074\203\050\121\154\137\017}{section.6.4}% 74
\BOOKMARK [1][-]{section.6.5}{\376\377\147\357\211\177\000-\123\344\204\050\127\372\147\054\133\232\164\006}{chapter.6}% 75
\BOOKMARK [2][-]{subsection.6.5.1}{\376\377\225\355\215\357\123\330\137\142\123\237\164\006}{section.6.5}% 76
\BOOKMARK [1][-]{section.6.6}{\376\377\131\015\124\010\225\355\215\357\133\232\164\006\116\016\117\213\230\230}{chapter.6}% 77
\BOOKMARK [1][-]{section.6.7}{\376\377\147\357\211\177\171\357\122\006\121\154\137\017}{chapter.6}% 78
\BOOKMARK [1][-]{section.6.8}{\376\377\232\330\226\066\133\374\145\160\121\154\137\017}{chapter.6}% 79
\BOOKMARK [0][-]{chapter.7}{\376\377\176\247\145\160}{}% 80
\BOOKMARK [1][-]{section.7.1}{\376\377\131\015\145\160\230\171\176\247\145\160}{chapter.7}% 81
\BOOKMARK [2][-]{subsection.7.1.1}{\376\377\127\372\147\054\151\202\137\365}{section.7.1}% 82
\BOOKMARK [1][-]{section.7.2}{\376\377\131\015\123\330\121\375\145\160\230\171\176\247\145\160}{chapter.7}% 83
\BOOKMARK [2][-]{subsection.7.2.1}{\376\377\116\000\201\364\145\066\145\133\116\016\000\040\000W\000e\000i\000e\000r\000s\000t\000r\000a\000s\000s\000\040\000M\000-\122\044\122\053\154\325}{section.7.2}% 84
\BOOKMARK [1][-]{section.7.3}{\376\377\136\102\176\247\145\160}{chapter.7}% 85
\BOOKMARK [2][-]{subsection.7.3.1}{\376\377\145\066\145\133\123\112\137\204\116\016\145\066\145\133\127\006}{section.7.3}% 86
\BOOKMARK [2][-]{subsection.7.3.2}{\376\377\136\102\176\247\145\160\166\204\217\320\173\227\116\016\211\343\147\220\140\047}{section.7.3}% 87
\BOOKMARK [1][-]{section.7.4}{\376\377\154\360\122\322\176\247\145\160}{chapter.7}% 88
\BOOKMARK [2][-]{subsection.7.4.1}{\376\377\136\070\165\050\154\360\122\322\134\125\137\000\137\017}{section.7.4}% 89
\BOOKMARK [1][-]{section.7.5}{\376\377\155\033\147\027\176\247\145\160}{chapter.7}% 90
\BOOKMARK [2][-]{subsection.7.5.1}{\376\377\131\107\160\271\122\006\174\173}{section.7.5}% 91
\BOOKMARK [1][-]{section.7.6}{\376\377\211\343\147\220\121\375\145\160\166\204\226\366\160\271\124\214\133\144\172\313\131\107\160\271}{chapter.7}% 92
\BOOKMARK [2][-]{subsection.7.6.1}{\376\377\226\366\160\271\116\016\147\201\160\271\116\113\225\364\166\204\121\163\174\373}{section.7.6}% 93
\BOOKMARK [0][-]{chapter.8}{\376\377\165\131\145\160}{}% 94
\BOOKMARK [1][-]{section.8.1}{\376\377\165\131\145\160\166\204\133\232\116\111\116\016\165\131\145\160\133\232\164\006}{chapter.8}% 95
\BOOKMARK [2][-]{subsection.8.1.1}{\376\377\165\131\145\160\166\204\133\232\116\111}{section.8.1}% 96
\BOOKMARK [2][-]{subsection.8.1.2}{\376\377\165\131\145\160\127\372\147\054\133\232\164\006}{section.8.1}% 97
\BOOKMARK [1][-]{section.8.2}{\376\377\165\131\145\160\166\204\213\241\173\227\145\271\154\325}{chapter.8}% 98
\BOOKMARK [2][-]{subsection.8.2.1}{\376\377\123\357\123\273\131\107\160\271\116\016\147\054\140\047\131\107\160\271\131\004\166\204\165\131\145\160}{section.8.2}% 99
\BOOKMARK [2][-]{subsection.8.2.2}{\376\377\147\201\160\271\131\004\166\204\165\131\145\160\213\241\173\227\121\154\137\017}{section.8.2}% 100
\BOOKMARK [2][-]{subsection.8.2.3}{\376\377\145\340\172\167\217\334\160\271\131\004\166\204\165\131\145\160}{section.8.2}% 101
\BOOKMARK [1][-]{section.8.3}{\376\377\165\131\145\160\166\204\121\170\127\213\136\224\165\050}{chapter.8}% 102
\BOOKMARK [2][-]{subsection.8.3.1}{\376\377\0001\000.\000\040\213\241\173\227\000\040\0000\0002\000\040\000R\000\050\000,\000\040\000\051\000\040\000d\000\040\127\213\171\357\122\006}{section.8.3}% 103
\BOOKMARK [2][-]{subsection.8.3.2}{\376\377\0002\000.\000\040\213\241\173\227\000\040\000-\000+\000\040\000P\000\050\000x\000\051\000/\000Q\000\050\000x\000\051\000\040\000d\000x\000\040\127\213\136\177\116\111\171\357\122\006}{section.8.3}% 104
\BOOKMARK [2][-]{subsection.8.3.3}{\376\377\0003\000.\000\040\213\241\173\227\000\040\000-\000+\000\040\000P\000\050\000x\000\051\000Q\000\050\000x\000\051\000\040\000e\000i\000x\000\040\000d\000x\000\040\127\213\171\357\122\006\377\010\176\246\137\123\137\025\164\006\377\011}{section.8.3}% 105
\BOOKMARK [1][-]{section.8.4}{\376\377\121\170\127\213\117\213\230\230\211\343\147\220}{chapter.8}% 106
\BOOKMARK [0][-]{chapter.9}{\376\377\000F\000o\000u\000r\000i\000e\000r\000\040\123\330\143\142}{}% 107
\BOOKMARK [1][-]{section.9.1}{\376\377\000F\000o\000u\000r\000i\000e\000r\000\040\176\247\145\160\116\016\000\040\000F\000o\000u\000r\000i\000e\000r\000\040\171\357\122\006}{chapter.9}% 108
\BOOKMARK [1][-]{section.9.2}{\376\377\000F\000o\000u\000r\000i\000e\000r\000\040\123\330\143\142\166\204\133\232\116\111\116\016\127\372\147\054\140\047\215\050}{chapter.9}% 109
\BOOKMARK [1][-]{section.9.3}{\376\377\000D\000i\000r\000a\000c\000\040\000\040\121\375\145\160}{chapter.9}% 110
\BOOKMARK [1][-]{section.9.4}{\376\377\000F\000o\000u\000r\000i\000e\000r\000\040\123\330\143\142\166\204\140\047\215\050}{chapter.9}% 111
\BOOKMARK [1][-]{section.9.5}{\376\377\123\167\171\357\116\016\166\370\121\163\133\232\164\006}{chapter.9}% 112
\BOOKMARK [1][-]{section.9.6}{\376\377\176\374\124\010\136\224\165\050\116\076\117\213}{chapter.9}% 113
\BOOKMARK [0][-]{chapter.10}{\376\377\000L\000a\000p\000l\000a\000c\000e\000\040\123\330\143\142}{}% 114
\BOOKMARK [1][-]{section.10.1}{\376\377\000L\000a\000p\000l\000a\000c\000e\000\040\123\330\143\142\166\204\133\232\116\111\116\016\133\130\127\050\133\232\164\006}{chapter.10}% 115
\BOOKMARK [2][-]{subsection.10.1.1}{\376\377\000L\000a\000p\000l\000a\000c\000e\000\040\123\330\143\142\166\204\133\232\116\111}{section.10.1}% 116
\BOOKMARK [2][-]{subsection.10.1.2}{\376\377\000L\000a\000p\000l\000a\000c\000e\000\040\123\330\143\142\166\204\133\130\127\050\133\232\164\006}{section.10.1}% 117
\BOOKMARK [1][-]{section.10.2}{\376\377\000L\000a\000p\000l\000a\000c\000e\000\040\123\330\143\142\166\204\127\372\147\054\140\047\215\050}{chapter.10}% 118
\BOOKMARK [2][-]{subsection.10.2.1}{\376\377\176\277\140\047\140\047\215\050}{section.10.2}% 119
\BOOKMARK [2][-]{subsection.10.2.2}{\376\377\137\256\122\006\140\047\215\050\377\010\145\366\127\337\137\256\122\006\377\011}{section.10.2}% 120
\BOOKMARK [2][-]{subsection.10.2.3}{\376\377\171\357\122\006\140\047\215\050\377\010\145\366\127\337\171\357\122\006\377\011}{section.10.2}% 121
\BOOKMARK [2][-]{subsection.10.2.4}{\376\377\166\370\117\074\140\047\215\050}{section.10.2}% 122
\BOOKMARK [2][-]{subsection.10.2.5}{\376\377\123\167\171\357\140\047\215\050}{section.10.2}% 123
\BOOKMARK [2][-]{subsection.10.2.6}{\376\377\122\035\120\074\133\232\164\006\116\016\176\310\120\074\133\232\164\006}{section.10.2}% 124
\BOOKMARK [1][-]{section.10.3}{\376\377\165\050\165\131\145\160\213\241\173\227\000\040\000L\000a\000p\000l\000a\000c\000e\000\040\220\006\123\330\143\142}{chapter.10}% 125
\BOOKMARK [2][-]{subsection.10.3.1}{\376\377\121\170\127\213\147\201\160\271\131\004\166\204\165\131\145\160\213\241\173\227\154\325}{section.10.3}% 126
\BOOKMARK [1][-]{section.10.4}{\376\377\000L\000a\000p\000l\000a\000c\000e\000\040\123\330\143\142\166\204\136\224\165\050}{chapter.10}% 127
\BOOKMARK [2][-]{subsection.10.4.1}{\376\377\121\170\127\213\117\213\230\230\000\040\0001\377\032\154\102\211\343\232\330\226\066\136\070\137\256\122\006\145\271\172\013\122\035\120\074\225\356\230\230}{section.10.4}% 128
\BOOKMARK [2][-]{subsection.10.4.2}{\376\377\121\170\127\213\117\213\230\230\000\040\0002\377\032\154\102\211\343\136\070\137\256\122\006\145\271\172\013\176\304\122\035\120\074\225\356\230\230}{section.10.4}% 129
\BOOKMARK [0][-]{chapter.11}{\376\377\000Z\000\040\123\330\143\142}{}% 130
\BOOKMARK [1][-]{section.11.1}{\376\377\000Z\000\040\123\330\143\142\166\204\133\232\116\111\116\016\145\066\145\133\127\337}{chapter.11}% 131
\BOOKMARK [2][-]{subsection.11.1.1}{\376\377\000Z\000\040\123\330\143\142\166\204\133\232\116\111}{section.11.1}% 132
\BOOKMARK [2][-]{subsection.11.1.2}{\376\377\145\066\145\133\127\337\377\010\000R\000O\000C\377\011}{section.11.1}% 133
\BOOKMARK [1][-]{section.11.2}{\376\377\000Z\000\040\123\330\143\142\166\204\127\372\147\054\140\047\215\050}{chapter.11}% 134
\BOOKMARK [2][-]{subsection.11.2.1}{\376\377\176\277\140\047\140\047\215\050}{section.11.2}% 135
\BOOKMARK [2][-]{subsection.11.2.2}{\376\377\145\366\171\373\140\047\215\050\377\010\171\373\117\115\140\047\215\050\377\011}{section.11.2}% 136
\BOOKMARK [2][-]{subsection.11.2.3}{\376\377\000z\000\040\127\337\134\072\136\246\123\330\143\142\377\010\136\217\122\027\116\130\143\007\145\160\136\217\122\027\377\011}{section.11.2}% 137
\BOOKMARK [2][-]{subsection.11.2.4}{\376\377\145\366\127\337\137\256\122\006\377\010\000z\000\040\127\337\154\102\133\374\140\047\215\050\377\011}{section.11.2}% 138
\BOOKMARK [2][-]{subsection.11.2.5}{\376\377\145\366\127\337\123\167\171\357\133\232\164\006}{section.11.2}% 139
\BOOKMARK [1][-]{section.11.3}{\376\377\220\006\000\040\000Z\000\040\123\330\143\142\166\204\213\241\173\227\145\271\154\325}{chapter.11}% 140
\BOOKMARK [2][-]{subsection.11.3.1}{\376\377\0001\000.\000\040\136\102\176\247\145\160\134\125\137\000\154\325\377\010\225\177\226\144\154\325\377\011}{section.11.3}% 141
\BOOKMARK [2][-]{subsection.11.3.2}{\376\377\0002\000.\000\040\220\350\122\006\122\006\137\017\134\125\137\000\154\325}{section.11.3}% 142
\BOOKMARK [2][-]{subsection.11.3.3}{\376\377\0003\000.\000\040\165\131\145\160\213\241\173\227\154\325\377\010\131\015\123\315\157\024\171\357\122\006\154\325\377\011}{section.11.3}% 143
\BOOKMARK [1][-]{section.11.4}{\376\377\000Z\000\040\123\330\143\142\166\204\136\224\165\050\377\032\154\102\211\343\135\356\122\006\145\271\172\013}{chapter.11}% 144
\BOOKMARK [2][-]{subsection.11.4.1}{\376\377\121\170\127\213\117\213\230\230}{section.11.4}% 145
\BOOKMARK [0][-]{chapter.12}{\376\377\127\072\213\272}{}% 146
\BOOKMARK [1][-]{section.12.1}{\376\377\150\007\221\317\127\072\166\204\150\257\136\246}{chapter.12}% 147
\BOOKMARK [2][-]{subsection.12.1.1}{\376\377\145\271\124\021\133\374\145\160}{section.12.1}% 148
\BOOKMARK [2][-]{subsection.12.1.2}{\376\377\150\257\136\246\166\204\133\232\116\111\116\016\121\340\117\125\141\017\116\111}{section.12.1}% 149
\BOOKMARK [1][-]{section.12.2}{\376\377\167\342\221\317\127\072\166\204\145\143\136\246\116\016\145\313\136\246}{chapter.12}% 150
\BOOKMARK [2][-]{subsection.12.2.1}{\376\377\145\143\136\246\166\204\133\232\116\111\116\016\162\151\164\006\147\054\215\050}{section.12.2}% 151
\BOOKMARK [2][-]{subsection.12.2.2}{\376\377\145\313\136\246\166\204\133\232\116\111\116\016\162\151\164\006\147\054\215\050}{section.12.2}% 152
\BOOKMARK [1][-]{section.12.3}{\376\377\127\072\213\272\116\044\131\047\150\070\137\303\171\357\122\006\133\232\164\006}{chapter.12}% 153
\BOOKMARK [2][-]{subsection.12.3.1}{\376\377\232\330\145\257\145\143\136\246\133\232\164\006}{section.12.3}% 154
\BOOKMARK [2][-]{subsection.12.3.2}{\376\377\145\257\142\130\121\113\145\257\133\232\164\006}{section.12.3}% 155
\BOOKMARK [1][-]{section.12.4}{\376\377\124\310\133\306\230\177\173\227\133\120\166\204\116\343\145\160\217\320\173\227\154\325\122\031}{chapter.12}% 156
\BOOKMARK [2][-]{subsection.12.4.1}{\376\377\116\000\226\066\173\227\133\120\150\070\137\303\140\122\173\111\137\017}{section.12.4}% 157
\BOOKMARK [2][-]{subsection.12.4.2}{\376\377\116\214\226\066\173\227\133\120\116\016\142\311\146\156\142\311\145\257\173\227\133\120}{section.12.4}% 158
\BOOKMARK [1][-]{section.12.5}{\376\377\121\170\127\213\117\213\230\230\211\343\147\220}{chapter.12}% 159
\BOOKMARK [0][-]{appendix.A}{\376\377\210\145\121\105\147\120\145\231}{}% 160
