\BOOKMARK [0][-]{chapter.1}{\376\377\121\161\137\142\146\040\134\004\000\040\000\050\000C\000o\000n\000f\000o\000r\000m\000a\000l\000\040\000M\000a\000p\000p\000i\000n\000g\000\051}{}% 1
\BOOKMARK [1][-]{section.1.1}{\376\377\121\340\117\125\141\017\116\111}{chapter.1}% 2
\BOOKMARK [1][-]{section.1.2}{\376\377\121\161\137\142\146\040\134\004\166\204\133\232\116\111}{chapter.1}% 3
\BOOKMARK [2][-]{subsection.1.2.1}{\376\377\142\151\121\105\131\015\136\163\227\142\116\012\166\204\121\161\137\142\140\047}{section.1.2}% 4
\BOOKMARK [1][-]{section.1.3}{\376\377\122\006\137\017\176\277\140\047\146\040\134\004}{chapter.1}% 5
\BOOKMARK [1][-]{section.1.4}{\376\377\117\335\127\006\140\047\116\016\133\371\171\360\160\271}{chapter.1}% 6
\BOOKMARK [2][-]{subsection.1.4.1}{\376\377\133\371\171\360\160\271\137\025\164\006}{section.1.4}% 7
\BOOKMARK [2][-]{subsection.1.4.2}{\376\377\117\335\127\006\140\047\000\040\000\050\000C\000i\000r\000c\000l\000e\000-\000P\000r\000e\000s\000e\000r\000v\000i\000n\000g\000\040\000P\000r\000o\000p\000e\000r\000t\000y\000\051}{section.1.4}% 8
\BOOKMARK [1][-]{section.1.5}{\376\377\116\244\153\324\116\016\146\040\134\004\125\057\116\000\140\047}{chapter.1}% 9
\BOOKMARK [2][-]{subsection.1.5.1}{\376\377\116\244\153\324\000\040\000\050\000C\000r\000o\000s\000s\000\040\000R\000a\000t\000i\000o\000\051}{section.1.5}% 10
\BOOKMARK [2][-]{subsection.1.5.2}{\376\377\125\057\116\000\170\156\133\232\146\040\134\004\166\204\147\141\116\366}{section.1.5}% 11
\BOOKMARK [1][-]{section.1.6}{\376\377\116\011\171\315\121\170\127\213\146\040\134\004\174\173\127\213\123\312\121\166\143\250\133\374}{chapter.1}% 12
\BOOKMARK [2][-]{subsection.1.6.1}{\376\377\174\173\127\213\000\040\000I\377\032\116\012\123\112\136\163\227\142\000\040\000I\000m\000\050\000z\000\051\000\040\000>\000\040\0000\000\040\000\040\123\125\117\115\127\006\166\330\000\040\000|\000w\000|\000\040\000<\000\040\0001}{section.1.6}% 13
\BOOKMARK [2][-]{subsection.1.6.2}{\376\377\174\173\127\213\000\040\000I\000I\377\032\123\125\117\115\127\006\166\330\000\040\000|\000z\000|\000\040\000<\000\040\0001\000\040\000\040\123\125\117\115\127\006\166\330\000\040\000|\000w\000|\000\040\000<\000\040\0001}{section.1.6}% 14
\BOOKMARK [2][-]{subsection.1.6.3}{\376\377\174\173\127\213\000\040\000I\000I\000I\377\032\116\012\123\112\136\163\227\142\000\040\000I\000m\000\050\000z\000\051\000\040\000>\000\040\0000\000\040\000\040\116\012\123\112\136\163\227\142\000\040\000I\000m\000\050\000w\000\051\000\040\000>\000\040\0000}{section.1.6}% 15
\BOOKMARK [1][-]{section.1.7}{\376\377\122\035\173\111\121\375\145\160\166\204\121\161\137\142\140\047}{chapter.1}% 16
\BOOKMARK [2][-]{subsection.1.7.1}{\376\377\136\102\121\375\145\160}{section.1.7}% 17
\BOOKMARK [2][-]{subsection.1.7.2}{\376\377\150\071\137\017\121\375\145\160}{section.1.7}% 18
\BOOKMARK [2][-]{subsection.1.7.3}{\376\377\143\007\145\160\121\375\145\160}{section.1.7}% 19
\BOOKMARK [2][-]{subsection.1.7.4}{\376\377\133\371\145\160\121\375\145\160}{section.1.7}% 20
