\BOOKMARK [0][-]{chapter.1}{\376\377\131\015\145\160\127\337\116\016\131\015\123\330\121\375\145\160}{}% 1
\BOOKMARK [1][-]{section.1.1}{\376\377\131\015\145\160\166\204\133\232\116\111}{chapter.1}% 2
\BOOKMARK [2][-]{subsection.1.1.1}{\376\377\127\372\147\054\133\232\116\111}{section.1.1}% 3
\BOOKMARK [2][-]{subsection.1.1.2}{\376\377\145\160\226\306\210\150\171\072}{section.1.1}% 4
\BOOKMARK [1][-]{section.1.2}{\376\377\131\015\145\160\166\204\217\320\173\227\116\016\131\015\145\160\226\306}{chapter.1}% 5
\BOOKMARK [1][-]{section.1.3}{\376\377\131\015\145\160\166\204\121\340\117\125\210\150\171\072}{chapter.1}% 6
\BOOKMARK [2][-]{subsection.1.3.1}{\376\377\140\047\215\050}{section.1.3}% 7
\BOOKMARK [2][-]{subsection.1.3.2}{\376\377\131\015\145\160\166\204\116\011\211\322\210\150\217\276\137\017}{section.1.3}% 8
\BOOKMARK [1][-]{section.1.4}{\376\377\116\011\176\364\172\172\225\364\116\055\166\204\164\003\227\142\142\225\137\161\377\010\236\316\146\374\164\003\377\011}{chapter.1}% 9
\BOOKMARK [2][-]{subsection.1.4.1}{\376\377\145\340\172\167\217\334\160\271\116\016\126\333\122\031\217\320\173\227}{section.1.4}% 10
\BOOKMARK [1][-]{section.1.5}{\376\377\131\015\121\205\171\357\172\172\225\364\000\040\000C\000n}{chapter.1}% 11
\BOOKMARK [1][-]{section.1.6}{\376\377\131\015\145\160\166\204\000\040\000n\000\040\153\041\145\271\150\071}{chapter.1}% 12
\BOOKMARK [0][-]{chapter.2}{\376\377\131\015\123\330\121\375\145\160\127\372\170\100}{}% 13
\BOOKMARK [1][-]{section.2.1}{\376\377\133\236\145\160\127\337\122\060\131\015\145\160\127\337\166\204\142\151\121\105}{chapter.2}% 14
\BOOKMARK [2][-]{subsection.2.1.1}{\376\377\142\151\121\105\122\250\147\072}{section.2.1}% 15
\BOOKMARK [2][-]{subsection.2.1.2}{\376\377\142\151\121\105\153\145\232\244}{section.2.1}% 16
\BOOKMARK [2][-]{subsection.2.1.3}{\376\377\142\151\121\105\124\016\166\204\134\001\225\355\140\047}{section.2.1}% 17
\BOOKMARK [1][-]{section.2.2}{\376\377\133\232\116\111\116\016\140\047\215\050}{chapter.2}% 18
\BOOKMARK [1][-]{section.2.3}{\376\377\122\035\173\111\121\375\145\160}{chapter.2}% 19
\BOOKMARK [2][-]{subsection.2.3.1}{\376\377\143\007\145\160\121\375\145\160}{section.2.3}% 20
\BOOKMARK [2][-]{subsection.2.3.2}{\376\377\133\371\145\160\121\375\145\160}{section.2.3}% 21
\BOOKMARK [2][-]{subsection.2.3.3}{\376\377\116\011\211\322\121\375\145\160}{section.2.3}% 22
\BOOKMARK [2][-]{subsection.2.3.4}{\376\377\123\315\116\011\211\322\121\375\145\160}{section.2.3}% 23
\BOOKMARK [2][-]{subsection.2.3.5}{\376\377\116\000\202\054\136\102\121\375\145\160\000\040\000z\000b}{section.2.3}% 24
\BOOKMARK [0][-]{chapter.3}{\376\377\211\343\147\220\121\375\145\160}{}% 25
\BOOKMARK [1][-]{section.3.1}{\376\377\131\015\123\330\121\375\145\160\166\204\147\201\226\120}{chapter.3}% 26
\BOOKMARK [2][-]{subsection.3.1.1}{\376\377\147\201\226\120\133\130\127\050\166\204\121\105\211\201\147\141\116\366}{section.3.1}% 27
\BOOKMARK [2][-]{subsection.3.1.2}{\376\377\147\201\226\120\217\320\173\227\154\325\122\031}{section.3.1}% 28
\BOOKMARK [1][-]{section.3.2}{\376\377\131\015\123\330\121\375\145\160\166\204\217\336\176\355\140\047}{chapter.3}% 29
\BOOKMARK [2][-]{subsection.3.2.1}{\376\377\217\336\176\355\166\204\121\105\211\201\147\141\116\366}{section.3.2}% 30
\BOOKMARK [2][-]{subsection.3.2.2}{\376\377\217\336\176\355\121\375\145\160\166\204\217\320\173\227\140\047\215\050}{section.3.2}% 31
\BOOKMARK [1][-]{section.3.3}{\376\377\131\015\123\330\121\375\145\160\166\204\133\374\145\160}{chapter.3}% 32
\BOOKMARK [2][-]{subsection.3.3.1}{\376\377\123\357\133\374\166\204\137\305\211\201\147\141\116\366\377\032\217\336\176\355}{section.3.3}% 33
\BOOKMARK [1][-]{section.3.4}{\376\377\147\357\211\177\040\024\236\316\146\374\145\271\172\013\377\010\000C\000-\000R\000\040\145\271\172\013\377\011}{chapter.3}% 34
\BOOKMARK [2][-]{subsection.3.4.1}{\376\377\143\250\133\374\140\035\215\357}{section.3.4}% 35
\BOOKMARK [2][-]{subsection.3.4.2}{\376\377\133\374\145\160\213\241\173\227\121\154\137\017}{section.3.4}% 36
\BOOKMARK [1][-]{section.3.5}{\376\377\211\343\147\220\121\375\145\160}{chapter.3}% 37
\BOOKMARK [2][-]{subsection.3.5.1}{\376\377\123\357\133\374\116\016\211\343\147\220\166\204\123\072\122\053}{section.3.5}% 38
\BOOKMARK [2][-]{subsection.3.5.2}{\376\377\211\343\147\220\166\204\121\105\211\201\147\141\116\366}{section.3.5}% 39
\BOOKMARK [1][-]{section.3.6}{\376\377\214\003\124\214\121\375\145\160}{chapter.3}% 40
\BOOKMARK [2][-]{subsection.3.6.1}{\376\377\211\343\147\220\121\375\145\160\116\016\214\003\124\214\121\375\145\160\166\204\121\163\174\373}{section.3.6}% 41
\BOOKMARK [2][-]{subsection.3.6.2}{\376\377\121\161\217\155\214\003\124\214\121\375\145\160}{section.3.6}% 42
\BOOKMARK [0][-]{chapter.4}{\376\377\121\161\137\142\146\040\134\004\000\040\000\050\000C\000o\000n\000f\000o\000r\000m\000a\000l\000\040\000M\000a\000p\000p\000i\000n\000g\000\051}{}% 43
\BOOKMARK [1][-]{section.4.1}{\376\377\121\340\117\125\141\017\116\111}{chapter.4}% 44
\BOOKMARK [1][-]{section.4.2}{\376\377\121\161\137\142\146\040\134\004\166\204\133\232\116\111}{chapter.4}% 45
\BOOKMARK [2][-]{subsection.4.2.1}{\376\377\142\151\121\105\131\015\136\163\227\142\116\012\166\204\121\161\137\142\140\047}{section.4.2}% 46
\BOOKMARK [1][-]{section.4.3}{\376\377\122\006\137\017\176\277\140\047\146\040\134\004}{chapter.4}% 47
\BOOKMARK [1][-]{section.4.4}{\376\377\117\335\127\006\140\047\116\016\133\371\171\360\160\271}{chapter.4}% 48
\BOOKMARK [2][-]{subsection.4.4.1}{\376\377\133\371\171\360\160\271\137\025\164\006}{section.4.4}% 49
\BOOKMARK [2][-]{subsection.4.4.2}{\376\377\117\335\127\006\140\047\000\040\000\050\000C\000i\000r\000c\000l\000e\000-\000P\000r\000e\000s\000e\000r\000v\000i\000n\000g\000\040\000P\000r\000o\000p\000e\000r\000t\000y\000\051}{section.4.4}% 50
\BOOKMARK [1][-]{section.4.5}{\376\377\116\244\153\324\116\016\146\040\134\004\125\057\116\000\140\047}{chapter.4}% 51
\BOOKMARK [2][-]{subsection.4.5.1}{\376\377\116\244\153\324\000\040\000\050\000C\000r\000o\000s\000s\000\040\000R\000a\000t\000i\000o\000\051}{section.4.5}% 52
\BOOKMARK [2][-]{subsection.4.5.2}{\376\377\125\057\116\000\170\156\133\232\146\040\134\004\166\204\147\141\116\366}{section.4.5}% 53
\BOOKMARK [1][-]{section.4.6}{\376\377\116\011\171\315\121\170\127\213\146\040\134\004\174\173\127\213\123\312\121\166\143\250\133\374}{chapter.4}% 54
\BOOKMARK [2][-]{subsection.4.6.1}{\376\377\174\173\127\213\000\040\000I\377\032\116\012\123\112\136\163\227\142\000\040\000I\000m\000\050\000z\000\051\000\040\000>\000\040\0000\000\040\000\040\123\125\117\115\127\006\166\330\000\040\000|\000w\000|\000\040\000<\000\040\0001}{section.4.6}% 55
\BOOKMARK [2][-]{subsection.4.6.2}{\376\377\174\173\127\213\000\040\000I\000I\377\032\123\125\117\115\127\006\166\330\000\040\000|\000z\000|\000\040\000<\000\040\0001\000\040\000\040\123\125\117\115\127\006\166\330\000\040\000|\000w\000|\000\040\000<\000\040\0001}{section.4.6}% 56
\BOOKMARK [2][-]{subsection.4.6.3}{\376\377\174\173\127\213\000\040\000I\000I\000I\377\032\116\012\123\112\136\163\227\142\000\040\000I\000m\000\050\000z\000\051\000\040\000>\000\040\0000\000\040\000\040\116\012\123\112\136\163\227\142\000\040\000I\000m\000\050\000w\000\051\000\040\000>\000\040\0000}{section.4.6}% 57
\BOOKMARK [1][-]{section.4.7}{\376\377\122\035\173\111\121\375\145\160\166\204\121\161\137\142\140\047}{chapter.4}% 58
\BOOKMARK [2][-]{subsection.4.7.1}{\376\377\136\102\121\375\145\160}{section.4.7}% 59
\BOOKMARK [2][-]{subsection.4.7.2}{\376\377\143\007\145\160\121\375\145\160}{section.4.7}% 60
\BOOKMARK [0][-]{chapter.5}{\376\377\131\015\123\330\121\375\145\160\166\204\171\357\122\006}{}% 61
\BOOKMARK [1][-]{section.5.1}{\376\377\131\015\123\330\121\375\145\160\171\357\122\006\166\204\133\232\116\111}{chapter.5}% 62
\BOOKMARK [2][-]{subsection.5.1.1}{\376\377\171\357\122\006\166\204\213\241\173\227\145\271\154\325\377\010\123\302\145\160\145\271\172\013\154\325\377\011}{section.5.1}% 63
\BOOKMARK [1][-]{section.5.2}{\376\377\121\170\127\213\117\213\230\230\213\241\173\227}{chapter.5}% 64
\BOOKMARK [1][-]{section.5.3}{\376\377\221\315\211\201\121\154\137\017\116\016\143\250\213\272}{chapter.5}% 65
\BOOKMARK [2][-]{subsection.5.3.1}{\376\377\131\015\171\357\122\006\166\204\117\060\120\074\116\015\173\111\137\017}{section.5.3}% 66
\BOOKMARK [2][-]{subsection.5.3.2}{\376\377\213\241\173\227\000\040\000|\000z\000-\000z\0000\000|\000=\000r\000\040\0001\000\050\000z\000-\000z\0000\000\051\000n\000\040\000d\000z}{section.5.3}% 67
\BOOKMARK [1][-]{section.5.4}{\376\377\123\237\121\375\145\160\116\016\116\015\133\232\171\357\122\006}{chapter.5}% 68
\BOOKMARK [2][-]{subsection.5.4.1}{\376\377\123\330\116\012\226\120\171\357\122\006\166\204\133\374\145\160}{section.5.4}% 69
\BOOKMARK [2][-]{subsection.5.4.2}{\376\377\162\133\230\177\000-\203\261\136\003\134\074\203\050\121\154\137\017}{section.5.4}% 70
\BOOKMARK [1][-]{section.5.5}{\376\377\147\357\211\177\000-\123\344\204\050\127\372\147\054\133\232\164\006}{chapter.5}% 71
\BOOKMARK [2][-]{subsection.5.5.1}{\376\377\225\355\215\357\123\330\137\142\123\237\164\006}{section.5.5}% 72
\BOOKMARK [1][-]{section.5.6}{\376\377\131\015\124\010\225\355\215\357\133\232\164\006\116\016\117\213\230\230}{chapter.5}% 73
