\BOOKMARK [0][-]{chapter.1}{\376\377\147\072\150\260\213\276\213\241\151\202\213\272}{}% 1
\BOOKMARK [1][-]{section.1.1}{\376\377\147\072\126\150\060\001\147\072\150\260\116\016\147\072\150\260\226\366\116\366}{chapter.1}% 2
\BOOKMARK [1][-]{section.1.2}{\376\377\150\007\121\306\123\026\060\001\174\373\122\027\123\026\116\016\220\032\165\050\123\026}{chapter.1}% 3
\BOOKMARK [1][-]{section.1.3}{\376\377\147\072\150\260\213\276\213\241\166\204\127\372\147\054\211\201\154\102}{chapter.1}% 4
\BOOKMARK [2][-]{subsection.1.3.1}{\376\377\133\371\147\072\126\150\213\276\213\241\166\204\127\372\147\054\211\201\154\102}{section.1.3}% 5
\BOOKMARK [2][-]{subsection.1.3.2}{\376\377\133\371\147\072\150\260\226\366\116\366\213\276\213\241\166\204\127\372\147\054\211\201\154\102}{section.1.3}% 6
\BOOKMARK [1][-]{section.1.4}{\376\377\147\072\150\260\213\276\213\241\166\204\116\000\202\054\172\013\136\217}{chapter.1}% 7
\BOOKMARK [2][-]{subsection.1.4.1}{\376\377\147\072\126\150\213\276\213\241\166\204\116\000\202\054\172\013\136\217}{section.1.4}% 8
\BOOKMARK [2][-]{subsection.1.4.2}{\376\377\147\072\150\260\226\366\116\366\213\276\213\241\166\204\116\000\202\054\153\145\232\244}{section.1.4}% 9
\BOOKMARK [2][-]{subsection.1.4.3}{\376\377\213\276\213\241\213\241\173\227\116\016\150\041\150\070\213\241\173\227}{section.1.4}% 10
\BOOKMARK [1][-]{section.1.5}{\376\377\147\072\150\260\226\366\116\366\166\204\116\073\211\201\131\061\145\110\137\142\137\017\124\214\213\276\213\241\213\241\173\227\121\306\122\031}{chapter.1}% 11
\BOOKMARK [2][-]{subsection.1.5.1}{\376\377\147\072\150\260\226\366\116\366\166\204\131\061\145\110\137\142\137\017}{section.1.5}% 12
\BOOKMARK [2][-]{subsection.1.5.2}{\376\377\147\072\150\260\226\366\116\366\166\204\213\241\173\227\121\306\122\031}{section.1.5}% 13
\BOOKMARK [1][-]{section.1.6}{\376\377\147\072\150\260\226\366\116\366\166\204\136\070\165\050\147\120\145\231}{chapter.1}% 14
\BOOKMARK [2][-]{subsection.1.6.1}{\376\377\136\070\165\050\147\120\145\231}{section.1.6}% 15
\BOOKMARK [2][-]{subsection.1.6.2}{\376\377\147\072\150\260\226\366\116\366\147\120\145\231\166\204\220\011\165\050\211\201\154\102}{section.1.6}% 16
\BOOKMARK [0][-]{chapter.2}{\376\377\147\072\150\260\226\366\116\366\166\204\137\072\136\246}{}% 17
\BOOKMARK [1][-]{section.2.1}{\376\377\217\175\203\167\116\016\136\224\122\233\166\204\122\006\174\173}{chapter.2}% 18
\BOOKMARK [2][-]{subsection.2.1.1}{\376\377\217\175\203\167\166\204\122\006\174\173}{section.2.1}% 19
\BOOKMARK [2][-]{subsection.2.1.2}{\376\377\136\224\122\233\166\204\122\006\174\173}{section.2.1}% 20
\BOOKMARK [2][-]{subsection.2.1.3}{\376\377\172\063\133\232\137\252\163\257\123\330\136\224\122\233\166\204\127\372\147\054\123\302\145\160}{section.2.1}% 21
\BOOKMARK [2][-]{subsection.2.1.4}{\376\377\124\015\116\111\136\224\122\233\124\214\213\241\173\227\136\224\122\233}{section.2.1}% 22
\BOOKMARK [1][-]{section.2.2}{\376\377\227\131\136\224\122\233\145\366\147\072\150\260\226\366\116\366\166\204\137\072\136\246\213\241\173\227}{chapter.2}% 23
\BOOKMARK [2][-]{subsection.2.2.1}{\376\377\227\131\136\224\122\233\116\013\147\072\150\260\226\366\116\366\166\204\137\072\136\246}{section.2.2}% 24
\BOOKMARK [1][-]{section.2.3}{\376\377\147\072\150\260\226\366\116\366\166\204\165\262\122\263\137\072\136\246\213\241\173\227}{chapter.2}% 25
\BOOKMARK [2][-]{subsection.2.3.1}{\376\377\123\330\136\224\122\233\117\134\165\050\116\013\147\072\150\260\226\366\116\366\166\204\131\061\145\110\162\171\137\201}{section.2.3}% 26
\BOOKMARK [2][-]{subsection.2.3.2}{\376\377\147\120\145\231\166\204\165\262\122\263\146\362\176\277\124\214\165\262\122\263\147\201\226\120}{section.2.3}% 27
\BOOKMARK [2][-]{subsection.2.3.3}{\376\377\147\120\145\231\166\204\165\262\122\263\147\201\226\120\136\224\122\233\126\376\377\010\000m\000-\000a\000\040\126\376\377\011}{section.2.3}% 28
\BOOKMARK [2][-]{subsection.2.3.4}{\376\377\137\161\124\315\147\072\150\260\226\366\116\366\165\262\122\263\137\072\136\246\166\204\116\073\211\201\126\340\175\040\124\214\226\366\116\366\147\201\226\120\136\224\122\233\126\376}{section.2.3}% 29
\BOOKMARK [2][-]{subsection.2.3.5}{\376\377\123\125\124\021\172\063\133\232\123\330\136\224\122\233\145\366\166\204\165\262\122\263\137\072\136\246\213\241\173\227}{section.2.3}% 30
\BOOKMARK [2][-]{subsection.2.3.6}{\376\377\123\314\124\021\172\063\133\232\123\330\136\224\122\233\145\366\166\204\165\262\122\263\137\072\136\246\213\241\173\227}{section.2.3}% 31
\BOOKMARK [1][-]{section.2.4}{\376\377\147\072\150\260\226\366\116\366\166\204\143\245\211\346\137\072\136\246}{chapter.2}% 32
\BOOKMARK [2][-]{subsection.2.4.1}{\376\377\143\245\211\346\136\224\122\233}{section.2.4}% 33
\BOOKMARK [2][-]{subsection.2.4.2}{\376\377\131\061\145\110\137\142\137\017}{section.2.4}% 34
\BOOKMARK [2][-]{subsection.2.4.3}{\376\377\143\320\232\330\143\245\211\346\165\262\122\263\137\072\136\246\166\204\143\252\145\275}{section.2.4}% 35
\BOOKMARK [1][-]{Item.79}{\376\377\147\054\172\340\221\315\160\271}{chapter.2}% 36
\BOOKMARK [0][-]{chapter.3}{\376\377\207\272\176\271\217\336\143\245}{}% 37
\BOOKMARK [1][-]{section.3.1}{\376\377\207\272\176\271}{chapter.3}% 38
\BOOKMARK [2][-]{subsection.3.1.1}{\376\377\207\272\176\271\166\204\137\142\142\020}{section.3.1}% 39
\BOOKMARK [2][-]{subsection.3.1.2}{\376\377\207\272\176\271\166\204\122\006\174\173}{section.3.1}% 40
\BOOKMARK [2][-]{subsection.3.1.3}{\376\377\207\272\176\271\166\204\116\073\211\201\123\302\145\160}{section.3.1}% 41
\BOOKMARK [1][-]{section.3.2}{\376\377\207\272\176\271\217\336\143\245\166\204\174\173\127\213\123\312\207\272\176\271\217\336\143\245\116\366}{chapter.3}% 42
\BOOKMARK [2][-]{subsection.3.2.1}{\376\377\207\272\176\271\217\336\143\245\166\204\127\372\147\054\174\173\127\213}{section.3.2}% 43
\BOOKMARK [2][-]{subsection.3.2.2}{\376\377\207\272\176\271\200\124\143\245\116\366}{section.3.2}% 44
\BOOKMARK [1][-]{section.3.3}{\376\377\207\272\176\271\217\336\143\245\166\204\230\204\175\047\124\214\226\062\147\176}{chapter.3}% 45
\BOOKMARK [2][-]{subsection.3.3.1}{\376\377\230\204\175\047}{section.3.3}% 46
\BOOKMARK [2][-]{subsection.3.3.2}{\376\377\226\062\147\176}{section.3.3}% 47
\BOOKMARK [1][-]{section.3.4}{\376\377\123\125\116\052\207\272\150\023\217\336\143\245\166\204\137\072\136\246\213\241\173\227}{chapter.3}% 48
\BOOKMARK [2][-]{subsection.3.4.1}{\376\377\123\327\122\233\137\142\137\017\060\001\131\061\145\110\137\142\137\017\116\016\213\276\213\241\121\306\122\031}{section.3.4}% 49
\BOOKMARK [2][-]{subsection.3.4.2}{\376\377\147\176\207\272\150\023\200\124\143\245\377\010\131\202\124\012\224\251\207\272\150\023\377\011}{section.3.4}% 50
\BOOKMARK [2][-]{subsection.3.4.3}{\376\377\175\047\207\272\150\023\200\124\143\245\040\024\040\024\116\305\123\327\230\204\175\047\122\233\377\010\152\052\124\021\217\175\203\167\166\204\146\156\220\032\207\272\150\023\377\011}{section.3.4}% 51
\BOOKMARK [2][-]{subsection.3.4.4}{\376\377\123\327\152\052\124\021\217\175\203\167\166\204\175\047\207\272\150\023\200\124\143\245}{section.3.4}% 52
\BOOKMARK [2][-]{subsection.3.4.5}{\376\377\146\156\220\032\207\272\150\023\200\124\143\245}{section.3.4}% 53
\BOOKMARK [2][-]{subsection.3.4.6}{\376\377\224\360\122\066\133\124\165\050\207\272\150\023\200\124\143\245}{section.3.4}% 54
\BOOKMARK [2][-]{subsection.3.4.7}{\376\377\123\327\217\164\124\021\217\175\203\167\166\204\175\047\207\272\150\023\200\124\143\245\377\010\221\315\160\271\377\011}{section.3.4}% 55
\BOOKMARK [1][-]{section.3.5}{\376\377\207\272\150\023\176\304\217\336\143\245\166\204\213\276\213\241\116\016\123\327\122\233\122\006\147\220}{chapter.3}% 56
\BOOKMARK [2][-]{subsection.3.5.1}{\376\377\123\327\217\164\124\021\217\175\203\167\207\272\150\023\176\304\200\124\143\245}{section.3.5}% 57
\BOOKMARK [2][-]{subsection.3.5.2}{\376\377\123\327\152\052\124\021\217\175\203\167\207\272\150\023\176\304\200\124\143\245}{section.3.5}% 58
\BOOKMARK [2][-]{subsection.3.5.3}{\376\377\123\327\142\155\167\351\207\272\150\023\176\304\200\124\143\245\040\024\040\024\117\040\122\233\145\271\137\017\116\016\123\327\152\052\124\021\217\175\203\167\166\204\207\272\150\023\176\304\166\370\124\014}{section.3.5}% 59
\BOOKMARK [2][-]{subsection.3.5.4}{\376\377\123\327\120\076\211\206\377\010\176\265\124\021\377\011\122\233\167\351\207\272\150\023\176\304\200\124\143\245}{section.3.5}% 60
\BOOKMARK [2][-]{subsection.3.5.5}{\376\377\207\272\150\023\176\304\126\333\171\315\123\327\122\233\162\266\140\001\133\371\153\324\116\016\134\017\176\323}{section.3.5}% 61
\BOOKMARK [0][-]{chapter.4}{\376\377\217\164\153\302\217\336\143\245}{}% 62
\BOOKMARK [1][-]{section.4.1}{\376\377\225\056\217\336\143\245\166\204\174\173\127\213\123\312\136\224\165\050}{chapter.4}% 63
\BOOKMARK [2][-]{subsection.4.1.1}{\376\377\136\163\225\056}{section.4.1}% 64
\BOOKMARK [2][-]{subsection.4.1.2}{\376\377\123\112\127\006\225\056\217\336\143\245}{section.4.1}% 65
\BOOKMARK [2][-]{subsection.4.1.3}{\376\377\151\124\225\056\217\336\143\245}{section.4.1}% 66
\BOOKMARK [2][-]{subsection.4.1.4}{\376\377\122\007\124\021\225\056}{section.4.1}% 67
\BOOKMARK [1][-]{section.4.2}{\376\377\225\056\166\204\220\011\142\351\124\214\225\056\217\336\143\245\166\204\137\072\136\246\213\241\173\227}{chapter.4}% 68
\BOOKMARK [2][-]{subsection.4.2.1}{\376\377\225\056\166\204\174\173\127\213\220\011\142\351}{section.4.2}% 69
\BOOKMARK [2][-]{subsection.4.2.2}{\376\377\225\056\166\204\134\072\133\370\220\011\142\351}{section.4.2}% 70
\BOOKMARK [2][-]{subsection.4.2.3}{\376\377\146\156\220\032\136\163\225\056\166\204\137\072\136\246\213\241\173\227}{section.4.2}% 71
\BOOKMARK [2][-]{subsection.4.2.4}{\376\377\133\374\124\021\225\056\124\214\156\321\225\056\217\336\143\245\137\072\136\246\213\241\173\227}{section.4.2}% 72
\BOOKMARK [2][-]{subsection.4.2.5}{\376\377\123\112\127\006\225\056\166\204\122\152\122\007\137\072\136\246\147\141\116\366}{section.4.2}% 73
\BOOKMARK [1][-]{section.4.3}{\376\377\202\261\225\056\217\336\143\245}{chapter.4}% 74
\BOOKMARK [2][-]{subsection.4.3.1}{\376\377\202\261\225\056\217\336\143\245\166\204\174\173\127\213\060\001\162\171\160\271\123\312\136\224\165\050}{section.4.3}% 75
\BOOKMARK [2][-]{subsection.4.3.2}{\376\377\202\261\225\056\217\336\143\245\166\204\137\072\136\246\213\241\173\227}{section.4.3}% 76
\BOOKMARK [1][-]{section.4.4}{\376\377\145\340\225\056\217\336\143\245}{chapter.4}% 77
\BOOKMARK [1][-]{section.4.5}{\376\377\225\000\217\336\143\245}{chapter.4}% 78
\BOOKMARK [1][-]{theorem.4.5}{\376\377\147\054\172\340\221\315\160\271}{chapter.4}% 79
\BOOKMARK [0][-]{chapter.5}{\376\377\136\046\117\040\122\250}{}% 80
\BOOKMARK [1][-]{section.5.1}{\376\377\151\202\217\360}{chapter.5}% 81
\BOOKMARK [2][-]{subsection.5.1.1}{\376\377\136\046\117\040\122\250\166\204\135\345\117\134\123\237\164\006\123\312\162\171\160\271}{section.5.1}% 82
\BOOKMARK [2][-]{subsection.5.1.2}{\376\377\136\046\117\040\122\250\166\204\174\173\127\213\116\016\136\224\165\050}{section.5.1}% 83
\BOOKMARK [2][-]{subsection.5.1.3}{\376\377\000V\000\040\136\046\123\312\121\166\150\007\121\306}{section.5.1}% 84
\BOOKMARK [1][-]{section.5.2}{\376\377\136\046\117\040\122\250\166\204\135\345\117\134\140\305\121\265\122\006\147\220}{chapter.5}% 85
\BOOKMARK [2][-]{subsection.5.2.1}{\376\377\136\046\117\040\122\250\166\204\123\327\122\233\122\006\147\220}{section.5.2}% 86
\BOOKMARK [2][-]{subsection.5.2.2}{\376\377\136\046\117\040\122\250\166\204\147\000\131\047\147\011\145\110\142\311\122\233\123\312\121\166\137\161\124\315\126\340\175\040}{section.5.2}% 87
\BOOKMARK [2][-]{subsection.5.2.3}{\376\377\136\046\166\204\136\224\122\233\122\006\147\220}{section.5.2}% 88
\BOOKMARK [2][-]{subsection.5.2.4}{\376\377\136\046\166\204\137\071\140\047\156\321\122\250\124\214\142\123\156\321}{section.5.2}% 89
\BOOKMARK [1][-]{section.5.3}{\376\377\000V\000\040\136\046\117\040\122\250\166\204\213\276\213\241\213\241\173\227}{chapter.5}% 90
\BOOKMARK [2][-]{subsection.5.3.1}{\376\377\213\276\213\241\121\306\122\031\124\214\123\125\150\071\000\040\000V\000\040\136\046\166\204\127\372\147\054\230\235\133\232\122\237\163\207}{section.5.3}% 91
\BOOKMARK [2][-]{subsection.5.3.2}{\376\377\000V\000\040\136\046\117\040\122\250\166\204\213\276\213\241\153\145\232\244\124\214\145\271\154\325}{section.5.3}% 92
\BOOKMARK [1][-]{section.5.4}{\376\377\000V\000\040\136\046\217\156\166\204\213\276\213\241}{chapter.5}% 93
\BOOKMARK [2][-]{subsection.5.4.1}{\376\377\213\276\213\241\211\201\154\102}{section.5.4}% 94
\BOOKMARK [2][-]{subsection.5.4.2}{\376\377\136\046\217\156\147\120\145\231}{section.5.4}% 95
\BOOKMARK [2][-]{subsection.5.4.3}{\376\377\136\046\217\156\166\204\176\323\147\204\134\072\133\370}{section.5.4}% 96
\BOOKMARK [1][-]{section.5.5}{\376\377\136\046\117\040\122\250\166\204\137\040\175\047\116\016\176\364\142\244}{chapter.5}% 97
\BOOKMARK [2][-]{subsection.5.5.1}{\376\377\136\046\166\204\137\040\175\047}{section.5.5}% 98
\BOOKMARK [2][-]{subsection.5.5.2}{\376\377\136\046\166\204\176\364\142\244}{section.5.5}% 99
\BOOKMARK [1][-]{section.5.6}{\376\377\124\014\153\145\136\046\117\040\122\250}{chapter.5}% 100
\BOOKMARK [1][-]{section.5.6}{\376\377\147\054\172\340\221\315\160\271}{chapter.5}% 101
\BOOKMARK [0][-]{chapter.6}{\376\377\224\376\117\040\122\250}{}% 102
\BOOKMARK [1][-]{section.6.1}{\376\377\117\040\122\250\224\376\166\204\176\323\147\204}{chapter.6}% 103
\BOOKMARK [2][-]{subsection.6.1.1}{\376\377\156\332\133\120\224\376\176\323\147\204}{section.6.1}% 104
\BOOKMARK [1][-]{section.6.2}{\376\377\237\177\137\142\224\376}{chapter.6}% 105
\BOOKMARK [1][-]{section.6.3}{\376\377\224\376\217\156}{chapter.6}% 106
\BOOKMARK [2][-]{subsection.6.3.1}{\376\377\224\376\217\156\166\204\127\372\147\054\123\302\145\160\123\312\116\073\211\201\134\072\133\370}{section.6.3}% 107
\BOOKMARK [2][-]{subsection.6.3.2}{\376\377\224\376\217\156\237\177\137\142}{section.6.3}% 108
\BOOKMARK [2][-]{subsection.6.3.3}{\376\377\224\376\217\156\166\204\147\120\145\231}{section.6.3}% 109
\BOOKMARK [1][-]{section.6.4}{\376\377\117\040\122\250\224\376\166\204\121\340\117\125\213\241\173\227}{chapter.6}% 110
\BOOKMARK [1][-]{section.6.5}{\376\377\224\376\117\040\122\250\166\204\217\320\122\250\162\171\140\047}{chapter.6}% 111
\BOOKMARK [2][-]{subsection.6.5.1}{\376\377\136\163\127\107\224\376\220\037\116\016\136\163\127\107\117\040\122\250\153\324}{section.6.5}% 112
\BOOKMARK [2][-]{subsection.6.5.2}{\376\377\167\254\145\366\224\376\220\037\116\016\167\254\145\366\117\040\122\250\153\324}{section.6.5}% 113
