\BOOKMARK [0][-]{chapter.1}{\376\377\213\335\122\147\177\026\122\147\145\131\172\013}{}% 1
\BOOKMARK [1][-]{section.1.1}{\376\377\142\017\122\147\166\204\147\054\215\050\377\032\144\171\116\377\213\364\116\016\116\232\221\314\130\353\131\032\137\267\213\327\133\146\117\123\174\373}{chapter.1}% 2
\BOOKMARK [2][-]{subsection.1.1.1}{\376\377\144\171\116\377\213\364\377\010\000M\000i\000m\000e\000s\000i\000s\377\011}{section.1.1}% 3
\BOOKMARK [2][-]{subsection.1.1.2}{\376\377\140\262\122\147\121\155\211\201\175\040}{section.1.1}% 4
\BOOKMARK [2][-]{subsection.1.1.3}{\376\377\123\141\130\124\211\177\145\257}{section.1.1}% 5
\BOOKMARK [2][-]{subsection.1.1.4}{\376\377\116\011\116\000\137\213\166\204\156\220\155\101\116\016\213\357\211\343}{section.1.1}% 6
\BOOKMARK [1][-]{section.1.2}{\376\377\122\147\147\054\176\323\147\204\377\032\116\316\116\011\116\000\137\213\122\060\163\260\116\343\123\331\116\213}{chapter.1}% 7
\BOOKMARK [2][-]{subsection.1.2.1}{\376\377\137\027\203\261\130\124\121\113\221\321\133\127\130\124}{section.1.2}% 8
\BOOKMARK [2][-]{subsection.1.2.2}{\376\377\116\011\136\125\122\147\176\323\147\204}{section.1.2}% 9
\BOOKMARK [2][-]{subsection.1.2.3}{\376\377\227\136\176\277\140\047\123\331\116\213\166\204\143\021\142\030}{section.1.2}% 10
\BOOKMARK [2][-]{subsection.1.2.4}{\376\377\127\072\116\016\136\125\166\204\122\022\122\006\220\073\217\221}{section.1.2}% 11
\BOOKMARK [1][-]{section.1.3}{\376\377\116\272\162\151\130\121\220\040\377\032\127\006\137\142\116\272\162\151\116\016\142\101\136\163\116\272\162\151}{chapter.1}% 12
\BOOKMARK [2][-]{subsection.1.3.1}{\376\377\171\217\145\257\162\171\166\204\116\272\162\151\122\006\174\173}{section.1.3}% 13
\BOOKMARK [2][-]{subsection.1.3.2}{\376\377\116\272\162\151\166\204\116\011\176\364\136\246}{section.1.3}% 14
\BOOKMARK [2][-]{subsection.1.3.3}{\376\377\153\062\147\033\060\001\226\073\170\215\116\016\116\272\162\151\137\047\121\111}{section.1.3}% 15
\BOOKMARK [1][-]{section.1.4}{\376\377\133\371\213\335\121\231\117\134\377\032\123\360\213\315\166\204\122\237\200\375\116\016\142\200\135\347}{chapter.1}% 16
\BOOKMARK [2][-]{subsection.1.4.1}{\376\377\123\360\213\315\166\204\126\333\171\315\122\237\200\375}{section.1.4}% 17
\BOOKMARK [2][-]{subsection.1.4.2}{\376\377\157\134\123\360\213\315}{section.1.4}% 18
\BOOKMARK [2][-]{subsection.1.4.3}{\376\377\133\371\166\175\060\001\162\354\166\175\116\016\145\301\166\175}{section.1.4}% 19
\BOOKMARK [2][-]{subsection.1.4.4}{\376\377\213\355\212\000\202\202\131\117\116\016\230\316\150\074}{section.1.4}% 20
\BOOKMARK [1][-]{section.1.5}{\376\377\121\262\172\201\116\016\116\073\230\230\377\032\142\017\122\147\137\040\122\233\166\204\147\204\220\040}{chapter.1}% 21
\BOOKMARK [2][-]{subsection.1.5.1}{\376\377\121\262\172\201\146\057\142\017\122\147\166\204\160\165\233\102}{section.1.5}% 22
\BOOKMARK [2][-]{subsection.1.5.2}{\376\377\116\011\174\173\121\262\172\201}{section.1.5}% 23
\BOOKMARK [2][-]{subsection.1.5.3}{\376\377\140\254\137\365\166\204\136\372\172\313}{section.1.5}% 24
\BOOKMARK [2][-]{subsection.1.5.4}{\376\377\116\073\230\230\166\204\143\320\160\274\116\016\124\110\163\260}{section.1.5}% 25
\BOOKMARK [1][-]{section.1.6}{\376\377\177\026\122\147\135\345\117\134\155\101\172\013\377\032\116\316\147\204\140\035\122\060\133\232\172\077}{chapter.1}% 26
\BOOKMARK [2][-]{subsection.1.6.1}{\376\377\220\011\230\230\116\016\175\040\147\120}{section.1.6}% 27
\BOOKMARK [2][-]{subsection.1.6.2}{\376\377\131\047\176\262\116\016\122\006\127\072\213\276\213\241}{section.1.6}% 28
\BOOKMARK [2][-]{subsection.1.6.3}{\376\377\122\035\172\077\116\016\117\356\145\071}{section.1.6}% 29
\BOOKMARK [2][-]{subsection.1.6.4}{\376\377\122\147\147\054\150\074\137\017\211\304\203\003}{section.1.6}% 30
\BOOKMARK [1][-]{section.1.7}{\376\377\176\317\121\170\122\147\147\054\122\006\147\220\203\003\117\213\377\032\146\371\171\272\060\012\226\367\226\350\060\013}{chapter.1}% 31
\BOOKMARK [2][-]{subsection.1.7.1}{\376\377\176\323\147\204\122\006\147\220}{section.1.7}% 32
\BOOKMARK [2][-]{subsection.1.7.2}{\376\377\116\272\162\151\130\121\220\040\122\006\147\220}{section.1.7}% 33
\BOOKMARK [0][-]{chapter.2}{\376\377\202\036\123\360\133\211\143\222\145\131\172\013\377\032\133\374\157\024\147\204\140\035\116\016\202\036\123\360\214\003\136\246}{}% 34
\BOOKMARK [1][-]{section.2.1}{\376\377\133\374\157\024\166\204\200\114\200\375\116\016\202\172\147\057\000\040\000v\000i\000s\000i\000o\000n}{chapter.2}% 35
\BOOKMARK [2][-]{subsection.2.1.1}{\376\377\133\374\157\024\117\134\116\072\000"\140\073\211\343\221\312\200\005\000"}{section.2.1}% 36
\BOOKMARK [2][-]{subsection.2.1.2}{\376\377\000A\000r\000t\000i\000s\000t\000i\000c\000\040\000V\000i\000s\000i\000o\000n\000\040\166\204\137\142\142\020}{section.2.1}% 37
\BOOKMARK [2][-]{subsection.2.1.3}{\376\377\137\340\133\236\116\016\121\215\122\033\220\040\377\032\133\374\157\024\116\016\122\147\147\054\166\204\121\163\174\373}{section.2.1}% 38
\BOOKMARK [1][-]{section.2.2}{\376\377\122\147\147\054\122\006\147\220\377\032\133\374\157\024\166\204\135\345\117\134\215\167\160\271}{chapter.2}% 39
\BOOKMARK [2][-]{subsection.2.2.1}{\376\377\116\213\116\366\122\006\147\220\154\325}{section.2.2}% 40
\BOOKMARK [2][-]{subsection.2.2.2}{\376\377\122\250\147\072\122\006\147\220}{section.2.2}% 41
\BOOKMARK [2][-]{subsection.2.2.3}{\376\377\116\073\230\230\122\006\147\220\116\016\176\323\147\204\142\212\143\341}{section.2.2}% 42
\BOOKMARK [2][-]{subsection.2.2.4}{\376\377\211\304\133\232\140\305\130\203\122\006\147\220}{section.2.2}% 43
\BOOKMARK [1][-]{section.2.3}{\376\377\202\036\123\360\172\172\225\364\116\016\214\003\136\246}{chapter.2}% 44
\BOOKMARK [2][-]{subsection.2.3.1}{\376\377\202\036\123\360\123\072\127\337\122\022\122\006}{section.2.3}% 45
\BOOKMARK [2][-]{subsection.2.3.2}{\376\377\202\036\123\360\214\003\136\246\166\204\127\372\147\054\123\237\122\031}{section.2.3}% 46
\BOOKMARK [2][-]{subsection.2.3.3}{\376\377\165\073\227\142\166\204\136\163\210\141\116\016\161\046\160\271}{section.2.3}% 47
\BOOKMARK [2][-]{subsection.2.3.4}{\376\377\172\172\225\364\166\204\214\141\137\201\140\047\116\016\210\150\163\260\140\047}{section.2.3}% 48
\BOOKMARK [1][-]{section.2.4}{\376\377\202\036\123\360\177\216\147\057\377\032\136\003\146\157\060\001\160\157\121\111\060\001\147\015\210\305\060\001\227\363\145\110}{chapter.2}% 49
\BOOKMARK [2][-]{subsection.2.4.1}{\376\377\136\003\146\157\213\276\213\241}{section.2.4}% 50
\BOOKMARK [2][-]{subsection.2.4.2}{\376\377\160\157\121\111\213\276\213\241}{section.2.4}% 51
\BOOKMARK [2][-]{subsection.2.4.3}{\376\377\147\015\210\305\213\276\213\241}{section.2.4}% 52
\BOOKMARK [2][-]{subsection.2.4.4}{\376\377\227\363\145\110\213\276\213\241}{section.2.4}% 53
\BOOKMARK [1][-]{section.2.5}{\376\377\143\222\176\303\155\101\172\013\377\032\116\316\213\373\147\054\122\060\124\010\142\020}{chapter.2}% 54
\BOOKMARK [2][-]{subsection.2.5.1}{\376\377\213\373\147\054\226\066\153\265\377\010\000R\000e\000a\000d\000-\000t\000h\000r\000o\000u\000g\000h\377\011}{section.2.5}% 55
\BOOKMARK [2][-]{subsection.2.5.2}{\376\377\174\227\143\222\226\066\153\265\377\010\000B\000l\000o\000c\000k\000i\000n\000g\000\040\000R\000e\000h\000e\000a\000r\000s\000a\000l\000s\377\011}{section.2.5}% 56
\BOOKMARK [2][-]{subsection.2.5.3}{\376\377\176\306\143\222\226\066\153\265\377\010\000W\000o\000r\000k\000i\000n\000g\000\040\000R\000e\000h\000e\000a\000r\000s\000a\000l\000s\377\011}{section.2.5}% 57
\BOOKMARK [2][-]{subsection.2.5.4}{\376\377\217\336\143\222\116\016\137\151\143\222\377\010\000R\000u\000n\000-\000t\000h\000r\000o\000u\000g\000h\000s\000\040\000\046\000\040\000D\000r\000e\000s\000s\000\040\000R\000e\000h\000e\000a\000r\000s\000a\000l\000s\377\011}{section.2.5}% 58
\BOOKMARK [2][-]{subsection.2.5.5}{\376\377\142\200\147\057\124\010\142\020\377\010\000T\000e\000c\000h\000\040\000R\000e\000h\000e\000a\000r\000s\000a\000l\000s\377\011}{section.2.5}% 59
\BOOKMARK [1][-]{section.2.6}{\376\377\133\374\157\024\116\016\124\004\220\350\225\350\166\204\123\117\117\134}{chapter.2}% 60
\BOOKMARK [2][-]{subsection.2.6.1}{\376\377\133\374\157\024\116\016\177\026\122\147}{section.2.6}% 61
\BOOKMARK [2][-]{subsection.2.6.2}{\376\377\133\374\157\024\116\016\157\024\124\130}{section.2.6}% 62
\BOOKMARK [2][-]{subsection.2.6.3}{\376\377\133\374\157\024\116\016\202\036\177\216\213\276\213\241\126\342\226\037}{section.2.6}% 63
\BOOKMARK [2][-]{subsection.2.6.4}{\376\377\133\374\157\024\116\016\122\066\117\134\116\272}{section.2.6}% 64
\BOOKMARK [1][-]{section.2.7}{\376\377\137\123\116\343\133\374\157\024\164\006\213\272\116\016\133\236\215\365}{chapter.2}% 65
\BOOKMARK [2][-]{subsection.2.7.1}{\376\377\163\260\133\236\116\073\116\111\133\374\157\024\117\040\176\337}{section.2.7}% 66
\BOOKMARK [2][-]{subsection.2.7.2}{\376\377\136\003\203\261\136\014\162\171\166\204\000"\225\364\171\273\145\110\147\234\000"}{section.2.7}% 67
\BOOKMARK [2][-]{subsection.2.7.3}{\376\377\226\077\134\024\142\130\166\204\000"\153\213\221\167\142\017\122\147\000"}{section.2.7}% 68
\BOOKMARK [2][-]{subsection.2.7.4}{\376\377\150\074\155\033\142\130\131\053\145\257\127\372\166\204\000"\215\050\147\064\142\017\122\147\000"}{section.2.7}% 69
\BOOKMARK [2][-]{subsection.2.7.5}{\376\377\124\016\163\260\116\343\122\147\127\072\133\236\215\365}{section.2.7}% 70
\BOOKMARK [0][-]{chapter.3}{\376\377\210\150\157\024\202\172\147\057\145\131\172\013}{}% 71
\BOOKMARK [1][-]{section.3.1}{\376\377\210\150\157\024\166\204\147\054\215\050\116\016\157\024\124\130\166\204\175\040\215\050}{chapter.3}% 72
\BOOKMARK [2][-]{subsection.3.1.1}{\376\377\210\150\157\024\117\134\116\072\000"\123\314\221\315\141\017\213\306\000"}{section.3.1}% 73
\BOOKMARK [2][-]{subsection.3.1.2}{\376\377\162\304\137\267\177\127\166\204\000"\210\150\157\024\140\226\213\272\000"\123\312\121\166\136\366\176\355}{section.3.1}% 74
\BOOKMARK [2][-]{subsection.3.1.3}{\376\377\157\024\124\130\166\204\127\372\147\054\175\040\215\050}{section.3.1}% 75
\BOOKMARK [1][-]{section.3.2}{\376\377\145\257\127\146\134\074\145\257\142\311\131\053\145\257\127\372\117\123\174\373}{chapter.3}% 76
\BOOKMARK [2][-]{subsection.3.2.1}{\376\377\117\123\174\373\166\204\137\142\142\020\116\016\123\321\134\125}{section.3.2}% 77
\BOOKMARK [2][-]{subsection.3.2.2}{\376\377\150\070\137\303\151\202\137\365}{section.3.2}% 78
\BOOKMARK [2][-]{subsection.3.2.3}{\376\377\137\142\117\123\210\114\122\250\145\271\154\325}{section.3.2}% 79
\BOOKMARK [1][-]{section.3.3}{\376\377\210\150\157\024\127\372\147\054\121\103\175\040\213\255\176\303}{chapter.3}% 80
\BOOKMARK [2][-]{subsection.3.3.1}{\376\377\147\176\137\033\116\016\143\247\122\066}{section.3.3}% 81
\BOOKMARK [2][-]{subsection.3.3.2}{\376\377\154\350\141\017\122\233\226\306\116\055}{section.3.3}% 82
\BOOKMARK [2][-]{subsection.3.3.3}{\376\377\140\363\214\141\116\016\136\173\140\363}{section.3.3}% 83
\BOOKMARK [2][-]{subsection.3.3.4}{\376\377\116\244\155\101\116\016\220\002\136\224}{section.3.3}% 84
\BOOKMARK [2][-]{subsection.3.3.5}{\376\377\202\202\131\117\141\037\213\255\176\303}{section.3.3}% 85
\BOOKMARK [2][-]{subsection.3.3.6}{\376\377\211\302\133\337\165\037\155\073\176\303\116\140}{section.3.3}% 86
\BOOKMARK [2][-]{subsection.3.3.7}{\376\377\145\340\133\236\162\151\176\303\116\140}{section.3.3}% 87
\BOOKMARK [1][-]{section.3.4}{\376\377\123\360\213\315\116\016\123\321\130\360\142\200\135\347}{chapter.3}% 88
\BOOKMARK [2][-]{subsection.3.4.1}{\376\377\124\174\124\070\145\271\154\325\377\032\201\171\137\017\124\174\124\070}{section.3.4}% 89
\BOOKMARK [2][-]{subsection.3.4.2}{\376\377\121\161\236\043\116\016\123\321\130\360}{section.3.4}% 90
\BOOKMARK [2][-]{subsection.3.4.3}{\376\377\124\020\133\127\137\122\227\363}{section.3.4}% 91
\BOOKMARK [2][-]{subsection.3.4.4}{\376\377\213\355\214\003\060\001\221\315\227\363\116\016\120\134\230\177}{section.3.4}% 92
\BOOKMARK [2][-]{subsection.3.4.5}{\376\377\130\360\227\363\166\204\210\150\163\260\122\233}{section.3.4}% 93
\BOOKMARK [1][-]{section.3.5}{\376\377\137\142\117\123\210\150\157\024\116\016\202\036\123\360\122\250\117\134}{chapter.3}% 94
\BOOKMARK [2][-]{subsection.3.5.1}{\376\377\137\142\117\123\122\250\117\134\166\204\147\011\147\072\140\047}{section.3.5}% 95
\BOOKMARK [2][-]{subsection.3.5.2}{\376\377\202\036\123\360\202\202\131\117\116\016\000T\000e\000m\000p\000o\000-\000R\000h\000y\000t\000h\000m}{section.3.5}% 96
\BOOKMARK [2][-]{subsection.3.5.3}{\376\377\137\142\117\123\210\150\163\260\122\233\166\204\213\255\176\303}{section.3.5}% 97
\BOOKMARK [2][-]{subsection.3.5.4}{\376\377\227\142\220\350\210\150\140\305\116\016\142\113\122\277}{section.3.5}% 98
\BOOKMARK [1][-]{section.3.6}{\376\377\211\322\202\162\130\121\220\040\377\032\116\316\122\006\147\220\122\060\117\123\163\260}{chapter.3}% 99
\BOOKMARK [2][-]{subsection.3.6.1}{\376\377\211\322\202\162\122\006\147\220\166\204\116\011\176\364\136\246}{section.3.6}% 100
\BOOKMARK [2][-]{subsection.3.6.2}{\376\377\211\322\202\162\201\352\117\040\121\231\117\134}{section.3.6}% 101
\BOOKMARK [2][-]{subsection.3.6.3}{\376\377\116\316\131\026\220\350\122\060\121\205\220\350\000\040\000v\000s\000\040\116\316\121\205\220\350\122\060\131\026\220\350}{section.3.6}% 102
\BOOKMARK [1][-]{section.3.7}{\376\377\116\073\211\201\210\150\157\024\155\101\155\076\153\324\217\203}{chapter.3}% 103
\BOOKMARK [2][-]{subsection.3.7.1}{\376\377\145\257\127\146\134\074\145\257\142\311\131\053\145\257\127\372\117\123\174\373\377\010\117\123\232\214\155\076\377\011}{section.3.7}% 104
\BOOKMARK [2][-]{subsection.3.7.2}{\376\377\136\003\203\261\136\014\162\171\210\150\157\024\164\006\213\272\377\010\225\364\171\273\000/\123\331\116\213\117\123\142\017\122\147\377\011}{section.3.7}% 105
\BOOKMARK [2][-]{subsection.3.7.3}{\376\377\217\310\145\257\176\263\000T\000e\000c\000h\000n\000i\000q\000u\000e}{section.3.7}% 106
\BOOKMARK [2][-]{subsection.3.7.4}{\376\377\217\310\121\113\134\024\000\267\131\121\213\303\131\053\145\271\154\325}{section.3.7}% 107
\BOOKMARK [2][-]{subsection.3.7.5}{\376\377\150\074\155\033\142\130\131\053\145\257\127\372\166\204\000"\171\136\127\043\157\024\124\130\000"}{section.3.7}% 108
\BOOKMARK [2][-]{subsection.3.7.6}{\376\377\116\055\126\375\213\335\122\147\210\150\157\024\117\040\176\337}{section.3.7}% 109
