\BOOKMARK [0][-]{chapter*.3}{\376\377\176\352\213\272}{}% 1
\BOOKMARK [1][-]{section.0.1}{\376\377\126\333\131\047\122\233\133\146\116\016\164\006\213\272\122\233\133\146\166\204\170\024\172\166\133\371\214\141}{chapter*.3}% 2
\BOOKMARK [1][-]{section.0.2}{\376\377\164\006\213\272\122\233\133\146\166\204\133\146\171\321\122\006\145\057}{chapter*.3}% 3
\BOOKMARK [1][-]{section.0.3}{\376\377\122\233\133\146\225\356\230\230\170\024\172\166\166\204\136\372\152\041\225\355\163\257}{chapter*.3}% 4
\BOOKMARK [1][-]{section.0.4}{\376\377\122\233\133\146\152\041\127\213\166\204\122\006\174\173}{chapter*.3}% 5
\BOOKMARK [1][-]{section.0.5}{\376\377\164\006\213\272\122\233\133\146\166\204\170\024\172\166\145\271\154\325}{chapter*.3}% 6
\BOOKMARK [1][-]{section.0.6}{\376\377\122\233\133\146\127\050\163\260\116\343\116\055\166\204\127\060\117\115}{chapter*.3}% 7
\BOOKMARK [1][-]{section.0.7}{\376\377\213\376\172\013\211\201\154\102\116\016\200\003\213\325\121\205\133\271}{chapter*.3}% 8
\BOOKMARK [-1][-]{part.1}{\376\377\000I\000\040\227\131\122\233\133\146}{}% 9
\BOOKMARK [0][-]{chapter.1}{\376\377\227\131\122\233\133\146\127\372\147\054\121\154\164\006\123\312\123\327\122\233\122\006\147\220}{part.1}% 10
\BOOKMARK [1][-]{section.1.1}{\376\377\227\131\122\233\133\146\116\224\121\154\164\006\123\312\143\250\213\272}{chapter.1}% 11
\BOOKMARK [1][-]{section.1.2}{\376\377\176\246\147\137\124\214\176\246\147\137\122\233}{chapter.1}% 12
\BOOKMARK [2][-]{subsection.1.2.1}{\376\377\176\246\147\137\166\204\151\202\137\365}{section.1.2}% 13
\BOOKMARK [2][-]{subsection.1.2.2}{\376\377\136\070\211\301\166\204\176\246\147\137\174\173\127\213}{section.1.2}% 14
\BOOKMARK [1][-]{section.1.3}{\376\377\162\151\117\123\166\204\123\327\122\233\122\006\147\220}{chapter.1}% 15
\BOOKMARK [2][-]{subsection.1.3.1}{\376\377\122\233\174\373\166\204\122\006\174\173}{section.1.3}% 16
\BOOKMARK [0][-]{chapter.2}{\376\377\136\163\227\142\122\233\174\373}{part.1}% 17
\BOOKMARK [1][-]{section.2.1}{\376\377\136\163\227\142\154\107\116\244\122\233\174\373}{chapter.2}% 18
\BOOKMARK [2][-]{subsection.2.1.1}{\376\377\124\010\142\020\116\016\136\163\210\141\166\204\121\340\117\125\154\325}{section.2.1}% 19
\BOOKMARK [2][-]{subsection.2.1.2}{\376\377\124\010\142\020\116\016\136\163\210\141\166\204\211\343\147\220\154\325}{section.2.1}% 20
\BOOKMARK [1][-]{section.2.2}{\376\377\136\163\227\142\122\233\120\166\174\373}{chapter.2}% 21
\BOOKMARK [2][-]{subsection.2.2.1}{\376\377\122\233\133\371\160\271\166\204\167\351\377\010\136\163\227\142\377\011}{section.2.2}% 22
\BOOKMARK [2][-]{subsection.2.2.2}{\376\377\136\163\210\114\122\233\174\373\166\204\124\010\142\020}{section.2.2}% 23
\BOOKMARK [2][-]{subsection.2.2.3}{\376\377\136\163\227\142\122\233\120\166\164\006\213\272}{section.2.2}% 24
\BOOKMARK [2][-]{subsection.2.2.4}{\376\377\136\163\227\142\122\233\120\166\173\111\145\110\133\232\164\006}{section.2.2}% 25
\BOOKMARK [2][-]{subsection.2.2.5}{\376\377\136\163\227\142\122\233\120\166\174\373\166\204\124\010\142\020\116\016\136\163\210\141}{section.2.2}% 26
\BOOKMARK [1][-]{section.2.3}{\376\377\136\163\227\142\116\000\202\054\122\233\174\373\166\204\173\200\123\026}{chapter.2}% 27
\BOOKMARK [2][-]{subsection.2.3.1}{\376\377\122\233\176\277\136\163\171\373\133\232\164\006}{section.2.3}% 28
\BOOKMARK [2][-]{subsection.2.3.2}{\376\377\116\073\167\342\116\016\116\073\167\351}{section.2.3}% 29
\BOOKMARK [2][-]{subsection.2.3.3}{\376\377\126\372\133\232\172\357\176\246\147\137}{section.2.3}% 30
\BOOKMARK [1][-]{section.2.4}{\376\377\173\200\123\026\176\323\147\234\166\204\213\250\213\272\116\016\124\010\122\233\167\351\133\232\164\006}{chapter.2}% 31
\BOOKMARK [2][-]{subsection.2.4.1}{\376\377\173\200\123\026\176\323\147\234}{section.2.4}% 32
\BOOKMARK [2][-]{subsection.2.4.2}{\376\377\124\010\122\233\167\351\133\232\164\006}{section.2.4}% 33
\BOOKMARK [1][-]{section.2.5}{\376\377\136\163\227\142\116\000\202\054\122\233\174\373\166\204\136\163\210\141\147\141\116\366\116\016\136\163\210\141\145\271\172\013}{chapter.2}% 34
\BOOKMARK [2][-]{subsection.2.5.1}{\376\377\136\163\210\141\145\271\172\013\166\204\137\142\137\017}{section.2.5}% 35
\BOOKMARK [2][-]{subsection.2.5.2}{\376\377\162\151\117\123\174\373\166\204\136\163\210\141}{section.2.5}% 36
\BOOKMARK [2][-]{subsection.2.5.3}{\376\377\136\163\227\142\116\000\202\054\122\233\174\373\136\163\210\141\166\204\211\343\230\230\174\173\127\213}{section.2.5}% 37
\BOOKMARK [1][-]{section.2.6}{\376\377\136\163\227\142\227\131\133\232\150\101\147\266\166\204\121\205\122\233\122\006\147\220}{chapter.2}% 38
\BOOKMARK [0][-]{chapter.3}{\376\377\172\172\225\364\122\233\174\373}{part.1}% 39
\BOOKMARK [1][-]{section.3.1}{\376\377\172\172\225\364\154\107\116\244\122\233\174\373}{chapter.3}% 40
\BOOKMARK [2][-]{subsection.3.1.1}{\376\377\122\233\127\050\127\120\150\007\217\164\116\012\166\204\142\225\137\161}{section.3.1}% 41
\BOOKMARK [1][-]{section.3.2}{\376\377\122\233\133\371\160\271\166\204\167\351\124\214\122\233\133\371\217\164\166\204\167\351}{chapter.3}% 42
\BOOKMARK [2][-]{subsection.3.2.1}{\376\377\122\233\133\371\160\271\166\204\167\351}{section.3.2}% 43
\BOOKMARK [2][-]{subsection.3.2.2}{\376\377\122\233\133\371\217\164\166\204\167\351}{section.3.2}% 44
\BOOKMARK [1][-]{section.3.3}{\376\377\172\172\225\364\122\233\120\166\174\373}{chapter.3}% 45
\BOOKMARK [1][-]{section.3.4}{\376\377\172\172\225\364\116\000\202\054\122\233\174\373\166\204\173\200\123\026}{chapter.3}% 46
\BOOKMARK [2][-]{subsection.3.4.1}{\376\377\122\233\176\277\136\163\171\373\133\232\164\006}{section.3.4}% 47
\BOOKMARK [2][-]{subsection.3.4.2}{\376\377\173\200\123\026\176\323\147\234\377\010\116\073\167\342\116\016\116\073\167\351\377\011}{section.3.4}% 48
\BOOKMARK [2][-]{subsection.3.4.3}{\376\377\172\172\225\364\126\372\133\232\172\357}{section.3.4}% 49
\BOOKMARK [2][-]{subsection.3.4.4}{\376\377\172\172\225\364\116\000\202\054\122\233\174\373\166\204\173\200\123\026\176\323\147\234}{section.3.4}% 50
\BOOKMARK [1][-]{section.3.5}{\376\377\172\172\225\364\116\000\202\054\122\233\174\373\166\204\136\163\210\141}{chapter.3}% 51
\BOOKMARK [1][-]{section.3.6}{\376\377\162\151\117\123\166\204\221\315\137\303}{chapter.3}% 52
\BOOKMARK [2][-]{subsection.3.6.1}{\376\377\221\315\137\303\127\120\150\007\166\204\121\154\137\017}{section.3.6}% 53
\BOOKMARK [2][-]{subsection.3.6.2}{\376\377\221\315\137\303\166\204\154\102\154\325}{section.3.6}% 54
\BOOKMARK [2][-]{subsection.3.6.3}{\376\377\176\304\124\010\154\325}{section.3.6}% 55
\BOOKMARK [0][-]{chapter.4}{\376\377\144\151\144\346}{part.1}% 56
\BOOKMARK [1][-]{section.4.1}{\376\377\144\151\144\346\166\204\127\372\147\054\151\202\137\365}{chapter.4}% 57
\BOOKMARK [2][-]{subsection.4.1.1}{\376\377\144\151\144\346\163\260\214\141}{section.4.1}% 58
\BOOKMARK [2][-]{subsection.4.1.2}{\376\377\144\151\144\346\166\204\122\006\174\173}{section.4.1}% 59
\BOOKMARK [2][-]{subsection.4.1.3}{\376\377\156\321\122\250\144\151\144\346\116\247\165\037\166\204\123\237\126\340}{section.4.1}% 60
\BOOKMARK [2][-]{subsection.4.1.4}{\376\377\144\151\144\346\166\204\226\062\153\142\116\016\122\051\165\050}{section.4.1}% 61
\BOOKMARK [1][-]{section.4.2}{\376\377\156\321\122\250\144\151\144\346\122\233}{chapter.4}% 62
\BOOKMARK [1][-]{section.4.3}{\376\377\144\151\144\346\211\322\060\001\136\163\210\141\203\003\126\364\060\001\201\352\225\001\116\016\116\015\201\352\225\001}{chapter.4}% 63
\BOOKMARK [2][-]{subsection.4.3.1}{\376\377\144\151\144\346\211\322}{section.4.3}% 64
\BOOKMARK [2][-]{subsection.4.3.2}{\376\377\136\163\210\141\203\003\126\364}{section.4.3}% 65
\BOOKMARK [2][-]{subsection.4.3.3}{\376\377\201\352\225\001\116\016\116\015\201\352\225\001}{section.4.3}% 66
\BOOKMARK [1][-]{section.4.4}{\376\377\200\003\206\121\144\151\144\346\145\366\166\204\136\163\210\141\225\356\230\230}{chapter.4}% 67
\BOOKMARK [2][-]{subsection.4.4.1}{\376\377\122\044\145\255\162\151\117\123\146\057\124\046\136\163\210\141}{section.4.4}% 68
\BOOKMARK [2][-]{subsection.4.4.2}{\376\377\144\151\144\346\122\233\145\271\124\021\166\204\122\044\145\255}{section.4.4}% 69
\BOOKMARK [2][-]{subsection.4.4.3}{\376\377\136\163\210\141\203\003\126\364}{section.4.4}% 70
\BOOKMARK [2][-]{subsection.4.4.4}{\376\377\177\373\120\022\225\356\230\230}{section.4.4}% 71
\BOOKMARK [2][-]{subsection.4.4.5}{\376\377\156\332\122\250\144\151\144\346}{section.4.4}% 72
\BOOKMARK [2][-]{subsection.4.4.6}{\376\377\131\032\131\004\144\151\144\346\225\356\230\230}{section.4.4}% 73
\BOOKMARK [-1][-]{part.2}{\376\377\000I\000I\000\040\217\320\122\250\133\146}{}% 74
\BOOKMARK [0][-]{chapter.5}{\376\377\217\320\122\250\133\146\127\372\170\100}{part.2}% 75
\BOOKMARK [1][-]{section.5.1}{\376\377\217\320\122\250\133\146\166\204\116\373\122\241}{chapter.5}% 76
\BOOKMARK [1][-]{section.5.2}{\376\377\217\320\122\250\133\146\116\016\147\072\147\204\217\320\122\250\122\006\147\220}{chapter.5}% 77
\BOOKMARK [1][-]{section.5.3}{\376\377\217\320\122\250\133\146\166\204\152\041\127\213\124\214\217\320\122\250\137\142\137\017}{chapter.5}% 78
\BOOKMARK [2][-]{subsection.5.3.1}{\376\377\152\041\127\213\377\032\160\271\060\001\122\032\117\123}{section.5.3}% 79
\BOOKMARK [2][-]{subsection.5.3.2}{\376\377\217\320\122\250\137\142\137\017}{section.5.3}% 80
\BOOKMARK [1][-]{section.5.4}{\376\377\167\342\221\317\133\374\145\160\123\312\122\250\123\302\200\003\174\373}{chapter.5}% 81
\BOOKMARK [2][-]{subsection.5.4.1}{\376\377\167\342\221\317\133\374\145\160}{section.5.4}% 82
\BOOKMARK [2][-]{subsection.5.4.2}{\376\377\122\250\123\302\200\003\174\373}{section.5.4}% 83
\BOOKMARK [0][-]{chapter.6}{\376\377\160\271\166\204\217\320\122\250\133\146}{part.2}% 84
\BOOKMARK [1][-]{section.6.1}{\376\377\167\342\221\317\154\325}{chapter.6}% 85
\BOOKMARK [2][-]{subsection.6.1.1}{\376\377\217\320\122\250\145\271\172\013}{section.6.1}% 86
\BOOKMARK [2][-]{subsection.6.1.2}{\376\377\160\271\166\204\220\037\136\246}{section.6.1}% 87
\BOOKMARK [2][-]{subsection.6.1.3}{\376\377\160\271\166\204\122\240\220\037\136\246}{section.6.1}% 88
\BOOKMARK [2][-]{subsection.6.1.4}{\376\377\123\330\167\342\221\317\133\374\145\160\166\204\121\340\117\125\141\017\116\111}{section.6.1}% 89
\BOOKMARK [1][-]{section.6.2}{\376\377\166\364\211\322\127\120\150\007\154\325}{chapter.6}% 90
\BOOKMARK [2][-]{subsection.6.2.1}{\376\377\217\320\122\250\145\271\172\013}{section.6.2}% 91
\BOOKMARK [2][-]{subsection.6.2.2}{\376\377\160\271\166\204\220\037\136\246}{section.6.2}% 92
\BOOKMARK [2][-]{subsection.6.2.3}{\376\377\160\271\166\204\122\240\220\037\136\246}{section.6.2}% 93
\BOOKMARK [1][-]{section.6.3}{\376\377\137\047\127\120\150\007\154\325\377\010\201\352\161\066\127\120\150\007\154\325\377\011}{chapter.6}% 94
\BOOKMARK [2][-]{subsection.6.3.1}{\376\377\217\320\122\250\145\271\172\013}{section.6.3}% 95
\BOOKMARK [2][-]{subsection.6.3.2}{\376\377\160\271\166\204\220\037\136\246}{section.6.3}% 96
\BOOKMARK [2][-]{subsection.6.3.3}{\376\377\160\271\166\204\122\240\220\037\136\246}{section.6.3}% 97
\BOOKMARK [1][-]{section.6.4}{\376\377\117\213\230\230}{chapter.6}% 98
\BOOKMARK [0][-]{chapter.7}{\376\377\122\032\117\123\166\204\127\372\147\054\217\320\122\250}{part.2}% 99
\BOOKMARK [1][-]{section.7.1}{\376\377\122\032\117\123\166\204\136\163\210\114\171\373\122\250}{chapter.7}% 100
\BOOKMARK [1][-]{section.7.2}{\376\377\122\032\117\123\166\204\133\232\217\164\217\154\122\250}{chapter.7}% 101
\BOOKMARK [2][-]{subsection.7.2.1}{\376\377\122\032\117\123\166\204\217\320\122\250\145\271\172\013}{section.7.2}% 102
\BOOKMARK [2][-]{subsection.7.2.2}{\376\377\217\154\122\250\211\322\220\037\136\246}{section.7.2}% 103
\BOOKMARK [2][-]{subsection.7.2.3}{\376\377\217\154\122\250\211\322\122\240\220\037\136\246}{section.7.2}% 104
\BOOKMARK [1][-]{section.7.3}{\376\377\133\232\217\164\217\154\122\250\122\032\117\123\116\012\124\004\160\271\166\204\220\037\136\246\124\214\122\240\220\037\136\246}{chapter.7}% 105
\BOOKMARK [1][-]{section.7.4}{\376\377\217\156\174\373\117\040\122\250}{chapter.7}% 106
\BOOKMARK [2][-]{subsection.7.4.1}{\376\377\237\177\217\156\117\040\122\250}{section.7.4}% 107
\BOOKMARK [2][-]{subsection.7.4.2}{\376\377\133\232\136\046\117\040\122\250}{section.7.4}% 108
\BOOKMARK [1][-]{section.7.5}{\376\377\165\050\211\322\220\037\136\246\124\214\211\322\122\240\220\037\136\246\167\342\221\317\210\150\171\072\160\271\166\204\220\037\136\246\124\214\122\240\220\037\136\246}{chapter.7}% 109
\BOOKMARK [2][-]{subsection.7.5.1}{\376\377\122\032\117\123\176\325\126\372\133\232\217\164\000\040\000z\000\040\217\164\217\154\122\250\377\010\154\312\147\176\121\154\137\017\377\011}{section.7.5}% 110
\BOOKMARK [0][-]{chapter.8}{\376\377\160\271\166\204\124\010\142\020\217\320\122\250}{part.2}% 111
\BOOKMARK [1][-]{section.8.1}{\376\377\124\010\142\020\217\320\122\250\166\204\151\202\137\365}{chapter.8}% 112
\BOOKMARK [2][-]{subsection.8.1.1}{\376\377\217\320\122\250\166\204\143\317\217\360\117\235\215\126\116\216\123\302\200\003\174\373}{section.8.1}% 113
\BOOKMARK [2][-]{subsection.8.1.2}{\376\377\116\000\160\271\060\001\116\214\174\373\060\001\116\011\217\320\122\250}{section.8.1}% 114
\BOOKMARK [2][-]{subsection.8.1.3}{\376\377\217\320\122\250\166\204\124\010\142\020\116\016\122\006\211\343}{section.8.1}% 115
\BOOKMARK [1][-]{section.8.2}{\376\377\176\335\133\371\217\320\122\250\220\037\136\246\124\214\166\370\133\371\217\320\122\250\220\037\136\246\166\204\121\163\174\373}{chapter.8}% 116
\BOOKMARK [2][-]{subsection.8.2.1}{\376\377\167\342\221\317\154\325}{section.8.2}% 117
\BOOKMARK [2][-]{subsection.8.2.2}{\376\377\166\364\211\322\127\120\150\007\154\325}{section.8.2}% 118
\BOOKMARK [1][-]{section.8.3}{\376\377\220\037\136\246\124\010\142\020\133\232\164\006}{chapter.8}% 119
\BOOKMARK [2][-]{subsection.8.3.1}{\376\377\176\335\133\371\133\374\145\160\060\001\166\370\133\371\133\374\145\160\123\312\121\166\121\163\174\373}{section.8.3}% 120
\BOOKMARK [2][-]{subsection.8.3.2}{\376\377\176\335\133\371\220\037\136\246\060\001\166\370\133\371\220\037\136\246\124\214\162\165\217\336\220\037\136\246}{section.8.3}% 121
\BOOKMARK [2][-]{subsection.8.3.3}{\376\377\220\037\136\246\124\010\142\020\133\232\164\006\166\204\213\301\146\016\377\010\121\340\117\125\154\325\377\011}{section.8.3}% 122
\BOOKMARK [2][-]{subsection.8.3.4}{\376\377\121\340\116\052\213\364\146\016}{section.8.3}% 123
\BOOKMARK [2][-]{subsection.8.3.5}{\376\377\122\250\160\271\220\011\142\351\166\204\123\237\122\031}{section.8.3}% 124
\BOOKMARK [1][-]{section.8.4}{\376\377\122\240\220\037\136\246\124\010\142\020}{chapter.8}% 125
\BOOKMARK [2][-]{subsection.8.4.1}{\376\377\122\250\174\373\117\134\136\163\122\250\145\366\166\204\122\240\220\037\136\246\124\010\142\020\133\232\164\006}{section.8.4}% 126
\BOOKMARK [2][-]{subsection.8.4.2}{\376\377\122\250\174\373\117\134\217\154\122\250\145\366\166\204\122\240\220\037\136\246\124\010\142\020\133\232\164\006}{section.8.4}% 127
\BOOKMARK [2][-]{subsection.8.4.3}{\376\377\122\240\220\037\136\246\124\010\142\020\133\232\164\006\166\204\116\045\150\074\145\160\133\146\213\301\146\016}{section.8.4}% 128
\BOOKMARK [2][-]{subsection.8.4.4}{\376\377\117\213\230\230\377\032\162\133\131\064\122\050\136\212\147\072\147\204}{section.8.4}% 129
\BOOKMARK [0][-]{chapter.9}{\376\377\122\032\117\123\166\204\136\163\227\142\217\320\122\250}{part.2}% 130
\BOOKMARK [1][-]{section.9.1}{\376\377\122\032\117\123\166\204\136\163\227\142\217\320\122\250}{chapter.9}% 131
\BOOKMARK [2][-]{subsection.9.1.1}{\376\377\127\372\147\054\151\202\137\365}{section.9.1}% 132
\BOOKMARK [2][-]{subsection.9.1.2}{\376\377\136\163\227\142\217\320\122\250\122\006\211\343\116\072\136\163\122\250\124\214\217\154\122\250}{section.9.1}% 133
\BOOKMARK [2][-]{subsection.9.1.3}{\376\377\154\102\136\163\227\142\126\376\137\142\116\012\124\004\160\271\166\204\220\037\136\246}{section.9.1}% 134
\BOOKMARK [2][-]{subsection.9.1.4}{\376\377\154\102\136\163\227\142\126\376\137\142\116\012\124\004\160\271\166\204\122\240\220\037\136\246}{section.9.1}% 135
\BOOKMARK [2][-]{subsection.9.1.5}{\376\377\217\320\122\250\133\146\176\374\124\010\225\356\230\230\116\076\117\213}{section.9.1}% 136
\BOOKMARK [-1][-]{part.3}{\376\377\000I\000I\000I\000\040\122\250\122\233\133\146}{}% 137
\BOOKMARK [0][-]{chapter.10}{\376\377\215\050\160\271\122\250\122\233\133\146\166\204\127\372\147\054\145\271\172\013}{part.3}% 138
\BOOKMARK [1][-]{section.10.1}{\376\377\215\050\160\271\122\250\122\233\133\146\166\204\127\372\147\054\145\271\172\013}{chapter.10}% 139
\BOOKMARK [2][-]{subsection.10.1.1}{\376\377\122\250\122\233\133\146\127\372\147\054\133\232\137\213}{section.10.1}% 140
\BOOKMARK [2][-]{subsection.10.1.2}{\376\377\215\050\160\271\166\204\217\320\122\250\137\256\122\006\145\271\172\013}{section.10.1}% 141
\BOOKMARK [2][-]{subsection.10.1.3}{\376\377\127\050\166\364\211\322\127\120\150\007\217\164\116\012\166\204\142\225\137\161}{section.10.1}% 142
\BOOKMARK [2][-]{subsection.10.1.4}{\376\377\127\050\201\352\161\066\217\164\116\012\166\204\142\225\137\161}{section.10.1}% 143
\BOOKMARK [0][-]{chapter.11}{\376\377\122\250\221\317\133\232\164\006}{part.3}% 144
\BOOKMARK [1][-]{section.11.1}{\376\377\122\250\221\317\133\232\164\006}{chapter.11}% 145
\BOOKMARK [2][-]{subsection.11.1.1}{\376\377\122\250\221\317}{section.11.1}% 146
\BOOKMARK [2][-]{subsection.11.1.2}{\376\377\121\262\221\317}{section.11.1}% 147
\BOOKMARK [2][-]{subsection.11.1.3}{\376\377\122\250\221\317\133\232\164\006}{section.11.1}% 148
\BOOKMARK [2][-]{subsection.11.1.4}{\376\377\215\050\160\271\174\373\122\250\221\317\133\232\164\006}{section.11.1}% 149
\BOOKMARK [2][-]{subsection.11.1.5}{\376\377\215\050\160\271\174\373\122\250\221\317\133\210\140\122\133\232\137\213}{section.11.1}% 150
\BOOKMARK [2][-]{subsection.11.1.6}{\376\377\215\050\137\303\217\320\122\250\133\232\164\006}{section.11.1}% 151
\BOOKMARK [0][-]{chapter.12}{\376\377\122\250\221\317\167\351\133\232\164\006}{part.3}% 152
\BOOKMARK [1][-]{section.12.1}{\376\377\122\250\221\317\167\351\133\232\164\006}{chapter.12}% 153
\BOOKMARK [2][-]{subsection.12.1.1}{\376\377\122\250\221\317\167\351}{section.12.1}% 154
\BOOKMARK [2][-]{subsection.12.1.2}{\376\377\122\250\221\317\167\351\133\232\164\006\116\016\136\070\165\050\142\225\137\161\137\017}{section.12.1}% 155
\BOOKMARK [2][-]{subsection.12.1.3}{\376\377\215\050\160\271\174\373\122\250\221\317\167\351\133\232\164\006\116\016\122\250\221\317\167\351\133\210\140\122\133\232\137\213}{section.12.1}% 156
\BOOKMARK [2][-]{subsection.12.1.4}{\376\377\227\142\171\357\220\037\136\246\133\232\164\006}{section.12.1}% 157
\BOOKMARK [2][-]{subsection.12.1.5}{\376\377\122\032\117\123\176\325\133\232\217\164\166\204\217\154\122\250\137\256\122\006\145\271\172\013}{section.12.1}% 158
\BOOKMARK [2][-]{subsection.12.1.6}{\376\377\126\336\217\154\123\112\137\204}{section.12.1}% 159
\BOOKMARK [2][-]{subsection.12.1.7}{\376\377\136\163\210\114\217\164\133\232\164\006}{section.12.1}% 160
\BOOKMARK [2][-]{subsection.12.1.8}{\376\377\215\050\160\271\174\373\166\370\133\371\116\216\215\050\137\303\166\204\122\250\221\317\167\351\133\232\164\006}{section.12.1}% 161
\BOOKMARK [2][-]{subsection.12.1.9}{\376\377\133\371\126\372\133\232\160\271\123\326\167\351\116\016\122\250\221\317\167\351\166\204\124\010\142\020}{section.12.1}% 162
\BOOKMARK [2][-]{subsection.12.1.10}{\376\377\122\032\117\123\166\204\136\163\227\142\217\320\122\250\137\256\122\006\145\271\172\013}{section.12.1}% 163
\BOOKMARK [0][-]{chapter.13}{\376\377\122\250\200\375\133\232\164\006}{part.3}% 164
\BOOKMARK [1][-]{section.13.1}{\376\377\122\233\166\204\122\237}{chapter.13}% 165
\BOOKMARK [2][-]{subsection.13.1.1}{\376\377\122\237\116\016\121\103\122\237}{section.13.1}% 166
\BOOKMARK [2][-]{subsection.13.1.2}{\376\377\122\233\127\050\121\150\215\357\172\013\116\012\120\132\166\204\122\237}{section.13.1}% 167
\BOOKMARK [2][-]{subsection.13.1.3}{\376\377\121\205\122\233\166\204\122\237}{section.13.1}% 168
\BOOKMARK [1][-]{section.13.2}{\376\377\122\032\117\123\166\204\122\250\200\375}{chapter.13}% 169
\BOOKMARK [2][-]{subsection.13.2.1}{\376\377\136\163\227\142\217\320\122\250\122\032\117\123\166\204\122\250\200\375}{section.13.2}% 170
\BOOKMARK [1][-]{section.13.3}{\376\377\116\373\141\017\217\320\122\250\215\050\160\271\174\373\166\204\122\250\200\375}{chapter.13}% 171
\BOOKMARK [1][-]{section.13.4}{\376\377\122\250\200\375\133\232\164\006}{chapter.13}% 172
\BOOKMARK [2][-]{subsection.13.4.1}{\376\377\215\050\160\271\166\204\122\250\200\375\133\232\164\006}{section.13.4}% 173
\BOOKMARK [2][-]{subsection.13.4.2}{\376\377\215\050\160\271\174\373\166\204\122\250\200\375\133\232\164\006}{section.13.4}% 174
\BOOKMARK [1][-]{section.13.5}{\376\377\122\237\163\207\060\001\122\237\163\207\145\271\172\013\116\016\147\072\150\260\145\110\163\207}{chapter.13}% 175
\BOOKMARK [2][-]{subsection.13.5.1}{\376\377\122\237\163\207}{section.13.5}% 176
\BOOKMARK [2][-]{subsection.13.5.2}{\376\377\122\237\163\207\145\271\172\013}{section.13.5}% 177
\BOOKMARK [2][-]{subsection.13.5.3}{\376\377\147\072\150\260\145\110\163\207}{section.13.5}% 178
\BOOKMARK [1][-]{section.13.6}{\376\377\122\277\122\233\127\072\116\016\122\277\200\375}{chapter.13}% 179
\BOOKMARK [2][-]{subsection.13.6.1}{\376\377\221\315\122\233\127\072\116\055\166\204\122\277\200\375}{section.13.6}% 180
\BOOKMARK [2][-]{subsection.13.6.2}{\376\377\137\071\140\047\122\233\127\072\116\055\166\204\122\277\200\375}{section.13.6}% 181
\BOOKMARK [2][-]{subsection.13.6.3}{\376\377\116\007\147\011\137\025\122\233\127\072\116\055\166\204\122\277\200\375}{section.13.6}% 182
\BOOKMARK [1][-]{section.13.7}{\376\377\147\072\150\260\200\375\133\210\140\122\133\232\137\213}{chapter.13}% 183
\BOOKMARK [1][-]{section.13.8}{\376\377\122\277\122\233\127\072\166\204\121\166\116\326\140\047\215\050}{chapter.13}% 184
\BOOKMARK [0][-]{chapter.14}{\376\377\217\276\147\027\215\035\134\024\123\237\164\006}{part.3}% 185
\BOOKMARK [1][-]{section.14.1}{\376\377\140\357\140\047\122\233}{chapter.14}% 186
\BOOKMARK [1][-]{section.14.2}{\376\377\215\050\160\271\166\204\217\276\147\027\215\035\134\024\123\237\164\006}{chapter.14}% 187
\BOOKMARK [1][-]{section.14.3}{\376\377\215\050\160\271\174\373\166\204\217\276\147\027\215\035\134\024\123\237\164\006}{chapter.14}% 188
\BOOKMARK [1][-]{section.14.4}{\376\377\122\250\122\233\133\146\173\111\116\367\137\142\137\017\116\016\176\323\213\272}{chapter.14}% 189
\BOOKMARK [0][-]{appendix.A}{\376\377\176\374\124\010\131\015\116\140\230\230\377\010\227\131\122\233\133\146\000\267\217\320\122\250\133\146\377\011}{part.3}% 190
\BOOKMARK [1][-]{section.A.1}{\376\377\176\374\124\010\131\015\116\140\230\230}{appendix.A}% 191
