\BOOKMARK [0][-]{chapter.1}{\376\377\143\057\122\250\137\025\213\272}{}% 1
\BOOKMARK [1][-]{section.1.1}{\376\377\143\057\122\250\166\204\133\232\116\111\116\016\122\006\174\173}{chapter.1}% 2
\BOOKMARK [2][-]{subsection.1.1.1}{\376\377\143\057\122\250\166\204\133\232\116\111}{section.1.1}% 3
\BOOKMARK [2][-]{subsection.1.1.2}{\376\377\143\057\122\250\166\204\122\006\174\173}{section.1.1}% 4
\BOOKMARK [1][-]{section.1.2}{\376\377\143\057\122\250\174\373\176\337\166\204\171\273\145\143\123\026}{chapter.1}% 5
\BOOKMARK [2][-]{subsection.1.2.1}{\376\377\217\336\176\355\174\373\176\337\116\016\171\273\145\143\174\373\176\337}{section.1.2}% 6
\BOOKMARK [2][-]{subsection.1.2.2}{\376\377\171\273\145\143\123\026\166\204\127\372\147\054\140\035\215\357}{section.1.2}% 7
\BOOKMARK [2][-]{subsection.1.2.3}{\376\377\201\352\165\061\136\246}{section.1.2}% 8
\BOOKMARK [1][-]{section.1.3}{\376\377\173\200\214\020\143\057\122\250\127\372\170\100}{chapter.1}% 9
\BOOKMARK [2][-]{subsection.1.3.1}{\376\377\173\200\214\020\217\320\122\250\166\204\133\232\116\111}{section.1.3}% 10
\BOOKMARK [2][-]{subsection.1.3.2}{\376\377\173\200\214\020\217\320\122\250\166\204\127\372\147\054\123\302\145\160\121\163\174\373}{section.1.3}% 11
\BOOKMARK [2][-]{subsection.1.3.3}{\376\377\145\313\217\154\167\342\221\317\154\325\377\010\166\370\221\317\154\325\377\011}{section.1.3}% 12
\BOOKMARK [2][-]{subsection.1.3.4}{\376\377\173\200\214\020\217\320\122\250\166\204\131\015\145\160\210\150\171\072\154\325}{section.1.3}% 13
\BOOKMARK [1][-]{section.1.4}{\376\377\143\057\122\250\174\373\176\337\166\204\121\103\116\366}{chapter.1}% 14
\BOOKMARK [2][-]{subsection.1.4.1}{\376\377\215\050\221\317\000/\140\357\221\317\121\103\116\366}{section.1.4}% 15
\BOOKMARK [2][-]{subsection.1.4.2}{\376\377\137\071\174\047\121\103\116\366}{section.1.4}% 16
\BOOKMARK [2][-]{subsection.1.4.3}{\376\377\226\073\134\074\121\103\116\366}{section.1.4}% 17
\BOOKMARK [1][-]{section.1.5}{\376\377\200\375\221\317\154\325}{chapter.1}% 18
\BOOKMARK [2][-]{subsection.1.5.1}{\376\377\122\250\200\375\116\016\122\277\200\375}{section.1.5}% 19
\BOOKMARK [2][-]{subsection.1.5.2}{\376\377\200\027\145\143\200\375}{section.1.5}% 20
\BOOKMARK [2][-]{subsection.1.5.3}{\376\377\000R\000a\000y\000l\000e\000i\000g\000h\000\040\200\375\221\317\154\325}{section.1.5}% 21
\BOOKMARK [2][-]{subsection.1.5.4}{\376\377\000R\000a\000y\000l\000e\000i\000g\000h\000-\000R\000i\000t\000z\000\040\154\325}{section.1.5}% 22
\BOOKMARK [1][-]{section.1.6}{\376\377\000D\000'\000A\000l\000e\000m\000b\000e\000r\000t\000\040\123\237\164\006}{chapter.1}% 23
\BOOKMARK [2][-]{subsection.1.6.1}{\376\377\123\237\164\006\210\150\217\360}{section.1.6}% 24
\BOOKMARK [2][-]{subsection.1.6.2}{\376\377\127\050\143\057\122\250\122\006\147\220\116\055\166\204\136\224\165\050}{section.1.6}% 25
\BOOKMARK [2][-]{subsection.1.6.3}{\376\377\116\016\000\040\000N\000e\000w\000t\000o\000n\000\040\154\325\166\204\153\324\217\203}{section.1.6}% 26
\BOOKMARK [2][-]{subsection.1.6.4}{\376\377\136\177\116\111\000\040\000D\000'\000A\000l\000e\000m\000b\000e\000r\000t\000\040\123\237\164\006\116\016\000\040\000L\000a\000g\000r\000a\000n\000g\000e\000\040\145\271\172\013}{section.1.6}% 27
\BOOKMARK [1][-]{section.1.7}{\376\377\143\057\122\250\122\006\147\220\166\204\140\073\117\123\150\106\147\266}{chapter.1}% 28
\BOOKMARK [2][-]{subsection.1.7.1}{\376\377\134\017\176\323}{section.1.7}% 29
\BOOKMARK [1][-]{section.1.8}{\376\377\000P\000y\000t\000h\000o\000n\000\040\116\343\170\001\171\072\117\213\377\032\173\200\214\020\217\320\122\250\116\377\167\037}{chapter.1}% 30
\BOOKMARK [0][-]{chapter.2}{\376\377\123\125\201\352\165\061\136\246\174\373\176\337\201\352\165\061\143\057\122\250}{}% 31
\BOOKMARK [1][-]{section.2.1}{\376\377\145\340\226\073\134\074\201\352\165\061\143\057\122\250}{chapter.2}% 32
\BOOKMARK [2][-]{subsection.2.1.1}{\376\377\217\320\122\250\145\271\172\013\166\204\136\372\172\313}{section.2.1}% 33
\BOOKMARK [2][-]{subsection.2.1.2}{\376\377\150\007\121\306\137\142\137\017\116\016\126\372\147\011\230\221\163\207}{section.2.1}% 34
\BOOKMARK [2][-]{subsection.2.1.3}{\376\377\220\032\211\343\137\142\137\017}{section.2.1}% 35
\BOOKMARK [2][-]{subsection.2.1.4}{\376\377\122\035\131\313\147\141\116\366\154\102\211\343}{section.2.1}% 36
\BOOKMARK [2][-]{subsection.2.1.5}{\376\377\126\372\147\011\230\221\163\207\166\204\162\151\164\006\141\017\116\111}{section.2.1}% 37
\BOOKMARK [2][-]{subsection.2.1.6}{\376\377\200\375\221\317\133\210\140\122}{section.2.1}% 38
\BOOKMARK [1][-]{section.2.2}{\376\377\173\111\145\110\122\032\136\246\116\016\173\111\145\110\215\050\221\317}{chapter.2}% 39
\BOOKMARK [2][-]{subsection.2.2.1}{\376\377\173\111\145\110\174\373\176\337\154\325\166\204\127\372\147\054\153\145\232\244}{section.2.2}% 40
\BOOKMARK [2][-]{subsection.2.2.2}{\376\377\140\254\201\302\150\201\172\357\220\350\226\306\116\055\215\050\221\317}{section.2.2}% 41
\BOOKMARK [2][-]{subsection.2.2.3}{\376\377\173\200\145\057\150\201\116\055\160\271\173\111\145\110\122\032\136\246}{section.2.2}% 42
\BOOKMARK [2][-]{subsection.2.2.4}{\376\377\121\166\116\326\136\070\211\301\147\204\127\213\166\204\173\111\145\110\122\032\136\246}{section.2.2}% 43
\BOOKMARK [2][-]{subsection.2.2.5}{\376\377\142\155\217\154\143\057\122\250}{section.2.2}% 44
\BOOKMARK [2][-]{subsection.2.2.6}{\376\377\200\375\221\317\154\325\154\102\173\111\145\110\123\302\145\160}{section.2.2}% 45
\BOOKMARK [2][-]{subsection.2.2.7}{\376\377\131\032\116\052\137\071\174\047\124\214\215\050\221\317\166\204\173\111\145\110}{section.2.2}% 46
\BOOKMARK [1][-]{section.2.3}{\376\377\147\011\226\073\134\074\201\352\165\061\143\057\122\250}{chapter.2}% 47
\BOOKMARK [2][-]{subsection.2.3.1}{\376\377\217\320\122\250\145\271\172\013}{section.2.3}% 48
\BOOKMARK [2][-]{subsection.2.3.2}{\376\377\150\007\121\306\137\142\137\017\116\016\226\073\134\074\153\324}{section.2.3}% 49
\BOOKMARK [2][-]{subsection.2.3.3}{\376\377\162\171\137\201\145\271\172\013\116\016\220\032\211\343\137\142\137\017}{section.2.3}% 50
\BOOKMARK [2][-]{subsection.2.3.4}{\376\377\153\040\226\073\134\074\000\040\000\050\0000\000\040\000<\000\040\000<\000\040\0001\000\051}{section.2.3}% 51
\BOOKMARK [2][-]{subsection.2.3.5}{\376\377\116\064\165\114\226\073\134\074\000\040\000\050\000=\000\040\0001\000\051}{section.2.3}% 52
\BOOKMARK [2][-]{subsection.2.3.6}{\376\377\217\307\226\073\134\074\000\040\000\050\000>\000\040\0001\000\051}{section.2.3}% 53
\BOOKMARK [2][-]{subsection.2.3.7}{\376\377\116\011\171\315\226\073\134\074\140\305\121\265\133\371\153\324}{section.2.3}% 54
\BOOKMARK [2][-]{subsection.2.3.8}{\376\377\133\371\145\160\210\160\121\317\163\207}{section.2.3}% 55
\BOOKMARK [2][-]{subsection.2.3.9}{\376\377\147\011\226\073\134\074\201\352\165\061\143\057\122\250\134\017\176\323}{section.2.3}% 56
\BOOKMARK [1][-]{section.2.4}{\376\377\000P\000y\000t\000h\000o\000n\000\040\116\343\170\001\171\072\117\213\377\032\147\011\226\073\134\074\201\352\165\061\143\057\122\250}{chapter.2}% 57
\BOOKMARK [0][-]{chapter.3}{\376\377\123\125\201\352\165\061\136\246\174\373\176\337\137\072\217\353\143\057\122\250\040\024\040\024\173\200\214\020\157\300\122\261}{}% 58
\BOOKMARK [1][-]{section.3.1}{\376\377\145\340\226\073\134\074\174\373\176\337\127\050\173\200\214\020\122\233\117\134\165\050\116\013\166\204\124\315\136\224}{chapter.3}% 59
\BOOKMARK [2][-]{subsection.3.1.1}{\376\377\217\320\122\250\145\271\172\013}{section.3.1}% 60
\BOOKMARK [2][-]{subsection.3.1.2}{\376\377\220\032\211\343\000\040\000=\000\040\237\120\153\041\211\343\000\040\000+\000\040\162\171\211\343}{section.3.1}% 61
\BOOKMARK [2][-]{subsection.3.1.3}{\376\377\121\150\211\343\116\016\122\035\131\313\147\141\116\366}{section.3.1}% 62
\BOOKMARK [2][-]{subsection.3.1.4}{\376\377\142\315\143\057\163\260\214\141}{section.3.1}% 63
\BOOKMARK [2][-]{subsection.3.1.5}{\376\377\121\161\143\057}{section.3.1}% 64
\BOOKMARK [1][-]{section.3.2}{\376\377\147\011\226\073\134\074\174\373\176\337\127\050\173\200\214\020\122\233\117\134\165\050\116\013\166\204\124\315\136\224}{chapter.3}% 65
\BOOKMARK [2][-]{subsection.3.2.1}{\376\377\217\320\122\250\145\271\172\013}{section.3.2}% 66
\BOOKMARK [2][-]{subsection.3.2.2}{\376\377\172\063\140\001\211\343\166\204\154\102\211\343}{section.3.2}% 67
\BOOKMARK [2][-]{subsection.3.2.3}{\376\377\145\076\131\047\126\340\133\120}{section.3.2}% 68
\BOOKMARK [2][-]{subsection.3.2.4}{\376\377\136\105\230\221\162\171\140\047\116\016\166\370\230\221\162\171\140\047}{section.3.2}% 69
\BOOKMARK [2][-]{subsection.3.2.5}{\376\377\121\161\143\057\230\221\163\207\116\016\121\161\143\057\143\057\136\105}{section.3.2}% 70
\BOOKMARK [2][-]{subsection.3.2.6}{\376\377\124\301\215\050\126\340\145\160\116\016\123\112\122\237\163\207\136\046\133\275}{section.3.2}% 71
\BOOKMARK [1][-]{section.3.3}{\376\377\230\221\163\207\124\315\136\224\121\375\145\160\377\010\000F\000R\000F\377\011}{chapter.3}% 72
\BOOKMARK [2][-]{subsection.3.3.1}{\376\377\147\072\150\260\226\073\142\227}{section.3.3}% 73
\BOOKMARK [2][-]{subsection.3.3.2}{\376\377\230\221\163\207\124\315\136\224\121\375\145\160\377\010\117\115\171\373\133\374\176\263\377\011}{section.3.3}% 74
\BOOKMARK [2][-]{subsection.3.3.3}{\376\377\000N\000y\000q\000u\000i\000s\000t\000\040\126\376}{section.3.3}% 75
\BOOKMARK [1][-]{section.3.4}{\376\377\145\313\217\154\116\015\136\163\210\141\137\025\215\167\166\204\143\057\122\250}{chapter.3}% 76
\BOOKMARK [2][-]{subsection.3.4.1}{\376\377\173\111\145\110\122\233\133\146\152\041\127\213}{section.3.4}% 77
\BOOKMARK [2][-]{subsection.3.4.2}{\376\377\117\040\220\022\163\207}{section.3.4}% 78
\BOOKMARK [1][-]{section.3.5}{\376\377\127\372\170\100\157\300\122\261\377\010\145\057\136\247\217\320\122\250\377\011}{chapter.3}% 79
\BOOKMARK [2][-]{subsection.3.5.1}{\376\377\217\320\122\250\145\271\172\013}{section.3.5}% 80
\BOOKMARK [2][-]{subsection.3.5.2}{\376\377\117\115\171\373\117\040\220\022\163\207}{section.3.5}% 81
\BOOKMARK [2][-]{subsection.3.5.3}{\376\377\226\224\143\057\213\276\213\241\166\204\123\237\122\031}{section.3.5}% 82
\BOOKMARK [2][-]{subsection.3.5.4}{\376\377\166\370\133\371\217\320\122\250}{section.3.5}% 83
\BOOKMARK [1][-]{section.3.6}{\376\377\131\015\145\160\230\221\163\207\124\315\136\224\154\325\377\010\147\072\150\260\226\073\142\227\154\325\377\011}{chapter.3}% 84
\BOOKMARK [2][-]{subsection.3.6.1}{\376\377\131\015\145\160\137\142\137\017\166\204\217\320\122\250\145\271\172\013}{section.3.6}% 85
\BOOKMARK [2][-]{subsection.3.6.2}{\376\377\230\221\163\207\124\315\136\224\121\375\145\160\000\040\000H\000\050\000\051}{section.3.6}% 86
\BOOKMARK [2][-]{subsection.3.6.3}{\376\377\116\015\124\014\137\142\137\017\166\204\230\221\163\207\124\315\136\224\121\375\145\160}{section.3.6}% 87
\BOOKMARK [2][-]{subsection.3.6.4}{\376\377\131\015\145\160\230\221\163\207\124\315\136\224\166\204\117\030\122\277}{section.3.6}% 88
\BOOKMARK [1][-]{section.3.7}{\376\377\134\017\176\323\116\016\133\371\153\324}{chapter.3}% 89
\BOOKMARK [2][-]{subsection.3.7.1}{\376\377\126\333\171\315\121\170\127\213\157\300\122\261\152\041\127\213\166\204\133\371\153\324}{section.3.7}% 90
\BOOKMARK [2][-]{subsection.3.7.2}{\376\377\116\073\211\201\176\323\213\272}{section.3.7}% 91
\BOOKMARK [1][-]{section.3.8}{\376\377\000P\000y\000t\000h\000o\000n\000\040\116\343\170\001\377\032\136\105\230\221\162\171\140\047\116\016\166\370\230\221\162\171\140\047}{chapter.3}% 92
\BOOKMARK [0][-]{chapter.4}{\376\377\123\125\201\352\165\061\136\246\174\373\176\337\137\072\217\353\143\057\122\250\040\024\040\024\116\000\202\054\157\300\122\261}{}% 93
\BOOKMARK [1][-]{section.4.1}{\376\377\124\150\147\037\157\300\122\261\166\204\000\040\000F\000o\000u\000r\000i\000e\000r\000\040\176\247\145\160\211\343\154\325}{chapter.4}% 94
\BOOKMARK [2][-]{subsection.4.1.1}{\376\377\000F\000o\000u\000r\000i\000e\000r\000\040\176\247\145\160\166\204\127\372\147\054\151\202\137\365}{section.4.1}% 95
\BOOKMARK [2][-]{subsection.4.1.2}{\376\377\123\340\122\240\123\237\164\006\116\016\140\073\124\315\136\224}{section.4.1}% 96
\BOOKMARK [2][-]{subsection.4.1.3}{\376\377\142\052\145\255\116\016\145\066\145\133\140\047\213\250\213\272}{section.4.1}% 97
\BOOKMARK [2][-]{subsection.4.1.4}{\376\377\124\150\147\037\157\300\122\261\124\315\136\224\166\204\000\040\000T\000i\000k\000Z\000\040\171\072\141\017\126\376}{section.4.1}% 98
\BOOKMARK [1][-]{section.4.2}{\376\377\123\125\117\115\201\011\121\262\124\315\136\224}{chapter.4}% 99
\BOOKMARK [2][-]{subsection.4.2.1}{\376\377\000D\000i\000r\000a\000c\000\040\000\040\121\375\145\160\166\204\133\232\116\111\116\016\140\047\215\050}{section.4.2}% 100
\BOOKMARK [2][-]{subsection.4.2.2}{\376\377\201\011\121\262\124\315\136\224\121\375\145\160\000\040\000h\000\050\000t\000\051\000\040\166\204\143\250\133\374}{section.4.2}% 101
\BOOKMARK [2][-]{subsection.4.2.3}{\376\377\201\011\121\262\124\315\136\224\121\375\145\160\166\204\140\047\215\050\116\016\162\151\164\006\141\017\116\111}{section.4.2}% 102
\BOOKMARK [1][-]{section.4.3}{\376\377\116\373\141\017\157\300\122\261\166\204\124\315\136\224\040\024\040\024\123\167\171\357\171\357\122\006\377\010\000D\000u\000h\000a\000m\000e\000l\000\040\171\357\122\006\377\011}{chapter.4}% 103
\BOOKMARK [2][-]{subsection.4.3.1}{\376\377\127\372\147\054\140\035\140\363\377\032\201\011\121\262\136\217\122\027\166\204\123\340\122\240}{section.4.3}% 104
\BOOKMARK [2][-]{subsection.4.3.2}{\376\377\123\167\171\357\171\357\122\006\166\204\162\151\164\006\126\376\171\072}{section.4.3}% 105
\BOOKMARK [2][-]{subsection.4.3.3}{\376\377\226\066\215\303\124\315\136\224\377\010\000S\000t\000e\000p\000\040\000R\000e\000s\000p\000o\000n\000s\000e\377\011}{section.4.3}% 106
\BOOKMARK [2][-]{subsection.4.3.4}{\376\377\145\234\127\141\124\315\136\224\377\010\000R\000a\000m\000p\000\040\000R\000e\000s\000p\000o\000n\000s\000e\377\011}{section.4.3}% 107
\BOOKMARK [2][-]{subsection.4.3.5}{\376\377\000D\000u\000h\000a\000m\000e\000l\000\040\171\357\122\006\145\160\120\074\213\241\173\227\166\204\000\040\000T\000i\000k\000Z\000\040\171\072\141\017\126\376}{section.4.3}% 108
\BOOKMARK [1][-]{section.4.4}{\376\377\230\221\127\337\145\271\154\325\040\024\040\024\000F\000o\000u\000r\000i\000e\000r\000\040\123\330\143\142}{chapter.4}% 109
\BOOKMARK [2][-]{subsection.4.4.1}{\376\377\116\316\145\366\127\337\122\060\230\221\127\337}{section.4.4}% 110
\BOOKMARK [2][-]{subsection.4.4.2}{\376\377\230\221\124\315\121\375\145\160\000\040\000H\000\050\000\051\000\040\116\016\230\221\127\337\154\102\211\343}{section.4.4}% 111
\BOOKMARK [2][-]{subsection.4.4.3}{\376\377\000H\000\050\000\051\000\040\166\204\162\151\164\006\141\017\116\111}{section.4.4}% 112
\BOOKMARK [2][-]{subsection.4.4.4}{\376\377\000F\000o\000u\000r\000i\000e\000r\000\040\123\330\143\142\154\325\116\016\117\040\176\337\000\040\000D\000u\000h\000a\000m\000e\000l\000\040\171\357\122\006\166\204\121\163\174\373}{section.4.4}% 113
\BOOKMARK [1][-]{section.4.5}{\376\377\121\262\121\373\124\315\136\224\214\061\377\010\000S\000h\000o\000c\000k\000\040\000R\000e\000s\000p\000o\000n\000s\000e\000\040\000S\000p\000e\000c\000t\000r\000u\000m\377\011}{chapter.4}% 114
\BOOKMARK [2][-]{subsection.4.5.1}{\376\377\133\232\116\111\116\016\127\372\147\054\151\202\137\365}{section.4.5}% 115
\BOOKMARK [2][-]{subsection.4.5.2}{\376\377\123\112\153\143\137\046\201\011\121\262\166\204\121\262\121\373\124\315\136\224\214\061}{section.4.5}% 116
\BOOKMARK [2][-]{subsection.4.5.3}{\376\377\167\351\137\142\201\011\121\262\116\016\116\011\211\322\201\011\121\262\166\204\121\262\121\373\124\315\136\224\214\061}{section.4.5}% 117
\BOOKMARK [2][-]{subsection.4.5.4}{\376\377\121\262\121\373\124\315\136\224\214\061\166\204\000\040\000T\000i\000k\000Z\000\040\126\376}{section.4.5}% 118
\BOOKMARK [1][-]{section.4.6}{\376\377\145\160\120\074\145\271\154\325}{chapter.4}% 119
\BOOKMARK [2][-]{subsection.4.6.1}{\376\377\166\364\143\245\145\160\120\074\171\357\122\006\154\325\166\204\127\372\147\054\140\035\215\357}{section.4.6}% 120
\BOOKMARK [2][-]{subsection.4.6.2}{\376\377\000N\000e\000w\000m\000a\000r\000k\000-\000\040\154\325}{section.4.6}% 121
\BOOKMARK [2][-]{subsection.4.6.3}{\376\377\000R\000u\000n\000g\000e\000-\000K\000u\000t\000t\000a\000\040\154\325}{section.4.6}% 122
\BOOKMARK [2][-]{subsection.4.6.4}{\376\377\145\160\120\074\145\271\154\325\166\204\000\040\000T\000i\000k\000Z\000\040\171\072\141\017\126\376}{section.4.6}% 123
\BOOKMARK [1][-]{section.4.7}{\376\377\000P\000y\000t\000h\000o\000n\000\040\116\343\170\001\133\236\163\260}{chapter.4}% 124
\BOOKMARK [2][-]{subsection.4.7.1}{\376\377\000D\000u\000h\000a\000m\000e\000l\000\040\171\357\122\006\166\204\145\160\120\074\213\241\173\227}{section.4.7}% 125
\BOOKMARK [2][-]{subsection.4.7.2}{\376\377\000N\000e\000w\000m\000a\000r\000k\000-\000\040\154\325\154\102\211\343}{section.4.7}% 126
\BOOKMARK [2][-]{subsection.4.7.3}{\376\377\000R\000u\000n\000g\000e\000-\000K\000u\000t\000t\000a\000\040\154\325\154\102\211\343}{section.4.7}% 127
\BOOKMARK [1][-]{section.4.8}{\376\377\134\017\176\323}{chapter.4}% 128
\BOOKMARK [0][-]{chapter.5}{\376\377\116\044\201\352\165\061\136\246\174\373\176\337\143\057\122\250}{}% 129
\BOOKMARK [1][-]{section.5.1}{\376\377\116\044\201\352\165\061\136\246\174\373\176\337\166\204\217\320\122\250\145\271\172\013}{chapter.5}% 130
\BOOKMARK [2][-]{subsection.5.1.1}{\376\377\217\320\122\250\145\271\172\013\166\204\136\372\172\313\040\024\040\024\166\364\143\245\154\325}{section.5.1}% 131
\BOOKMARK [2][-]{subsection.5.1.2}{\376\377\167\351\226\065\166\204\140\047\215\050}{section.5.1}% 132
\BOOKMARK [2][-]{subsection.5.1.3}{\376\377\116\044\201\352\165\061\136\246\137\071\174\047\000-\215\050\221\317\224\376\166\204\000\040\000T\000i\000k\000Z\000\040\126\376}{section.5.1}% 133
\BOOKMARK [2][-]{subsection.5.1.4}{\376\377\145\271\172\013\166\204\200\046\124\010\137\142\137\017}{section.5.1}% 134
\BOOKMARK [1][-]{section.5.2}{\376\377\145\340\226\073\134\074\201\352\165\061\143\057\122\250}{chapter.5}% 135
\BOOKMARK [2][-]{subsection.5.2.1}{\376\377\162\171\137\201\120\074\225\356\230\230}{section.5.2}% 136
\BOOKMARK [2][-]{subsection.5.2.2}{\376\377\126\372\147\011\230\221\163\207\166\204\154\102\211\343}{section.5.2}% 137
\BOOKMARK [2][-]{subsection.5.2.3}{\376\377\126\372\147\011\143\057\127\213\377\010\152\041\140\001\377\011}{section.5.2}% 138
\BOOKMARK [2][-]{subsection.5.2.4}{\376\377\116\044\226\066\143\057\127\213\162\151\164\006\126\376\171\072}{section.5.2}% 139
\BOOKMARK [2][-]{subsection.5.2.5}{\376\377\202\202\160\271\116\016\143\057\127\213\166\204\162\151\164\006\141\017\116\111}{section.5.2}% 140
\BOOKMARK [1][-]{section.5.3}{\376\377\152\041\140\001\166\204\153\143\116\244\140\047}{chapter.5}% 141
\BOOKMARK [2][-]{subsection.5.3.1}{\376\377\121\163\116\216\215\050\221\317\167\351\226\065\166\204\153\143\116\244\140\047}{section.5.3}% 142
\BOOKMARK [2][-]{subsection.5.3.2}{\376\377\152\041\140\001\215\050\221\317\116\016\152\041\140\001\122\032\136\246}{section.5.3}% 143
\BOOKMARK [2][-]{subsection.5.3.3}{\376\377\143\057\127\213\166\204\137\122\116\000\123\026}{section.5.3}% 144
\BOOKMARK [1][-]{section.5.4}{\376\377\126\372\147\011\143\057\127\213\166\204\162\151\164\006\141\017\116\111\116\016\127\120\150\007\123\330\143\142}{chapter.5}% 145
\BOOKMARK [2][-]{subsection.5.4.1}{\376\377\116\073\127\120\150\007\377\010\152\041\140\001\127\120\150\007\377\011}{section.5.4}% 146
\BOOKMARK [2][-]{subsection.5.4.2}{\376\377\217\320\122\250\145\271\172\013\166\204\211\343\200\046}{section.5.4}% 147
\BOOKMARK [2][-]{subsection.5.4.3}{\376\377\152\041\140\001\127\120\150\007\174\373\166\204\000\040\000T\000i\000k\000Z\000\040\171\072\141\017\126\376}{section.5.4}% 148
\BOOKMARK [1][-]{section.5.5}{\376\377\137\072\217\353\143\057\122\250}{chapter.5}% 149
\BOOKMARK [2][-]{subsection.5.5.1}{\376\377\145\340\226\073\134\074\137\072\217\353\143\057\122\250\040\024\040\024\152\041\140\001\123\340\122\240\154\325}{section.5.5}% 150
\BOOKMARK [2][-]{subsection.5.5.2}{\376\377\122\250\122\233\124\070\143\057\126\150\377\010\000D\000y\000n\000a\000m\000i\000c\000\040\000V\000i\000b\000r\000a\000t\000i\000o\000n\000\040\000A\000b\000s\000o\000r\000b\000e\000r\000,\000\040\000D\000V\000A\377\011}{section.5.5}% 151
\BOOKMARK [1][-]{section.5.6}{\376\377\000P\000y\000t\000h\000o\000n\000\040\116\343\170\001\133\236\163\260}{chapter.5}% 152
\BOOKMARK [2][-]{subsection.5.6.1}{\376\377\116\044\201\352\165\061\136\246\174\373\176\337\126\372\147\011\230\221\163\207\124\214\143\057\127\213\213\241\173\227}{section.5.6}% 153
\BOOKMARK [2][-]{subsection.5.6.2}{\376\377\145\366\127\337\124\315\136\224\145\160\120\074\154\102\211\343\377\010\000N\000e\000w\000m\000a\000r\000k\000-\000\040\154\325\143\250\136\177\377\011}{section.5.6}% 154
\BOOKMARK [2][-]{subsection.5.6.3}{\376\377\152\041\140\001\123\340\122\240\154\325\154\102\211\343\145\366\127\337\124\315\136\224}{section.5.6}% 155
\BOOKMARK [1][-]{section.5.7}{\376\377\134\017\176\323}{chapter.5}% 156
\BOOKMARK [0][-]{chapter.6}{\376\377\131\032\201\352\165\061\136\246\174\373\176\337\116\016\152\041\140\001\122\006\147\220}{}% 157
\BOOKMARK [1][-]{section.6.1}{\376\377\000n\000\040\201\352\165\061\136\246\174\373\176\337\166\204\217\320\122\250\145\271\172\013}{chapter.6}% 158
\BOOKMARK [2][-]{subsection.6.1.1}{\376\377\167\351\226\065\137\142\137\017\166\204\217\320\122\250\145\271\172\013}{section.6.1}% 159
\BOOKMARK [2][-]{subsection.6.1.2}{\376\377\215\050\221\317\167\351\226\065\000\040\000M\000\040\377\010\000n\000\040\000n\377\011}{section.6.1}% 160
\BOOKMARK [2][-]{subsection.6.1.3}{\376\377\122\032\136\246\167\351\226\065\000\040\000K\000\040\377\010\000n\000\040\000n\377\011}{section.6.1}% 161
\BOOKMARK [2][-]{subsection.6.1.4}{\376\377\226\073\134\074\167\351\226\065\000\040\000C\000\040\377\010\000n\000\040\000n\377\011}{section.6.1}% 162
\BOOKMARK [2][-]{subsection.6.1.5}{\376\377\131\032\201\352\165\061\136\246\137\071\174\047\000-\215\050\221\317\224\376\166\204\000\040\000T\000i\000k\000Z\000\040\171\072\141\017\126\376}{section.6.1}% 163
\BOOKMARK [1][-]{section.6.2}{\376\377\126\372\147\011\120\074\225\356\230\230}{chapter.6}% 164
\BOOKMARK [2][-]{subsection.6.2.1}{\376\377\162\171\137\201\120\074\225\356\230\230\166\204\143\320\154\325}{section.6.2}% 165
\BOOKMARK [2][-]{subsection.6.2.2}{\376\377\126\372\147\011\230\221\163\207\166\204\162\151\164\006\141\017\116\111}{section.6.2}% 166
\BOOKMARK [2][-]{subsection.6.2.3}{\376\377\122\115\116\011\226\066\143\057\127\213\166\204\000\040\000T\000i\000k\000Z\000\040\126\376}{section.6.2}% 167
\BOOKMARK [2][-]{subsection.6.2.4}{\376\377\162\171\137\201\120\074\225\356\230\230\166\204\145\160\120\074\211\343\154\325}{section.6.2}% 168
\BOOKMARK [1][-]{section.6.3}{\376\377\152\041\140\001\153\143\116\244\140\047}{chapter.6}% 169
\BOOKMARK [2][-]{subsection.6.3.1}{\376\377\121\163\116\216\000\040\000M\000\040\124\214\000\040\000K\000\040\166\204\153\143\116\244\140\047}{section.6.3}% 170
\BOOKMARK [2][-]{subsection.6.3.2}{\376\377\215\050\221\317\137\122\116\000\123\026}{section.6.3}% 171
\BOOKMARK [2][-]{subsection.6.3.3}{\376\377\153\143\116\244\140\047\166\204\162\151\164\006\116\016\145\160\133\146\141\017\116\111}{section.6.3}% 172
\BOOKMARK [1][-]{section.6.4}{\376\377\152\041\140\001\123\340\122\240\154\325\377\010\000M\000o\000d\000e\000\040\000S\000u\000p\000e\000r\000p\000o\000s\000i\000t\000i\000o\000n\377\011}{chapter.6}% 173
\BOOKMARK [2][-]{subsection.6.4.1}{\376\377\127\120\150\007\123\330\143\142\377\032\162\151\164\006\127\120\150\007\000\040\000\040\152\041\140\001\127\120\150\007}{section.6.4}% 174
\BOOKMARK [2][-]{subsection.6.4.2}{\376\377\217\320\122\250\145\271\172\013\166\204\211\343\200\046}{section.6.4}% 175
\BOOKMARK [2][-]{subsection.6.4.3}{\376\377\211\343\200\046\145\271\172\013\166\204\220\032\211\343}{section.6.4}% 176
\BOOKMARK [2][-]{subsection.6.4.4}{\376\377\152\041\140\001\123\340\122\240\154\325\166\204\213\241\173\227\155\101\172\013}{section.6.4}% 177
\BOOKMARK [2][-]{subsection.6.4.5}{\376\377\127\120\150\007\123\330\143\142\166\204\000\040\000T\000i\000k\000Z\000\040\171\072\141\017\126\376}{section.6.4}% 178
\BOOKMARK [1][-]{section.6.5}{\376\377\153\324\117\213\226\073\134\074\377\010\000R\000a\000y\000l\000e\000i\000g\000h\000\040\226\073\134\074\377\011}{chapter.6}% 179
\BOOKMARK [2][-]{subsection.6.5.1}{\376\377\116\072\116\300\116\110\227\000\211\201\153\324\117\213\226\073\134\074\377\037}{section.6.5}% 180
\BOOKMARK [2][-]{subsection.6.5.2}{\376\377\000R\000a\000y\000l\000e\000i\000g\000h\000\040\226\073\134\074\166\204\133\232\116\111}{section.6.5}% 181
\BOOKMARK [2][-]{subsection.6.5.3}{\376\377\123\302\145\160\142\337\124\010}{section.6.5}% 182
\BOOKMARK [1][-]{section.6.6}{\376\377\152\041\140\001\142\052\145\255}{chapter.6}% 183
\BOOKMARK [2][-]{subsection.6.6.1}{\376\377\122\250\147\072}{section.6.6}% 184
\BOOKMARK [2][-]{subsection.6.6.2}{\376\377\142\052\145\255\152\041\140\001\123\340\122\240}{section.6.6}% 185
\BOOKMARK [2][-]{subsection.6.6.3}{\376\377\152\041\140\001\123\302\116\016\126\340\133\120\116\016\147\011\145\110\215\050\221\317}{section.6.6}% 186
\BOOKMARK [1][-]{section.6.7}{\376\377\133\236\232\214\152\041\140\001\122\006\147\220\377\010\000E\000M\000A\377\011\173\200\116\313}{chapter.6}% 187
\BOOKMARK [2][-]{subsection.6.7.1}{\376\377\230\221\124\315\121\375\145\160\167\351\226\065}{section.6.7}% 188
\BOOKMARK [2][-]{subsection.6.7.2}{\376\377\152\041\140\001\123\302\145\160\213\306\122\053\166\204\116\011\171\315\145\271\154\325}{section.6.7}% 189
\BOOKMARK [2][-]{subsection.6.7.3}{\376\377\000E\000M\000A\000\040\127\372\147\054\155\101\172\013}{section.6.7}% 190
\BOOKMARK [1][-]{section.6.8}{\376\377\000P\000y\000t\000h\000o\000n\000\040\116\343\170\001\133\236\163\260}{chapter.6}% 191
\BOOKMARK [2][-]{subsection.6.8.1}{\376\377\000n\000\040\201\352\165\061\136\246\174\373\176\337\152\041\140\001\122\006\147\220}{section.6.8}% 192
\BOOKMARK [2][-]{subsection.6.8.2}{\376\377\152\041\140\001\123\340\122\240\154\325\145\366\127\337\124\315\136\224\377\010\124\053\000\040\000R\000a\000y\000l\000e\000i\000g\000h\000\040\226\073\134\074\377\011}{section.6.8}% 193
\BOOKMARK [2][-]{subsection.6.8.3}{\376\377\230\221\124\315\121\375\145\160\167\351\226\065\213\241\173\227}{section.6.8}% 194
\BOOKMARK [1][-]{section.6.9}{\376\377\134\017\176\323}{chapter.6}% 195
\BOOKMARK [0][-]{chapter.7}{\376\377\217\336\176\355\174\373\176\337\143\057\122\250\040\024\040\024\137\046\116\016\147\106}{}% 196
\BOOKMARK [1][-]{section.7.1}{\376\377\217\336\176\355\174\373\176\337\116\016\171\273\145\143\174\373\176\337\166\204\123\072\122\053}{chapter.7}% 197
\BOOKMARK [2][-]{subsection.7.1.1}{\376\377\116\316\171\273\145\143\122\060\217\336\176\355\040\024\040\024\201\352\165\061\136\246\151\202\137\365\166\204\142\151\134\125}{section.7.1}% 198
\BOOKMARK [2][-]{subsection.7.1.2}{\376\377\217\271\165\114\147\141\116\366\166\204\150\070\137\303\117\134\165\050}{section.7.1}% 199
\BOOKMARK [1][-]{section.7.2}{\376\377\137\046\166\204\152\052\124\021\143\057\122\250}{chapter.7}% 200
\BOOKMARK [2][-]{subsection.7.2.1}{\376\377\162\151\164\006\152\041\127\213\116\016\127\372\147\054\120\107\213\276}{section.7.2}% 201
\BOOKMARK [2][-]{subsection.7.2.2}{\376\377\154\342\122\250\145\271\172\013\166\204\143\250\133\374}{section.7.2}% 202
\BOOKMARK [2][-]{subsection.7.2.3}{\376\377\122\006\171\273\123\330\221\317\154\325}{section.7.2}% 203
\BOOKMARK [2][-]{subsection.7.2.4}{\376\377\172\172\225\364\145\271\172\013\116\016\145\366\225\364\145\271\172\013}{section.7.2}% 204
\BOOKMARK [2][-]{subsection.7.2.5}{\376\377\116\044\172\357\126\372\133\232\166\204\137\046}{section.7.2}% 205
\BOOKMARK [2][-]{subsection.7.2.6}{\376\377\116\000\172\357\126\372\133\232\116\000\172\357\201\352\165\061\166\204\137\046}{section.7.2}% 206
\BOOKMARK [2][-]{subsection.7.2.7}{\376\377\116\044\172\357\201\352\165\061\166\204\137\046}{section.7.2}% 207
\BOOKMARK [2][-]{subsection.7.2.8}{\376\377\143\057\127\213\166\204\153\143\116\244\140\047}{section.7.2}% 208
\BOOKMARK [1][-]{section.7.3}{\376\377\147\106\166\204\176\265\124\021\143\057\122\250}{chapter.7}% 209
\BOOKMARK [2][-]{subsection.7.3.1}{\376\377\162\151\164\006\152\041\127\213\116\016\127\372\147\054\120\107\213\276}{section.7.3}% 210
\BOOKMARK [2][-]{subsection.7.3.2}{\376\377\154\342\122\250\145\271\172\013\166\204\143\250\133\374}{section.7.3}% 211
\BOOKMARK [2][-]{subsection.7.3.3}{\376\377\116\015\124\014\217\271\165\114\147\141\116\366\116\013\166\204\211\343}{section.7.3}% 212
\BOOKMARK [2][-]{subsection.7.3.4}{\376\377\217\271\165\114\147\141\116\366\133\371\126\372\147\011\230\221\163\207\166\204\137\161\124\315\140\073\176\323}{section.7.3}% 213
\BOOKMARK [1][-]{section.7.4}{\376\377\147\106\166\204\142\155\217\154\143\057\122\250}{chapter.7}% 214
\BOOKMARK [2][-]{subsection.7.4.1}{\376\377\162\151\164\006\152\041\127\213\116\016\127\372\147\054\120\107\213\276}{section.7.4}% 215
\BOOKMARK [2][-]{subsection.7.4.2}{\376\377\142\155\217\154\154\342\122\250\145\271\172\013}{section.7.4}% 216
\BOOKMARK [1][-]{section.7.5}{\376\377\152\041\140\001\123\340\122\240\154\325\165\050\116\216\217\336\176\355\174\373\176\337}{chapter.7}% 217
\BOOKMARK [2][-]{subsection.7.5.1}{\376\377\152\041\140\001\134\125\137\000}{section.7.5}% 218
\BOOKMARK [2][-]{subsection.7.5.2}{\376\377\124\053\226\073\134\074\166\204\123\327\217\353\143\057\122\250}{section.7.5}% 219
\BOOKMARK [2][-]{subsection.7.5.3}{\376\377\226\306\116\055\122\233\117\134\165\050\116\013\166\204\124\315\136\224}{section.7.5}% 220
\BOOKMARK [1][-]{section.7.6}{\376\377\145\160\120\074\152\041\142\337\116\016\116\343\170\001\133\236\163\260}{chapter.7}% 221
\BOOKMARK [2][-]{subsection.7.6.1}{\376\377\137\046\143\057\122\250\166\204\147\011\226\120\135\356\122\006\211\343}{section.7.6}% 222
\BOOKMARK [1][-]{section.7.7}{\376\377\134\017\176\323}{chapter.7}% 223
\BOOKMARK [0][-]{chapter.8}{\376\377\217\336\176\355\174\373\176\337\143\057\122\250\040\024\040\024\150\201}{}% 224
\BOOKMARK [1][-]{section.8.1}{\376\377\000E\000u\000l\000e\000r\000-\000B\000e\000r\000n\000o\000u\000l\000l\000i\000\040\150\201\166\204\137\057\146\362\143\057\122\250}{chapter.8}% 225
\BOOKMARK [2][-]{subsection.8.1.1}{\376\377\162\151\164\006\152\041\127\213\116\016\127\372\147\054\120\107\213\276}{section.8.1}% 226
\BOOKMARK [2][-]{subsection.8.1.2}{\376\377\137\057\146\362\143\057\122\250\145\271\172\013\166\204\143\250\133\374}{section.8.1}% 227
\BOOKMARK [2][-]{subsection.8.1.3}{\376\377\116\016\137\046\143\057\122\250\166\204\133\371\153\324}{section.8.1}% 228
\BOOKMARK [1][-]{section.8.2}{\376\377\122\006\171\273\123\330\221\317\154\325\136\224\165\050\116\216\150\201}{chapter.8}% 229
\BOOKMARK [2][-]{subsection.8.2.1}{\376\377\172\172\225\364\145\271\172\013\116\016\145\366\225\364\145\271\172\013}{section.8.2}% 230
\BOOKMARK [2][-]{subsection.8.2.2}{\376\377\172\172\225\364\145\271\172\013\166\204\220\032\211\343}{section.8.2}% 231
\BOOKMARK [2][-]{subsection.8.2.3}{\376\377\126\372\147\011\230\221\163\207\166\204\210\150\217\276\137\017}{section.8.2}% 232
\BOOKMARK [1][-]{section.8.3}{\376\377\121\170\127\213\217\271\165\114\147\141\116\366\116\016\126\372\147\011\230\221\163\207}{chapter.8}% 233
\BOOKMARK [2][-]{subsection.8.3.1}{\376\377\173\200\145\057\150\201\377\010\116\044\172\357\224\360\145\057\377\011}{section.8.3}% 234
\BOOKMARK [2][-]{subsection.8.3.2}{\376\377\140\254\201\302\150\201\377\010\116\000\172\357\126\372\145\057\116\000\172\357\201\352\165\061\377\011}{section.8.3}% 235
\BOOKMARK [2][-]{subsection.8.3.3}{\376\377\116\044\172\357\126\372\145\057\150\201}{section.8.3}% 236
\BOOKMARK [2][-]{subsection.8.3.4}{\376\377\126\372\145\057\000-\173\200\145\057\150\201}{section.8.3}% 237
\BOOKMARK [2][-]{subsection.8.3.5}{\376\377\121\170\127\213\150\201\166\204\126\372\147\011\230\221\163\207\154\107\140\073}{section.8.3}% 238
\BOOKMARK [1][-]{section.8.4}{\376\377\143\057\127\213\166\204\153\143\116\244\140\047}{chapter.8}% 239
\BOOKMARK [1][-]{section.8.5}{\376\377\150\201\166\204\137\072\217\353\143\057\122\250\040\024\040\024\152\041\140\001\123\340\122\240\154\325}{chapter.8}% 240
\BOOKMARK [2][-]{subsection.8.5.1}{\376\377\152\041\140\001\145\271\172\013}{section.8.5}% 241
\BOOKMARK [2][-]{subsection.8.5.2}{\376\377\171\373\122\250\217\175\203\167\225\356\230\230}{section.8.5}% 242
\BOOKMARK [1][-]{section.8.6}{\376\377\000T\000i\000m\000o\000s\000h\000e\000n\000k\000o\000\040\150\201\173\200\116\313}{chapter.8}% 243
\BOOKMARK [1][-]{section.8.7}{\376\377\145\160\120\074\152\041\142\337\116\016\116\343\170\001\133\236\163\260}{chapter.8}% 244
\BOOKMARK [2][-]{subsection.8.7.1}{\376\377\215\205\215\212\145\271\172\013\166\204\145\160\120\074\154\102\150\071}{section.8.7}% 245
\BOOKMARK [1][-]{section.8.8}{\376\377\134\017\176\323}{chapter.8}% 246
\BOOKMARK [0][-]{chapter.9}{\376\377\143\057\122\250\122\006\147\220\166\204\217\321\117\074\145\271\154\325}{}% 247
\BOOKMARK [1][-]{section.9.1}{\376\377\000R\000a\000y\000l\000e\000i\000g\000h\000\040\154\325\377\010\200\375\221\317\154\325\377\011}{chapter.9}% 248
\BOOKMARK [2][-]{subsection.9.1.1}{\376\377\127\372\147\054\123\237\164\006}{section.9.1}% 249
\BOOKMARK [2][-]{subsection.9.1.2}{\376\377\120\107\213\276\143\057\127\213\166\204\220\011\123\326\123\237\122\031}{section.9.1}% 250
\BOOKMARK [2][-]{subsection.9.1.3}{\376\377\226\306\116\055\215\050\221\317\116\016\122\006\136\003\215\050\221\317\166\204\155\367\124\010\174\373\176\337}{section.9.1}% 251
\BOOKMARK [2][-]{subsection.9.1.4}{\376\377\131\032\201\352\165\061\136\246\174\373\176\337\166\204\000\040\000R\000a\000y\000l\000e\000i\000g\000h\000\040\125\106}{section.9.1}% 252
\BOOKMARK [1][-]{section.9.2}{\376\377\000R\000a\000y\000l\000e\000i\000g\000h\000-\000R\000i\000t\000z\000\040\154\325}{chapter.9}% 253
\BOOKMARK [2][-]{subsection.9.2.1}{\376\377\127\372\147\054\140\035\140\363}{section.9.2}% 254
\BOOKMARK [2][-]{subsection.9.2.2}{\376\377\145\160\133\146\143\250\133\374}{section.9.2}% 255
\BOOKMARK [2][-]{subsection.9.2.3}{\376\377\127\372\121\375\145\160\166\204\220\011\123\326}{section.9.2}% 256
\BOOKMARK [1][-]{section.9.3}{\376\377\000D\000u\000n\000k\000e\000r\000l\000e\000y\000\040\121\154\137\017}{chapter.9}% 257
\BOOKMARK [2][-]{subsection.9.3.1}{\376\377\127\372\147\054\140\035\140\363}{section.9.3}% 258
\BOOKMARK [2][-]{subsection.9.3.2}{\376\377\121\154\137\017\143\250\133\374}{section.9.3}% 259
\BOOKMARK [1][-]{section.9.4}{\376\377\117\040\220\022\167\351\226\065\154\325\377\010\000T\000r\000a\000n\000s\000f\000e\000r\000\040\000M\000a\000t\000r\000i\000x\000\040\000M\000e\000t\000h\000o\000d\377\011}{chapter.9}% 260
\BOOKMARK [2][-]{subsection.9.4.1}{\376\377\127\372\147\054\151\202\137\365}{section.9.4}% 261
\BOOKMARK [2][-]{subsection.9.4.2}{\376\377\127\072\167\351\226\065\040\024\040\024\172\177\217\307\127\107\123\000\127\072\153\265}{section.9.4}% 262
\BOOKMARK [2][-]{subsection.9.4.3}{\376\377\160\271\167\351\226\065\040\024\040\024\215\350\215\212\226\306\116\055\121\103\116\366}{section.9.4}% 263
\BOOKMARK [2][-]{subsection.9.4.4}{\376\377\145\164\117\123\117\040\220\022\167\351\226\065}{section.9.4}% 264
\BOOKMARK [1][-]{section.9.5}{\376\377\147\011\226\120\121\103\154\325\121\145\225\350}{chapter.9}% 265
\BOOKMARK [2][-]{subsection.9.5.1}{\376\377\127\372\147\054\140\035\140\363}{section.9.5}% 266
\BOOKMARK [2][-]{subsection.9.5.2}{\376\377\150\201\123\125\121\103\166\204\122\032\136\246\167\351\226\065\124\214\215\050\221\317\167\351\226\065}{section.9.5}% 267
\BOOKMARK [2][-]{subsection.9.5.3}{\376\377\176\304\210\305\116\016\121\150\134\100\162\171\137\201\120\074\225\356\230\230}{section.9.5}% 268
\BOOKMARK [2][-]{subsection.9.5.4}{\376\377\000F\000E\000M\000\040\116\016\121\166\116\326\145\271\154\325\166\204\153\324\217\203}{section.9.5}% 269
\BOOKMARK [1][-]{section.9.6}{\376\377\145\160\120\074\152\041\142\337\116\016\116\343\170\001\133\236\163\260}{chapter.9}% 270
\BOOKMARK [1][-]{section.9.7}{\376\377\134\017\176\323}{chapter.9}% 271
\BOOKMARK [0][-]{chapter.10}{\376\377\227\136\176\277\140\047\143\057\122\250\122\035\153\145}{}% 272
\BOOKMARK [1][-]{section.10.1}{\376\377\227\136\176\277\140\047\143\057\122\250\166\204\147\145\156\220}{chapter.10}% 273
\BOOKMARK [2][-]{subsection.10.1.1}{\376\377\121\340\117\125\227\136\176\277\140\047}{section.10.1}% 274
\BOOKMARK [2][-]{subsection.10.1.2}{\376\377\147\120\145\231\227\136\176\277\140\047}{section.10.1}% 275
\BOOKMARK [2][-]{subsection.10.1.3}{\376\377\143\245\211\346\116\016\225\364\226\231\227\136\176\277\140\047}{section.10.1}% 276
\BOOKMARK [2][-]{subsection.10.1.4}{\376\377\227\136\176\277\140\047\137\071\174\047\166\204\122\233\133\146\162\171\140\047}{section.10.1}% 277
\BOOKMARK [2][-]{subsection.10.1.5}{\376\377\227\136\176\277\140\047\226\073\134\074}{section.10.1}% 278
\BOOKMARK [1][-]{section.10.2}{\376\377\227\136\176\277\140\047\174\373\176\337\166\204\162\171\137\201}{chapter.10}% 279
\BOOKMARK [2][-]{subsection.10.2.1}{\376\377\123\340\122\240\123\237\164\006\166\204\131\061\145\110}{section.10.2}% 280
\BOOKMARK [2][-]{subsection.10.2.2}{\376\377\126\372\147\011\230\221\163\207\226\217\143\057\136\105\166\204\123\330\123\026}{section.10.2}% 281
\BOOKMARK [2][-]{subsection.10.2.3}{\376\377\215\363\215\303\163\260\214\141\377\010\000J\000u\000m\000p\000\040\000P\000h\000e\000n\000o\000m\000e\000n\000o\000n\377\011}{section.10.2}% 282
\BOOKMARK [2][-]{subsection.10.2.4}{\376\377\153\041\214\020\154\342\116\016\215\205\214\020\154\342\121\161\143\057}{section.10.2}% 283
\BOOKMARK [2][-]{subsection.10.2.5}{\376\377\201\352\157\300\143\057\122\250\116\016\147\201\226\120\163\257}{section.10.2}% 284
\BOOKMARK [1][-]{section.10.3}{\376\377\166\370\136\163\227\142\122\006\147\220}{chapter.10}% 285
\BOOKMARK [2][-]{subsection.10.3.1}{\376\377\166\370\136\163\227\142\151\202\137\365}{section.10.3}% 286
