\BOOKMARK [0][-]{chapter.1}{\376\377\176\277\140\047\116\343\145\160\127\372\170\100}{}% 1
\BOOKMARK [1][-]{section.1.1}{\376\377\150\007\221\317\060\001\124\021\221\317\116\016\167\351\226\065}{chapter.1}% 2
\BOOKMARK [2][-]{subsection.1.1.1}{\376\377\150\007\221\317}{section.1.1}% 3
\BOOKMARK [2][-]{subsection.1.1.2}{\376\377\124\021\221\317}{section.1.1}% 4
\BOOKMARK [2][-]{subsection.1.1.3}{\376\377\167\351\226\065}{section.1.1}% 5
\BOOKMARK [2][-]{subsection.1.1.4}{\376\377\137\040\221\317}{section.1.1}% 6
\BOOKMARK [1][-]{section.1.2}{\376\377\167\351\226\065\116\130\154\325}{chapter.1}% 7
\BOOKMARK [2][-]{subsection.1.2.1}{\376\377\167\351\226\065\000-\124\021\221\317\116\130\154\325}{section.1.2}% 8
\BOOKMARK [2][-]{subsection.1.2.2}{\376\377\167\351\226\065\000-\167\351\226\065\116\130\154\325}{section.1.2}% 9
\BOOKMARK [2][-]{subsection.1.2.3}{\376\377\121\150\217\336\143\245\134\102\116\055\166\204\167\351\226\065\116\130\154\325}{section.1.2}% 10
\BOOKMARK [1][-]{section.1.3}{\376\377\203\003\145\160}{chapter.1}% 11
\BOOKMARK [2][-]{subsection.1.3.1}{\376\377\124\021\221\317\203\003\145\160}{section.1.3}% 12
\BOOKMARK [2][-]{subsection.1.3.2}{\376\377\167\351\226\065\203\003\145\160}{section.1.3}% 13
\BOOKMARK [1][-]{section.1.4}{\376\377\162\171\153\212\167\351\226\065}{chapter.1}% 14
\BOOKMARK [2][-]{subsection.1.4.1}{\376\377\153\143\116\244\167\351\226\065}{section.1.4}% 15
\BOOKMARK [2][-]{subsection.1.4.2}{\376\377\153\143\133\232\167\351\226\065}{section.1.4}% 16
\BOOKMARK [1][-]{section.1.5}{\376\377\162\171\137\201\122\006\211\343}{chapter.1}% 17
\BOOKMARK [2][-]{subsection.1.5.1}{\376\377\162\171\137\201\120\074\116\016\162\171\137\201\124\021\221\317}{section.1.5}% 18
\BOOKMARK [2][-]{subsection.1.5.2}{\376\377\162\171\137\201\122\006\211\343}{section.1.5}% 19
\BOOKMARK [2][-]{subsection.1.5.3}{\376\377\162\171\137\201\120\074\116\016\155\361\136\246\133\146\116\140}{section.1.5}% 20
\BOOKMARK [1][-]{section.1.6}{\376\377\131\107\137\002\120\074\122\006\211\343}{chapter.1}% 21
\BOOKMARK [2][-]{subsection.1.6.1}{\376\377\117\116\171\351\217\321\117\074}{section.1.6}% 22
\BOOKMARK [1][-]{section.1.7}{\376\377\000M\000o\000o\000r\000e\000-\000P\000e\000n\000r\000o\000s\000e\000\040\117\052\220\006}{chapter.1}% 23
\BOOKMARK [1][-]{section.1.8}{\376\377\210\114\122\027\137\017}{chapter.1}% 24
\BOOKMARK [1][-]{section.1.9}{\376\377\217\371}{chapter.1}% 25
\BOOKMARK [1][-]{section.1.10}{\376\377\000P\000C\000A\116\016\000S\000V\000D}{chapter.1}% 26
\BOOKMARK [1][-]{section.1.11}{\376\377\124\021\221\317\116\016\167\351\226\065\137\256\171\357\122\006}{chapter.1}% 27
\BOOKMARK [1][-]{section.1.12}{\376\377\147\054\172\340\134\017\176\323}{chapter.1}% 28
\BOOKMARK [0][-]{chapter.2}{\376\377\137\256\171\357\122\006\127\372\170\100}{}% 29
\BOOKMARK [1][-]{section.2.1}{\376\377\147\201\226\120\116\016\217\336\176\355\140\047}{chapter.2}% 30
\BOOKMARK [2][-]{subsection.2.1.1}{\376\377\147\201\226\120\166\204\133\232\116\111}{section.2.1}% 31
\BOOKMARK [2][-]{subsection.2.1.2}{\376\377\217\336\176\355\140\047}{section.2.1}% 32
\BOOKMARK [1][-]{section.2.2}{\376\377\133\374\145\160}{chapter.2}% 33
\BOOKMARK [2][-]{subsection.2.2.1}{\376\377\133\374\145\160\166\204\133\232\116\111}{section.2.2}% 34
\BOOKMARK [2][-]{subsection.2.2.2}{\376\377\127\372\147\054\133\374\145\160\121\154\137\017}{section.2.2}% 35
\BOOKMARK [2][-]{subsection.2.2.3}{\376\377\133\374\145\160\166\204\217\320\173\227\154\325\122\031}{section.2.2}% 36
\BOOKMARK [2][-]{subsection.2.2.4}{\376\377\136\070\211\301\157\300\155\073\121\375\145\160\166\204\133\374\145\160}{section.2.2}% 37
\BOOKMARK [1][-]{section.2.3}{\376\377\120\117\133\374\145\160\116\016\150\257\136\246}{chapter.2}% 38
\BOOKMARK [2][-]{subsection.2.3.1}{\376\377\120\117\133\374\145\160}{section.2.3}% 39
\BOOKMARK [2][-]{subsection.2.3.2}{\376\377\150\257\136\246}{section.2.3}% 40
\BOOKMARK [2][-]{subsection.2.3.3}{\376\377\000J\000a\000c\000o\000b\000i\000a\000n\000\040\167\351\226\065}{section.2.3}% 41
\BOOKMARK [1][-]{section.2.4}{\376\377\224\376\137\017\154\325\122\031}{chapter.2}% 42
\BOOKMARK [2][-]{subsection.2.4.1}{\376\377\116\000\121\103\121\375\145\160\166\204\224\376\137\017\154\325\122\031}{section.2.4}% 43
\BOOKMARK [2][-]{subsection.2.4.2}{\376\377\131\032\121\103\121\375\145\160\166\204\224\376\137\017\154\325\122\031}{section.2.4}% 44
\BOOKMARK [2][-]{subsection.2.4.3}{\376\377\123\315\124\021\117\040\144\255\116\016\224\376\137\017\154\325\122\031}{section.2.4}% 45
\BOOKMARK [1][-]{section.2.5}{\376\377\000H\000e\000s\000s\000i\000a\000n\000\040\167\351\226\065}{chapter.2}% 46
\BOOKMARK [1][-]{section.2.6}{\376\377\000T\000a\000y\000l\000o\000r\000\040\134\125\137\000}{chapter.2}% 47
\BOOKMARK [2][-]{subsection.2.6.1}{\376\377\116\000\121\103\121\375\145\160\166\204\000\040\000T\000a\000y\000l\000o\000r\000\040\134\125\137\000}{section.2.6}% 48
\BOOKMARK [2][-]{subsection.2.6.2}{\376\377\131\032\121\103\121\375\145\160\166\204\000\040\000T\000a\000y\000l\000o\000r\000\040\134\125\137\000}{section.2.6}% 49
\BOOKMARK [1][-]{section.2.7}{\376\377\121\370\117\030\123\026\127\372\170\100}{chapter.2}% 50
\BOOKMARK [2][-]{subsection.2.7.1}{\376\377\121\370\226\306\116\016\121\370\121\375\145\160}{section.2.7}% 51
\BOOKMARK [2][-]{subsection.2.7.2}{\376\377\121\370\121\375\145\160\166\204\122\044\133\232\147\141\116\366}{section.2.7}% 52
\BOOKMARK [2][-]{subsection.2.7.3}{\376\377\121\370\117\030\123\026\166\204\140\047\215\050}{section.2.7}% 53
\BOOKMARK [1][-]{section.2.8}{\376\377\176\246\147\137\117\030\123\026\116\016\000\040\000L\000a\000g\000r\000a\000n\000g\000e\000\040\116\130\133\120\154\325}{chapter.2}% 54
\BOOKMARK [1][-]{section.2.9}{\376\377\147\054\172\340\134\017\176\323}{chapter.2}% 55
\BOOKMARK [0][-]{chapter.3}{\376\377\151\202\163\207\116\016\176\337\213\241\127\372\170\100}{}% 56
\BOOKMARK [1][-]{section.3.1}{\376\377\226\217\147\072\123\330\221\317\116\016\151\202\163\207\122\006\136\003}{chapter.3}% 57
\BOOKMARK [2][-]{subsection.3.1.1}{\376\377\171\273\145\143\226\217\147\072\123\330\221\317}{section.3.1}% 58
\BOOKMARK [2][-]{subsection.3.1.2}{\376\377\217\336\176\355\226\217\147\072\123\330\221\317}{section.3.1}% 59
\BOOKMARK [1][-]{section.3.2}{\376\377\147\141\116\366\151\202\163\207\116\016\215\035\123\366\145\257\133\232\164\006}{chapter.3}% 60
\BOOKMARK [2][-]{subsection.3.2.1}{\376\377\147\141\116\366\151\202\163\207}{section.3.2}% 61
\BOOKMARK [2][-]{subsection.3.2.2}{\376\377\121\150\151\202\163\207\121\154\137\017\116\016\215\035\123\366\145\257\133\232\164\006}{section.3.2}% 62
\BOOKMARK [2][-]{subsection.3.2.3}{\376\377\162\354\172\313\140\047\116\016\147\141\116\366\162\354\172\313}{section.3.2}% 63
\BOOKMARK [1][-]{section.3.3}{\376\377\147\037\147\033\060\001\145\271\135\356\116\016\123\117\145\271\135\356}{chapter.3}% 64
\BOOKMARK [2][-]{subsection.3.3.1}{\376\377\147\037\147\033}{section.3.3}% 65
\BOOKMARK [2][-]{subsection.3.3.2}{\376\377\145\271\135\356\116\016\150\007\121\306\135\356}{section.3.3}% 66
\BOOKMARK [2][-]{subsection.3.3.3}{\376\377\123\117\145\271\135\356\116\016\166\370\121\163\174\373\145\160}{section.3.3}% 67
\BOOKMARK [1][-]{section.3.4}{\376\377\117\341\140\157\213\272\127\372\170\100}{chapter.3}% 68
\BOOKMARK [2][-]{subsection.3.4.1}{\376\377\117\341\140\157\221\317\116\016\161\265}{section.3.4}% 69
\BOOKMARK [2][-]{subsection.3.4.2}{\376\377\000K\000L\000\040\145\143\136\246\116\016\116\244\123\311\161\265}{section.3.4}% 70
\BOOKMARK [2][-]{subsection.3.4.3}{\376\377\116\222\117\341\140\157}{section.3.4}% 71
\BOOKMARK [1][-]{section.3.5}{\376\377\147\000\131\047\117\074\161\066\117\060\213\241}{chapter.3}% 72
\BOOKMARK [2][-]{subsection.3.5.1}{\376\377\117\074\161\066\121\375\145\160}{section.3.5}% 73
\BOOKMARK [2][-]{subsection.3.5.2}{\376\377\147\000\131\047\117\074\161\066\117\060\213\241}{section.3.5}% 74
\BOOKMARK [2][-]{subsection.3.5.3}{\376\377\000M\000L\000E\000\040\116\016\143\137\131\061\121\375\145\160}{section.3.5}% 75
\BOOKMARK [1][-]{section.3.6}{\376\377\147\000\131\047\124\016\232\214\117\060\213\241}{chapter.3}% 76
\BOOKMARK [1][-]{section.3.7}{\376\377\226\217\147\072\217\307\172\013\122\035\153\145}{chapter.3}% 77
\BOOKMARK [2][-]{subsection.3.7.1}{\376\377\232\154\134\024\123\357\131\053\224\376}{section.3.7}% 78
\BOOKMARK [1][-]{section.3.8}{\376\377\147\054\172\340\134\017\176\323}{chapter.3}% 79
\BOOKMARK [0][-]{chapter.4}{\376\377\176\277\140\047\126\336\137\122\116\016\150\257\136\246\116\013\226\115}{}% 80
\BOOKMARK [1][-]{section.4.1}{\376\377\176\277\140\047\126\336\137\122\152\041\127\213}{chapter.4}% 81
\BOOKMARK [2][-]{subsection.4.1.1}{\376\377\152\041\127\213\133\232\116\111}{section.4.1}% 82
\BOOKMARK [2][-]{subsection.4.1.2}{\376\377\143\137\131\061\121\375\145\160\377\032\127\107\145\271\213\357\135\356}{section.4.1}% 83
\BOOKMARK [1][-]{section.4.2}{\376\377\153\143\211\304\145\271\172\013}{chapter.4}% 84
\BOOKMARK [1][-]{section.4.3}{\376\377\150\257\136\246\116\013\226\115}{chapter.4}% 85
\BOOKMARK [2][-]{subsection.4.3.1}{\376\377\142\171\221\317\150\257\136\246\116\013\226\115}{section.4.3}% 86
\BOOKMARK [2][-]{subsection.4.3.2}{\376\377\226\217\147\072\150\257\136\246\116\013\226\115}{section.4.3}% 87
\BOOKMARK [2][-]{subsection.4.3.3}{\376\377\134\017\142\171\221\317\226\217\147\072\150\257\136\246\116\013\226\115}{section.4.3}% 88
\BOOKMARK [1][-]{section.4.4}{\376\377\122\250\221\317\116\016\201\352\220\002\136\224\117\030\123\026\126\150}{chapter.4}% 89
\BOOKMARK [2][-]{subsection.4.4.1}{\376\377\136\046\122\250\221\317\166\204\000\040\000S\000G\000D}{section.4.4}% 90
\BOOKMARK [2][-]{subsection.4.4.2}{\376\377\000N\000e\000s\000t\000e\000r\000o\000v\000\040\122\250\221\317}{section.4.4}% 91
\BOOKMARK [2][-]{subsection.4.4.3}{\376\377\000A\000d\000a\000G\000r\000a\000d}{section.4.4}% 92
\BOOKMARK [2][-]{subsection.4.4.4}{\376\377\000R\000M\000S\000P\000r\000o\000p}{section.4.4}% 93
\BOOKMARK [2][-]{subsection.4.4.5}{\376\377\000A\000d\000a\000m}{section.4.4}% 94
\BOOKMARK [1][-]{section.4.5}{\376\377\133\146\116\140\163\207\214\003\136\246}{chapter.4}% 95
\BOOKMARK [1][-]{section.4.6}{\376\377\153\143\122\031\123\026}{chapter.4}% 96
\BOOKMARK [2][-]{subsection.4.6.1}{\376\377\000L\0002\000\040\153\143\122\031\123\026\377\010\000R\000i\000d\000g\000e\000\040\126\336\137\122\000/\147\103\221\315\210\160\121\317\377\011}{section.4.6}% 97
\BOOKMARK [2][-]{subsection.4.6.2}{\376\377\000L\0001\000\040\153\143\122\031\123\026\377\010\000L\000a\000s\000s\000o\000\040\126\336\137\122\377\011}{section.4.6}% 98
\BOOKMARK [2][-]{subsection.4.6.3}{\376\377\137\071\140\047\177\121\176\334}{section.4.6}% 99
\BOOKMARK [1][-]{section.4.7}{\376\377\131\032\230\171\137\017\126\336\137\122}{chapter.4}% 100
\BOOKMARK [1][-]{section.4.8}{\376\377\120\117\135\356\000-\145\271\135\356\147\103\210\141}{chapter.4}% 101
\BOOKMARK [1][-]{section.4.9}{\376\377\147\054\172\340\134\017\176\323}{chapter.4}% 102
\BOOKMARK [0][-]{chapter.5}{\376\377\220\073\217\221\126\336\137\122\116\016\122\006\174\173}{}% 103
\BOOKMARK [1][-]{section.5.1}{\376\377\220\073\217\221\126\336\137\122\152\041\127\213}{chapter.5}% 104
\BOOKMARK [2][-]{subsection.5.1.1}{\376\377\116\316\176\277\140\047\126\336\137\122\122\060\220\073\217\221\126\336\137\122}{section.5.1}% 105
\BOOKMARK [2][-]{subsection.5.1.2}{\376\377\121\263\173\126\217\271\165\114}{section.5.1}% 106
\BOOKMARK [1][-]{section.5.2}{\376\377\116\244\123\311\161\265\143\137\131\061}{chapter.5}% 107
\BOOKMARK [2][-]{subsection.5.2.1}{\376\377\151\202\163\207\211\343\221\312}{section.5.2}% 108
\BOOKMARK [2][-]{subsection.5.2.2}{\376\377\147\000\131\047\117\074\161\066\143\250\133\374}{section.5.2}% 109
\BOOKMARK [1][-]{section.5.3}{\376\377\131\032\122\006\174\173\377\032\000S\000o\000f\000t\000m\000a\000x\000\040\126\336\137\122}{chapter.5}% 110
\BOOKMARK [2][-]{subsection.5.3.1}{\376\377\152\041\127\213\133\232\116\111}{section.5.3}% 111
\BOOKMARK [2][-]{subsection.5.3.2}{\376\377\116\244\123\311\161\265\143\137\131\061}{section.5.3}% 112
\BOOKMARK [1][-]{section.5.4}{\376\377\122\006\174\173\213\304\117\060\143\007\150\007}{chapter.5}% 113
\BOOKMARK [2][-]{subsection.5.4.1}{\376\377\155\367\155\306\167\351\226\065}{section.5.4}% 114
\BOOKMARK [2][-]{subsection.5.4.2}{\376\377\121\306\170\156\163\207\060\001\174\276\170\156\163\207\060\001\123\354\126\336\163\207\116\016\000F\0001\122\006\145\160}{section.5.4}% 115
\BOOKMARK [2][-]{subsection.5.4.3}{\376\377\000R\000O\000C\000\040\146\362\176\277\116\016\000\040\000A\000U\000C}{section.5.4}% 116
\BOOKMARK [1][-]{section.5.5}{\376\377\131\032\122\006\174\173\166\204\213\304\117\060\143\007\150\007}{chapter.5}% 117
\BOOKMARK [1][-]{section.5.6}{\376\377\174\173\122\053\116\015\136\163\210\141\225\356\230\230}{chapter.5}% 118
\BOOKMARK [1][-]{section.5.7}{\376\377\220\073\217\221\126\336\137\122\116\016\155\361\136\246\133\146\116\140}{chapter.5}% 119
\BOOKMARK [1][-]{section.5.8}{\376\377\147\054\172\340\134\017\176\323}{chapter.5}% 120
\BOOKMARK [0][-]{chapter.6}{\376\377\000P\000y\000T\000o\000r\000c\000h\121\145\225\350}{}% 121
\BOOKMARK [1][-]{section.6.1}{\376\377\137\040\221\317\127\372\170\100}{chapter.6}% 122
\BOOKMARK [2][-]{subsection.6.1.1}{\376\377\122\033\136\372\137\040\221\317}{section.6.1}% 123
\BOOKMARK [2][-]{subsection.6.1.2}{\376\377\137\040\221\317\134\136\140\047\116\016\217\320\173\227}{section.6.1}% 124
\BOOKMARK [2][-]{subsection.6.1.3}{\376\377\175\042\137\025\116\016\122\007\162\107}{section.6.1}% 125
\BOOKMARK [1][-]{section.6.2}{\376\377\000G\000P\000U\122\240\220\037}{chapter.6}% 126
\BOOKMARK [1][-]{section.6.3}{\376\377\201\352\122\250\154\102\133\374}{chapter.6}% 127
\BOOKMARK [2][-]{subsection.6.3.1}{\376\377\213\241\173\227\126\376}{section.6.3}% 128
\BOOKMARK [2][-]{subsection.6.3.2}{\376\377\150\257\136\246\127\050\171\136\176\317\177\121\176\334\116\055\166\204\136\224\165\050}{section.6.3}% 129
\BOOKMARK [1][-]{section.6.4}{\376\377\000n\000n\000.\000M\000o\000d\000u\000l\000e\377\032\147\204\136\372\171\136\176\317\177\121\176\334}{chapter.6}% 130
\BOOKMARK [2][-]{subsection.6.4.1}{\376\377\136\070\165\050\134\102}{section.6.4}% 131
\BOOKMARK [2][-]{subsection.6.4.2}{\376\377\000S\000e\000q\000u\000e\000n\000t\000i\000a\000l\000\040\133\271\126\150}{section.6.4}% 132
\BOOKMARK [1][-]{section.6.5}{\376\377\143\137\131\061\121\375\145\160\116\016\117\030\123\026\126\150}{chapter.6}% 133
\BOOKMARK [1][-]{section.6.6}{\376\377\145\160\143\156\122\240\217\175}{chapter.6}% 134
\BOOKMARK [2][-]{subsection.6.6.1}{\376\377\121\205\177\156\145\160\143\156\226\306}{section.6.6}% 135
\BOOKMARK [1][-]{section.6.7}{\376\377\213\255\176\303\137\252\163\257}{chapter.6}% 136
\BOOKMARK [1][-]{section.6.8}{\376\377\152\041\127\213\117\335\133\130\116\016\122\240\217\175}{chapter.6}% 137
\BOOKMARK [1][-]{section.6.9}{\376\377\133\214\145\164\133\236\117\213\377\032\000M\000N\000I\000S\000T\142\113\121\231\145\160\133\127\213\306\122\053}{chapter.6}% 138
\BOOKMARK [1][-]{section.6.10}{\376\377\147\054\172\340\134\017\176\323}{chapter.6}% 139
\BOOKMARK [0][-]{chapter.7}{\376\377\171\136\176\317\177\121\176\334\040\024\040\024\155\361\136\246\133\146\116\140\166\204\150\070\137\303}{}% 140
\BOOKMARK [1][-]{section.7.1}{\376\377\116\316\141\037\167\345\147\072\122\060\131\032\134\102\171\136\176\317\177\121\176\334}{chapter.7}% 141
\BOOKMARK [2][-]{subsection.7.1.1}{\376\377\171\136\176\317\121\103\040\024\040\024\147\000\127\372\147\054\166\204\213\241\173\227\123\125\121\103}{section.7.1}% 142
\BOOKMARK [2][-]{subsection.7.1.2}{\376\377\123\125\134\102\177\121\176\334\116\016\137\002\142\026\225\356\230\230}{section.7.1}% 143
\BOOKMARK [2][-]{subsection.7.1.3}{\376\377\131\032\134\102\177\121\176\334\116\016\210\150\171\072\133\146\116\140}{section.7.1}% 144
\BOOKMARK [1][-]{section.7.2}{\376\377\157\300\155\073\121\375\145\160\040\024\040\024\171\136\176\317\177\121\176\334\166\204\160\165\233\102}{chapter.7}% 145
\BOOKMARK [2][-]{subsection.7.2.1}{\376\377\000S\000i\000g\000m\000o\000i\000d\000\040\116\016\000\040\000T\000a\000n\000h}{section.7.2}% 146
\BOOKMARK [2][-]{subsection.7.2.2}{\376\377\000R\000e\000L\000U\000\040\123\312\121\166\123\330\117\123}{section.7.2}% 147
\BOOKMARK [2][-]{subsection.7.2.3}{\376\377\000S\000o\000f\000t\000m\000a\000x\040\024\040\024\131\032\122\006\174\173\166\204\217\223\121\372\134\102}{section.7.2}% 148
\BOOKMARK [1][-]{section.7.3}{\376\377\122\115\124\021\117\040\144\255\040\024\040\024\117\341\140\157\166\204\155\101\122\250}{chapter.7}% 149
\BOOKMARK [2][-]{subsection.7.3.1}{\376\377\122\115\124\021\117\040\144\255\166\204\167\351\226\065\137\142\137\017}{section.7.3}% 150
\BOOKMARK [2][-]{subsection.7.3.2}{\376\377\124\021\221\317\123\026\040\024\040\024\142\171\221\317\122\115\124\021\117\040\144\255}{section.7.3}% 151
\BOOKMARK [1][-]{section.7.4}{\376\377\143\137\131\061\121\375\145\160\040\024\040\024\133\232\116\111\117\030\123\026\166\356\150\007}{chapter.7}% 152
\BOOKMARK [2][-]{subsection.7.4.1}{\376\377\127\107\145\271\213\357\135\356\377\010\000M\000S\000E\377\011}{section.7.4}% 153
\BOOKMARK [2][-]{subsection.7.4.2}{\376\377\116\244\123\311\161\265\143\137\131\061}{section.7.4}% 154
\BOOKMARK [1][-]{section.7.5}{\376\377\123\315\124\021\117\040\144\255\040\024\040\024\133\146\116\140\166\204\137\025\144\316}{chapter.7}% 155
\BOOKMARK [2][-]{subsection.7.5.1}{\376\377\224\376\137\017\154\325\122\031}{section.7.5}% 156
\BOOKMARK [2][-]{subsection.7.5.2}{\376\377\123\315\124\021\117\040\144\255\166\204\220\020\153\145\143\250\133\374}{section.7.5}% 157
\BOOKMARK [2][-]{subsection.7.5.3}{\376\377\123\315\124\021\117\040\144\255\166\204\213\241\173\227\131\015\147\102\136\246}{section.7.5}% 158
\BOOKMARK [2][-]{subsection.7.5.4}{\376\377\134\100\220\350\213\357\135\356\166\204\166\364\211\302\211\343\221\312}{section.7.5}% 159
\BOOKMARK [1][-]{section.7.6}{\376\377\150\257\136\246\155\210\131\061\116\016\150\257\136\246\162\006\160\270}{chapter.7}% 160
\BOOKMARK [2][-]{subsection.7.6.1}{\376\377\225\356\230\230\142\020\126\340}{section.7.6}% 161
\BOOKMARK [2][-]{subsection.7.6.2}{\376\377\211\343\121\263\145\271\150\110}{section.7.6}% 162
\BOOKMARK [1][-]{section.7.7}{\376\377\153\143\122\031\123\026\040\024\040\024\226\062\153\142\217\307\142\337\124\010}{chapter.7}% 163
\BOOKMARK [2][-]{subsection.7.7.1}{\376\377\000L\0001\000\040\116\016\000\040\000L\0002\000\040\153\143\122\031\123\026}{section.7.7}% 164
\BOOKMARK [2][-]{subsection.7.7.2}{\376\377\000D\000r\000o\000p\000o\000u\000t}{section.7.7}% 165
\BOOKMARK [2][-]{subsection.7.7.3}{\376\377\000B\000a\000t\000c\000h\000\040\000N\000o\000r\000m\000a\000l\000i\000z\000a\000t\000i\000o\000n\000\040\166\204\153\143\122\031\123\026\145\110\136\224}{section.7.7}% 166
\BOOKMARK [1][-]{section.7.8}{\376\377\165\050\000N\000u\000m\000P\000y\116\316\226\366\133\236\163\260\171\136\176\317\177\121\176\334}{chapter.7}% 167
\BOOKMARK [2][-]{subsection.7.8.1}{\376\377\116\343\170\001\150\070\137\303\211\201\160\271\213\364\146\016}{section.7.8}% 168
\BOOKMARK [1][-]{section.7.9}{\376\377\165\050\000P\000y\000T\000o\000r\000c\000h\133\236\163\260\131\032\122\006\174\173\171\136\176\317\177\121\176\334}{chapter.7}% 169
\BOOKMARK [2][-]{subsection.7.9.1}{\376\377\152\041\127\127\123\026\147\204\136\372}{section.7.9}% 170
\BOOKMARK [2][-]{subsection.7.9.2}{\376\377\215\205\123\302\145\160\166\204\137\161\124\315}{section.7.9}% 171
\BOOKMARK [1][-]{section.7.10}{\376\377\123\302\145\160\122\035\131\313\123\026\173\126\165\145}{chapter.7}% 172
\BOOKMARK [1][-]{section.7.11}{\376\377\147\054\172\340\134\017\176\323}{chapter.7}% 173
\BOOKMARK [0][-]{chapter.8}{\376\377\117\030\123\026\155\361\136\246\171\136\176\317\177\121\176\334}{}% 174
\BOOKMARK [1][-]{section.8.1}{\376\377\117\030\123\026\225\356\230\230\166\204\145\160\133\146\143\317\217\360}{chapter.8}% 175
\BOOKMARK [2][-]{subsection.8.1.1}{\376\377\176\317\232\214\230\316\226\151\147\000\134\017\123\026}{section.8.1}% 176
\BOOKMARK [2][-]{subsection.8.1.2}{\376\377\227\136\121\370\117\030\123\026\166\204\143\021\142\030\040\024\040\024\227\215\160\271\200\014\227\136\134\100\220\350\147\201\134\017\120\074}{section.8.1}% 177
\BOOKMARK [1][-]{section.8.2}{\376\377\150\257\136\246\116\013\226\115\154\325\123\312\121\166\123\330\117\123}{chapter.8}% 178
\BOOKMARK [2][-]{subsection.8.2.1}{\376\377\142\171\221\317\150\257\136\246\116\013\226\115}{section.8.2}% 179
\BOOKMARK [2][-]{subsection.8.2.2}{\376\377\226\217\147\072\150\257\136\246\116\013\226\115}{section.8.2}% 180
\BOOKMARK [2][-]{subsection.8.2.3}{\376\377\134\017\142\171\221\317\226\217\147\072\150\257\136\246\116\013\226\115}{section.8.2}% 181
\BOOKMARK [1][-]{section.8.3}{\376\377\122\250\221\317\154\325\040\024\040\024\213\251\150\257\136\246\121\167\147\011\000"\140\357\140\047\000"}{chapter.8}% 182
\BOOKMARK [2][-]{subsection.8.3.1}{\376\377\176\317\121\170\122\250\221\317}{section.8.3}% 183
\BOOKMARK [2][-]{subsection.8.3.2}{\376\377\000N\000e\000s\000t\000e\000r\000o\000v\000\040\122\240\220\037\150\257\136\246}{section.8.3}% 184
\BOOKMARK [1][-]{section.8.4}{\376\377\201\352\220\002\136\224\133\146\116\140\163\207\145\271\154\325}{chapter.8}% 185
\BOOKMARK [2][-]{subsection.8.4.1}{\376\377\000A\000d\000a\000G\000r\000a\000d}{section.8.4}% 186
\BOOKMARK [2][-]{subsection.8.4.2}{\376\377\000R\000M\000S\000P\000r\000o\000p}{section.8.4}% 187
\BOOKMARK [2][-]{subsection.8.4.3}{\376\377\000A\000d\000a\000m\040\024\040\024\137\123\122\115\166\204\116\213\133\236\150\007\121\306}{section.8.4}% 188
\BOOKMARK [2][-]{subsection.8.4.4}{\376\377\000A\000d\000a\000m\000W\040\024\040\024\211\343\200\046\147\103\221\315\210\160\121\317}{section.8.4}% 189
\BOOKMARK [1][-]{section.8.5}{\376\377\133\146\116\140\163\207\214\003\136\246\173\126\165\145}{chapter.8}% 190
\BOOKMARK [2][-]{subsection.8.5.1}{\376\377\136\070\165\050\214\003\136\246\173\126\165\145}{section.8.5}% 191
\BOOKMARK [1][-]{section.8.6}{\376\377\150\257\136\246\210\301\122\152}{chapter.8}% 192
\BOOKMARK [1][-]{section.8.7}{\376\377\116\214\226\066\117\030\123\026\145\271\154\325\173\200\116\313}{chapter.8}% 193
\BOOKMARK [2][-]{subsection.8.7.1}{\376\377\162\133\230\177\154\325}{section.8.7}% 194
\BOOKMARK [2][-]{subsection.8.7.2}{\376\377\000L\000-\000B\000F\000G\000S\040\024\040\024\133\236\165\050\166\204\142\337\162\133\230\177\154\325}{section.8.7}% 195
\BOOKMARK [1][-]{section.8.8}{\376\377\215\205\123\302\145\160\214\003\117\030}{chapter.8}% 196
\BOOKMARK [2][-]{subsection.8.8.1}{\376\377\177\121\150\074\144\034\175\042\000\040\000v\000s\000\040\226\217\147\072\144\034\175\042\000\040\000v\000s\000\040\215\035\123\366\145\257\117\030\123\026}{section.8.8}% 197
\BOOKMARK [2][-]{subsection.8.8.2}{\376\377\133\236\165\050\215\205\123\302\145\160\214\003\117\030\136\372\213\256}{section.8.8}% 198
\BOOKMARK [1][-]{section.8.9}{\376\377\213\255\176\303\172\063\133\232\140\047\116\016\214\003\213\325\142\200\135\347}{chapter.8}% 199
\BOOKMARK [2][-]{subsection.8.9.1}{\376\377\150\257\136\246\116\016\157\300\155\073\120\074\166\321\143\247}{section.8.9}% 200
\BOOKMARK [2][-]{subsection.8.9.2}{\376\377\136\070\211\301\213\255\176\303\225\356\230\230\213\312\145\255\210\150}{section.8.9}% 201
\BOOKMARK [1][-]{section.8.10}{\376\377\147\054\172\340\134\017\176\323}{chapter.8}% 202
\BOOKMARK [0][-]{chapter.9}{\376\377\123\167\171\357\171\136\176\317\177\121\176\334\040\024\040\024\213\251\147\072\126\150\167\013\141\302\116\026\165\114}{}% 203
\BOOKMARK [1][-]{section.9.1}{\376\377\211\306\211\311\225\356\230\230\166\204\147\054\215\050}{chapter.9}% 204
\BOOKMARK [2][-]{subsection.9.1.1}{\376\377\121\150\217\336\143\245\177\121\176\334\166\204\131\061\145\110}{section.9.1}% 205
\BOOKMARK [2][-]{subsection.9.1.2}{\376\377\126\376\120\317\166\204\116\011\116\052\137\122\176\263\120\117\177\156}{section.9.1}% 206
\BOOKMARK [1][-]{section.9.2}{\376\377\123\167\171\357\217\320\173\227\166\204\145\160\133\146\133\232\116\111}{chapter.9}% 207
\BOOKMARK [2][-]{subsection.9.2.1}{\376\377\116\000\176\364\123\167\171\357}{section.9.2}% 208
\BOOKMARK [2][-]{subsection.9.2.2}{\376\377\116\214\176\364\123\167\171\357\040\024\040\024\126\376\120\317\131\004\164\006\166\204\150\070\137\303}{section.9.2}% 209
\BOOKMARK [2][-]{subsection.9.2.3}{\376\377\131\032\220\032\220\123\123\167\171\357}{section.9.2}% 210
\BOOKMARK [2][-]{subsection.9.2.4}{\376\377\153\145\225\177\116\016\130\153\121\105}{section.9.2}% 211
\BOOKMARK [1][-]{section.9.3}{\376\377\165\050\000\040\000N\000u\000m\000P\000y\000\040\116\316\226\366\133\236\163\260\116\214\176\364\123\167\171\357}{chapter.9}% 212
\BOOKMARK [2][-]{subsection.9.3.1}{\376\377\123\167\171\357\166\204\167\351\226\065\116\130\154\325\133\236\163\260\040\024\040\024\000i\000m\0002\000c\000o\000l}{section.9.3}% 213
\BOOKMARK [1][-]{section.9.4}{\376\377\154\140\123\026\134\102\040\024\040\024\226\115\221\307\150\067\116\016\136\163\171\373\116\015\123\330\140\047}{chapter.9}% 214
\BOOKMARK [2][-]{subsection.9.4.1}{\376\377\147\000\131\047\154\140\123\026\116\016\136\163\127\107\154\140\123\026}{section.9.4}% 215
\BOOKMARK [1][-]{section.9.5}{\376\377\000P\000y\000T\000o\000r\000c\000h\000\040\000C\000N\000N\000\040\133\214\145\164\213\255\176\303\173\241\176\277}{chapter.9}% 216
\BOOKMARK [2][-]{subsection.9.5.1}{\376\377\141\037\123\327\221\316\166\204\130\006\123\340\130\236\225\177}{section.9.5}% 217
\BOOKMARK [1][-]{section.9.6}{\376\377\217\154\177\156\123\167\171\357\040\024\040\024\116\316\117\116\122\006\217\250\163\207\122\060\232\330\122\006\217\250\163\207}{chapter.9}% 218
\BOOKMARK [2][-]{subsection.9.6.1}{\376\377\116\072\116\300\116\110\227\000\211\201\116\012\221\307\150\067}{section.9.6}% 219
\BOOKMARK [2][-]{subsection.9.6.2}{\376\377\217\154\177\156\123\167\171\357\166\204\145\160\133\146\123\237\164\006}{section.9.6}% 220
\BOOKMARK [1][-]{section.9.7}{\376\377\162\171\137\201\123\357\211\306\123\026\040\024\040\024\164\006\211\343\000C\000N\000N\167\013\122\060\116\206\116\300\116\110}{chapter.9}% 221
\BOOKMARK [2][-]{subsection.9.7.1}{\376\377\123\167\171\357\150\070\123\357\211\306\123\026}{section.9.7}% 222
\BOOKMARK [2][-]{subsection.9.7.2}{\376\377\162\171\137\201\126\376\123\357\211\306\123\026}{section.9.7}% 223
\BOOKMARK [2][-]{subsection.9.7.3}{\376\377\000G\000r\000a\000d\000-\000C\000A\000M\040\024\040\024\174\173\157\300\155\073\146\040\134\004}{section.9.7}% 224
\BOOKMARK [1][-]{section.9.8}{\376\377\000C\000N\000N\000\040\213\276\213\241\116\055\166\204\150\070\137\303\123\237\122\031}{chapter.9}% 225
\BOOKMARK [2][-]{subsection.9.8.1}{\376\377\141\037\123\327\221\316\166\204\143\007\145\160\130\236\225\177}{section.9.8}% 226
\BOOKMARK [2][-]{subsection.9.8.2}{\376\377\220\032\220\123\145\160\220\022\130\236\377\014\172\172\225\364\122\006\217\250\163\207\220\022\121\317}{section.9.8}% 227
\BOOKMARK [2][-]{subsection.9.8.3}{\376\377\0001\0001\000\040\123\167\171\357\040\024\040\024\220\032\220\123\225\364\166\204\117\341\140\157\116\244\143\142}{section.9.8}% 228
\BOOKMARK [2][-]{subsection.9.8.4}{\376\377\172\172\155\036\123\167\171\357\040\024\040\024\142\151\131\047\141\037\123\327\221\316\200\014\116\015\130\236\122\240\123\302\145\160}{section.9.8}% 229
\BOOKMARK [1][-]{section.9.9}{\376\377\133\236\215\365\136\372\213\256\116\016\136\070\211\301\226\167\226\061}{chapter.9}% 230
\BOOKMARK [2][-]{subsection.9.9.1}{\376\377\213\241\173\227\123\167\171\357\123\302\145\160\166\204\121\154\137\017}{section.9.9}% 231
\BOOKMARK [1][-]{section.9.10}{\376\377\147\054\172\340\134\017\176\323}{chapter.9}% 232
\BOOKMARK [0][-]{chapter.10}{\376\377\176\317\121\170\000C\000N\000N\147\266\147\204\040\024\040\024\116\316\000L\000e\000N\000e\000t\122\060\000R\000e\000s\000N\000e\000t}{}% 233
\BOOKMARK [1][-]{section.10.1}{\376\377\000L\000e\000N\000e\000t\000-\0005\040\024\040\024\000C\000N\000N\166\204\215\167\156\220\377\010\0001\0009\0009\0008\136\164\377\011}{chapter.10}% 234
\BOOKMARK [1][-]{section.10.2}{\376\377\000A\000l\000e\000x\000N\000e\000t\040\024\040\024\155\361\136\246\133\146\116\140\227\151\124\175\166\204\215\167\160\271\377\010\0002\0000\0001\0002\136\164\377\011}{chapter.10}% 235
\BOOKMARK [1][-]{section.10.3}{\376\377\000V\000G\000G\040\024\040\024\155\361\136\246\166\204\221\315\211\201\140\047\377\010\0002\0000\0001\0004\136\164\377\011}{chapter.10}% 236
\BOOKMARK [1][-]{section.10.4}{\376\377\000G\000o\000o\000g\000L\000e\000N\000e\000t\000\040\000/\000\040\000I\000n\000c\000e\000p\000t\000i\000o\000n\040\024\040\024\131\032\134\072\136\246\162\171\137\201\207\215\124\010\377\010\0002\0000\0001\0004\136\164\377\011}{chapter.10}% 237
\BOOKMARK [2][-]{subsection.10.4.1}{\376\377\000I\000n\000c\000e\000p\000t\000i\000o\000n\152\041\127\127}{section.10.4}% 238
\BOOKMARK [2][-]{subsection.10.4.2}{\376\377\217\205\122\251\122\006\174\173\126\150}{section.10.4}% 239
\BOOKMARK [1][-]{section.10.5}{\376\377\000R\000e\000s\000N\000e\000t\040\024\040\024\153\213\135\356\177\121\176\334\377\014\172\201\170\064\155\361\136\246\147\201\226\120\377\010\0002\0000\0001\0005\136\164\377\011}{chapter.10}% 240
\BOOKMARK [2][-]{subsection.10.5.1}{\376\377\220\000\123\026\225\356\230\230}{section.10.5}% 241
\BOOKMARK [2][-]{subsection.10.5.2}{\376\377\153\213\135\356\133\146\116\140\040\024\040\024\000L\000e\000t\000\040\000t\000h\000e\000\040\000l\000a\000y\000e\000r\000s\000\040\000f\000i\000t\000\040\000a\000\040\000r\000e\000s\000i\000d\000u\000a\000l\000\040\000m\000a\000p\000p\000i\000n\000g}{section.10.5}% 242
\BOOKMARK [2][-]{subsection.10.5.3}{\376\377\153\213\135\356\217\336\143\245\211\343\121\263\150\257\136\246\155\210\131\061}{section.10.5}% 243
\BOOKMARK [2][-]{subsection.10.5.4}{\376\377\000B\000o\000t\000t\000l\000e\000n\000e\000c\000k\153\213\135\356\127\127}{section.10.5}% 244
\BOOKMARK [2][-]{subsection.10.5.5}{\376\377\000R\000e\000s\000N\000e\000t\000\040\147\266\147\204\221\115\177\156\210\150}{section.10.5}% 245
\BOOKMARK [1][-]{section.10.6}{\376\377\000D\000e\000n\000s\000e\000N\000e\000t\040\024\040\024\217\336\143\245\116\000\122\007\377\010\0002\0000\0001\0007\136\164\377\011}{chapter.10}% 246
\BOOKMARK [1][-]{section.10.7}{\376\377\217\173\221\317\123\026\147\266\147\204\040\024\040\024\000M\000o\000b\000i\000l\000e\000N\000e\000t\000\040\116\016\000\040\000E\000f\000f\000i\000c\000i\000e\000n\000t\000N\000e\000t}{chapter.10}% 247
\BOOKMARK [2][-]{subsection.10.7.1}{\376\377\155\361\136\246\123\357\122\006\171\273\123\167\171\357\377\010\000D\000e\000p\000t\000h\000w\000i\000s\000e\000\040\000S\000e\000p\000a\000r\000a\000b\000l\000e\000\040\000C\000o\000n\000v\000o\000l\000u\000t\000i\000o\000n\377\011}{section.10.7}% 248
\BOOKMARK [2][-]{subsection.10.7.2}{\376\377\000E\000f\000f\000i\000c\000i\000e\000n\000t\000N\000e\000t\040\024\040\024\131\015\124\010\177\051\145\076}{section.10.7}% 249
\BOOKMARK [1][-]{section.10.8}{\376\377\147\266\147\204\157\024\217\333\215\357\176\277\126\376\116\016\213\276\213\241\215\213\122\277}{chapter.10}% 250
\BOOKMARK [2][-]{subsection.10.8.1}{\376\377\213\276\213\241\215\213\122\277\140\073\176\323}{section.10.8}% 251
\BOOKMARK [1][-]{section.10.9}{\376\377\147\054\172\340\134\017\176\323}{chapter.10}% 252
\BOOKMARK [0][-]{chapter.11}{\376\377\137\252\163\257\171\136\176\317\177\121\176\334\116\016\154\350\141\017\122\233\147\072\122\066}{}% 253
\BOOKMARK [1][-]{section.11.1}{\376\377\136\217\122\027\136\372\152\041\166\204\150\070\137\303\143\021\142\030}{chapter.11}% 254
\BOOKMARK [2][-]{subsection.11.1.1}{\376\377\116\072\116\300\116\110\227\000\211\201\162\171\153\212\166\204\177\121\176\334\176\323\147\204}{section.11.1}% 255
\BOOKMARK [2][-]{subsection.11.1.2}{\376\377\000R\000N\000N\166\204\127\372\147\054\140\035\140\363}{section.11.1}% 256
\BOOKMARK [1][-]{section.11.2}{\376\377\137\252\163\257\171\136\176\317\177\121\176\334\040\024\040\024\122\115\124\021\117\040\144\255\116\016\123\315\124\021\117\040\144\255}{chapter.11}% 257
\BOOKMARK [2][-]{subsection.11.2.1}{\376\377\122\115\124\021\117\040\144\255}{section.11.2}% 258
\BOOKMARK [2][-]{subsection.11.2.2}{\376\377\145\366\225\364\123\315\124\021\117\040\144\255\377\010\000B\000P\000T\000T\377\011}{section.11.2}% 259
\BOOKMARK [2][-]{subsection.11.2.3}{\376\377\000R\000N\000N\166\204\123\330\117\123}{section.11.2}% 260
\BOOKMARK [1][-]{section.11.3}{\376\377\000L\000S\000T\000M\040\024\040\024\225\177\167\355\147\037\213\260\137\306\177\121\176\334}{chapter.11}% 261
\BOOKMARK [2][-]{subsection.11.3.1}{\376\377\000L\000S\000T\000M\166\204\150\070\137\303\140\035\140\363\040\024\040\024\176\306\200\336\162\266\140\001}{section.11.3}% 262
\BOOKMARK [2][-]{subsection.11.3.2}{\376\377\126\333\116\052\225\350\143\247\166\204\174\276\170\156\145\160\133\146\121\154\137\017}{section.11.3}% 263
\BOOKMARK [2][-]{subsection.11.3.3}{\376\377\150\257\136\246\155\101\122\250\040\024\040\024\116\072\116\300\116\110\000L\000S\000T\000M\147\011\145\110}{section.11.3}% 264
\BOOKMARK [1][-]{section.11.4}{\376\377\000G\000R\000U\040\024\040\024\225\350\143\247\137\252\163\257\123\125\121\103}{chapter.11}% 265
\BOOKMARK [1][-]{section.11.5}{\376\377\136\217\122\027\122\060\136\217\122\027\152\041\127\213\377\010\000S\000e\000q\0002\000S\000e\000q\377\011}{chapter.11}% 266
\BOOKMARK [1][-]{section.11.6}{\376\377\154\350\141\017\122\233\147\072\122\066\040\024\040\024\116\316\164\366\230\210\122\060\122\250\140\001\122\240\147\103}{chapter.11}% 267
\BOOKMARK [2][-]{subsection.11.6.1}{\376\377\000B\000a\000h\000d\000a\000n\000a\000u\154\350\141\017\122\233\377\010\0002\0000\0001\0005\136\164\377\011}{section.11.6}% 268
\BOOKMARK [2][-]{subsection.11.6.2}{\376\377\000L\000u\000o\000n\000g\154\350\141\017\122\233\040\024\040\024\116\011\171\315\213\304\122\006\145\271\137\017}{section.11.6}% 269
\BOOKMARK [2][-]{subsection.11.6.3}{\376\377\177\051\145\076\160\271\171\357\154\350\141\017\122\233\040\024\040\024\220\032\137\200\000T\000r\000a\000n\000s\000f\000o\000r\000m\000e\000r\166\204\150\145\150\201}{section.11.6}% 270
\BOOKMARK [1][-]{section.11.7}{\376\377\201\352\154\350\141\017\122\233\040\024\040\024\136\217\122\027\121\205\220\350\166\204\154\350\141\017\122\233}{chapter.11}% 271
\BOOKMARK [1][-]{section.11.8}{\376\377\147\054\172\340\134\017\176\323}{chapter.11}% 272
\BOOKMARK [0][-]{chapter.12}{\376\377\000T\000r\000a\000n\000s\000f\000o\000r\000m\000e\000r\116\016\131\047\211\304\152\041\213\355\212\000\152\041\127\213}{}% 273
\BOOKMARK [1][-]{section.12.1}{\376\377\000T\000r\000a\000n\000s\000f\000o\000r\000m\000e\000r\040\024\040\024\000A\000t\000t\000e\000n\000t\000i\000o\000n\000\040\000I\000s\000\040\000A\000l\000l\000\040\000Y\000o\000u\000\040\000N\000e\000e\000d}{chapter.12}% 274
\BOOKMARK [2][-]{subsection.12.1.1}{\376\377\116\072\116\300\116\110\227\000\211\201\000T\000r\000a\000n\000s\000f\000o\000r\000m\000e\000r}{section.12.1}% 275
\BOOKMARK [2][-]{subsection.12.1.2}{\376\377\145\164\117\123\147\266\147\204}{section.12.1}% 276
\BOOKMARK [2][-]{subsection.12.1.3}{\376\377\131\032\131\064\201\352\154\350\141\017\122\233\040\024\040\024\000T\000r\000a\000n\000s\000f\000o\000r\000m\000e\000r\166\204\137\303\201\017}{section.12.1}% 277
\BOOKMARK [2][-]{subsection.12.1.4}{\376\377\117\115\177\156\177\026\170\001\040\024\040\024\215\113\116\210\136\217\122\027\230\172\136\217\117\341\140\157}{section.12.1}% 278
\BOOKMARK [2][-]{subsection.12.1.5}{\376\377\122\115\231\210\177\121\176\334}{section.12.1}% 279
\BOOKMARK [2][-]{subsection.12.1.6}{\376\377\000A\000d\000d\000\040\000\046\000\040\000N\000o\000r\000m\040\024\040\024\153\213\135\356\217\336\143\245\116\016\134\102\137\122\116\000\123\026}{section.12.1}% 280
\BOOKMARK [2][-]{subsection.12.1.7}{\376\377\143\251\170\001\201\352\154\350\141\017\122\233\040\024\040\024\211\343\170\001\126\150\116\055\166\204\126\340\147\234\140\047}{section.12.1}% 281
\BOOKMARK [1][-]{section.12.2}{\376\377\000B\000E\000R\000T\040\024\040\024\123\314\124\021\177\026\170\001\126\150\210\150\171\072}{chapter.12}% 282
\BOOKMARK [2][-]{subsection.12.2.1}{\376\377\230\204\213\255\176\303\116\373\122\241}{section.12.2}% 283
\BOOKMARK [2][-]{subsection.12.2.2}{\376\377\000B\000E\000R\000T\137\256\214\003}{section.12.2}% 284
\BOOKMARK [1][-]{section.12.3}{\376\377\000G\000P\000T\040\024\040\024\165\037\142\020\137\017\230\204\213\255\176\303\000T\000r\000a\000n\000s\000f\000o\000r\000m\000e\000r}{chapter.12}% 285
\BOOKMARK [2][-]{subsection.12.3.1}{\376\377\000G\000P\000T\166\204\157\024\217\333}{section.12.3}% 286
\BOOKMARK [2][-]{subsection.12.3.2}{\376\377\201\352\126\336\137\122\165\037\142\020\116\016\000K\000V\000-\000C\000a\000c\000h\000e}{section.12.3}% 287
\BOOKMARK [2][-]{subsection.12.3.3}{\376\377\177\051\145\076\133\232\137\213}{section.12.3}% 288
\BOOKMARK [1][-]{section.12.4}{\376\377\000L\000l\000a\000m\000a\040\024\040\024\137\000\156\220\131\047\152\041\127\213\166\204\122\115\154\277}{chapter.12}% 289
\BOOKMARK [2][-]{subsection.12.4.1}{\376\377\000L\000l\000a\000m\000a\174\373\122\027\166\204\157\024\217\333}{section.12.4}% 290
\BOOKMARK [2][-]{subsection.12.4.2}{\376\377\000R\000M\000S\000N\000o\000r\000m\040\024\040\024\173\200\123\026\166\204\134\102\137\122\116\000\123\026}{section.12.4}% 291
\BOOKMARK [2][-]{subsection.12.4.3}{\376\377\000R\000o\000P\000E\040\024\040\024\145\313\217\154\117\115\177\156\177\026\170\001}{section.12.4}% 292
\BOOKMARK [2][-]{subsection.12.4.4}{\376\377\122\006\176\304\147\345\213\342\154\350\141\017\122\233}{section.12.4}% 293
\BOOKMARK [1][-]{section.12.5}{\376\377\000D\000e\000e\000p\000S\000e\000e\000k\040\024\040\024\116\055\126\375\131\047\152\041\127\213\166\204\135\033\215\167}{chapter.12}% 294
\BOOKMARK [2][-]{subsection.12.5.1}{\376\377\000D\000e\000e\000p\000S\000e\000e\000k\000-\000V\0002\116\016\000M\000u\000l\000t\000i\000-\000h\000e\000a\000d\000\040\000L\000a\000t\000e\000n\000t\000\040\000A\000t\000t\000e\000n\000t\000i\000o\000n}{section.12.5}% 295
\BOOKMARK [2][-]{subsection.12.5.2}{\376\377\000D\000e\000e\000p\000S\000e\000e\000k\000-\000V\0003\116\016\155\367\124\010\116\023\133\266\152\041\127\213}{section.12.5}% 296
\BOOKMARK [2][-]{subsection.12.5.3}{\376\377\000D\000e\000e\000p\000S\000e\000e\000k\000-\000R\0001\040\024\040\024\143\250\164\006\130\236\137\072}{section.12.5}% 297
\BOOKMARK [1][-]{section.12.6}{\376\377\000T\000r\000a\000n\000s\000f\000o\000r\000m\000e\000r\166\204\123\330\117\123\116\016\117\030\123\026}{chapter.12}% 298
\BOOKMARK [2][-]{subsection.12.6.1}{\376\377\000F\000l\000a\000s\000h\000A\000t\000t\000e\000n\000t\000i\000o\000n\040\024\040\024\000I\000O\141\037\167\345\166\204\154\350\141\017\122\233\117\030\123\026}{section.12.6}% 299
\BOOKMARK [2][-]{subsection.12.6.2}{\376\377\000M\000a\000m\000b\000a\116\016\162\266\140\001\172\172\225\364\152\041\127\213}{section.12.6}% 300
\BOOKMARK [1][-]{section.12.7}{\376\377\143\007\116\344\137\256\214\003\116\016\000R\000L\000H\000F}{chapter.12}% 301
\BOOKMARK [2][-]{subsection.12.7.1}{\376\377\143\007\116\344\137\256\214\003}{section.12.7}% 302
\BOOKMARK [2][-]{subsection.12.7.2}{\376\377\000R\000L\000H\000F\040\024\040\024\127\372\116\216\116\272\174\173\123\315\231\210\166\204\137\072\123\026\133\146\116\140}{section.12.7}% 303
\BOOKMARK [1][-]{section.12.8}{\376\377\147\054\172\340\134\017\176\323}{chapter.12}% 304
