\BOOKMARK [0][-]{chapter.1}{\376\377\137\025\212\000\116\016\145\160\133\146\127\372\170\100}{}% 1
\BOOKMARK [1][-]{section.1.1}{\376\377\143\247\122\066\164\006\213\272\151\202\217\360}{chapter.1}% 2
\BOOKMARK [2][-]{subsection.1.1.1}{\376\377\143\247\122\066\164\006\213\272\166\204\123\321\134\125\173\200\123\362}{section.1.1}% 3
\BOOKMARK [2][-]{subsection.1.1.2}{\376\377\137\000\163\257\143\247\122\066\116\016\225\355\163\257\143\247\122\066}{section.1.1}% 4
\BOOKMARK [1][-]{section.1.2}{\376\377\145\160\133\146\230\204\131\007\167\345\213\306}{chapter.1}% 5
\BOOKMARK [2][-]{subsection.1.2.1}{\376\377\131\015\145\160\116\016\131\015\123\330\121\375\145\160\126\336\230\176}{section.1.2}% 6
\BOOKMARK [2][-]{subsection.1.2.2}{\376\377\000L\000a\000p\000l\000a\000c\000e\123\330\143\142}{section.1.2}% 7
\BOOKMARK [2][-]{subsection.1.2.3}{\376\377\000L\000a\000p\000l\000a\000c\000e\220\006\123\330\143\142\116\016\220\350\122\006\122\006\137\017\134\125\137\000\154\325}{section.1.2}% 8
\BOOKMARK [1][-]{section.1.3}{\376\377\137\256\122\006\145\271\172\013\116\016\176\277\140\047\174\373\176\337}{chapter.1}% 9
\BOOKMARK [2][-]{subsection.1.3.1}{\376\377\176\277\140\047\136\070\137\256\122\006\145\271\172\013}{section.1.3}% 10
\BOOKMARK [2][-]{subsection.1.3.2}{\376\377\201\352\165\061\124\315\136\224\116\016\137\072\217\353\124\315\136\224}{section.1.3}% 11
\BOOKMARK [2][-]{subsection.1.3.3}{\376\377\174\373\176\337\166\204\137\256\122\006\145\271\172\013\154\102\211\343}{section.1.3}% 12
\BOOKMARK [1][-]{section.1.4}{\376\377\117\040\220\022\121\375\145\160\151\202\137\365}{chapter.1}% 13
\BOOKMARK [2][-]{subsection.1.4.1}{\376\377\117\040\220\022\121\375\145\160\166\204\133\232\116\111}{section.1.4}% 14
\BOOKMARK [2][-]{subsection.1.4.2}{\376\377\147\201\160\271\124\214\226\366\160\271}{section.1.4}% 15
\BOOKMARK [2][-]{subsection.1.4.3}{\376\377\147\201\160\271\117\115\177\156\116\016\174\373\176\337\124\315\136\224\121\163\174\373}{section.1.4}% 16
\BOOKMARK [1][-]{section.1.5}{\376\377\143\247\122\066\174\373\176\337\166\204\127\372\147\054\211\201\154\102}{chapter.1}% 17
\BOOKMARK [2][-]{subsection.1.5.1}{\376\377\172\063\133\232\140\047}{section.1.5}% 18
\BOOKMARK [2][-]{subsection.1.5.2}{\376\377\137\353\220\037\140\047\377\010\122\250\140\001\140\047\200\375\377\011}{section.1.5}% 19
\BOOKMARK [2][-]{subsection.1.5.3}{\376\377\121\306\170\156\140\047\377\010\172\063\140\001\140\047\200\375\377\011}{section.1.5}% 20
\BOOKMARK [0][-]{chapter.2}{\376\377\143\247\122\066\174\373\176\337\145\160\133\146\152\041\127\213}{}% 21
\BOOKMARK [1][-]{section.2.1}{\376\377\137\256\122\006\145\271\172\013\136\372\152\041}{chapter.2}% 22
\BOOKMARK [2][-]{subsection.2.1.1}{\376\377\000R\000L\000C\165\065\215\357}{section.2.1}% 23
\BOOKMARK [2][-]{subsection.2.1.2}{\376\377\215\050\221\317\000-\137\071\174\047\000-\226\073\134\074\174\373\176\337}{section.2.1}% 24
\BOOKMARK [2][-]{subsection.2.1.3}{\376\377\166\364\155\101\165\065\147\072}{section.2.1}% 25
\BOOKMARK [1][-]{section.2.2}{\376\377\117\040\220\022\121\375\145\160\116\016\121\170\127\213\163\257\202\202}{chapter.2}% 26
\BOOKMARK [2][-]{subsection.2.2.1}{\376\377\121\170\127\213\163\257\202\202\166\204\117\040\220\022\121\375\145\160}{section.2.2}% 27
\BOOKMARK [1][-]{section.2.3}{\376\377\150\106\126\376\123\312\121\166\123\026\173\200}{chapter.2}% 28
\BOOKMARK [2][-]{subsection.2.3.1}{\376\377\145\271\150\106\126\376\166\204\127\372\147\054\217\336\143\245\145\271\137\017}{section.2.3}% 29
\BOOKMARK [2][-]{subsection.2.3.2}{\376\377\150\106\126\376\173\111\145\110\123\330\143\142\211\304\122\031}{section.2.3}% 30
\BOOKMARK [1][-]{section.2.4}{\376\377\117\341\123\367\155\101\126\376\116\016\000M\000a\000s\000o\000n\130\236\166\312\121\154\137\017}{chapter.2}% 31
\BOOKMARK [2][-]{subsection.2.4.1}{\376\377\117\341\123\367\155\101\126\376\166\204\127\372\147\054\151\202\137\365}{section.2.4}% 32
\BOOKMARK [2][-]{subsection.2.4.2}{\376\377\000M\000a\000s\000o\000n\130\236\166\312\121\154\137\017}{section.2.4}% 33
\BOOKMARK [1][-]{section.2.5}{\376\377\121\170\127\213\174\373\176\337\166\204\117\040\220\022\121\375\145\160}{chapter.2}% 34
\BOOKMARK [2][-]{subsection.2.5.1}{\376\377\225\355\163\257\143\247\122\066\174\373\176\337\166\204\127\372\147\054\117\040\220\022\121\375\145\160}{section.2.5}% 35
\BOOKMARK [0][-]{chapter.3}{\376\377\145\366\127\337\122\006\147\220}{}% 36
\BOOKMARK [1][-]{section.3.1}{\376\377\121\170\127\213\217\223\121\145\117\341\123\367}{chapter.3}% 37
\BOOKMARK [1][-]{section.3.2}{\376\377\116\000\226\066\174\373\176\337\166\204\145\366\127\337\122\006\147\220}{chapter.3}% 38
\BOOKMARK [2][-]{subsection.3.2.1}{\376\377\116\000\226\066\174\373\176\337\166\204\145\160\133\146\152\041\127\213}{section.3.2}% 39
\BOOKMARK [2][-]{subsection.3.2.2}{\376\377\116\000\226\066\174\373\176\337\166\204\123\125\117\115\226\066\215\303\124\315\136\224}{section.3.2}% 40
\BOOKMARK [2][-]{subsection.3.2.3}{\376\377\116\000\226\066\174\373\176\337\166\204\123\125\117\115\145\234\127\141\124\315\136\224}{section.3.2}% 41
\BOOKMARK [1][-]{section.3.3}{\376\377\116\214\226\066\174\373\176\337\166\204\145\366\127\337\122\006\147\220}{chapter.3}% 42
\BOOKMARK [2][-]{subsection.3.3.1}{\376\377\150\007\121\306\116\214\226\066\174\373\176\337\166\204\117\040\220\022\121\375\145\160}{section.3.3}% 43
\BOOKMARK [2][-]{subsection.3.3.2}{\376\377\153\040\226\073\134\074\116\214\226\066\174\373\176\337\166\204\123\125\117\115\226\066\215\303\124\315\136\224}{section.3.3}% 44
\BOOKMARK [2][-]{subsection.3.3.3}{\376\377\116\064\165\114\226\073\134\074\116\016\217\307\226\073\134\074\124\315\136\224}{section.3.3}% 45
\BOOKMARK [1][-]{section.3.4}{\376\377\145\366\127\337\140\047\200\375\143\007\150\007}{chapter.3}% 46
\BOOKMARK [2][-]{subsection.3.4.1}{\376\377\116\012\123\107\145\366\225\364\000\040\000t\000r}{section.3.4}% 47
\BOOKMARK [2][-]{subsection.3.4.2}{\376\377\134\360\120\074\145\366\225\364\000\040\000t\000p}{section.3.4}% 48
\BOOKMARK [2][-]{subsection.3.4.3}{\376\377\215\205\214\003\221\317\000\040\000\045}{section.3.4}% 49
\BOOKMARK [2][-]{subsection.3.4.4}{\376\377\214\003\202\202\145\366\225\364\000\040\000t\000s}{section.3.4}% 50
\BOOKMARK [1][-]{section.3.5}{\376\377\172\063\140\001\213\357\135\356\122\006\147\220}{chapter.3}% 51
\BOOKMARK [2][-]{subsection.3.5.1}{\376\377\176\310\120\074\133\232\164\006\116\016\172\063\140\001\213\357\135\356}{section.3.5}% 52
\BOOKMARK [2][-]{subsection.3.5.2}{\376\377\174\373\176\337\127\213\122\053\116\016\227\131\140\001\213\357\135\356\174\373\145\160}{section.3.5}% 53
\BOOKMARK [1][-]{section.3.6}{\376\377\172\063\133\232\140\047\116\343\145\160\122\044\143\156}{chapter.3}% 54
\BOOKMARK [2][-]{subsection.3.6.1}{\376\377\172\063\133\232\140\047\151\202\137\365\116\016\121\105\211\201\147\141\116\366}{section.3.6}% 55
\BOOKMARK [2][-]{subsection.3.6.2}{\376\377\000R\000o\000u\000t\000h\000-\000H\000u\000r\000w\000i\000t\000z\122\044\143\156}{section.3.6}% 56
\BOOKMARK [2][-]{subsection.3.6.3}{\376\377\000R\000o\000u\000t\000h\210\150\166\204\147\204\220\040}{section.3.6}% 57
\BOOKMARK [2][-]{subsection.3.6.4}{\376\377\000R\000o\000u\000t\000h\122\044\143\156\166\204\162\171\153\212\140\305\121\265}{section.3.6}% 58
\BOOKMARK [0][-]{chapter.4}{\376\377\150\071\217\150\217\371\154\325}{}% 59
\BOOKMARK [1][-]{section.4.1}{\376\377\150\071\217\150\217\371\166\204\127\372\147\054\151\202\137\365}{chapter.4}% 60
\BOOKMARK [2][-]{subsection.4.1.1}{\376\377\225\356\230\230\166\204\143\320\121\372}{section.4.1}% 61
\BOOKMARK [2][-]{subsection.4.1.2}{\376\377\137\000\163\257\117\040\220\022\121\375\145\160\116\016\225\355\163\257\147\201\160\271\166\204\121\163\174\373}{section.4.1}% 62
\BOOKMARK [1][-]{section.4.2}{\376\377\136\105\120\074\147\141\116\366\116\016\166\370\211\322\147\141\116\366}{chapter.4}% 63
\BOOKMARK [1][-]{section.4.3}{\376\377\150\071\217\150\217\371\166\204\176\330\122\066\211\304\122\031}{chapter.4}% 64
\BOOKMARK [2][-]{subsection.4.3.1}{\376\377\176\330\122\066\211\304\122\031\166\204\136\224\165\050\171\072\117\213\040\024\040\024\116\214\226\066\174\373\176\337}{section.4.3}% 65
\BOOKMARK [2][-]{subsection.4.3.2}{\376\377\116\011\226\066\174\373\176\337\166\204\150\071\217\150\217\371}{section.4.3}% 66
\BOOKMARK [1][-]{section.4.4}{\376\377\123\302\145\160\150\071\217\150\217\371}{chapter.4}% 67
\BOOKMARK [2][-]{subsection.4.4.1}{\376\377\227\136\130\236\166\312\123\302\145\160\123\330\123\026\166\204\150\071\217\150\217\371}{section.4.4}% 68
\BOOKMARK [1][-]{section.4.5}{\376\377\127\372\116\216\150\071\217\150\217\371\166\204\174\373\176\337\140\047\200\375\122\006\147\220}{chapter.4}% 69
\BOOKMARK [2][-]{subsection.4.5.1}{\376\377\116\073\133\374\147\201\160\271\151\202\137\365}{section.4.5}% 70
\BOOKMARK [2][-]{subsection.4.5.2}{\376\377\226\104\122\240\147\201\160\271\133\371\174\373\176\337\140\047\200\375\166\204\137\161\124\315}{section.4.5}% 71
\BOOKMARK [2][-]{subsection.4.5.3}{\376\377\226\104\122\240\226\366\160\271\133\371\174\373\176\337\140\047\200\375\166\204\137\161\124\315}{section.4.5}% 72
\BOOKMARK [1][-]{section.4.6}{\376\377\127\372\116\216\150\071\217\150\217\371\166\204\210\145\120\177\213\276\213\241}{chapter.4}% 73
\BOOKMARK [2][-]{subsection.4.6.1}{\376\377\215\205\122\115\210\145\120\177\377\010\166\370\117\115\215\205\122\115\177\121\176\334\377\011}{section.4.6}% 74
\BOOKMARK [2][-]{subsection.4.6.2}{\376\377\156\336\124\016\210\145\120\177\377\010\166\370\117\115\156\336\124\016\177\121\176\334\377\011}{section.4.6}% 75
\BOOKMARK [2][-]{subsection.4.6.3}{\376\377\213\276\213\241\155\101\172\013}{section.4.6}% 76
\BOOKMARK [0][-]{chapter.5}{\376\377\230\221\127\337\122\006\147\220}{}% 77
\BOOKMARK [1][-]{section.5.1}{\376\377\230\221\163\207\162\171\140\047\166\204\127\372\147\054\151\202\137\365}{chapter.5}% 78
\BOOKMARK [2][-]{subsection.5.1.1}{\376\377\230\221\163\207\162\171\140\047\166\204\133\232\116\111}{section.5.1}% 79
\BOOKMARK [2][-]{subsection.5.1.2}{\376\377\230\221\163\207\162\171\140\047\166\204\121\340\117\125\210\150\171\072}{section.5.1}% 80
\BOOKMARK [1][-]{section.5.2}{\376\377\121\170\127\213\163\257\202\202\166\204\230\221\163\207\162\171\140\047}{chapter.5}% 81
\BOOKMARK [2][-]{subsection.5.2.1}{\376\377\153\324\117\213\163\257\202\202}{section.5.2}% 82
\BOOKMARK [2][-]{subsection.5.2.2}{\376\377\171\357\122\006\163\257\202\202}{section.5.2}% 83
\BOOKMARK [2][-]{subsection.5.2.3}{\376\377\137\256\122\006\163\257\202\202}{section.5.2}% 84
\BOOKMARK [2][-]{subsection.5.2.4}{\376\377\140\357\140\047\163\257\202\202}{section.5.2}% 85
\BOOKMARK [2][-]{subsection.5.2.5}{\376\377\143\057\203\141\163\257\202\202}{section.5.2}% 86
\BOOKMARK [2][-]{subsection.5.2.6}{\376\377\156\336\124\016\163\257\202\202}{section.5.2}% 87
\BOOKMARK [2][-]{subsection.5.2.7}{\376\377\116\000\226\066\137\256\122\006\163\257\202\202}{section.5.2}% 88
\BOOKMARK [1][-]{section.5.3}{\376\377\000B\000o\000d\000e\000\040\126\376}{chapter.5}% 89
\BOOKMARK [2][-]{subsection.5.3.1}{\376\377\133\371\145\160\230\221\163\207\162\171\140\047\166\204\127\120\150\007}{section.5.3}% 90
\BOOKMARK [2][-]{subsection.5.3.2}{\376\377\174\373\176\337\217\250\213\306\116\055\166\204\000\040\000B\000o\000d\000e\000\040\126\376\136\224\165\050}{section.5.3}% 91
\BOOKMARK [1][-]{section.5.4}{\376\377\000N\000y\000q\000u\000i\000s\000t\000\040\126\376\116\016\172\063\133\232\140\047\122\044\143\156}{chapter.5}% 92
\BOOKMARK [2][-]{subsection.5.4.1}{\376\377\000N\000y\000q\000u\000i\000s\000t\000\040\126\376\166\204\127\372\147\054\151\202\137\365}{section.5.4}% 93
\BOOKMARK [2][-]{subsection.5.4.2}{\376\377\000C\000a\000u\000c\000h\000y\000\040\133\232\164\006\116\016\000\040\000N\000y\000q\000u\000i\000s\000t\000\040\172\063\133\232\122\044\143\156}{section.5.4}% 94
\BOOKMARK [2][-]{subsection.5.4.3}{\376\377\000N\000y\000q\000u\000i\000s\000t\000\040\126\376\166\204\176\330\122\066}{section.5.4}% 95
\BOOKMARK [1][-]{section.5.5}{\376\377\172\063\133\232\210\325\136\246}{chapter.5}% 96
\BOOKMARK [2][-]{subsection.5.5.1}{\376\377\136\105\120\074\210\325\136\246}{section.5.5}% 97
\BOOKMARK [2][-]{subsection.5.5.2}{\376\377\166\370\117\115\210\325\136\246}{section.5.5}% 98
\BOOKMARK [2][-]{subsection.5.5.3}{\376\377\116\316\000\040\000B\000o\000d\000e\000\040\126\376\124\214\000\040\000N\000y\000q\000u\000i\000s\000t\000\040\126\376\154\102\123\326\172\063\133\232\210\325\136\246}{section.5.5}% 99
\BOOKMARK [1][-]{section.5.6}{\376\377\225\355\163\257\230\221\163\207\162\171\140\047}{chapter.5}% 100
\BOOKMARK [2][-]{subsection.5.6.1}{\376\377\225\355\163\257\230\221\127\337\143\007\150\007}{section.5.6}% 101
\BOOKMARK [2][-]{subsection.5.6.2}{\376\377\000N\000i\000c\000h\000o\000l\000s\000\040\126\376}{section.5.6}% 102
\BOOKMARK [1][-]{section.5.7}{\376\377\230\221\127\337\162\171\140\047\116\016\145\366\127\337\143\007\150\007\166\204\121\163\174\373}{chapter.5}% 103
\BOOKMARK [2][-]{subsection.5.7.1}{\376\377\116\214\226\066\174\373\176\337\166\204\230\221\127\337\000-\145\366\127\337\121\163\174\373}{section.5.7}% 104
\BOOKMARK [2][-]{subsection.5.7.2}{\376\377\165\061\230\221\127\337\143\007\150\007\213\276\213\241\174\373\176\337}{section.5.7}% 105
\BOOKMARK [1][-]{section.5.8}{\376\377\000P\000y\000t\000h\000o\000n\000\040\230\221\127\337\122\006\147\220\116\377\167\037}{chapter.5}% 106
\BOOKMARK [1][-]{section.5.9}{\376\377\147\054\172\340\134\017\176\323}{chapter.5}% 107
\BOOKMARK [0][-]{chapter.6}{\376\377\174\373\176\337\150\041\153\143\116\016\000P\000I\000D\143\247\122\066}{}% 108
\BOOKMARK [1][-]{section.6.1}{\376\377\150\041\153\143\166\204\127\372\147\054\151\202\137\365}{chapter.6}% 109
\BOOKMARK [2][-]{subsection.6.1.1}{\376\377\150\041\153\143\166\204\122\006\174\173}{section.6.1}% 110
\BOOKMARK [2][-]{subsection.6.1.2}{\376\377\230\221\163\207\154\325\150\041\153\143\166\204\166\356\150\007}{section.6.1}% 111
\BOOKMARK [1][-]{section.6.2}{\376\377\215\205\122\115\150\041\153\143}{chapter.6}% 112
\BOOKMARK [2][-]{subsection.6.2.1}{\376\377\215\205\122\115\150\041\153\143\166\204\117\040\220\022\121\375\145\160}{section.6.2}% 113
\BOOKMARK [2][-]{subsection.6.2.2}{\376\377\215\205\122\115\150\041\153\143\166\204\230\221\127\337\162\171\140\047}{section.6.2}% 114
\BOOKMARK [2][-]{subsection.6.2.3}{\376\377\215\205\122\115\150\041\153\143\166\204\213\276\213\241\153\145\232\244}{section.6.2}% 115
\BOOKMARK [1][-]{section.6.3}{\376\377\156\336\124\016\150\041\153\143}{chapter.6}% 116
\BOOKMARK [2][-]{subsection.6.3.1}{\376\377\156\336\124\016\150\041\153\143\166\204\117\040\220\022\121\375\145\160}{section.6.3}% 117
\BOOKMARK [2][-]{subsection.6.3.2}{\376\377\156\336\124\016\150\041\153\143\166\204\213\276\213\241\153\145\232\244}{section.6.3}% 118
\BOOKMARK [1][-]{section.6.4}{\376\377\156\336\124\016\000-\215\205\122\115\150\041\153\143}{chapter.6}% 119
\BOOKMARK [1][-]{section.6.5}{\376\377\000P\000I\000D\000\040\143\247\122\066}{chapter.6}% 120
\BOOKMARK [2][-]{subsection.6.5.1}{\376\377\000P\000I\000D\000\040\143\247\122\066\166\204\127\372\147\054\123\237\164\006}{section.6.5}% 121
\BOOKMARK [2][-]{subsection.6.5.2}{\376\377\124\004\163\257\202\202\166\204\117\134\165\050}{section.6.5}% 122
\BOOKMARK [2][-]{subsection.6.5.3}{\376\377\117\115\177\156\137\017\116\016\130\236\221\317\137\017\000\040\000P\000I\000D}{section.6.5}% 123
\BOOKMARK [2][-]{subsection.6.5.4}{\376\377\000Z\000i\000e\000g\000l\000e\000r\000-\000N\000i\000c\000h\000o\000l\000s\000\040\145\164\133\232\145\271\154\325}{section.6.5}% 124
\BOOKMARK [2][-]{subsection.6.5.5}{\376\377\000P\000I\000D\000\040\123\302\145\160\133\371\174\373\176\337\140\047\200\375\166\204\137\161\124\315}{section.6.5}% 125
\BOOKMARK [1][-]{section.6.6}{\376\377\122\115\231\210\000-\123\315\231\210\131\015\124\010\150\041\153\143}{chapter.6}% 126
\BOOKMARK [2][-]{subsection.6.6.1}{\376\377\116\015\123\330\140\047\123\237\164\006}{section.6.6}% 127
\BOOKMARK [2][-]{subsection.6.6.2}{\376\377\122\115\231\210\000-\123\315\231\210\131\015\124\010\143\247\122\066}{section.6.6}% 128
\BOOKMARK [1][-]{section.6.7}{\376\377\000S\000m\000i\000t\000h\000\040\230\204\117\060\126\150}{chapter.6}% 129
\BOOKMARK [1][-]{section.6.8}{\376\377\000P\000y\000t\000h\000o\000n\000\040\000P\000I\000D\000\040\143\247\122\066\126\150\116\377\167\037}{chapter.6}% 130
\BOOKMARK [1][-]{section.6.9}{\376\377\147\054\172\340\134\017\176\323}{chapter.6}% 131
\BOOKMARK [0][-]{chapter.7}{\376\377\162\266\140\001\172\172\225\364\127\372\170\100}{}% 132
\BOOKMARK [1][-]{section.7.1}{\376\377\162\266\140\001\172\172\225\364\166\204\127\372\147\054\151\202\137\365}{chapter.7}% 133
\BOOKMARK [2][-]{subsection.7.1.1}{\376\377\162\266\140\001\116\016\162\266\140\001\123\330\221\317}{section.7.1}% 134
\BOOKMARK [2][-]{subsection.7.1.2}{\376\377\162\266\140\001\145\271\172\013\116\016\217\223\121\372\145\271\172\013}{section.7.1}% 135
\BOOKMARK [1][-]{section.7.2}{\376\377\116\316\117\040\220\022\121\375\145\160\122\060\162\266\140\001\172\172\225\364}{chapter.7}% 136
\BOOKMARK [2][-]{subsection.7.2.1}{\376\377\200\375\143\247\150\007\121\306\127\213}{section.7.2}% 137
\BOOKMARK [2][-]{subsection.7.2.2}{\376\377\200\375\211\302\150\007\121\306\127\213}{section.7.2}% 138
\BOOKMARK [2][-]{subsection.7.2.3}{\376\377\133\371\211\322\150\007\121\306\127\213\116\016\000\040\000J\000o\000r\000d\000a\000n\000\040\150\007\121\306\127\213}{section.7.2}% 139
\BOOKMARK [1][-]{section.7.3}{\376\377\116\316\162\266\140\001\172\172\225\364\122\060\117\040\220\022\121\375\145\160}{chapter.7}% 140
\BOOKMARK [2][-]{subsection.7.3.1}{\376\377\117\040\220\022\121\375\145\160\167\351\226\065\166\204\143\250\133\374}{section.7.3}% 141
\BOOKMARK [1][-]{section.7.4}{\376\377\162\266\140\001\145\271\172\013\166\204\211\343}{chapter.7}% 142
\BOOKMARK [2][-]{subsection.7.4.1}{\376\377\162\266\140\001\217\154\171\373\167\351\226\065}{section.7.4}% 143
\BOOKMARK [2][-]{subsection.7.4.2}{\376\377\000L\000a\000p\000l\000a\000c\000e\000\040\123\330\143\142\154\325}{section.7.4}% 144
\BOOKMARK [2][-]{subsection.7.4.3}{\376\377\000C\000a\000y\000l\000e\000y\000-\000H\000a\000m\000i\000l\000t\000o\000n\000\040\154\325}{section.7.4}% 145
\BOOKMARK [1][-]{section.7.5}{\376\377\162\266\140\001\217\154\171\373\167\351\226\065\166\204\140\047\215\050}{chapter.7}% 146
\BOOKMARK [1][-]{section.7.6}{\376\377\176\277\140\047\123\330\143\142\116\016\162\171\137\201\176\323\147\204}{chapter.7}% 147
\BOOKMARK [2][-]{subsection.7.6.1}{\376\377\127\120\150\007\123\330\143\142}{section.7.6}% 148
\BOOKMARK [2][-]{subsection.7.6.2}{\376\377\162\171\137\201\120\074\116\016\162\171\137\201\124\021\221\317}{section.7.6}% 149
\BOOKMARK [2][-]{subsection.7.6.3}{\376\377\133\371\211\322\123\026\116\016\152\041\140\001\122\006\211\343}{section.7.6}% 150
\BOOKMARK [1][-]{section.7.7}{\376\377\171\273\145\143\145\366\225\364\162\266\140\001\172\172\225\364}{chapter.7}% 151
\BOOKMARK [2][-]{subsection.7.7.1}{\376\377\171\273\145\143\162\266\140\001\172\172\225\364\152\041\127\213}{section.7.7}% 152
\BOOKMARK [2][-]{subsection.7.7.2}{\376\377\217\336\176\355\174\373\176\337\166\204\171\273\145\143\123\026}{section.7.7}% 153
\BOOKMARK [2][-]{subsection.7.7.3}{\376\377\171\273\145\143\174\373\176\337\166\204\172\063\133\232\140\047}{section.7.7}% 154
\BOOKMARK [1][-]{section.7.8}{\376\377\000P\000y\000t\000h\000o\000n\000\040\162\266\140\001\145\271\172\013\145\160\120\074\154\102\211\343}{chapter.7}% 155
\BOOKMARK [1][-]{section.7.9}{\376\377\147\054\172\340\134\017\176\323}{chapter.7}% 156
\BOOKMARK [0][-]{chapter.8}{\376\377\200\375\143\247\140\047\116\016\200\375\211\302\140\047}{}% 157
\BOOKMARK [1][-]{section.8.1}{\376\377\200\375\143\247\140\047\166\204\127\372\147\054\151\202\137\365}{chapter.8}% 158
\BOOKMARK [2][-]{subsection.8.1.1}{\376\377\200\375\143\247\140\047\166\204\133\232\116\111}{section.8.1}% 159
\BOOKMARK [1][-]{section.8.2}{\376\377\200\375\143\247\140\047\122\044\143\156}{chapter.8}% 160
\BOOKMARK [2][-]{subsection.8.2.1}{\376\377\200\375\143\247\140\047\167\351\226\065\116\016\171\351\122\044\143\156}{section.8.2}% 161
\BOOKMARK [2][-]{subsection.8.2.2}{\376\377\000P\000B\000H\000\040\122\044\143\156}{section.8.2}% 162
\BOOKMARK [2][-]{subsection.8.2.3}{\376\377\200\375\143\247\150\007\121\306\127\213\116\016\200\375\143\247\140\047}{section.8.2}% 163
\BOOKMARK [1][-]{section.8.3}{\376\377\200\375\211\302\140\047\166\204\127\372\147\054\151\202\137\365}{chapter.8}% 164
\BOOKMARK [2][-]{subsection.8.3.1}{\376\377\200\375\211\302\140\047\166\204\133\232\116\111}{section.8.3}% 165
\BOOKMARK [1][-]{section.8.4}{\376\377\200\375\211\302\140\047\122\044\143\156}{chapter.8}% 166
\BOOKMARK [2][-]{subsection.8.4.1}{\376\377\200\375\211\302\140\047\167\351\226\065\116\016\171\351\122\044\143\156}{section.8.4}% 167
\BOOKMARK [2][-]{subsection.8.4.2}{\376\377\000P\000B\000H\000\040\200\375\211\302\140\047\122\044\143\156}{section.8.4}% 168
\BOOKMARK [1][-]{section.8.5}{\376\377\133\371\120\166\123\237\164\006}{chapter.8}% 169
\BOOKMARK [2][-]{subsection.8.5.1}{\376\377\133\371\120\166\123\237\164\006\166\204\136\224\165\050}{section.8.5}% 170
\BOOKMARK [1][-]{section.8.6}{\376\377\000K\000a\000l\000m\000a\000n\000\040\122\006\211\343}{chapter.8}% 171
\BOOKMARK [2][-]{subsection.8.6.1}{\376\377\176\323\147\204\122\006\211\343\166\204\127\372\147\054\140\035\140\363}{section.8.6}% 172
\BOOKMARK [2][-]{subsection.8.6.2}{\376\377\000K\000a\000l\000m\000a\000n\000\040\122\006\211\343\166\204\147\204\220\040\145\271\154\325}{section.8.6}% 173
\BOOKMARK [1][-]{section.8.7}{\376\377\147\000\134\017\133\236\163\260}{chapter.8}% 174
\BOOKMARK [2][-]{subsection.8.7.1}{\376\377\147\000\134\017\133\236\163\260\166\204\133\232\116\111}{section.8.7}% 175
\BOOKMARK [2][-]{subsection.8.7.2}{\376\377\116\015\123\357\176\246\117\040\220\022\121\375\145\160}{section.8.7}% 176
\BOOKMARK [1][-]{section.8.8}{\376\377\000P\000y\000t\000h\000o\000n\000\040\200\375\143\247\140\047\116\016\200\375\211\302\140\047\122\006\147\220}{chapter.8}% 177
\BOOKMARK [1][-]{section.8.9}{\376\377\147\054\172\340\134\017\176\323}{chapter.8}% 178
\BOOKMARK [0][-]{chapter.9}{\376\377\147\201\160\271\221\115\177\156\116\016\162\266\140\001\123\315\231\210}{}% 179
\BOOKMARK [1][-]{section.9.1}{\376\377\162\266\140\001\123\315\231\210\166\204\127\372\147\054\151\202\137\365}{chapter.9}% 180
\BOOKMARK [2][-]{subsection.9.1.1}{\376\377\162\266\140\001\123\315\231\210\166\204\176\323\147\204}{section.9.1}% 181
\BOOKMARK [2][-]{subsection.9.1.2}{\376\377\225\355\163\257\174\373\176\337\166\204\162\171\137\201\120\074}{section.9.1}% 182
\BOOKMARK [1][-]{section.9.2}{\376\377\147\201\160\271\221\115\177\156\133\232\164\006}{chapter.9}% 183
\BOOKMARK [2][-]{subsection.9.2.1}{\376\377\200\375\143\247\140\047\116\016\147\201\160\271\221\115\177\156\166\204\173\111\116\367\140\047}{section.9.2}% 184
\BOOKMARK [2][-]{subsection.9.2.2}{\376\377\131\032\217\223\121\145\174\373\176\337\166\204\147\201\160\271\221\115\177\156}{section.9.2}% 185
\BOOKMARK [1][-]{section.9.3}{\376\377\000A\000c\000k\000e\000r\000m\000a\000n\000n\121\154\137\017}{chapter.9}% 186
\BOOKMARK [2][-]{subsection.9.3.1}{\376\377\121\154\137\017\143\250\133\374}{section.9.3}% 187
\BOOKMARK [2][-]{subsection.9.3.2}{\376\377\213\241\173\227\153\145\232\244\116\016\136\224\165\050}{section.9.3}% 188
\BOOKMARK [1][-]{section.9.4}{\376\377\162\266\140\001\211\302\155\113\126\150}{chapter.9}% 189
\BOOKMARK [2][-]{subsection.9.4.1}{\376\377\137\000\163\257\116\016\225\355\163\257\211\302\155\113\126\150}{section.9.4}% 190
\BOOKMARK [2][-]{subsection.9.4.2}{\376\377\211\302\155\113\126\150\130\236\166\312\166\204\213\276\213\241}{section.9.4}% 191
\BOOKMARK [1][-]{section.9.5}{\376\377\122\006\171\273\123\237\164\006}{chapter.9}% 192
\BOOKMARK [2][-]{subsection.9.5.1}{\376\377\143\247\122\066\126\150\116\016\211\302\155\113\126\150\166\204\162\354\172\313\213\276\213\241}{section.9.5}% 193
\BOOKMARK [2][-]{subsection.9.5.2}{\376\377\211\302\155\113\126\150\130\236\166\312\166\204\147\201\160\271\221\115\177\156\377\010\133\371\120\166\213\276\213\241\377\011}{section.9.5}% 194
\BOOKMARK [1][-]{section.9.6}{\376\377\127\372\116\216\211\302\155\113\126\150\166\204\217\223\121\372\123\315\231\210}{chapter.9}% 195
\BOOKMARK [2][-]{subsection.9.6.1}{\376\377\133\214\145\164\176\323\147\204}{section.9.6}% 196
\BOOKMARK [2][-]{subsection.9.6.2}{\376\377\117\040\220\022\121\375\145\160\166\204\133\236\163\260\040\024\040\024\116\214\201\352\165\061\136\246\176\323\147\204}{section.9.6}% 197
\BOOKMARK [1][-]{section.9.7}{\376\377\000M\000A\000T\000L\000A\000B\116\016\000P\000y\000t\000h\000o\000n\133\236\163\260}{chapter.9}% 198
\BOOKMARK [2][-]{subsection.9.7.1}{\376\377\000M\000A\000T\000L\000A\000B\133\236\163\260}{section.9.7}% 199
\BOOKMARK [2][-]{subsection.9.7.2}{\376\377\000P\000y\000t\000h\000o\000n\133\236\163\260}{section.9.7}% 200
\BOOKMARK [1][-]{section.9.8}{\376\377\134\017\176\323}{chapter.9}% 201
\BOOKMARK [0][-]{chapter.10}{\376\377\176\277\140\047\116\214\153\041\127\213\147\000\117\030\143\247\122\066}{}% 202
\BOOKMARK [1][-]{section.10.1}{\376\377\147\000\117\030\143\247\122\066\225\356\230\230\166\204\143\320\154\325}{chapter.10}% 203
\BOOKMARK [2][-]{subsection.10.1.1}{\376\377\140\047\200\375\143\007\150\007\377\010\116\343\116\367\121\375\145\160\377\011}{section.10.1}% 204
\BOOKMARK [2][-]{subsection.10.1.2}{\376\377\000Q\124\214\000R\166\204\162\151\164\006\141\017\116\111}{section.10.1}% 205
\BOOKMARK [2][-]{subsection.10.1.3}{\376\377\147\000\117\030\143\247\122\066\225\356\230\230\166\204\000H\000a\000m\000i\000l\000t\000o\000n\000i\000a\000n}{section.10.1}% 206
\BOOKMARK [1][-]{section.10.2}{\376\377\217\336\176\355\145\366\225\364\000L\000Q\000R}{chapter.10}% 207
\BOOKMARK [2][-]{subsection.10.2.1}{\376\377\000R\000i\000c\000c\000a\000t\000i\137\256\122\006\145\271\172\013\116\016\116\343\145\160\145\271\172\013}{section.10.2}% 208
\BOOKMARK [2][-]{subsection.10.2.2}{\376\377\147\000\117\030\130\236\166\312\166\204\143\250\133\374}{section.10.2}% 209
\BOOKMARK [2][-]{subsection.10.2.3}{\376\377\122\240\147\103\167\351\226\065\166\204\220\011\142\351\116\016\147\201\160\271\171\373\122\250\215\213\122\277}{section.10.2}% 210
\BOOKMARK [1][-]{section.10.3}{\376\377\171\273\145\143\145\366\225\364\000L\000Q\000R\116\016\000L\000Q\000G\225\356\230\230}{chapter.10}% 211
\BOOKMARK [2][-]{subsection.10.3.1}{\376\377\171\273\145\143\145\366\225\364\000L\000Q\000R}{section.10.3}% 212
\BOOKMARK [2][-]{subsection.10.3.2}{\376\377\000L\000Q\000G\225\356\230\230\166\204\143\320\154\325}{section.10.3}% 213
\BOOKMARK [1][-]{section.10.4}{\376\377\000K\000a\000l\000m\000a\000n\156\344\154\342\126\150}{chapter.10}% 214
\BOOKMARK [2][-]{subsection.10.4.1}{\376\377\225\356\230\230\143\317\217\360\116\016\143\250\133\374\140\035\215\357}{section.10.4}% 215
\BOOKMARK [2][-]{subsection.10.4.2}{\376\377\171\273\145\143\000K\000a\000l\000m\000a\000n\156\344\154\342\116\224\131\047\121\154\137\017}{section.10.4}% 216
\BOOKMARK [2][-]{subsection.10.4.3}{\376\377\000K\000a\000l\000m\000a\000n\156\344\154\342\166\204\172\063\133\232\140\047}{section.10.4}% 217
\BOOKMARK [2][-]{subsection.10.4.4}{\376\377\217\336\176\355\145\366\225\364\000K\000a\000l\000m\000a\000n\000-\000B\000u\000c\000y\156\344\154\342\126\150}{section.10.4}% 218
\BOOKMARK [1][-]{section.10.5}{\376\377\142\151\134\125\000K\000a\000l\000m\000a\000n\156\344\154\342\126\150}{chapter.10}% 219
\BOOKMARK [2][-]{subsection.10.5.1}{\376\377\227\136\176\277\140\047\174\373\176\337\166\204\176\277\140\047\123\026}{section.10.5}% 220
\BOOKMARK [1][-]{section.10.6}{\376\377\000P\000y\000t\000h\000o\000n\133\236\163\260}{chapter.10}% 221
\BOOKMARK [2][-]{subsection.10.6.1}{\376\377\000L\000Q\000R\154\102\211\343\116\016\116\377\167\037}{section.10.6}% 222
\BOOKMARK [2][-]{subsection.10.6.2}{\376\377\000K\000a\000l\000m\000a\000n\156\344\154\342\116\377\167\037}{section.10.6}% 223
\BOOKMARK [2][-]{subsection.10.6.3}{\376\377\000E\000K\000F\171\072\117\213\040\024\040\024\227\136\176\277\140\047\143\057\203\141\126\150}{section.10.6}% 224
\BOOKMARK [2][-]{subsection.10.6.4}{\376\377\171\273\145\143\000L\000Q\000R\116\016\000K\000a\000l\000m\000a\000n\176\323\124\010\166\204\000L\000Q\000G\116\377\167\037}{section.10.6}% 225
\BOOKMARK [1][-]{section.10.7}{\376\377\116\316\000L\000Q\000R\122\060\000M\000P\000C\166\204\200\124\174\373}{chapter.10}% 226
\BOOKMARK [1][-]{section.10.8}{\376\377\134\017\176\323}{chapter.10}% 227
\BOOKMARK [0][-]{chapter.11}{\376\377\227\136\176\277\140\047\143\247\122\066}{}% 228
\BOOKMARK [1][-]{section.11.1}{\376\377\227\136\176\277\140\047\174\373\176\337\166\204\162\171\140\047}{chapter.11}% 229
\BOOKMARK [2][-]{subsection.11.1.1}{\376\377\227\136\176\277\140\047\174\373\176\337\166\204\127\372\147\054\143\317\217\360}{section.11.1}% 230
\BOOKMARK [2][-]{subsection.11.1.2}{\376\377\123\340\122\240\123\237\164\006\166\204\131\061\145\110\116\016\131\032\136\163\210\141\160\271}{section.11.1}% 231
\BOOKMARK [2][-]{subsection.11.1.3}{\376\377\147\201\226\120\163\257\060\001\155\367\154\214\116\016\122\006\134\224}{section.11.1}% 232
\BOOKMARK [1][-]{section.11.2}{\376\377\000L\000y\000a\000p\000u\000n\000o\000v\172\063\133\232\140\047\164\006\213\272}{chapter.11}% 233
\BOOKMARK [2][-]{subsection.11.2.1}{\376\377\201\352\154\273\174\373\176\337\166\204\172\063\133\232\140\047\151\202\137\365}{section.11.2}% 234
\BOOKMARK [2][-]{subsection.11.2.2}{\376\377\000L\000y\000a\000p\000u\000n\000o\000v\166\364\143\245\154\325\377\010\200\375\221\317\154\325\377\011}{section.11.2}% 235
\BOOKMARK [2][-]{subsection.11.2.3}{\376\377\000L\000y\000a\000p\000u\000n\000o\000v\121\375\145\160\166\204\147\204\220\040\145\271\154\325}{section.11.2}% 236
\BOOKMARK [2][-]{subsection.11.2.4}{\376\377\000L\000a\000s\000a\000l\000l\000e\116\015\123\330\123\237\164\006}{section.11.2}% 237
\BOOKMARK [1][-]{section.11.3}{\376\377\156\321\152\041\143\247\122\066}{chapter.11}% 238
\BOOKMARK [2][-]{subsection.11.3.1}{\376\377\156\321\152\041\143\247\122\066\166\204\127\372\147\054\123\237\164\006}{section.11.3}% 239
\BOOKMARK [2][-]{subsection.11.3.2}{\376\377\156\321\152\041\227\142\166\204\213\276\213\241}{section.11.3}% 240
\BOOKMARK [2][-]{subsection.11.3.3}{\376\377\215\213\217\321\137\213\213\276\213\241}{section.11.3}% 241
\BOOKMARK [2][-]{subsection.11.3.4}{\376\377\142\226\143\057\225\356\230\230\116\016\217\271\165\114\134\102\145\271\154\325}{section.11.3}% 242
\BOOKMARK [1][-]{section.11.4}{\376\377\123\315\231\210\176\277\140\047\123\026}{chapter.11}% 243
\BOOKMARK [2][-]{subsection.11.4.1}{\376\377\217\223\121\145\000-\162\266\140\001\176\277\140\047\123\026}{section.11.4}% 244
\BOOKMARK [2][-]{subsection.11.4.2}{\376\377\000L\000i\000e\133\374\145\160\116\016\000L\000i\000e\142\354\123\367}{section.11.4}% 245
\BOOKMARK [2][-]{subsection.11.4.3}{\376\377\166\370\133\371\226\066\116\016\217\223\121\145\000-\217\223\121\372\176\277\140\047\123\026}{section.11.4}% 246
\BOOKMARK [1][-]{section.11.5}{\376\377\000B\000a\000c\000k\000s\000t\000e\000p\000p\000i\000n\000g\213\276\213\241\145\271\154\325}{chapter.11}% 247
\BOOKMARK [2][-]{subsection.11.5.1}{\376\377\000B\000a\000c\000k\000s\000t\000e\000p\000p\000i\000n\000g\166\204\127\372\147\054\140\035\140\363}{section.11.5}% 248
\BOOKMARK [2][-]{subsection.11.5.2}{\376\377\116\045\150\074\123\315\231\210\137\142\137\017}{section.11.5}% 249
\BOOKMARK [2][-]{subsection.11.5.3}{\376\377\116\214\226\066\174\373\176\337\166\204\000B\000a\000c\000k\000s\000t\000e\000p\000p\000i\000n\000g\213\276\213\241\203\003\117\213}{section.11.5}% 250
\BOOKMARK [2][-]{subsection.11.5.4}{\376\377\201\352\220\002\136\224\000B\000a\000c\000k\000s\000t\000e\000p\000p\000i\000n\000g}{section.11.5}% 251
\BOOKMARK [1][-]{section.11.6}{\376\377\227\136\176\277\140\047\211\302\155\113\126\150}{chapter.11}% 252
\BOOKMARK [2][-]{subsection.11.6.1}{\376\377\232\330\130\236\166\312\211\302\155\113\126\150}{section.11.6}% 253
\BOOKMARK [2][-]{subsection.11.6.2}{\376\377\156\321\152\041\211\302\155\113\126\150}{section.11.6}% 254
\BOOKMARK [1][-]{section.11.7}{\376\377\000P\000y\000t\000h\000o\000n\133\236\163\260\377\032\120\022\172\313\144\106\166\204\156\321\152\041\143\247\122\066\116\377\167\037}{chapter.11}% 255
\BOOKMARK [1][-]{section.11.8}{\376\377\134\017\176\323}{chapter.11}% 256
\BOOKMARK [0][-]{chapter.12}{\376\377\232\330\176\247\143\247\122\066\145\271\154\325}{}% 257
\BOOKMARK [1][-]{section.12.1}{\376\377\152\041\127\213\230\204\155\113\143\247\122\066}{chapter.12}% 258
\BOOKMARK [2][-]{subsection.12.1.1}{\376\377\116\011\131\047\127\372\147\054\123\237\164\006}{section.12.1}% 259
\BOOKMARK [2][-]{subsection.12.1.2}{\376\377\000M\000P\000C\166\204\145\160\133\146\210\150\217\360\040\024\040\024\116\214\153\041\211\304\122\022\137\142\137\017}{section.12.1}% 260
\BOOKMARK [2][-]{subsection.12.1.3}{\376\377\230\204\155\113\145\271\172\013\166\204\143\250\133\374}{section.12.1}% 261
\BOOKMARK [2][-]{subsection.12.1.4}{\376\377\176\246\147\137\131\004\164\006}{section.12.1}% 262
\BOOKMARK [2][-]{subsection.12.1.5}{\376\377\123\357\210\114\140\047\116\016\172\063\133\232\140\047}{section.12.1}% 263
\BOOKMARK [2][-]{subsection.12.1.6}{\376\377\227\136\176\277\140\047\000M\000P\000C\116\016\122\006\136\003\137\017\000M\000P\000C}{section.12.1}% 264
\BOOKMARK [1][-]{section.12.2}{\376\377\234\201\150\322\143\247\122\066}{chapter.12}% 265
\BOOKMARK [2][-]{subsection.12.2.1}{\376\377\116\015\170\156\133\232\140\047\166\204\143\317\217\360}{section.12.2}% 266
\BOOKMARK [2][-]{subsection.12.2.2}{\376\377\000H\143\247\122\066\225\356\230\230}{section.12.2}% 267
\BOOKMARK [2][-]{subsection.12.2.3}{\376\377\150\007\121\306\000H\150\106\147\266\116\016\000R\000i\000c\000c\000a\000t\000i\145\271\154\325}{section.12.2}% 268
\BOOKMARK [2][-]{subsection.12.2.4}{\376\377\176\374\124\010\173\200\116\313}{section.12.2}% 269
\BOOKMARK [1][-]{section.12.3}{\376\377\201\352\220\002\136\224\143\247\122\066}{chapter.12}% 270
\BOOKMARK [2][-]{subsection.12.3.1}{\376\377\152\041\127\213\123\302\200\003\201\352\220\002\136\224\143\247\122\066}{section.12.3}% 271
\BOOKMARK [2][-]{subsection.12.3.2}{\376\377\201\352\150\041\153\143\143\247\122\066}{section.12.3}% 272
\BOOKMARK [2][-]{subsection.12.3.3}{\376\377\000M\000I\000T\211\304\122\031\116\016\137\122\116\000\123\026\201\352\220\002\136\224\137\213}{section.12.3}% 273
\BOOKMARK [1][-]{section.12.4}{\376\377\137\072\123\026\133\146\116\140\116\016\143\247\122\066}{chapter.12}% 274
\BOOKMARK [2][-]{subsection.12.4.1}{\376\377\000M\000D\000P\116\016\147\000\117\030\143\247\122\066\166\204\173\111\116\367\140\047}{section.12.4}% 275
\BOOKMARK [2][-]{subsection.12.4.2}{\376\377\000P\000o\000l\000i\000c\000y\000\040\000I\000t\000e\000r\000a\000t\000i\000o\000n\154\102\211\343\000L\000Q\000R}{section.12.4}% 276
\BOOKMARK [2][-]{subsection.12.4.3}{\376\377\201\352\220\002\136\224\122\250\140\001\211\304\122\022\377\010\000A\000D\000P\377\011}{section.12.4}% 277
\BOOKMARK [1][-]{section.12.5}{\376\377\146\172\200\375\143\247\122\066}{chapter.12}% 278
\BOOKMARK [2][-]{subsection.12.5.1}{\376\377\152\041\174\312\143\247\122\066}{section.12.5}% 279
\BOOKMARK [2][-]{subsection.12.5.2}{\376\377\171\136\176\317\177\121\176\334\143\247\122\066}{section.12.5}% 280
\BOOKMARK [1][-]{section.12.6}{\376\377\122\115\154\277\145\271\124\021}{chapter.12}% 281
\BOOKMARK [2][-]{subsection.12.6.1}{\376\377\133\146\116\140\127\213\000M\000P\000C}{section.12.6}% 282
\BOOKMARK [2][-]{subsection.12.6.2}{\376\377\000S\000a\000f\000e\000\040\000R\000L}{section.12.6}% 283
\BOOKMARK [2][-]{subsection.12.6.3}{\376\377\127\372\116\216\143\247\122\066\164\006\213\272\166\204\155\361\136\246\133\146\116\140\211\343\221\312}{section.12.6}% 284
\BOOKMARK [1][-]{section.12.7}{\376\377\000P\000y\000t\000h\000o\000n\133\236\163\260}{chapter.12}% 285
\BOOKMARK [2][-]{subsection.12.7.1}{\376\377\173\200\123\125\000M\000P\000C\166\204\000Q\000P\154\102\211\343}{section.12.7}% 286
\BOOKMARK [2][-]{subsection.12.7.2}{\376\377\000R\000L\154\102\211\343\000L\000Q\000R}{section.12.7}% 287
\BOOKMARK [2][-]{subsection.12.7.3}{\376\377\152\041\174\312\143\247\122\066\126\150\166\204\173\200\123\125\133\236\163\260}{section.12.7}% 288
\BOOKMARK [1][-]{section.12.8}{\376\377\134\017\176\323}{chapter.12}% 289
