\BOOKMARK [0][-]{chapter.1}{\376\377\000M\000u\000J\000o\000C\000o\000\040\173\200\116\313\116\016\000\040\000W\000i\000n\000d\000o\000w\000s\000\040\163\257\130\203\121\306\131\007}{}% 1
\BOOKMARK [1][-]{section.1.1}{\376\377\137\025\144\316\133\232\117\115\116\016\213\276\213\241\162\171\160\271}{chapter.1}% 2
\BOOKMARK [1][-]{section.1.2}{\376\377\116\011\171\315\117\177\165\050\145\271\137\017}{chapter.1}% 3
\BOOKMARK [1][-]{section.1.3}{\376\377\000W\000i\000n\000d\000o\000w\000s\000\040\163\257\130\203\211\201\154\102}{chapter.1}% 4
\BOOKMARK [1][-]{section.1.4}{\376\377\217\157\116\366\156\005\123\125\116\016\133\211\210\305\230\172\136\217}{chapter.1}% 5
\BOOKMARK [1][-]{section.1.5}{\376\377\166\356\137\125\211\304\122\022\116\016\163\257\130\203\201\352\150\300}{chapter.1}% 6
\BOOKMARK [0][-]{chapter.2}{\376\377\000P\000y\000t\000h\000o\000n\000\040\163\257\130\203\116\016\000\040\000m\000u\000j\000o\000c\000o\000\040\136\223\133\211\210\305}{}% 7
\BOOKMARK [1][-]{section.2.1}{\376\377\000P\000y\000t\000h\000o\000n\000\040\162\110\147\054\220\011\142\351\116\016\133\211\210\305}{chapter.2}% 8
\BOOKMARK [2][-]{subsection.2.1.1}{\376\377\162\110\147\054\211\201\154\102}{section.2.1}% 9
\BOOKMARK [2][-]{subsection.2.1.2}{\376\377\116\011\171\315\133\211\210\305\145\271\137\017}{section.2.1}% 10
\BOOKMARK [2][-]{subsection.2.1.3}{\376\377\232\214\213\301\000\040\000P\000y\000t\000h\000o\000n\000\040\116\016\131\032\162\110\147\054\121\161\133\130}{section.2.1}% 11
\BOOKMARK [1][-]{section.2.2}{\376\377\206\132\142\337\163\257\130\203}{chapter.2}% 12
\BOOKMARK [2][-]{subsection.2.2.1}{\376\377\116\072\116\300\116\110\137\305\230\173\165\050}{section.2.2}% 13
\BOOKMARK [2][-]{subsection.2.2.2}{\376\377\000c\000o\000n\000d\000a\377\032\215\350\213\355\212\000\163\257\130\203}{section.2.2}% 14
\BOOKMARK [1][-]{section.2.3}{\376\377\133\211\210\305\000\040\000m\000u\000j\000o\000c\000o}{chapter.2}% 15
\BOOKMARK [2][-]{subsection.2.3.1}{\376\377\127\372\147\054\133\211\210\305}{section.2.3}% 16
\BOOKMARK [2][-]{subsection.2.3.2}{\376\377\126\375\121\205\225\134\120\317\122\240\220\037}{section.2.3}% 17
\BOOKMARK [2][-]{subsection.2.3.3}{\376\377\116\015\211\201\210\305\000\040\000m\000u\000j\000o\000c\000o\000-\000p\000y}{section.2.3}% 18
\BOOKMARK [1][-]{section.2.4}{\376\377\133\211\210\305\232\214\213\301}{chapter.2}% 19
\BOOKMARK [2][-]{subsection.2.4.1}{\376\377\126\333\153\145\201\352\150\300}{section.2.4}% 20
\BOOKMARK [2][-]{subsection.2.4.2}{\376\377\215\321\220\032\173\054\116\000\116\052\152\041\127\213}{section.2.4}% 21
\BOOKMARK [2][-]{subsection.2.4.3}{\376\377\142\123\137\000\116\244\116\222\172\227\123\343}{section.2.4}% 22
\BOOKMARK [1][-]{section.2.5}{\376\377\116\016\124\150\217\271\165\037\140\001\166\204\121\163\174\373}{chapter.2}% 23
\BOOKMARK [1][-]{section.2.6}{\376\377\136\070\211\301\133\211\210\305\225\356\230\230}{chapter.2}% 24
\BOOKMARK [0][-]{chapter.3}{\376\377\000P\000y\000t\000h\000o\000n\000\040\127\372\170\100\165\050\154\325\116\016\123\357\211\306\123\026}{}% 25
\BOOKMARK [1][-]{section.3.1}{\376\377\152\041\127\213\116\016\145\160\143\156}{chapter.3}% 26
\BOOKMARK [2][-]{subsection.3.1.1}{\376\377\116\044\116\052\150\070\137\303\133\371\214\141}{section.3.1}% 27
\BOOKMARK [2][-]{subsection.3.1.2}{\376\377\122\240\217\175\152\041\127\213}{section.3.1}% 28
\BOOKMARK [2][-]{subsection.3.1.3}{\376\377\136\070\165\050\133\127\153\265}{section.3.1}% 29
\BOOKMARK [1][-]{section.3.2}{\376\377\143\250\217\333\116\377\167\037}{chapter.3}% 30
\BOOKMARK [2][-]{subsection.3.2.1}{\376\377\116\011\116\052\121\145\123\343}{section.3.2}% 31
\BOOKMARK [2][-]{subsection.3.2.2}{\376\377\162\266\140\001\133\130\123\326\116\016\121\163\225\056\136\047}{section.3.2}% 32
\BOOKMARK [2][-]{subsection.3.2.3}{\376\377\116\000\116\052\133\214\145\164\166\204\123\327\143\247\117\213\133\120}{section.3.2}% 33
\BOOKMARK [1][-]{section.3.3}{\376\377\124\175\124\015\213\277\225\356}{chapter.3}% 34
\BOOKMARK [2][-]{subsection.3.3.1}{\376\377\143\011\124\015\133\127\142\377\145\160\176\304}{section.3.3}% 35
\BOOKMARK [1][-]{section.3.4}{\376\377\116\244\116\222\137\017\123\357\211\306\123\026}{chapter.3}% 36
\BOOKMARK [2][-]{subsection.3.4.1}{\376\377\116\011\171\315\165\050\154\325}{section.3.4}% 37
\BOOKMARK [2][-]{subsection.3.4.2}{\376\377\000p\000a\000s\000s\000i\000v\000e\000\040\147\345\167\013\126\150}{section.3.4}% 38
\BOOKMARK [2][-]{subsection.3.4.3}{\376\377\137\200\165\073\227\142\221\314\122\240\201\352\133\232\116\111\126\376\137\142}{section.3.4}% 39
\BOOKMARK [1][-]{section.3.5}{\376\377\171\273\134\117\156\062\147\323\116\016\137\125\120\317}{chapter.3}% 40
\BOOKMARK [2][-]{subsection.3.5.1}{\376\377\127\372\147\054\165\050\154\325}{section.3.5}% 41
\BOOKMARK [2][-]{subsection.3.5.2}{\376\377\000W\000i\000n\000d\000o\000w\000s\000\040\116\012\166\204\124\016\172\357\226\120\122\066}{section.3.5}% 42
\BOOKMARK [1][-]{section.3.6}{\376\377\152\041\127\213\217\154\143\142\116\016\117\335\133\130}{chapter.3}% 43
\BOOKMARK [1][-]{section.3.7}{\376\377\136\070\211\301\217\320\210\114\147\037\225\356\230\230}{chapter.3}% 44
\BOOKMARK [0][-]{chapter.4}{\376\377\000C\000+\000+\000\040\137\000\123\321\163\257\130\203\116\016\173\054\116\000\116\052\172\013\136\217}{}% 45
\BOOKMARK [1][-]{section.4.1}{\376\377\203\267\123\326\230\204\177\026\213\321\136\223}{chapter.4}% 46
\BOOKMARK [2][-]{subsection.4.1.1}{\376\377\116\013\217\175}{section.4.1}% 47
\BOOKMARK [2][-]{subsection.4.1.2}{\376\377\121\110\215\321\220\032\133\230\145\271\172\013\136\217}{section.4.1}% 48
\BOOKMARK [1][-]{section.4.2}{\376\377\177\026\213\321\135\345\121\167\224\376}{chapter.4}% 49
\BOOKMARK [2][-]{subsection.4.2.1}{\376\377\000V\000i\000s\000u\000a\000l\000\040\000S\000t\000u\000d\000i\000o\000\040\0002\0000\0002\0002}{section.4.2}% 50
\BOOKMARK [2][-]{subsection.4.2.2}{\376\377\213\251\124\175\116\344\210\114\213\244\213\306\000\040\000c\000l}{section.4.2}% 51
\BOOKMARK [1][-]{section.4.3}{\376\377\173\054\116\000\116\052\172\013\136\217\377\032\145\340\165\114\227\142\166\204\116\377\167\037}{chapter.4}% 52
\BOOKMARK [2][-]{subsection.4.3.1}{\376\377\116\343\170\001}{section.4.3}% 53
\BOOKMARK [2][-]{subsection.4.3.2}{\376\377\165\050\124\175\116\344\210\114\177\026\213\321}{section.4.3}% 54
\BOOKMARK [1][-]{section.4.4}{\376\377\123\357\211\306\123\026\172\013\136\217}{chapter.4}% 55
\BOOKMARK [2][-]{subsection.4.4.1}{\376\377\123\357\211\306\123\026\173\241\176\277\166\204\116\044\153\265\137\017\176\323\147\204}{section.4.4}% 56
\BOOKMARK [2][-]{subsection.4.4.2}{\376\377\000G\000L\000F\000W\000\040\116\316\124\352\221\314\147\145}{section.4.4}% 57
\BOOKMARK [2][-]{subsection.4.4.3}{\376\377\147\000\134\017\123\357\211\306\123\026\172\013\136\217}{section.4.4}% 58
\BOOKMARK [2][-]{subsection.4.4.4}{\376\377\136\070\165\050\116\244\116\222\143\247\122\066}{section.4.4}% 59
\BOOKMARK [1][-]{section.4.5}{\376\377\000D\000L\000L\000\040\220\350\177\162}{chapter.4}% 60
\BOOKMARK [0][-]{chapter.5}{\376\377\000C\000M\000a\000k\000e\000\040\135\345\172\013\221\115\177\156}{}% 61
\BOOKMARK [1][-]{section.5.1}{\376\377\133\211\210\305\000\040\000C\000M\000a\000k\000e}{chapter.5}% 62
\BOOKMARK [2][-]{subsection.5.1.1}{\376\377\116\011\171\315\147\145\156\220}{section.5.1}% 63
\BOOKMARK [2][-]{subsection.5.1.2}{\376\377\165\037\142\020\126\150\140\016\116\110\220\011}{section.5.1}% 64
\BOOKMARK [1][-]{section.5.2}{\376\377\121\110\170\156\213\244\000\040\000S\000D\000K\000\040\143\320\117\233\116\206\116\300\116\110}{chapter.5}% 65
\BOOKMARK [1][-]{section.5.3}{\376\377\165\050\154\325\116\000\377\032\000f\000i\000n\000d\000\137\000p\000a\000c\000k\000a\000g\000e\377\010\143\250\203\120\377\011}{chapter.5}% 66
\BOOKMARK [2][-]{subsection.5.3.1}{\376\377\133\374\121\145\166\356\150\007\166\204\124\015\133\127}{section.5.3}% 67
\BOOKMARK [2][-]{subsection.5.3.2}{\376\377\124\112\213\311\000\040\000C\000M\000a\000k\000e\000\040\123\273\124\352\221\314\142\176}{section.5.3}% 68
\BOOKMARK [1][-]{section.5.4}{\376\377\133\214\145\164\152\041\147\177\000\040\000A\377\032\000f\000i\000n\000d\000\137\000p\000a\000c\000k\000a\000g\000e\000\040\162\110}{chapter.5}% 69
\BOOKMARK [1][-]{section.5.5}{\376\377\133\214\145\164\152\041\147\177\000\040\000B\377\032\142\113\135\345\133\374\121\145\136\223\162\110}{chapter.5}% 70
\BOOKMARK [1][-]{section.5.6}{\376\377\147\204\136\372\116\016\217\320\210\114}{chapter.5}% 71
\BOOKMARK [2][-]{subsection.5.6.1}{\376\377\000V\000i\000s\000u\000a\000l\000\040\000S\000t\000u\000d\000i\000o\000\040\165\037\142\020\126\150\377\010\131\032\221\115\177\156\377\011}{section.5.6}% 72
\BOOKMARK [2][-]{subsection.5.6.2}{\376\377\000N\000i\000n\000j\000a\000\040\165\037\142\020\126\150\377\010\123\125\221\115\177\156\377\011}{section.5.6}% 73
\BOOKMARK [2][-]{subsection.5.6.3}{\376\377\127\050\000\040\000V\000i\000s\000u\000a\000l\000\040\000S\000t\000u\000d\000i\000o\000\040\221\314\142\123\137\000}{section.5.6}% 74
\BOOKMARK [1][-]{section.5.7}{\376\377\000C\000M\000a\000k\000e\000P\000r\000e\000s\000e\000t\000s\000.\000j\000s\000o\000n\377\032\142\212\124\175\116\344\210\114\126\372\123\026\116\013\147\145}{chapter.5}% 75
\BOOKMARK [1][-]{section.5.8}{\376\377\215\357\176\277\116\011\377\032\000v\000c\000p\000k\000g\000\040\116\016\156\220\170\001\133\211\210\305}{chapter.5}% 76
\BOOKMARK [2][-]{subsection.5.8.1}{\376\377\000v\000c\000p\000k\000g}{section.5.8}% 77
\BOOKMARK [2][-]{subsection.5.8.2}{\376\377\116\316\156\220\170\001\133\211\210\305\122\060\201\352\135\361\166\204\166\356\137\125}{section.5.8}% 78
\BOOKMARK [1][-]{section.5.9}{\376\377\143\222\225\031\210\150}{chapter.5}% 79
\BOOKMARK [0][-]{chapter.6}{\376\377\116\316\156\220\170\001\177\026\213\321\000\040\000M\000u\000J\000o\000C\000o\377\010\123\357\220\011\377\011}{}% 80
\BOOKMARK [1][-]{section.6.1}{\376\377\116\300\116\110\145\366\120\031\227\000\211\201\201\352\135\361\177\026\213\321}{chapter.6}% 81
\BOOKMARK [1][-]{section.6.2}{\376\377\121\306\131\007\135\345\117\134}{chapter.6}% 82
\BOOKMARK [1][-]{section.6.3}{\376\377\221\115\177\156\060\001\147\204\136\372\116\016\133\211\210\305}{chapter.6}% 83
\BOOKMARK [1][-]{section.6.4}{\376\377\136\070\165\050\000\040\000C\000M\000a\000k\000e\000\040\220\011\230\171}{chapter.6}% 84
\BOOKMARK [1][-]{section.6.5}{\376\377\232\214\213\301\147\204\136\372\176\323\147\234}{chapter.6}% 85
\BOOKMARK [1][-]{section.6.6}{\376\377\136\070\211\301\177\026\213\321\131\061\215\045}{chapter.6}% 86
\BOOKMARK [0][-]{chapter.7}{\376\377\000S\000o\000l\000i\000d\000W\000o\000r\000k\000s\000\040\136\372\152\041\116\016\152\041\127\213\133\374\121\372}{}% 87
\BOOKMARK [1][-]{section.7.1}{\376\377\121\110\146\016\170\156\000\040\000M\000u\000J\000o\000C\000o\000\040\211\201\116\300\116\110}{chapter.7}% 88
\BOOKMARK [1][-]{section.7.2}{\376\377\000S\000o\000l\000i\000d\000W\000o\000r\000k\000s\000\040\117\247\166\204\121\155\116\052\136\372\152\041\176\246\133\232}{chapter.7}% 89
\BOOKMARK [2][-]{subsection.7.2.1}{\376\377\123\125\117\115\377\032\153\353\174\163\136\372\152\041\377\014\174\163\133\374\121\372}{section.7.2}% 90
\BOOKMARK [2][-]{subsection.7.2.2}{\376\377\127\120\150\007\174\373\377\032\123\237\160\271\145\076\127\050\121\163\202\202\217\164\176\277\116\012}{section.7.2}% 91
\BOOKMARK [2][-]{subsection.7.2.3}{\376\377\142\306\122\006\377\032\116\000\116\052\217\336\147\106\116\000\116\052\133\120\210\305\221\115\117\123}{section.7.2}% 92
\BOOKMARK [2][-]{subsection.7.2.4}{\376\377\124\175\124\015\377\032\213\251\000\040\000X\000M\000L\000\040\221\314\166\204\124\015\133\127\124\214\000\040\000C\000A\000D\000\040\116\000\201\364}{section.7.2}% 93
\BOOKMARK [2][-]{subsection.7.2.5}{\376\377\215\050\221\317\134\136\140\047\377\032\147\120\215\050\133\306\136\246\137\305\230\173\167\037\133\236}{section.7.2}% 94
\BOOKMARK [2][-]{subsection.7.2.6}{\376\377\170\260\144\236\117\123\377\032\123\125\162\354\120\132\173\200\123\026\116\366}{section.7.2}% 95
\BOOKMARK [1][-]{section.7.3}{\376\377\145\271\150\110\000\040\000A\377\032\165\050\000\040\000S\000W\0002\000U\000R\000D\000F\000\040\143\322\116\366\133\374\121\372\000\040\000U\000R\000D\000F}{chapter.7}% 96
\BOOKMARK [2][-]{subsection.7.3.1}{\376\377\203\267\123\326\116\016\133\211\210\305}{section.7.3}% 97
\BOOKMARK [2][-]{subsection.7.3.2}{\376\377\133\374\121\372\153\145\232\244}{section.7.3}% 98
\BOOKMARK [2][-]{subsection.7.3.3}{\376\377\133\374\121\372\116\247\162\151}{section.7.3}% 99
\BOOKMARK [2][-]{subsection.7.3.4}{\376\377\131\047\210\305\221\115\117\123\166\204\145\164\164\006\142\200\135\347}{section.7.3}% 100
\BOOKMARK [1][-]{section.7.4}{\376\377\145\271\150\110\000\040\000B\377\032\166\364\143\245\133\374\121\372\000\040\000O\000B\000J\000\040\000/\000\040\000S\000T\000L}{chapter.7}% 101
\BOOKMARK [1][-]{section.7.5}{\376\377\133\374\121\372\116\113\124\016\377\032\121\110\221\317\116\000\221\317}{chapter.7}% 102
\BOOKMARK [1][-]{section.7.6}{\376\377\116\044\147\141\215\357\176\277\133\371\161\147\116\016\136\070\211\301\127\121}{chapter.7}% 103
\BOOKMARK [0][-]{chapter.8}{\376\377\177\121\150\074\131\004\164\006\116\016\000\040\000M\000J\000C\000F\000\040\152\041\127\213\177\026\121\231}{}% 104
\BOOKMARK [1][-]{section.8.1}{\376\377\135\345\172\013\166\356\137\125\176\304\176\307}{chapter.8}% 105
\BOOKMARK [2][-]{subsection.8.1.1}{\376\377\143\250\203\120\136\003\134\100}{section.8.1}% 106
\BOOKMARK [2][-]{subsection.8.1.2}{\376\377\215\104\156\220\144\034\175\042\211\304\122\031}{section.8.1}% 107
\BOOKMARK [1][-]{section.8.2}{\376\377\177\121\150\074\116\016\147\120\215\050\166\204\121\231\154\325}{chapter.8}% 108
\BOOKMARK [2][-]{subsection.8.2.1}{\376\377\177\121\150\074\121\103\175\040}{section.8.2}% 109
\BOOKMARK [2][-]{subsection.8.2.2}{\376\377\131\026\211\302\377\032\147\120\215\050\116\016\176\271\164\006}{section.8.2}% 110
\BOOKMARK [1][-]{section.8.3}{\376\377\147\000\134\017\123\357\217\320\210\114\152\041\127\213}{chapter.8}% 111
\BOOKMARK [2][-]{subsection.8.3.1}{\376\377\220\020\153\265\211\343\213\373}{section.8.3}% 112
\BOOKMARK [2][-]{subsection.8.3.2}{\376\377\232\214\213\301}{section.8.3}% 113
\BOOKMARK [1][-]{section.8.4}{\376\377\116\316\000\040\000U\000R\000D\000F\000\040\217\154\142\020\000\040\000M\000J\000C\000F}{chapter.8}% 114
\BOOKMARK [2][-]{subsection.8.4.1}{\376\377\166\364\143\245\122\240\217\175}{section.8.4}% 115
\BOOKMARK [2][-]{subsection.8.4.2}{\376\377\217\154\143\142\145\366\166\204\236\330\213\244\120\074\123\330\123\026}{section.8.4}% 116
\BOOKMARK [2][-]{subsection.8.4.3}{\376\377\217\154\143\142\124\016\137\305\230\173\142\113\135\345\210\145\166\204\116\034\211\177}{section.8.4}% 117
\BOOKMARK [1][-]{section.8.5}{\376\377\165\050\000\040\000o\000b\000j\0002\000m\000j\000c\000f\000\040\131\004\164\006\131\015\124\010\177\121\150\074}{chapter.8}% 118
\BOOKMARK [1][-]{section.8.6}{\376\377\170\260\144\236\121\340\117\125}{chapter.8}% 119
\BOOKMARK [2][-]{subsection.8.6.1}{\376\377\170\260\144\236\123\352\165\050\121\370\123\005}{section.8.6}% 120
\BOOKMARK [2][-]{subsection.8.6.2}{\376\377\211\306\211\311\116\016\170\260\144\236\122\006\171\273\166\204\121\231\154\325}{section.8.6}% 121
\BOOKMARK [1][-]{section.8.7}{\376\377\136\070\211\301\000\040\000M\000J\000C\000F\000\040\225\031\213\357}{chapter.8}% 122
\BOOKMARK [0][-]{chapter.9}{\376\377\152\041\127\213\232\214\213\301\060\001\214\003\123\302\116\016\143\222\225\031}{}% 123
\BOOKMARK [1][-]{section.9.1}{\376\377\121\110\165\050\167\074\167\133\167\013\116\000\220\115}{chapter.9}% 124
\BOOKMARK [1][-]{section.9.2}{\376\377\221\317\123\026\201\352\150\300}{chapter.9}% 125
\BOOKMARK [2][-]{subsection.9.2.1}{\376\377\173\054\116\000\147\141\377\032\215\050\221\317\116\016\140\357\221\317}{section.9.2}% 126
\BOOKMARK [2][-]{subsection.9.2.2}{\376\377\173\054\116\214\147\141\377\032\213\146\124\112\213\241\145\160}{section.9.2}% 127
\BOOKMARK [2][-]{subsection.9.2.3}{\376\377\173\054\116\011\147\141\377\032\227\131\140\001\136\163\210\141\150\300\147\345}{section.9.2}% 128
\BOOKMARK [1][-]{section.9.3}{\376\377\172\063\133\232\140\047\116\016\214\003\123\302}{chapter.9}% 129
\BOOKMARK [2][-]{subsection.9.3.1}{\376\377\123\302\145\160\220\037\147\345}{section.9.3}% 130
\BOOKMARK [2][-]{subsection.9.3.2}{\376\377\143\011\165\307\162\266\147\345\145\271\124\021}{section.9.3}% 131
\BOOKMARK [1][-]{section.9.4}{\376\377\142\245\225\031\117\341\140\157\175\042\137\025}{chapter.9}% 132
\BOOKMARK [1][-]{section.9.5}{\376\377\140\047\200\375\117\030\123\026}{chapter.9}% 133
\BOOKMARK [0][-]{appendix.A}{\376\377\220\037\147\345\210\150\116\016\136\070\211\301\225\356\230\230}{}% 134
\BOOKMARK [1][-]{section.A.1}{\376\377\135\345\172\013\166\356\137\125\152\041\147\177}{appendix.A}% 135
\BOOKMARK [1][-]{section.A.2}{\376\377\163\257\130\203\123\330\221\317\116\016\215\357\137\204\220\037\147\345}{appendix.A}% 136
\BOOKMARK [1][-]{section.A.3}{\376\377\124\175\116\344\220\037\147\345}{appendix.A}% 137
\BOOKMARK [1][-]{section.A.4}{\376\377\162\110\147\054\116\016\236\330\213\244\120\074\220\037\147\345}{appendix.A}% 138
\BOOKMARK [1][-]{section.A.5}{\376\377\000M\000J\000C\000F\000\040\121\103\175\040\220\037\147\345}{appendix.A}% 139
\BOOKMARK [1][-]{section.A.6}{\376\377\215\104\156\220}{appendix.A}% 140
\BOOKMARK [1][-]{section.A.7}{\376\377\136\070\211\301\225\356\173\124}{appendix.A}% 141
