\BOOKMARK [0][-]{chapter.1}{\376\377\151\202\163\207\213\272\166\204\127\372\170\100\167\345\213\306}{}% 1
\BOOKMARK [1][-]{section.1.1}{\376\377\226\217\147\072\213\325\232\214}{chapter.1}% 2
\BOOKMARK [1][-]{section.1.2}{\376\377\150\067\147\054\172\172\225\364\060\001\226\217\147\072\116\213\116\366}{chapter.1}% 3
\BOOKMARK [2][-]{subsection.1.2.1}{\376\377\116\213\116\366\166\204\217\320\173\227}{section.1.2}% 4
\BOOKMARK [1][-]{section.1.3}{\376\377\123\344\121\170\151\202\127\213\116\016\151\202\163\207}{chapter.1}% 5
\BOOKMARK [1][-]{section.1.4}{\376\377\147\141\116\366\151\202\163\207\060\001\162\354\172\313\140\047}{chapter.1}% 6
\BOOKMARK [1][-]{section.1.5}{\376\377\121\150\151\202\163\207\121\154\137\017\116\016\215\035\123\366\145\257\121\154\137\017}{chapter.1}% 7
\BOOKMARK [1][-]{section.1.6}{\376\377\225\031\230\230}{chapter.1}% 8
\BOOKMARK [0][-]{chapter.2}{\376\377\226\217\147\072\123\330\221\317\123\312\121\166\122\006\136\003}{}% 9
\BOOKMARK [1][-]{section.2.1}{\376\377\226\217\147\072\123\330\221\317}{chapter.2}% 10
\BOOKMARK [1][-]{section.2.2}{\376\377\171\273\145\143\127\213\226\217\147\072\123\330\221\317\166\204\122\006\136\003\137\213}{chapter.2}% 11
\BOOKMARK [2][-]{subsection.2.2.1}{\376\377\136\070\211\301\166\204\171\273\145\143\127\213\226\217\147\072\123\330\221\317\166\204\122\006\136\003\137\213}{section.2.2}% 12
\BOOKMARK [1][-]{section.2.3}{\376\377\226\217\147\072\123\330\221\317\166\204\122\006\136\003\121\375\145\160}{chapter.2}% 13
\BOOKMARK [1][-]{section.2.4}{\376\377\217\336\176\355\127\213\226\217\147\072\123\330\221\317\123\312\121\166\151\202\163\207\133\306\136\246}{chapter.2}% 14
\BOOKMARK [2][-]{subsection.2.4.1}{\376\377\121\340\116\052\136\070\165\050\166\204\217\336\176\355\127\213\122\006\136\003}{section.2.4}% 15
\BOOKMARK [2][-]{subsection.2.4.2}{\376\377\145\340\213\260\137\306\140\047}{section.2.4}% 16
\BOOKMARK [1][-]{section.2.5}{\376\377\226\217\147\072\123\330\221\317\121\375\145\160\166\204\122\006\136\003}{chapter.2}% 17
\BOOKMARK [0][-]{chapter.3}{\376\377\131\032\176\364\226\217\147\072\123\330\221\317\123\312\121\166\122\006\136\003}{}% 18
\BOOKMARK [1][-]{section.3.1}{\376\377\116\214\176\364\226\217\147\072\123\330\221\317\166\204\122\006\136\003}{chapter.3}% 19
\BOOKMARK [2][-]{subsection.3.1.1}{\376\377\116\214\176\364\171\273\145\143\127\213\226\217\147\072\123\330\221\317}{section.3.1}% 20
\BOOKMARK [2][-]{subsection.3.1.2}{\376\377\116\214\176\364\217\336\176\355\127\213\226\217\147\072\123\330\221\317}{section.3.1}% 21
\BOOKMARK [1][-]{section.3.2}{\376\377\217\271\177\030\122\006\136\003}{chapter.3}% 22
\BOOKMARK [2][-]{subsection.3.2.1}{\376\377\217\271\177\030\122\006\136\003\121\375\145\160}{section.3.2}% 23
\BOOKMARK [2][-]{subsection.3.2.2}{\376\377\217\271\177\030\122\006\136\003\137\213}{section.3.2}% 24
\BOOKMARK [2][-]{subsection.3.2.3}{\376\377\217\271\177\030\133\306\136\246\121\375\145\160\166\204\121\340\117\125\164\006\211\343}{section.3.2}% 25
\BOOKMARK [1][-]{section.3.3}{\376\377\226\217\147\072\123\330\221\317\166\204\162\354\172\313\140\047}{chapter.3}% 26
\BOOKMARK [1][-]{section.3.4}{\376\377\116\044\116\052\226\217\147\072\123\330\221\317\121\375\145\160\166\204\122\006\136\003}{chapter.3}% 27
\BOOKMARK [2][-]{subsection.3.4.1}{\376\377\116\214\176\364\171\273\145\143\127\213\226\217\147\072\123\330\221\317\121\375\145\160\166\204\122\006\136\003\137\213}{section.3.4}% 28
\BOOKMARK [2][-]{subsection.3.4.2}{\376\377\131\032\116\052\217\336\176\355\127\213\226\217\147\072\123\330\221\317\121\375\145\160\166\204\133\306\136\246\121\375\145\160}{section.3.4}% 29
\BOOKMARK [0][-]{chapter.4}{\376\377\226\217\147\072\123\330\221\317\166\204\145\160\133\127\162\171\137\201}{}% 30
\BOOKMARK [1][-]{section.4.1}{\376\377\226\217\147\072\123\330\221\317\166\204\145\160\133\146\147\037\147\033\377\010\127\107\120\074\377\011}{chapter.4}% 31
\BOOKMARK [2][-]{subsection.4.1.1}{\376\377\147\037\147\033\166\204\140\047\215\050}{section.4.1}% 32
\BOOKMARK [1][-]{section.4.2}{\376\377\145\271\135\356}{chapter.4}% 33
\BOOKMARK [2][-]{subsection.4.2.1}{\376\377\122\007\153\324\226\352\131\053\116\015\173\111\137\017}{section.4.2}% 34
\BOOKMARK [1][-]{section.4.3}{\376\377\123\117\145\271\135\356\116\016\166\370\121\163\174\373\145\160}{chapter.4}% 35
\BOOKMARK [0][-]{chapter.5}{\376\377\131\047\145\160\133\232\137\213\116\016\116\055\137\303\147\201\226\120\133\232\164\006}{}% 36
\BOOKMARK [1][-]{section.5.1}{\376\377\131\047\145\160\133\232\137\213}{chapter.5}% 37
\BOOKMARK [1][-]{section.5.2}{\376\377\116\055\137\303\147\201\226\120\133\232\164\006}{chapter.5}% 38
