\BOOKMARK [0][-]{chapter.1}{\376\377\151\202\163\207\213\272\166\204\127\372\170\100\167\345\213\306}{}% 1
\BOOKMARK [1][-]{section.1.1}{\376\377\226\217\147\072\213\325\232\214\116\016\150\067\147\054\172\172\225\364}{chapter.1}% 2
\BOOKMARK [1][-]{section.1.2}{\376\377\116\213\116\366\225\364\166\204\121\163\174\373\116\016\217\320\173\227}{chapter.1}% 3
\BOOKMARK [2][-]{subsection.1.2.1}{\376\377\127\372\147\054\121\163\174\373}{section.1.2}% 4
\BOOKMARK [2][-]{subsection.1.2.2}{\376\377\116\213\116\366\166\204\217\320\173\227\137\213}{section.1.2}% 5
\BOOKMARK [1][-]{section.1.3}{\376\377\151\202\163\207\166\204\133\232\116\111\116\016\140\047\215\050}{chapter.1}% 6
\BOOKMARK [2][-]{subsection.1.3.1}{\376\377\000K\000o\000l\000m\000o\000g\000o\000r\000o\000v\000\040\121\154\164\006\123\026\133\232\116\111}{section.1.3}% 7
\BOOKMARK [2][-]{subsection.1.3.2}{\376\377\151\202\163\207\166\204\127\372\147\054\140\047\215\050}{section.1.3}% 8
\BOOKMARK [1][-]{section.1.4}{\376\377\123\344\121\170\151\202\127\213}{chapter.1}% 9
\BOOKMARK [1][-]{section.1.5}{\376\377\147\141\116\366\151\202\163\207\116\016\162\354\172\313\140\047}{chapter.1}% 10
\BOOKMARK [1][-]{section.1.6}{\376\377\121\150\151\202\163\207\121\154\137\017\116\016\215\035\123\366\145\257\121\154\137\017}{chapter.1}% 11
\BOOKMARK [0][-]{chapter.2}{\376\377\226\217\147\072\123\330\221\317\123\312\121\166\122\006\136\003}{}% 12
\BOOKMARK [1][-]{section.2.1}{\376\377\226\217\147\072\123\330\221\317\166\204\151\202\137\365}{chapter.2}% 13
\BOOKMARK [1][-]{section.2.2}{\376\377\171\273\145\143\127\213\226\217\147\072\123\330\221\317\166\204\122\006\136\003\137\213}{chapter.2}% 14
\BOOKMARK [2][-]{subsection.2.2.1}{\376\377\136\070\211\301\166\204\171\273\145\143\127\213\122\006\136\003}{section.2.2}% 15
\BOOKMARK [1][-]{section.2.3}{\376\377\226\217\147\072\123\330\221\317\166\204\122\006\136\003\121\375\145\160}{chapter.2}% 16
\BOOKMARK [1][-]{section.2.4}{\376\377\217\336\176\355\127\213\226\217\147\072\123\330\221\317\123\312\121\166\151\202\163\207\133\306\136\246}{chapter.2}% 17
\BOOKMARK [2][-]{subsection.2.4.1}{\376\377\136\070\211\301\166\204\217\336\176\355\127\213\122\006\136\003}{section.2.4}% 18
\BOOKMARK [1][-]{section.2.5}{\376\377\226\217\147\072\123\330\221\317\121\375\145\160\166\204\122\006\136\003}{chapter.2}% 19
\BOOKMARK [0][-]{chapter.3}{\376\377\131\032\176\364\226\217\147\072\123\330\221\317\123\312\121\166\122\006\136\003}{}% 20
\BOOKMARK [1][-]{section.3.1}{\376\377\116\214\176\364\226\217\147\072\123\330\221\317\166\204\122\006\136\003}{chapter.3}% 21
\BOOKMARK [1][-]{section.3.2}{\376\377\116\214\176\364\171\273\145\143\127\213\226\217\147\072\123\330\221\317}{chapter.3}% 22
\BOOKMARK [1][-]{section.3.3}{\376\377\116\214\176\364\217\336\176\355\127\213\226\217\147\072\123\330\221\317}{chapter.3}% 23
\BOOKMARK [2][-]{subsection.3.3.1}{\376\377\116\044\116\052\136\070\165\050\166\204\116\214\176\364\217\336\176\355\127\213\122\006\136\003}{section.3.3}% 24
\BOOKMARK [1][-]{section.3.4}{\376\377\217\271\177\030\122\006\136\003}{chapter.3}% 25
\BOOKMARK [2][-]{subsection.3.4.1}{\376\377\217\271\177\030\122\006\136\003\121\375\145\160}{section.3.4}% 26
\BOOKMARK [2][-]{subsection.3.4.2}{\376\377\171\273\145\143\127\213\377\032\217\271\177\030\122\006\136\003\137\213}{section.3.4}% 27
\BOOKMARK [2][-]{subsection.3.4.3}{\376\377\217\336\176\355\127\213\377\032\217\271\177\030\133\306\136\246\121\375\145\160}{section.3.4}% 28
\BOOKMARK [1][-]{section.3.5}{\376\377\226\217\147\072\123\330\221\317\166\204\162\354\172\313\140\047}{chapter.3}% 29
\BOOKMARK [1][-]{section.3.6}{\376\377\116\044\116\052\226\217\147\072\123\330\221\317\121\375\145\160\166\204\122\006\136\003}{chapter.3}% 30
\BOOKMARK [2][-]{subsection.3.6.1}{\376\377\171\273\145\143\127\213\140\305\137\142}{section.3.6}% 31
\BOOKMARK [2][-]{subsection.3.6.2}{\376\377\217\336\176\355\127\213\140\305\137\142}{section.3.6}% 32
\BOOKMARK [2][-]{subsection.3.6.3}{\376\377\136\070\211\301\121\375\145\160\166\204\133\306\136\246\121\154\137\017}{section.3.6}% 33
\BOOKMARK [0][-]{chapter.4}{\376\377\226\217\147\072\123\330\221\317\166\204\145\160\133\127\162\171\137\201}{}% 34
\BOOKMARK [1][-]{section.4.1}{\376\377\145\160\133\146\147\037\147\033\377\010\127\107\120\074\377\011}{chapter.4}% 35
\BOOKMARK [2][-]{subsection.4.1.1}{\376\377\136\070\211\301\122\006\136\003\166\204\147\037\147\033}{section.4.1}% 36
\BOOKMARK [1][-]{section.4.2}{\376\377\145\271\135\356}{chapter.4}% 37
\BOOKMARK [2][-]{subsection.4.2.1}{\376\377\136\070\211\301\122\006\136\003\166\204\145\271\135\356}{section.4.2}% 38
\BOOKMARK [1][-]{section.4.3}{\376\377\000C\000h\000e\000b\000y\000s\000h\000e\000v\000\040\116\015\173\111\137\017}{chapter.4}% 39
\BOOKMARK [1][-]{section.4.4}{\376\377\123\117\145\271\135\356\116\016\166\370\121\163\174\373\145\160}{chapter.4}% 40
\BOOKMARK [1][-]{section.4.5}{\376\377\123\117\145\271\135\356\167\351\226\065}{chapter.4}% 41
\BOOKMARK [1][-]{section.4.6}{\376\377\162\354\172\313\116\016\116\015\166\370\121\163\166\204\121\163\174\373}{chapter.4}% 42
\BOOKMARK [0][-]{chapter.5}{\376\377\131\047\145\160\133\232\137\213\116\016\116\055\137\303\147\201\226\120\133\232\164\006}{}% 43
\BOOKMARK [1][-]{section.5.1}{\376\377\117\235\151\202\163\207\145\066\145\133}{chapter.5}% 44
\BOOKMARK [1][-]{section.5.2}{\376\377\131\047\145\160\133\232\137\213\377\010\000L\000L\000N\377\011}{chapter.5}% 45
\BOOKMARK [1][-]{section.5.3}{\376\377\116\055\137\303\147\201\226\120\133\232\164\006\377\010\000C\000L\000T\377\011}{chapter.5}% 46
\BOOKMARK [1][-]{section.5.4}{\376\377\116\055\137\303\147\201\226\120\133\232\164\006\166\204\136\224\165\050}{chapter.5}% 47
\BOOKMARK [1][-]{section.5.5}{\376\377\131\047\145\160\133\232\137\213\116\016\116\055\137\303\147\201\226\120\133\232\164\006\166\204\153\324\217\203}{chapter.5}% 48
\BOOKMARK [0][-]{chapter*.8}{\376\377\226\104\137\125\377\032\210\145\121\105\167\345\213\306}{}% 49
\BOOKMARK [1][-]{section.0.6}{\376\377\000\040\121\375\145\160\377\010\000G\000a\000m\000m\000a\000\040\000F\000u\000n\000c\000t\000i\000o\000n\377\011}{chapter*.8}% 50
\BOOKMARK [1][-]{section.0.7}{\376\377\136\070\165\050\171\357\122\006\121\154\137\017}{chapter*.8}% 51
\BOOKMARK [1][-]{section.0.8}{\376\377\153\143\140\001\122\006\136\003\166\204\167\351}{chapter*.8}% 52
\BOOKMARK [1][-]{section.0.9}{\376\377\221\315\211\201\122\006\136\003\166\204\123\357\122\240\140\047}{chapter*.8}% 53
\BOOKMARK [1][-]{section.0.10}{\376\377\136\070\165\050\122\006\136\003\166\204\147\037\147\033\116\016\145\271\135\356\140\073\210\150}{chapter*.8}% 54
\BOOKMARK [1][-]{section.0.11}{\376\377\162\354\172\313\116\016\116\015\166\370\121\163\166\204\123\072\122\053}{chapter*.8}% 55
