\BOOKMARK [0][-]{chapter.1}{\376\377\176\352\213\272}{}% 1
\BOOKMARK [1][-]{section.1.1}{\376\377\155\101\117\123\122\233\133\146\166\204\170\024\172\166\133\371\214\141\124\214\121\205\133\271}{chapter.1}% 2
\BOOKMARK [2][-]{subsection.1.1.1}{\376\377\155\101\117\123\122\233\133\146\146\057\116\300\116\110}{section.1.1}% 3
\BOOKMARK [2][-]{subsection.1.1.2}{\376\377\170\024\172\166\133\371\214\141}{section.1.1}% 4
\BOOKMARK [1][-]{section.1.2}{\376\377\155\101\117\123\122\233\133\146\166\204\170\024\172\166\145\271\154\325}{chapter.1}% 5
\BOOKMARK [2][-]{subsection.1.2.1}{\376\377\164\006\213\272\170\024\172\166}{section.1.2}% 6
\BOOKMARK [2][-]{subsection.1.2.2}{\376\377\133\236\232\214\170\024\172\166}{section.1.2}% 7
\BOOKMARK [2][-]{subsection.1.2.3}{\376\377\145\160\120\074\170\024\172\166}{section.1.2}% 8
\BOOKMARK [2][-]{subsection.1.2.4}{\376\377\116\272\135\345\146\172\200\375\377\032\171\321\133\146\170\024\172\166\166\204\145\260\203\003\137\017}{section.1.2}% 9
\BOOKMARK [0][-]{chapter.2}{\376\377\137\040\221\317\116\343\145\160\127\372\170\100}{}% 10
\BOOKMARK [1][-]{section.2.1}{\376\377\150\007\221\317\060\001\124\021\221\317\116\016\137\040\221\317}{chapter.2}% 11
\BOOKMARK [1][-]{section.2.2}{\376\377\137\040\221\317\166\204\143\007\150\007\210\150\171\072}{chapter.2}% 12
\BOOKMARK [2][-]{subsection.2.2.1}{\376\377\124\021\221\317\166\204\210\150\171\072}{section.2.2}% 13
\BOOKMARK [2][-]{subsection.2.2.2}{\376\377\167\351\226\065\166\204\210\150\171\072}{section.2.2}% 14
\BOOKMARK [1][-]{section.2.3}{\376\377\137\040\221\317\217\320\173\227}{chapter.2}% 15
\BOOKMARK [2][-]{subsection.2.3.1}{\376\377\160\271\116\130}{section.2.3}% 16
\BOOKMARK [2][-]{subsection.2.3.2}{\376\377\177\051\136\166\377\032\226\115\116\044\226\066\166\204\142\113\153\265}{section.2.3}% 17
\BOOKMARK [2][-]{subsection.2.3.3}{\376\377\136\166\171\357}{section.2.3}% 18
\BOOKMARK [2][-]{subsection.2.3.4}{\376\377\143\007\150\007\210\150\171\072\211\304\122\031}{section.2.3}% 19
\BOOKMARK [1][-]{section.2.4}{\376\377\124\021\221\317\116\130\154\325\116\016\143\007\150\007\217\320\173\227}{chapter.2}% 20
\BOOKMARK [2][-]{subsection.2.4.1}{\376\377\000K\000r\000o\000n\000e\000c\000k\000e\000r\000\040\003\264\000\040\173\046\123\367}{section.2.4}% 21
\BOOKMARK [2][-]{subsection.2.4.2}{\376\377\177\156\143\142\173\046\123\367\000\040\003\265}{section.2.4}% 22
\BOOKMARK [0][-]{chapter.3}{\376\377\155\101\117\123\166\204\162\151\164\006\140\047\215\050}{}% 23
\BOOKMARK [1][-]{section.3.1}{\376\377\155\101\117\123\166\204\217\336\176\355\116\313\215\050\152\041\127\213}{chapter.3}% 24
\BOOKMARK [1][-]{section.3.2}{\376\377\117\134\165\050\127\050\155\101\117\123\116\012\166\204\117\123\171\357\122\233\124\214\210\150\227\142\122\233}{chapter.3}% 25
\BOOKMARK [2][-]{subsection.3.2.1}{\376\377\117\123\171\357\122\233\124\214\117\123\171\357\122\233\137\072\136\246}{section.3.2}% 26
\BOOKMARK [2][-]{subsection.3.2.2}{\376\377\210\150\227\142\122\233\124\214\136\224\122\233}{section.3.2}% 27
\BOOKMARK [2][-]{subsection.3.2.3}{\376\377\116\000\160\271\166\204\136\224\122\233\137\040\221\317\123\312\121\166\140\047\215\050}{section.3.2}% 28
\BOOKMARK [2][-]{subsection.3.2.4}{\376\377\136\224\122\233\137\040\221\317\166\204\133\371\171\360\140\047}{section.3.2}% 29
\BOOKMARK [2][-]{subsection.3.2.5}{\376\377\164\006\140\363\155\101\117\123\166\204\136\224\122\233\137\040\221\317}{section.3.2}% 30
\BOOKMARK [1][-]{section.3.3}{\376\377\155\101\117\123\166\204\174\230\140\047\124\214\123\213\177\051\140\047}{chapter.3}% 31
\BOOKMARK [2][-]{subsection.3.3.1}{\376\377\174\230\140\047}{section.3.3}% 32
\BOOKMARK [2][-]{subsection.3.3.2}{\376\377\123\213\177\051\140\047}{section.3.3}% 33
\BOOKMARK [0][-]{appendix.A}{\376\377\210\145\121\105\147\120\145\231}{}% 34
