\BOOKMARK [0][-]{chapter.1}{\376\377\176\352\213\272}{}% 1
\BOOKMARK [1][-]{section.1.1}{\376\377\173\046\123\367\213\364\146\016}{chapter.1}% 2
\BOOKMARK [0][-]{chapter.2}{\376\377\133\374\213\272\000\050\000I\000n\000t\000r\000o\000d\000u\000c\000t\000i\000o\000n\000\051}{}% 3
\BOOKMARK [1][-]{section.2.1}{\376\377\170\024\172\166\133\371\214\141}{chapter.2}% 4
\BOOKMARK [2][-]{subsection.2.1.1}{\376\377\147\072\126\150\166\204\116\011\116\052\162\171\137\201}{section.2.1}% 5
\BOOKMARK [2][-]{subsection.2.1.2}{\376\377\163\260\116\343\147\072\150\260\166\204\176\304\142\020}{section.2.1}% 6
\BOOKMARK [1][-]{section.2.2}{\376\377\166\370\121\163\151\202\137\365}{chapter.2}% 7
\BOOKMARK [2][-]{subsection.2.2.1}{\376\377\147\204\116\366}{section.2.2}% 8
\BOOKMARK [2][-]{subsection.2.2.2}{\376\377\226\366\116\366}{section.2.2}% 9
\BOOKMARK [2][-]{subsection.2.2.3}{\376\377\220\350\116\366}{section.2.2}% 10
\BOOKMARK [0][-]{chapter.3}{\376\377\136\163\227\142\147\072\147\204\166\204\176\323\147\204\122\006\147\220\000\050\000S\000t\000r\000u\000c\000t\000u\000r\000e\000\040\000A\000n\000a\000l\000y\000s\000i\000s\000\040\000o\000f\000\040\000P\000l\000a\000n\000a\000r\000\040\000M\000e\000c\000h\000a\000n\000i\000s\000m\000s\000\051}{}% 11
\BOOKMARK [1][-]{section.3.1}{\376\377\147\072\147\204\176\323\147\204\122\006\147\220\166\204\166\356\166\204\124\214\121\205\133\271}{chapter.3}% 12
\BOOKMARK [1][-]{section.3.2}{\376\377\147\072\147\204\166\204\176\304\142\020}{chapter.3}% 13
\BOOKMARK [2][-]{subsection.3.2.1}{\376\377\136\163\227\142\147\072\147\204\124\214\172\172\225\364\147\072\147\204}{section.3.2}% 14
\BOOKMARK [2][-]{subsection.3.2.2}{\376\377\217\320\122\250\122\157\000\040\000\050\000K\000i\000n\000e\000m\000a\000t\000i\000c\000\040\000P\000a\000i\000r\000\051}{section.3.2}% 15
\BOOKMARK [2][-]{subsection.3.2.3}{\376\377\217\320\122\250\224\376}{section.3.2}% 16
\BOOKMARK [1][-]{section.3.3}{\376\377\147\072\147\204\166\204\217\320\122\250\173\200\126\376\000\040\000\050\000K\000i\000n\000e\000m\000a\000t\000i\000c\000\040\000D\000i\000a\000g\000r\000a\000m\000\040\000o\000f\000\040\000M\000e\000c\000h\000a\000n\000i\000s\000m\000\051}{chapter.3}% 17
\BOOKMARK [2][-]{subsection.3.3.1}{\376\377\217\320\122\250\122\157\210\150\171\072\145\271\154\325}{section.3.3}% 18
\BOOKMARK [2][-]{subsection.3.3.2}{\376\377\147\204\116\366\166\204\210\150\171\072\145\271\137\017}{section.3.3}% 19
\BOOKMARK [2][-]{subsection.3.3.3}{\376\377\165\073\147\072\147\204\217\320\122\250\173\200\126\376\166\204\116\000\202\054\153\145\232\244}{section.3.3}% 20
\BOOKMARK [1][-]{section.3.4}{\376\377\147\072\147\204\166\204\201\352\165\061\136\246}{chapter.3}% 21
\BOOKMARK [2][-]{subsection.3.4.1}{\376\377\131\015\124\010\224\360\224\376\000\050\000C\000o\000m\000p\000o\000u\000n\000d\000\040\000H\000i\000n\000g\000e\000\051}{section.3.4}% 22
\BOOKMARK [2][-]{subsection.3.4.2}{\376\377\134\100\220\350\201\352\165\061\136\246\000\050\000P\000a\000s\000s\000i\000v\000e\000\040\000D\000O\000F\000\051}{section.3.4}% 23
\BOOKMARK [2][-]{subsection.3.4.3}{\376\377\206\132\176\246\147\137\000\040\000\050\000R\000e\000d\000u\000n\000d\000a\000n\000t\000\040\000C\000o\000n\000s\000t\000r\000a\000i\000n\000t\000s\000\051}{section.3.4}% 24
\BOOKMARK [1][-]{section.3.5}{\376\377\201\352\165\061\136\246\213\241\173\227\166\204\153\145\232\244}{chapter.3}% 25
\BOOKMARK [0][-]{chapter.4}{\376\377\147\072\147\204\217\320\122\250\122\006\147\220}{}% 26
\BOOKMARK [1][-]{section.4.1}{\376\377\167\254\137\303\154\325}{chapter.4}% 27
\BOOKMARK [2][-]{subsection.4.1.1}{\376\377\167\254\137\303\166\204\133\232\116\111}{section.4.1}% 28
\BOOKMARK [2][-]{subsection.4.1.2}{\376\377\167\254\137\303\166\204\145\160\221\317}{section.4.1}% 29
\BOOKMARK [2][-]{subsection.4.1.3}{\376\377\217\320\122\250\122\157\166\204\167\254\137\303}{section.4.1}% 30
\BOOKMARK [2][-]{subsection.4.1.4}{\376\377\116\011\137\303\133\232\164\006}{section.4.1}% 31
\BOOKMARK [2][-]{subsection.4.1.5}{\376\377\167\254\137\303\154\325\166\204\136\224\165\050}{section.4.1}% 32
\BOOKMARK [1][-]{section.4.2}{\376\377\166\370\133\371\217\320\122\250\126\376\211\343\154\325\377\010\167\342\221\317\145\271\172\013\126\376\211\343\154\325\377\011}{chapter.4}% 33
\BOOKMARK [2][-]{subsection.4.2.1}{\376\377\127\372\147\054\123\237\164\006}{section.4.2}% 34
\BOOKMARK [2][-]{subsection.4.2.2}{\376\377\124\345\154\017\122\240\220\037\136\246\000\040\000\050\000C\000o\000r\000i\000o\000l\000i\000s\000\040\000A\000c\000c\000e\000l\000e\000r\000a\000t\000i\000o\000n\000\051}{section.4.2}% 35
\BOOKMARK [2][-]{subsection.4.2.3}{\376\377\220\037\136\246\126\376\116\016\122\240\220\037\136\246\126\376\166\204\162\171\140\047}{section.4.2}% 36
\BOOKMARK [1][-]{section.4.3}{\376\377\211\343\147\220\154\325\377\010\167\342\221\317\145\271\172\013\211\343\147\220\154\325\377\011}{chapter.4}% 37
\BOOKMARK [2][-]{subsection.4.3.1}{\376\377\131\015\145\160\167\342\221\317\154\325}{section.4.3}% 38
\BOOKMARK [2][-]{subsection.4.3.2}{\376\377\145\271\172\013\154\102\211\343\153\145\232\244}{section.4.3}% 39
\BOOKMARK [2][-]{subsection.4.3.3}{\376\377\211\343\147\220\154\325\166\204\117\030\160\271}{section.4.3}% 40
\BOOKMARK [0][-]{chapter.5}{\376\377\217\336\147\106\147\072\147\204\000\050\000P\000l\000a\000n\000a\000r\000\040\000L\000i\000n\000k\000a\000g\000e\000\040\000M\000e\000c\000h\000a\000n\000i\000s\000m\000s\000\051}{}% 41
\BOOKMARK [1][-]{section.5.1}{\376\377\126\333\147\106\147\072\147\204\000\050\000F\000o\000u\000r\000-\000b\000a\000r\000\040\000L\000i\000n\000k\000a\000g\000e\000s\000\051}{chapter.5}% 42
\BOOKMARK [2][-]{subsection.5.1.1}{\376\377\126\333\147\106\147\072\147\204\166\204\127\372\147\054\174\173\127\213}{section.5.1}% 43
\BOOKMARK [1][-]{section.5.2}{\376\377\136\163\227\142\217\336\147\106\147\072\147\204\166\204\217\320\122\250\162\171\140\047}{chapter.5}% 44
\BOOKMARK [2][-]{subsection.5.2.1}{\376\377\146\362\147\304\133\130\127\050\147\141\116\366}{section.5.2}% 45
\BOOKMARK [2][-]{subsection.5.2.2}{\376\377\123\213\122\233\211\322\124\214\117\040\122\250\211\322}{section.5.2}% 46
\BOOKMARK [2][-]{subsection.5.2.3}{\376\377\210\114\172\013\123\330\123\026\174\373\145\160\377\010\210\114\172\013\220\037\153\324\174\373\145\160\000K\377\011}{section.5.2}% 47
\BOOKMARK [2][-]{subsection.5.2.4}{\376\377\153\173\160\271}{section.5.2}% 48
\BOOKMARK [1][-]{section.5.3}{\376\377\126\333\147\106\147\072\147\204\166\204\213\276\213\241}{chapter.5}% 49
\BOOKMARK [2][-]{subsection.5.3.1}{\376\377\126\376\211\343\154\325}{section.5.3}% 50
\BOOKMARK [2][-]{subsection.5.3.2}{\376\377\211\343\147\220\154\325}{section.5.3}% 51
\BOOKMARK [0][-]{chapter.6}{\376\377\121\370\217\156\147\072\147\204\000\040\000\050\000C\000a\000m\000\040\000M\000e\000c\000h\000a\000n\000i\000s\000m\000s\000\051}{}% 52
\BOOKMARK [1][-]{section.6.1}{\376\377\121\370\217\156\147\072\147\204\166\204\136\224\165\050\124\214\122\006\174\173}{chapter.6}% 53
\BOOKMARK [2][-]{subsection.6.1.1}{\376\377\121\370\217\156\147\072\147\204\166\204\136\224\165\050}{section.6.1}% 54
\BOOKMARK [2][-]{subsection.6.1.2}{\376\377\121\370\217\156\147\072\147\204\166\204\122\006\174\173}{section.6.1}% 55
\BOOKMARK [1][-]{section.6.2}{\376\377\116\316\122\250\116\366\166\204\136\070\165\050\217\320\122\250\211\304\137\213}{chapter.6}% 56
\BOOKMARK [2][-]{subsection.6.2.1}{\376\377\143\250\172\013\116\055\166\204\136\070\165\050\217\320\122\250\211\304\137\213}{section.6.2}% 57
\BOOKMARK [1][-]{section.6.3}{\376\377\136\163\227\142\121\370\217\156\217\156\136\323\176\277\213\276\213\241\166\204\117\134\126\376\154\325}{chapter.6}% 58
\BOOKMARK [2][-]{subsection.6.3.1}{\376\377\123\315\217\154\154\325\123\237\164\006\000\040\000\050\000P\000r\000i\000n\000c\000i\000p\000l\000e\000\040\000o\000f\000\040\000I\000n\000v\000e\000r\000s\000i\000o\000n\000\051}{section.6.3}% 59
\BOOKMARK [2][-]{subsection.6.3.2}{\376\377\166\364\122\250\120\117\177\156\116\316\122\250\116\366\166\330\137\142\121\370\217\156\166\204\213\276\213\241\153\145\232\244}{section.6.3}% 60
\BOOKMARK [1][-]{section.6.4}{\376\377\136\163\227\142\121\370\217\156\217\156\136\323\176\277\213\276\213\241\166\204\211\343\147\220\154\325}{chapter.6}% 61
\BOOKMARK [2][-]{subsection.6.4.1}{\376\377\166\364\122\250\116\316\122\250\116\366\166\330\137\142\121\370\217\156}{section.6.4}% 62
\BOOKMARK [2][-]{subsection.6.4.2}{\376\377\123\213\122\233\211\322\116\016\127\372\127\006\123\112\137\204\166\204\170\156\133\232}{section.6.4}% 63
\BOOKMARK [1][-]{section.6.5}{\376\377\147\054\172\340\134\017\176\323}{chapter.6}% 64
\BOOKMARK [0][-]{chapter.7}{\376\377\237\177\217\156\147\072\147\204\000\040\000\050\000G\000e\000a\000r\000\040\000M\000e\000c\000h\000a\000n\000i\000s\000m\000s\000\051}{}% 65
\BOOKMARK [1][-]{section.7.1}{\376\377\237\177\217\156\147\072\147\204\166\204\136\224\165\050\123\312\121\166\122\006\174\173}{chapter.7}% 66
\BOOKMARK [1][-]{section.7.2}{\376\377\237\177\136\323\125\156\124\010\127\372\147\054\133\232\137\213}{chapter.7}% 67
\BOOKMARK [2][-]{subsection.7.2.1}{\376\377\145\160\133\146\143\250\133\374}{section.7.2}% 68
\BOOKMARK [1][-]{section.7.3}{\376\377\156\020\137\000\176\277\137\142\142\020\123\312\121\166\162\171\140\047}{chapter.7}% 69
\BOOKMARK [2][-]{subsection.7.3.1}{\376\377\156\020\137\000\176\277\166\204\137\142\142\020}{section.7.3}% 70
\BOOKMARK [2][-]{subsection.7.3.2}{\376\377\156\020\137\000\176\277\166\204\162\171\140\047}{section.7.3}% 71
\BOOKMARK [2][-]{subsection.7.3.3}{\376\377\156\020\137\000\176\277\121\375\145\160\000\040\000\050\000I\000n\000v\000o\000l\000u\000t\000e\000\040\000F\000u\000n\000c\000t\000i\000o\000n\000\051}{section.7.3}% 72
\BOOKMARK [1][-]{section.7.4}{\376\377\156\020\137\000\176\277\237\177\136\323\125\156\124\010\166\204\162\171\160\271}{chapter.7}% 73
\BOOKMARK [1][-]{section.7.5}{\376\377\156\020\137\000\176\277\237\177\217\156\124\004\220\350\122\006\124\015\171\360\123\312\150\007\121\306\237\177\217\156\166\204\134\072\133\370}{chapter.7}% 74
\BOOKMARK [2][-]{subsection.7.5.1}{\376\377\156\020\137\000\176\277\237\177\217\156\124\004\220\350\122\006\124\015\171\360\377\010\000N\000o\000m\000e\000n\000c\000l\000a\000t\000u\000r\000e\000\040\000o\000f\000\040\000I\000n\000v\000o\000l\000u\000t\000e\000\040\000G\000e\000a\000r\377\011}{section.7.5}% 75
\BOOKMARK [2][-]{subsection.7.5.2}{\376\377\127\372\147\054\123\302\145\160}{section.7.5}% 76
\BOOKMARK [2][-]{subsection.7.5.3}{\376\377\150\007\121\306\237\177\217\156\121\340\117\125\134\072\133\370\213\241\173\227\210\150}{section.7.5}% 77
\BOOKMARK [1][-]{section.7.6}{\376\377\156\020\137\000\176\277\166\364\237\177\127\006\147\361\237\177\217\156\166\204\125\156\124\010\117\040\122\250}{chapter.7}% 78
\BOOKMARK [2][-]{subsection.7.6.1}{\376\377\153\143\170\156\125\156\124\010\147\141\116\366}{section.7.6}% 79
\BOOKMARK [2][-]{subsection.7.6.2}{\376\377\150\007\121\306\237\177\217\156\117\040\122\250\166\204\153\143\170\156\133\211\210\305\116\055\137\303\215\335}{section.7.6}% 80
\BOOKMARK [2][-]{subsection.7.6.3}{\376\377\221\315\124\010\136\246\000\040\000\050\000C\000o\000n\000t\000a\000c\000t\000\040\000R\000a\000t\000i\000o\000\051}{section.7.6}% 81
\BOOKMARK [1][-]{section.7.7}{\376\377\156\020\137\000\176\277\237\177\217\156\166\204\122\240\135\345\116\016\150\071\122\007}{chapter.7}% 82
\BOOKMARK [2][-]{subsection.7.7.1}{\376\377\122\240\135\345\145\271\154\325}{section.7.7}% 83
\BOOKMARK [2][-]{subsection.7.7.2}{\376\377\150\071\122\007\163\260\214\141\000\040\000\050\000U\000n\000d\000e\000r\000c\000u\000t\000t\000i\000n\000g\000\051}{section.7.7}% 84
\BOOKMARK [1][-]{section.7.8}{\376\377\123\330\117\115\237\177\217\156\000\040\000\050\000M\000o\000d\000i\000f\000i\000e\000d\000\040\000G\000e\000a\000r\000s\000\051}{chapter.7}% 85
\BOOKMARK [1][-]{section.7.9}{\376\377\145\234\237\177\127\006\147\361\237\177\217\156\147\072\147\204}{chapter.7}% 86
\BOOKMARK [2][-]{subsection.7.9.1}{\376\377\145\234\237\177\217\156\166\204\162\171\160\271}{section.7.9}% 87
\BOOKMARK [2][-]{subsection.7.9.2}{\376\377\137\123\221\317\237\177\145\160\000\040\000\050\000E\000q\000u\000i\000v\000a\000l\000e\000n\000t\000\040\000N\000u\000m\000b\000e\000r\000\040\000o\000f\000\040\000T\000e\000e\000t\000h\000\051}{section.7.9}% 88
\BOOKMARK [1][-]{section.7.10}{\376\377\207\027\147\106\117\040\122\250\000\040\000\050\000W\000o\000r\000m\000\040\000D\000r\000i\000v\000e\000\051}{chapter.7}% 89
\BOOKMARK [2][-]{subsection.7.10.1}{\376\377\117\040\122\250\162\171\160\271}{section.7.10}% 90
\BOOKMARK [0][-]{appendix.A}{\376\377\210\145\121\105\147\120\145\231}{}% 91
