\BOOKMARK [0][-]{chapter.1}{\376\377\117\115\137\142\172\172\225\364}{}% 1
\BOOKMARK [1][-]{section.1.1}{\376\377\201\352\165\061\136\246}{chapter.1}% 2
\BOOKMARK [1][-]{section.1.2}{\376\377\117\115\137\142\172\172\225\364\166\204\142\323\142\121\176\323\147\204\116\016\210\150\171\072\154\325}{chapter.1}% 3
\BOOKMARK [1][-]{section.1.3}{\376\377\117\115\137\142\116\016\220\037\136\246\176\246\147\137}{chapter.1}% 4
\BOOKMARK [1][-]{section.1.4}{\376\377\116\373\122\241\172\172\225\364\124\214\135\345\117\134\172\172\225\364}{chapter.1}% 5
\BOOKMARK [0][-]{chapter.2}{\376\377\122\032\117\123\217\320\122\250}{}% 6
\BOOKMARK [1][-]{section.2.1}{\376\377\122\032\117\123\217\320\122\250\116\016\217\320\122\250\145\313\221\317}{chapter.2}% 7
\BOOKMARK [2][-]{subsection.2.1.1}{\376\377\237\120\153\041\123\330\143\142\167\351\226\065}{section.2.1}% 8
\BOOKMARK [2][-]{subsection.2.1.2}{\376\377\237\120\153\041\123\330\143\142\167\351\226\065\166\204\140\047\215\050}{section.2.1}% 9
\BOOKMARK [2][-]{subsection.2.1.3}{\376\377\237\120\153\041\123\330\143\142\167\351\226\065\166\204\165\050\220\024}{section.2.1}% 10
\BOOKMARK [2][-]{subsection.2.1.4}{\376\377\217\320\122\250\145\313\221\317\377\010\000T\000w\000i\000s\000t\377\011}{section.2.1}% 11
\BOOKMARK [1][-]{section.2.2}{\376\377\122\233\145\313\221\317}{chapter.2}% 12
\BOOKMARK [0][-]{chapter.3}{\376\377\220\032\165\050\147\072\126\150\116\272\143\317\217\360\150\074\137\017\377\010\000U\000R\000D\000F\377\011}{}% 13
\BOOKMARK [1][-]{section.3.1}{\376\377\150\021\377\032\217\336\147\106\116\016\121\163\202\202}{chapter.3}% 14
\BOOKMARK [1][-]{section.3.2}{\376\377\000X\000M\000L\000\040\213\355\154\325}{chapter.3}% 15
\BOOKMARK [2][-]{subsection.3.2.1}{\376\377\150\071\121\103\175\040}{section.3.2}% 16
\BOOKMARK [2][-]{subsection.3.2.2}{\376\377\000l\000i\000n\000k}{section.3.2}% 17
\BOOKMARK [2][-]{subsection.3.2.3}{\376\377\000j\000o\000i\000n\000t}{section.3.2}% 18
\BOOKMARK [2][-]{subsection.3.2.4}{\376\377\133\214\145\164\171\072\117\213\377\032\116\214\201\352\165\061\136\246\147\072\150\260\201\302}{section.3.2}% 19
\BOOKMARK [1][-]{section.3.3}{\376\377\127\120\150\007\174\373\176\246\133\232\116\016\153\143\217\320\122\250\133\146}{chapter.3}% 20
\BOOKMARK [2][-]{subsection.3.3.1}{\376\377\000o\000r\000i\000g\000i\000n\000\040\134\061\146\057\237\120\153\041\123\330\143\142\167\351\226\065}{section.3.3}% 21
\BOOKMARK [2][-]{subsection.3.3.2}{\376\377\121\163\202\202\137\025\121\145\166\204\217\320\122\250}{section.3.3}% 22
\BOOKMARK [1][-]{section.3.4}{\376\377\000x\000a\000c\000r\000o\377\032\000U\000R\000D\000F\000\040\166\204\040\034\133\217\213\355\212\000\040\035}{chapter.3}% 23
\BOOKMARK [1][-]{section.3.5}{\376\377\136\070\165\050\135\345\121\167\116\016\135\345\117\134\155\101}{chapter.3}% 24
\BOOKMARK [1][-]{section.3.6}{\376\377\134\100\226\120\116\016\136\070\211\301\127\121}{chapter.3}% 25
