\BOOKMARK [0][-]{chapter.1}{\376\377\000C\000o\000n\000f\000i\000g\000u\000r\000a\000t\000i\000o\000n\000\040\000S\000p\000a\000c\000e\000\040\117\115\137\142\172\172\225\364}{}% 1
\BOOKMARK [1][-]{section.1.1}{\376\377\122\032\117\123\166\204\201\352\165\061\136\246}{chapter.1}% 2
\BOOKMARK [2][-]{subsection.1.1.1}{\376\377\201\352\165\061\136\246\166\204\213\241\173\227\143\250\133\374}{section.1.1}% 3
\BOOKMARK [1][-]{section.1.2}{\376\377\147\072\126\150\116\272\166\204\201\352\165\061\136\246}{chapter.1}% 4
\BOOKMARK [2][-]{subsection.1.2.1}{\376\377\147\072\126\150\116\272\121\163\202\202\174\173\127\213}{section.1.2}% 5
\BOOKMARK [2][-]{subsection.1.2.2}{\376\377\136\223\121\171\135\364\215\153\121\154\137\017}{section.1.2}% 6
\BOOKMARK [1][-]{section.1.3}{\376\377\117\115\137\142\172\172\225\364\377\032\142\323\142\121\116\016\210\150\217\276}{chapter.1}% 7
\BOOKMARK [2][-]{subsection.1.3.1}{\376\377\117\115\137\142\172\172\225\364\166\204\142\323\142\121\176\323\147\204}{section.1.3}% 8
\BOOKMARK [2][-]{subsection.1.3.2}{\376\377\117\115\137\142\172\172\225\364\166\204\210\150\217\276}{section.1.3}% 9
\BOOKMARK [2][-]{subsection.1.3.3}{\376\377\117\115\137\142\116\016\220\037\136\246\176\246\147\137}{section.1.3}% 10
\BOOKMARK [2][-]{subsection.1.3.4}{\376\377\133\214\145\164\176\246\147\137\000\040\000\050\000H\000o\000l\000o\000n\000o\000m\000i\000c\000\040\000C\000o\000n\000s\000t\000r\000a\000i\000n\000t\000s\000\051}{section.1.3}% 11
\BOOKMARK [1][-]{section.1.4}{\376\377\220\037\136\246\134\102\227\142\166\204\000\040\000P\000f\000a\000f\000f\000i\000a\000n\000\040\176\246\147\137\143\250\133\374}{chapter.1}% 12
\BOOKMARK [1][-]{section.1.5}{\376\377\227\136\133\214\145\164\176\246\147\137\133\236\117\213\377\032\156\332\122\250\170\154\136\001\166\204\167\351\226\065\142\306\211\343}{chapter.1}% 13
\BOOKMARK [1][-]{section.1.6}{\376\377\116\373\122\241\172\172\225\364\116\016\135\345\117\134\172\172\225\364}{chapter.1}% 14
\BOOKMARK [2][-]{subsection.1.6.1}{\376\377\116\373\122\241\172\172\225\364\000\040\000\050\000T\000a\000s\000k\000\040\000S\000p\000a\000c\000e\000\051}{section.1.6}% 15
\BOOKMARK [2][-]{subsection.1.6.2}{\376\377\135\345\117\134\172\172\225\364\000\040\000\050\000W\000o\000r\000k\000s\000p\000a\000c\000e\000\051}{section.1.6}% 16
\BOOKMARK [2][-]{subsection.1.6.3}{\376\377\133\236\117\213\122\006\147\220\377\032\0003\000R\000\040\131\377\140\001\214\003\145\164\147\072\147\204}{section.1.6}% 17
\BOOKMARK [0][-]{chapter.2}{\376\377\000R\000i\000g\000i\000d\000-\000B\000o\000d\000y\000\040\000M\000o\000t\000i\000o\000n\000s\000\040\122\032\117\123\217\320\122\250}{}% 18
\BOOKMARK [1][-]{section.2.1}{\376\377\137\025\212\000\116\016\127\372\170\100\151\202\137\365}{chapter.2}% 19
\BOOKMARK [1][-]{section.2.2}{\376\377\136\163\227\142\121\205\166\204\122\032\117\123\217\320\122\250}{chapter.2}% 20
\BOOKMARK [1][-]{section.2.3}{\376\377\145\313\217\154\167\351\226\065\116\016\211\322\220\037\136\246}{chapter.2}% 21
\BOOKMARK [2][-]{subsection.2.3.1}{\376\377\145\313\217\154\167\351\226\065\000\040\000S\000O\000\050\0003\000\051}{section.2.3}% 22
\BOOKMARK [2][-]{subsection.2.3.2}{\376\377\211\322\220\037\136\246\116\016\123\315\133\371\171\360\167\351\226\065}{section.2.3}% 23
\BOOKMARK [2][-]{subsection.2.3.3}{\376\377\145\313\217\154\166\204\143\007\145\160\127\120\150\007}{section.2.3}% 24
\BOOKMARK [1][-]{section.2.4}{\376\377\237\120\153\041\123\330\143\142\167\351\226\065\116\016\217\320\122\250\145\313\221\317}{chapter.2}% 25
\BOOKMARK [2][-]{subsection.2.4.1}{\376\377\237\120\153\041\123\330\143\142\167\351\226\065\000\040\000S\000E\000\050\0003\000\051}{section.2.4}% 26
\BOOKMARK [2][-]{subsection.2.4.2}{\376\377\217\320\122\250\145\313\221\317\000\040\000\050\000T\000w\000i\000s\000t\000\051}{section.2.4}% 27
\BOOKMARK [1][-]{section.2.5}{\376\377\122\233\145\313\221\317\000\040\000\050\000W\000r\000e\000n\000c\000h\000\051}{chapter.2}% 28
\BOOKMARK [0][-]{chapter.3}{\376\377\122\115\124\021\217\320\122\250\133\146\000\040\000\050\000F\000o\000r\000w\000a\000r\000d\000\040\000K\000i\000n\000e\000m\000a\000t\000i\000c\000s\000\051}{}% 29
\BOOKMARK [1][-]{section.3.1}{\376\377\143\007\145\160\171\357\121\154\137\017\000\040\000\050\000P\000o\000E\000\040\000F\000o\000r\000m\000u\000l\000a\000\051}{chapter.3}% 30
\BOOKMARK [2][-]{subsection.3.1.1}{\376\377\172\172\225\364\174\373\143\007\145\160\171\357\121\154\137\017\000\040\000\050\000P\000o\000E\000\040\000i\000n\000\040\000S\000p\000a\000c\000e\000\040\000F\000r\000a\000m\000e\000\051}{section.3.1}% 31
\BOOKMARK [2][-]{subsection.3.1.2}{\376\377\162\151\117\123\174\373\143\007\145\160\171\357\121\154\137\017\000\040\000\050\000P\000o\000E\000\040\000i\000n\000\040\000B\000o\000d\000y\000\040\000F\000r\000a\000m\000e\000\051}{section.3.1}% 32
\BOOKMARK [1][-]{section.3.2}{\376\377\207\272\145\313\217\164\000\040\000S\000i\000\040\166\204\170\156\133\232\145\271\154\325}{chapter.3}% 33
\BOOKMARK [1][-]{section.3.3}{\376\377\000P\000o\000E\000\040\116\016\000\040\000D\000-\000H\000\040\123\302\145\160\154\325\166\204\133\371\153\324}{chapter.3}% 34
\BOOKMARK [1][-]{section.3.4}{\376\377\217\320\122\250\133\146\140\073\176\323\116\016\171\072\117\213}{chapter.3}% 35
\BOOKMARK [0][-]{chapter.4}{\376\377\220\037\136\246\217\320\122\250\133\146\116\016\227\131\122\233\133\146\000\040\000\050\000V\000e\000l\000o\000c\000i\000t\000y\000\040\000K\000i\000n\000e\000m\000a\000t\000i\000c\000s\000\040\000a\000n\000d\000\040\000S\000t\000a\000t\000i\000c\000s\000\051}{}% 36
\BOOKMARK [1][-]{section.4.1}{\376\377\226\305\123\357\153\324\167\351\226\065\000\040\000\050\000T\000h\000e\000\040\000M\000a\000n\000i\000p\000u\000l\000a\000t\000o\000r\000\040\000J\000a\000c\000o\000b\000i\000a\000n\000\051}{chapter.4}% 37
\BOOKMARK [2][-]{subsection.4.1.1}{\376\377\172\172\225\364\226\305\123\357\153\324\167\351\226\065\000\040\000J\000s\000\050\000\051}{section.4.1}% 38
\BOOKMARK [2][-]{subsection.4.1.2}{\376\377\162\151\117\123\226\305\123\357\153\324\167\351\226\065\000\040\000J\000b\000\050\000\051}{section.4.1}% 39
\BOOKMARK [1][-]{section.4.2}{\376\377\137\000\224\376\227\131\122\233\133\146\000\040\000\050\000S\000t\000a\000t\000i\000c\000s\000\040\000o\000f\000\040\000O\000p\000e\000n\000\040\000C\000h\000a\000i\000n\000s\000\051}{chapter.4}% 40
\BOOKMARK [1][-]{section.4.3}{\376\377\131\107\137\002\140\047\122\006\147\220\000\040\000\050\000S\000i\000n\000g\000u\000l\000a\000r\000i\000t\000y\000\040\000A\000n\000a\000l\000y\000s\000i\000s\000\051}{chapter.4}% 41
\BOOKMARK [1][-]{section.4.4}{\376\377\123\357\144\315\117\134\140\047\000\040\000\050\000M\000a\000n\000i\000p\000u\000l\000a\000b\000i\000l\000i\000t\000y\000\051}{chapter.4}% 42
\BOOKMARK [0][-]{chapter.5}{\376\377\220\006\217\320\122\250\133\146\000\040\000\050\000I\000n\000v\000e\000r\000s\000e\000\040\000K\000i\000n\000e\000m\000a\000t\000i\000c\000s\000\051}{}% 43
\BOOKMARK [1][-]{section.5.1}{\376\377\211\343\147\220\220\006\217\320\122\250\133\146\000\040\000\050\000A\000n\000a\000l\000y\000t\000i\000c\000\040\000I\000n\000v\000e\000r\000s\000e\000\040\000K\000i\000n\000e\000m\000a\000t\000i\000c\000s\000\051}{chapter.5}% 44
\BOOKMARK [1][-]{section.5.2}{\376\377\145\160\120\074\220\006\217\320\122\250\133\146\000\040\000\050\000N\000u\000m\000e\000r\000i\000c\000a\000l\000\040\000I\000n\000v\000e\000r\000s\000e\000\040\000K\000i\000n\000e\000m\000a\000t\000i\000c\000s\000\051}{chapter.5}% 45
\BOOKMARK [2][-]{subsection.5.2.1}{\376\377\213\357\135\356\133\232\116\111\116\016\143\250\133\374}{section.5.2}% 46
\BOOKMARK [2][-]{subsection.5.2.2}{\376\377\173\227\154\325\217\355\116\343\121\154\137\017}{section.5.2}% 47
\BOOKMARK [1][-]{section.5.3}{\376\377\220\006\220\037\136\246\217\320\122\250\133\146\000\040\000\050\000I\000n\000v\000e\000r\000s\000e\000\040\000V\000e\000l\000o\000c\000i\000t\000y\000\040\000K\000i\000n\000e\000m\000a\000t\000i\000c\000s\000\051}{chapter.5}% 48
\BOOKMARK [1][-]{section.5.4}{\376\377\137\305\211\201\166\204\176\330\126\376\213\364\146\016}{chapter.5}% 49
\BOOKMARK [1][-]{section.5.5}{\376\377\140\073\176\323\116\016\140\035\200\003}{chapter.5}% 50
\BOOKMARK [0][-]{chapter.6}{\376\377\225\355\224\376\217\320\122\250\133\146}{}% 51
\BOOKMARK [1][-]{section.6.1}{\376\377\225\355\163\257\176\246\147\137\145\271\172\013}{chapter.6}% 52
\BOOKMARK [1][-]{section.6.2}{\376\377\220\037\136\246\134\102\227\142\166\204\176\246\147\137}{chapter.6}% 53
\BOOKMARK [1][-]{section.6.3}{\376\377\121\170\127\213\147\072\147\204\377\032\000S\000t\000e\000w\000a\000r\000t\000\040\136\163\123\360}{chapter.6}% 54
\BOOKMARK [1][-]{section.6.4}{\376\377\131\107\137\002\140\047\122\006\147\220}{chapter.6}% 55
\BOOKMARK [0][-]{chapter.7}{\376\377\137\000\224\376\122\250\122\233\133\146}{}% 56
\BOOKMARK [1][-]{section.7.1}{\376\377\142\311\150\074\147\027\145\345\122\250\122\233\133\146\145\271\172\013}{chapter.7}% 57
\BOOKMARK [1][-]{section.7.2}{\376\377\123\125\122\032\117\123\122\250\122\233\133\146\377\032\122\233\145\313\221\317\116\016\122\250\221\317}{chapter.7}% 58
\BOOKMARK [1][-]{section.7.3}{\376\377\220\022\137\122\162\133\230\177\000-\153\047\142\311\173\227\154\325\000\040\000\050\000R\000N\000E\000A\000\051}{chapter.7}% 59
\BOOKMARK [1][-]{section.7.4}{\376\377\116\373\122\241\172\172\225\364\122\250\122\233\133\146}{chapter.7}% 60
\BOOKMARK [1][-]{section.7.5}{\376\377\144\151\144\346\122\233\116\016\217\154\133\120\140\357\221\317}{chapter.7}% 61
\BOOKMARK [0][-]{chapter.8}{\376\377\217\150\217\371\211\304\122\022}{}% 62
\BOOKMARK [1][-]{section.8.1}{\376\377\000\040\215\357\137\204\116\016\217\150\217\371\166\204\121\163\174\373}{chapter.8}% 63
\BOOKMARK [1][-]{section.8.2}{\376\377\160\271\122\060\160\271\217\150\217\371\000\040\000\050\000P\000o\000i\000n\000t\000-\000t\000o\000-\000P\000o\000i\000n\000t\000\040\000T\000r\000a\000j\000e\000c\000t\000o\000r\000i\000e\000s\000\051}{chapter.8}% 64
\BOOKMARK [1][-]{section.8.3}{\376\377\150\257\137\142\220\037\136\246\146\362\176\277\000\040\000\050\000T\000r\000a\000p\000e\000z\000o\000i\000d\000a\000l\000\040\000M\000o\000t\000i\000o\000n\000\040\000P\000r\000o\000f\000i\000l\000e\000s\000\051}{chapter.8}% 65
\BOOKMARK [1][-]{section.8.4}{\376\377\131\032\160\271\215\357\137\204\136\163\156\321\000\040\000\050\000M\000u\000l\000t\000i\000-\000p\000o\000i\000n\000t\000\040\000T\000r\000a\000j\000e\000c\000t\000o\000r\000i\000e\000s\000\051}{chapter.8}% 66
\BOOKMARK [1][-]{section.8.5}{\376\377\116\373\122\241\172\172\225\364\217\150\217\371\211\304\122\022}{chapter.8}% 67
