\BOOKMARK [0][-]{chapter.1}{\376\377\137\025\212\000\116\016\145\160\133\146\127\372\170\100}{}% 1
\BOOKMARK [1][-]{section.1.1}{\376\377\155\101\117\123\122\233\133\146\151\202\217\360}{chapter.1}% 2
\BOOKMARK [2][-]{subsection.1.1.1}{\376\377\155\101\117\123\122\233\133\146\166\204\123\321\134\125\173\200\123\362}{section.1.1}% 3
\BOOKMARK [2][-]{subsection.1.1.2}{\376\377\155\101\117\123\122\233\133\146\166\204\136\224\165\050\230\206\127\337}{section.1.1}% 4
\BOOKMARK [1][-]{section.1.2}{\376\377\155\101\117\123\166\204\127\372\147\054\151\202\137\365}{chapter.1}% 5
\BOOKMARK [2][-]{subsection.1.2.1}{\376\377\217\336\176\355\116\313\215\050\120\107\213\276}{section.1.2}% 6
\BOOKMARK [2][-]{subsection.1.2.2}{\376\377\155\101\117\123\215\050\160\271}{section.1.2}% 7
\BOOKMARK [2][-]{subsection.1.2.3}{\376\377\155\101\117\123\166\204\116\073\211\201\162\151\164\006\140\047\215\050}{section.1.2}% 8
\BOOKMARK [1][-]{section.1.3}{\376\377\167\342\221\317\116\016\137\040\221\317\122\006\147\220\127\372\170\100}{chapter.1}% 9
\BOOKMARK [2][-]{subsection.1.3.1}{\376\377\167\342\221\317\137\256\122\006\173\227\133\120}{section.1.3}% 10
\BOOKMARK [2][-]{subsection.1.3.2}{\376\377\171\357\122\006\133\232\164\006}{section.1.3}% 11
\BOOKMARK [2][-]{subsection.1.3.3}{\376\377\137\040\221\317\127\372\170\100}{section.1.3}% 12
\BOOKMARK [2][-]{subsection.1.3.4}{\376\377\136\070\165\050\167\342\221\317\140\122\173\111\137\017}{section.1.3}% 13
\BOOKMARK [1][-]{section.1.4}{\376\377\162\151\215\050\133\374\145\160}{chapter.1}% 14
\BOOKMARK [2][-]{subsection.1.4.1}{\376\377\142\311\150\074\147\027\145\345\143\317\217\360\116\016\153\047\142\311\143\317\217\360}{section.1.4}% 15
\BOOKMARK [2][-]{subsection.1.4.2}{\376\377\162\151\215\050\133\374\145\160\166\204\133\232\116\111}{section.1.4}% 16
\BOOKMARK [2][-]{subsection.1.4.3}{\376\377\133\232\136\070\116\016\227\136\133\232\136\070\155\101\122\250}{section.1.4}% 17
\BOOKMARK [1][-]{section.1.5}{\376\377\226\367\213\372\217\223\217\320\133\232\164\006}{chapter.1}% 18
\BOOKMARK [2][-]{subsection.1.5.1}{\376\377\143\247\122\066\117\123\116\016\162\151\215\050\117\123}{section.1.5}% 19
\BOOKMARK [2][-]{subsection.1.5.2}{\376\377\217\223\217\320\121\154\137\017\166\204\143\250\133\374}{section.1.5}% 20
\BOOKMARK [2][-]{subsection.1.5.3}{\376\377\217\223\217\320\133\232\164\006\166\204\136\224\165\050}{section.1.5}% 21
\BOOKMARK [2][-]{subsection.1.5.4}{\376\377\217\223\217\320\133\232\164\006\166\204\143\250\136\177\137\142\137\017}{section.1.5}% 22
\BOOKMARK [2][-]{subsection.1.5.5}{\376\377\147\054\172\340\134\017\176\323}{section.1.5}% 23
\BOOKMARK [0][-]{chapter.2}{\376\377\155\101\117\123\227\131\122\233\133\146}{}% 24
\BOOKMARK [1][-]{section.2.1}{\376\377\227\131\153\142\155\101\117\123\116\055\166\204\136\224\122\233}{chapter.2}% 25
\BOOKMARK [2][-]{subsection.2.1.1}{\376\377\136\224\122\233\166\204\124\004\124\021\124\014\140\047}{section.2.1}% 26
\BOOKMARK [2][-]{subsection.2.1.2}{\376\377\123\213\137\072\166\204\133\232\116\111\116\016\123\125\117\115}{section.2.1}% 27
\BOOKMARK [1][-]{section.2.2}{\376\377\155\101\117\123\227\131\122\233\133\146\127\372\147\054\145\271\172\013}{chapter.2}% 28
\BOOKMARK [2][-]{subsection.2.2.1}{\376\377\137\256\122\006\137\142\137\017\166\204\136\163\210\141\145\271\172\013}{section.2.2}% 29
\BOOKMARK [2][-]{subsection.2.2.2}{\376\377\173\111\123\213\227\142}{section.2.2}% 30
\BOOKMARK [1][-]{section.2.3}{\376\377\221\315\122\233\127\072\116\055\166\204\123\213\137\072\122\006\136\003}{chapter.2}% 31
\BOOKMARK [2][-]{subsection.2.3.1}{\376\377\155\101\117\123\227\131\122\233\133\146\127\372\147\054\121\154\137\017}{section.2.3}% 32
\BOOKMARK [2][-]{subsection.2.3.2}{\376\377\136\025\145\257\123\141\123\237\164\006}{section.2.3}% 33
\BOOKMARK [2][-]{subsection.2.3.3}{\376\377\131\047\154\024\123\213\137\072\166\204\122\006\136\003}{section.2.3}% 34
\BOOKMARK [1][-]{section.2.4}{\376\377\117\134\165\050\127\050\136\163\227\142\116\012\166\204\155\101\117\123\227\131\123\213\122\233}{chapter.2}% 35
\BOOKMARK [2][-]{subsection.2.4.1}{\376\377\136\163\227\142\116\012\166\204\140\073\123\213\122\233}{section.2.4}% 36
\BOOKMARK [2][-]{subsection.2.4.2}{\376\377\123\213\122\233\116\055\137\303}{section.2.4}% 37
\BOOKMARK [2][-]{subsection.2.4.3}{\376\377\136\070\211\301\136\163\227\142\126\376\137\142\166\204\140\357\140\047\167\351}{section.2.4}% 38
\BOOKMARK [1][-]{section.2.5}{\376\377\117\134\165\050\127\050\146\362\227\142\116\012\166\204\155\101\117\123\227\131\123\213\122\233}{chapter.2}% 39
\BOOKMARK [2][-]{subsection.2.5.1}{\376\377\146\362\227\142\116\012\166\204\140\073\123\213\122\233}{section.2.5}% 40
\BOOKMARK [2][-]{subsection.2.5.2}{\376\377\155\156\122\233\040\024\040\024\226\077\127\372\174\163\137\267\123\237\164\006}{section.2.5}% 41
\BOOKMARK [1][-]{section.2.6}{\376\377\227\136\140\357\140\047\127\120\150\007\174\373\116\055\166\204\155\101\117\123\227\131\122\233\133\146}{chapter.2}% 42
\BOOKMARK [2][-]{subsection.2.6.1}{\376\377\173\111\122\240\220\037\166\364\176\277\217\320\122\250}{section.2.6}% 43
\BOOKMARK [2][-]{subsection.2.6.2}{\376\377\173\111\211\322\220\037\136\246\145\313\217\154}{section.2.6}% 44
\BOOKMARK [1][-]{section.2.7}{\376\377\210\150\227\142\137\040\122\233\116\016\153\333\176\306\163\260\214\141}{chapter.2}% 45
\BOOKMARK [2][-]{subsection.2.7.1}{\376\377\210\150\227\142\137\040\122\233}{section.2.7}% 46
\BOOKMARK [2][-]{subsection.2.7.2}{\376\377\147\150\040\024\142\311\146\156\142\311\145\257\145\271\172\013}{section.2.7}% 47
\BOOKMARK [2][-]{subsection.2.7.3}{\376\377\143\245\211\346\211\322\116\016\153\333\176\306\163\260\214\141}{section.2.7}% 48
\BOOKMARK [2][-]{subsection.2.7.4}{\376\377\147\054\172\340\134\017\176\323}{section.2.7}% 49
\BOOKMARK [0][-]{chapter.3}{\376\377\155\101\117\123\217\320\122\250\133\146}{}% 50
\BOOKMARK [1][-]{section.3.1}{\376\377\143\317\217\360\155\101\117\123\217\320\122\250\166\204\116\044\171\315\145\271\154\325}{chapter.3}% 51
\BOOKMARK [2][-]{subsection.3.1.1}{\376\377\142\311\150\074\147\027\145\345\145\271\154\325\116\016\153\047\142\311\145\271\154\325\126\336\230\176}{section.3.1}% 52
\BOOKMARK [2][-]{subsection.3.1.2}{\376\377\155\101\176\277\060\001\217\371\176\277\116\016\155\101\173\241}{section.3.1}% 53
\BOOKMARK [1][-]{section.3.2}{\376\377\220\037\136\246\127\072\166\204\122\006\211\343}{chapter.3}% 54
\BOOKMARK [2][-]{subsection.3.2.1}{\376\377\116\245\131\306\227\015\121\171\220\037\136\246\122\006\211\343\133\232\164\006}{section.3.2}% 55
\BOOKMARK [2][-]{subsection.3.2.2}{\376\377\116\245\131\306\227\015\121\171\133\232\164\006\166\204\162\151\164\006\141\017\116\111}{section.3.2}% 56
\BOOKMARK [1][-]{section.3.3}{\376\377\136\224\123\330\163\207\137\040\221\317}{chapter.3}% 57
\BOOKMARK [2][-]{subsection.3.3.1}{\376\377\176\277\136\224\123\330\163\207\116\016\211\322\136\224\123\330\163\207}{section.3.3}% 58
\BOOKMARK [2][-]{subsection.3.3.2}{\376\377\136\224\123\330\163\207\137\040\221\317\166\204\116\073\120\074}{section.3.3}% 59
\BOOKMARK [2][-]{subsection.3.3.3}{\376\377\155\241\221\317\116\016\220\037\136\246\150\257\136\246\137\040\221\317\166\204\116\015\123\330\221\317}{section.3.3}% 60
\BOOKMARK [1][-]{section.3.4}{\376\377\155\241\221\317}{chapter.3}% 61
\BOOKMARK [2][-]{subsection.3.4.1}{\376\377\155\241\221\317\166\204\133\232\116\111\116\016\162\151\164\006\141\017\116\111}{section.3.4}% 62
\BOOKMARK [2][-]{subsection.3.4.2}{\376\377\155\241\176\277\060\001\155\241\173\241\116\016\155\241\116\035}{section.3.4}% 63
\BOOKMARK [2][-]{subsection.3.4.3}{\376\377\163\257\221\317\116\016\145\257\142\130\121\113\145\257\133\232\164\006}{section.3.4}% 64
\BOOKMARK [1][-]{section.3.5}{\376\377\147\011\145\313\155\101\122\250\116\016\145\340\145\313\155\101\122\250}{chapter.3}% 65
\BOOKMARK [2][-]{subsection.3.5.1}{\376\377\145\340\145\313\155\101\122\250\116\016\220\037\136\246\122\277}{section.3.5}% 66
\BOOKMARK [2][-]{subsection.3.5.2}{\376\377\147\011\145\313\155\101\122\250\166\204\162\171\137\201}{section.3.5}% 67
\BOOKMARK [1][-]{section.3.6}{\376\377\155\101\121\375\145\160}{chapter.3}% 68
\BOOKMARK [2][-]{subsection.3.6.1}{\376\377\136\163\227\142\155\101\122\250\166\204\155\101\121\375\145\160}{section.3.6}% 69
\BOOKMARK [2][-]{subsection.3.6.2}{\376\377\217\164\133\371\171\360\155\101\122\250\166\204\155\101\121\375\145\160}{section.3.6}% 70
\BOOKMARK [2][-]{subsection.3.6.3}{\376\377\116\011\176\364\155\101\122\250\166\204\155\101\121\375\145\160}{section.3.6}% 71
\BOOKMARK [1][-]{section.3.7}{\376\377\155\101\122\250\166\204\122\006\174\173}{chapter.3}% 72
\BOOKMARK [2][-]{subsection.3.7.1}{\376\377\133\232\136\070\116\016\227\136\133\232\136\070\155\101\122\250}{section.3.7}% 73
\BOOKMARK [2][-]{subsection.3.7.2}{\376\377\127\107\123\000\116\016\227\136\127\107\123\000\155\101\122\250}{section.3.7}% 74
\BOOKMARK [2][-]{subsection.3.7.3}{\376\377\116\000\176\364\060\001\116\214\176\364\116\016\116\011\176\364\155\101\122\250}{section.3.7}% 75
\BOOKMARK [2][-]{subsection.3.7.4}{\376\377\134\102\155\101\116\016\156\115\155\101\151\202\217\360}{section.3.7}% 76
\BOOKMARK [2][-]{subsection.3.7.5}{\376\377\123\357\123\213\177\051\116\016\116\015\123\357\123\213\177\051\155\101\122\250}{section.3.7}% 77
\BOOKMARK [2][-]{subsection.3.7.6}{\376\377\147\054\172\340\134\017\176\323}{section.3.7}% 78
\BOOKMARK [0][-]{chapter.4}{\376\377\164\006\140\363\155\101\117\123\122\250\122\233\133\146}{}% 79
\BOOKMARK [1][-]{section.4.1}{\376\377\153\047\142\311\145\271\172\013}{chapter.4}% 80
\BOOKMARK [2][-]{subsection.4.1.1}{\376\377\164\006\140\363\155\101\117\123\166\204\122\250\221\317\145\271\172\013}{section.4.1}% 81
\BOOKMARK [2][-]{subsection.4.1.2}{\376\377\153\047\142\311\145\271\172\013\116\016\176\263\176\364\040\024\145\257\142\130\121\113\145\257\145\271\172\013\166\204\121\163\174\373}{section.4.1}% 82
\BOOKMARK [2][-]{subsection.4.1.3}{\376\377\153\047\142\311\145\271\172\013\166\204\217\271\165\114\147\141\116\366}{section.4.1}% 83
\BOOKMARK [1][-]{section.4.2}{\376\377\154\277\155\101\176\277\166\204\117\057\122\252\122\051\145\271\172\013}{chapter.4}% 84
\BOOKMARK [2][-]{subsection.4.2.1}{\376\377\143\250\133\374}{section.4.2}% 85
\BOOKMARK [2][-]{subsection.4.2.2}{\376\377\145\340\145\313\155\101\122\250\116\055\166\204\117\057\122\252\122\051\145\271\172\013}{section.4.2}% 86
\BOOKMARK [1][-]{section.4.3}{\376\377\117\057\122\252\122\051\145\271\172\013\166\204\136\224\165\050}{chapter.4}% 87
\BOOKMARK [2][-]{subsection.4.3.1}{\376\377\166\256\142\130\173\241}{section.4.3}% 88
\BOOKMARK [2][-]{subsection.4.3.2}{\376\377\145\207\116\030\221\314\173\241}{section.4.3}% 89
\BOOKMARK [2][-]{subsection.4.3.3}{\376\377\134\017\133\124\121\372\155\101\040\024\040\024\142\130\221\314\142\306\122\051\133\232\164\006}{section.4.3}% 90
\BOOKMARK [1][-]{section.4.4}{\376\377\145\340\145\313\155\101\122\250\116\016\220\037\136\246\122\277\164\006\213\272}{chapter.4}% 91
\BOOKMARK [2][-]{subsection.4.4.1}{\376\377\220\037\136\246\122\277\116\016\142\311\146\156\142\311\145\257\145\271\172\013}{section.4.4}% 92
\BOOKMARK [2][-]{subsection.4.4.2}{\376\377\122\277\155\101\225\356\230\230\166\204\220\002\133\232\140\047}{section.4.4}% 93
\BOOKMARK [1][-]{section.4.5}{\376\377\136\163\227\142\122\277\155\101\116\016\131\015\122\277}{chapter.4}% 94
\BOOKMARK [2][-]{subsection.4.5.1}{\376\377\131\015\122\277\166\204\127\372\147\054\164\006\213\272}{section.4.5}% 95
\BOOKMARK [2][-]{subsection.4.5.2}{\376\377\127\372\147\054\122\277\155\101}{section.4.5}% 96
\BOOKMARK [2][-]{subsection.4.5.3}{\376\377\123\340\122\240\123\237\164\006\116\016\127\006\147\361\176\325\155\101}{section.4.5}% 97
\BOOKMARK [2][-]{subsection.4.5.4}{\376\377\217\276\147\027\215\035\134\024\117\157\214\054}{section.4.5}% 98
\BOOKMARK [1][-]{section.4.6}{\376\377\163\257\221\317\116\016\123\107\122\233}{chapter.4}% 99
\BOOKMARK [2][-]{subsection.4.6.1}{\376\377\136\046\163\257\221\317\166\204\127\006\147\361\176\325\155\101}{section.4.6}% 100
\BOOKMARK [2][-]{subsection.4.6.2}{\376\377\136\223\130\124\040\024\203\071\171\321\131\053\145\257\127\372\133\232\164\006}{section.4.6}% 101
\BOOKMARK [2][-]{subsection.4.6.3}{\376\377\136\223\130\124\147\141\116\366\116\016\163\257\221\317\166\204\170\156\133\232}{section.4.6}% 102
\BOOKMARK [2][-]{subsection.4.6.4}{\376\377\232\154\150\074\122\252\145\257\145\110\136\224}{section.4.6}% 103
\BOOKMARK [2][-]{subsection.4.6.5}{\376\377\147\054\172\340\134\017\176\323}{section.4.6}% 104
\BOOKMARK [0][-]{chapter.5}{\376\377\174\230\140\047\155\101\117\123\122\250\122\233\133\146}{}% 105
\BOOKMARK [1][-]{section.5.1}{\376\377\174\230\140\047\136\224\122\233\166\204\147\054\147\204\121\163\174\373}{chapter.5}% 106
\BOOKMARK [2][-]{subsection.5.1.1}{\376\377\136\177\116\111\162\133\230\177\155\101\117\123\166\204\136\224\122\233\137\040\221\317}{section.5.1}% 107
\BOOKMARK [1][-]{section.5.2}{\376\377\000N\000a\000v\000i\000e\000r\000-\000S\000t\000o\000k\000e\000s\145\271\172\013\166\204\143\250\133\374}{chapter.5}% 108
\BOOKMARK [2][-]{subsection.5.2.1}{\376\377\217\336\176\355\140\047\145\271\172\013}{section.5.2}% 109
\BOOKMARK [2][-]{subsection.5.2.2}{\376\377\122\250\221\317\145\271\172\013\377\010\000C\000a\000u\000c\000h\000y\217\320\122\250\145\271\172\013\377\011}{section.5.2}% 110
\BOOKMARK [2][-]{subsection.5.2.3}{\376\377\147\054\147\204\121\163\174\373\116\343\121\145\040\024\040\024\133\214\145\164\000N\000S\145\271\172\013}{section.5.2}% 111
\BOOKMARK [1][-]{section.5.3}{\376\377\116\015\123\357\123\213\177\051\000N\000a\000v\000i\000e\000r\000-\000S\000t\000o\000k\000e\000s\145\271\172\013}{chapter.5}% 112
\BOOKMARK [2][-]{subsection.5.3.1}{\376\377\127\372\147\054\137\142\137\017}{section.5.3}% 113
\BOOKMARK [2][-]{subsection.5.3.2}{\376\377\123\213\122\233\000P\000o\000i\000s\000s\000o\000n\145\271\172\013}{section.5.3}% 114
\BOOKMARK [2][-]{subsection.5.3.3}{\376\377\200\375\221\317\145\271\172\013}{section.5.3}% 115
\BOOKMARK [1][-]{section.5.4}{\376\377\000N\000a\000v\000i\000e\000r\000-\000S\000t\000o\000k\000e\000s\145\271\172\013\166\204\145\340\221\317\176\262\123\026}{chapter.5}% 116
\BOOKMARK [2][-]{subsection.5.4.1}{\376\377\145\340\221\317\176\262\123\026\217\307\172\013}{section.5.4}% 117
\BOOKMARK [2][-]{subsection.5.4.2}{\376\377\000R\000e\000y\000n\000o\000l\000d\000s\145\160\123\312\121\166\162\151\164\006\141\017\116\111}{section.5.4}% 118
\BOOKMARK [2][-]{subsection.5.4.3}{\376\377\121\166\116\326\221\315\211\201\166\204\145\340\221\317\176\262\145\160}{section.5.4}% 119
\BOOKMARK [2][-]{subsection.5.4.4}{\376\377\116\015\124\014\000R\000e\145\160\203\003\126\364\166\204\155\101\122\250\162\171\137\201}{section.5.4}% 120
\BOOKMARK [1][-]{section.5.5}{\376\377\000N\000a\000v\000i\000e\000r\000-\000S\000t\000o\000k\000e\000s\145\271\172\013\166\204\174\276\170\156\211\343}{chapter.5}% 121
\BOOKMARK [2][-]{subsection.5.5.1}{\376\377\000C\000o\000u\000e\000t\000t\000e\155\101\122\250}{section.5.5}% 122
\BOOKMARK [2][-]{subsection.5.5.2}{\376\377\000P\000o\000i\000s\000e\000u\000i\000l\000l\000e\155\101\122\250}{section.5.5}% 123
\BOOKMARK [2][-]{subsection.5.5.3}{\376\377\000S\000t\000o\000k\000e\000s\173\054\116\000\225\356\230\230\040\024\040\024\172\201\161\066\215\167\122\250\136\163\147\177}{section.5.5}% 124
\BOOKMARK [2][-]{subsection.5.5.4}{\376\377\000S\000t\000o\000k\000e\000s\173\054\116\214\225\356\230\230\040\024\040\024\143\057\203\141\136\163\147\177}{section.5.5}% 125
\BOOKMARK [1][-]{section.5.6}{\376\377\166\370\117\074\211\343\116\016\221\317\176\262\122\006\147\220}{chapter.5}% 126
\BOOKMARK [2][-]{subsection.5.6.1}{\376\377\000B\000u\000c\000k\000i\000n\000g\000h\000a\000m\000\040\000\040\133\232\164\006}{section.5.6}% 127
\BOOKMARK [2][-]{subsection.5.6.2}{\376\377\201\352\166\370\117\074\211\343}{section.5.6}% 128
\BOOKMARK [2][-]{subsection.5.6.3}{\376\377\000N\000S\145\271\172\013\166\204\221\317\176\262\122\006\147\220\211\201\160\271}{section.5.6}% 129
\BOOKMARK [1][-]{section.5.7}{\376\377\000N\000a\000v\000i\000e\000r\000-\000S\000t\000o\000k\000e\000s\145\271\172\013\166\204\145\160\133\146\140\047\215\050}{chapter.5}% 130
\BOOKMARK [2][-]{subsection.5.7.1}{\376\377\227\136\176\277\140\047\140\047\215\050}{section.5.7}% 131
\BOOKMARK [2][-]{subsection.5.7.2}{\376\377\200\375\221\317\133\210\140\122\116\016\200\027\145\143}{section.5.7}% 132
\BOOKMARK [2][-]{subsection.5.7.3}{\376\377\000H\000e\000l\000m\000h\000o\000l\000t\000z\122\006\211\343\116\016\142\225\137\161\173\227\133\120}{section.5.7}% 133
\BOOKMARK [2][-]{subsection.5.7.4}{\376\377\133\130\127\050\140\047\116\016\121\111\156\321\140\047\040\024\040\024\123\103\171\247\136\164\225\356\230\230}{section.5.7}% 134
\BOOKMARK [2][-]{subsection.5.7.5}{\376\377\220\002\133\232\140\047}{section.5.7}% 135
\BOOKMARK [1][-]{section.5.8}{\376\377\117\116\000R\000e\000y\000n\000o\000l\000d\000s\145\160\155\101\122\250\040\024\040\024\000S\000t\000o\000k\000e\000s\155\101\122\250}{chapter.5}% 136
\BOOKMARK [2][-]{subsection.5.8.1}{\376\377\000S\000t\000o\000k\000e\000s\145\271\172\013\166\204\127\372\147\054\140\047\215\050}{section.5.8}% 137
\BOOKMARK [2][-]{subsection.5.8.2}{\376\377\000S\000t\000o\000k\000e\000s\226\073\122\233\121\154\137\017}{section.5.8}% 138
\BOOKMARK [2][-]{subsection.5.8.3}{\376\377\000O\000s\000e\000e\000n\117\356\153\143}{section.5.8}% 139
\BOOKMARK [2][-]{subsection.5.8.4}{\376\377\117\116\000R\000e\145\160\155\101\122\250\166\204\136\224\165\050}{section.5.8}% 140
\BOOKMARK [2][-]{subsection.5.8.5}{\376\377\155\246\156\321\164\006\213\272}{section.5.8}% 141
\BOOKMARK [2][-]{subsection.5.8.6}{\376\377\000H\000e\000l\000e\000-\000S\000h\000a\000w\155\101\122\250}{section.5.8}% 142
\BOOKMARK [2][-]{subsection.5.8.7}{\376\377\131\032\133\124\116\313\215\050\155\101\122\250\040\024\040\024\000D\000a\000r\000c\000y\133\232\137\213}{section.5.8}% 143
\BOOKMARK [1][-]{section.5.9}{\376\377\147\054\172\340\140\073\176\323}{chapter.5}% 144
\BOOKMARK [0][-]{chapter.6}{\376\377\134\102\155\101\116\016\156\115\155\101}{}% 145
\BOOKMARK [1][-]{section.6.1}{\376\377\134\102\155\101\122\060\156\115\155\101\166\204\217\154\143\151}{chapter.6}% 146
\BOOKMARK [2][-]{subsection.6.1.1}{\376\377\000R\000e\000y\000n\000o\000l\000d\000s\166\204\176\317\121\170\133\236\232\214}{section.6.1}% 147
\BOOKMARK [2][-]{subsection.6.1.2}{\376\377\217\154\143\151\147\072\122\066}{section.6.1}% 148
\BOOKMARK [1][-]{section.6.2}{\376\377\155\101\122\250\172\063\133\232\140\047\164\006\213\272}{chapter.6}% 149
\BOOKMARK [2][-]{subsection.6.2.1}{\376\377\176\277\140\047\172\063\133\232\140\047\122\006\147\220\166\204\127\372\147\054\150\106\147\266}{section.6.2}% 150
\BOOKMARK [2][-]{subsection.6.2.2}{\376\377\000O\000r\000r\000-\000S\000o\000m\000m\000e\000r\000f\000e\000l\000d\145\271\172\013}{section.6.2}% 151
\BOOKMARK [2][-]{subsection.6.2.3}{\376\377\176\277\140\047\172\063\133\232\140\047\166\204\145\160\120\074\154\102\211\343}{section.6.2}% 152
\BOOKMARK [2][-]{subsection.6.2.4}{\376\377\227\136\176\277\140\047\172\063\133\232\140\047\116\016\122\006\134\224}{section.6.2}% 153
\BOOKMARK [1][-]{section.6.3}{\376\377\156\115\155\101\166\204\176\337\213\241\143\317\217\360}{chapter.6}% 154
\BOOKMARK [2][-]{subsection.6.3.1}{\376\377\000R\000e\000y\000n\000o\000l\000d\000s\122\006\211\343}{section.6.3}% 155
\BOOKMARK [1][-]{section.6.4}{\376\377\000R\000e\000y\000n\000o\000l\000d\000s\136\163\127\107\000N\000a\000v\000i\000e\000r\000-\000S\000t\000o\000k\000e\000s\145\271\172\013}{chapter.6}% 156
\BOOKMARK [2][-]{subsection.6.4.1}{\376\377\000R\000A\000N\000S\145\271\172\013\166\204\143\250\133\374}{section.6.4}% 157
\BOOKMARK [2][-]{subsection.6.4.2}{\376\377\156\115\155\101\166\204\134\001\225\355\225\356\230\230}{section.6.4}% 158
\BOOKMARK [1][-]{section.6.5}{\376\377\000R\000e\000y\000n\000o\000l\000d\000s\136\224\122\233}{chapter.6}% 159
\BOOKMARK [2][-]{subsection.6.5.1}{\376\377\162\151\164\006\141\017\116\111}{section.6.5}% 160
\BOOKMARK [2][-]{subsection.6.5.2}{\376\377\155\241\174\230\140\047\120\107\213\276}{section.6.5}% 161
\BOOKMARK [2][-]{subsection.6.5.3}{\376\377\155\367\124\010\225\177\136\246\152\041\127\213}{section.6.5}% 162
\BOOKMARK [2][-]{subsection.6.5.4}{\376\377\156\115\122\250\200\375\145\271\172\013\116\016\116\044\145\271\172\013\152\041\127\213}{section.6.5}% 163
\BOOKMARK [1][-]{section.6.6}{\376\377\156\115\155\101\166\204\200\375\221\317\176\247\116\062\040\024\040\024\000K\000o\000l\000m\000o\000g\000o\000r\000o\000v\164\006\213\272}{chapter.6}% 164
\BOOKMARK [2][-]{subsection.6.6.1}{\376\377\000R\000i\000c\000h\000a\000r\000d\000s\000o\000n\166\204\176\247\116\062\151\202\137\365}{section.6.6}% 165
\BOOKMARK [2][-]{subsection.6.6.2}{\376\377\000K\000o\000l\000m\000o\000g\000o\000r\000o\000v\120\107\213\276}{section.6.6}% 166
\BOOKMARK [2][-]{subsection.6.6.3}{\376\377\140\357\140\047\133\120\123\072\116\016\000\040\000-\0005\000/\0003\000\040\137\213}{section.6.6}% 167
\BOOKMARK [2][-]{subsection.6.6.4}{\376\377\000K\000o\000l\000m\000o\000g\000o\000r\000o\000v\136\070\145\160\116\016\214\061\117\356\153\143}{section.6.6}% 168
\BOOKMARK [1][-]{section.6.7}{\376\377\156\115\155\101\166\204\225\364\153\107\140\047}{chapter.6}% 169
\BOOKMARK [2][-]{subsection.6.7.1}{\376\377\000K\0004\0001\164\006\213\272\166\204\134\100\226\120\140\047}{section.6.7}% 170
\BOOKMARK [2][-]{subsection.6.7.2}{\376\377\225\364\153\107\140\047\166\204\176\337\213\241\143\317\217\360}{section.6.7}% 171
\BOOKMARK [2][-]{subsection.6.7.3}{\376\377\000K\000o\000l\000m\000o\000g\000o\000r\000o\000v\000-\000O\000b\000u\000k\000h\000o\000v\117\356\153\143\377\010\000K\0006\0002\377\011}{section.6.7}% 172
\BOOKMARK [2][-]{subsection.6.7.4}{\376\377\131\032\221\315\122\006\137\142\152\041\127\213\116\016\137\123\122\115\164\006\211\343}{section.6.7}% 173
\BOOKMARK [1][-]{section.6.8}{\376\377\156\115\155\101\152\041\127\213\166\204\135\345\172\013\133\236\215\365}{chapter.6}% 174
\BOOKMARK [2][-]{subsection.6.8.1}{\376\377\226\366\145\271\172\013\152\041\127\213\116\016\116\000\145\271\172\013\152\041\127\213}{section.6.8}% 175
\BOOKMARK [2][-]{subsection.6.8.2}{\376\377\116\044\145\271\172\013\152\041\127\213}{section.6.8}% 176
\BOOKMARK [2][-]{subsection.6.8.3}{\376\377\000R\000e\000y\000n\000o\000l\000d\000s\136\224\122\233\152\041\127\213\116\016\232\330\176\247\145\271\154\325}{section.6.8}% 177
\BOOKMARK [1][-]{section.6.9}{\376\377\147\054\172\340\140\073\176\323}{chapter.6}% 178
\BOOKMARK [0][-]{chapter.7}{\376\377\217\271\165\114\134\102\164\006\213\272}{}% 179
\BOOKMARK [1][-]{section.7.1}{\376\377\217\271\165\114\134\102\151\202\137\365}{chapter.7}% 180
\BOOKMARK [2][-]{subsection.7.1.1}{\376\377\000P\000r\000a\000n\000d\000t\000l\166\204\155\036\133\337}{section.7.1}% 181
\BOOKMARK [2][-]{subsection.7.1.2}{\376\377\130\301\227\142\145\340\156\321\171\373\147\141\116\366}{section.7.1}% 182
\BOOKMARK [2][-]{subsection.7.1.3}{\376\377\217\271\165\114\134\102\123\232\136\246\166\204\133\232\116\111}{section.7.1}% 183
\BOOKMARK [1][-]{section.7.2}{\376\377\217\271\165\114\134\102\145\271\172\013\166\204\143\250\133\374}{chapter.7}% 184
\BOOKMARK [2][-]{subsection.7.2.1}{\376\377\221\317\176\262\122\006\147\220\116\016\000N\000S\145\271\172\013\166\204\173\200\123\026}{section.7.2}% 185
\BOOKMARK [2][-]{subsection.7.2.2}{\376\377\116\214\176\364\133\232\136\070\000P\000r\000a\000n\000d\000t\000l\217\271\165\114\134\102\145\271\172\013}{section.7.2}% 186
\BOOKMARK [1][-]{section.7.3}{\376\377\000B\000l\000a\000s\000i\000u\000s\211\343}{chapter.7}% 187
\BOOKMARK [2][-]{subsection.7.3.1}{\376\377\166\370\117\074\123\330\143\142}{section.7.3}% 188
\BOOKMARK [2][-]{subsection.7.3.2}{\376\377\145\160\120\074\154\102\211\343\377\010\142\123\227\166\154\325\377\011}{section.7.3}% 189
\BOOKMARK [2][-]{subsection.7.3.3}{\376\377\000B\000l\000a\000s\000i\000u\000s\211\343\166\204\116\073\211\201\176\323\147\234}{section.7.3}% 190
\BOOKMARK [1][-]{section.7.4}{\376\377\217\271\165\114\134\102\166\204\171\357\122\006\145\271\154\325}{chapter.7}% 191
\BOOKMARK [2][-]{subsection.7.4.1}{\376\377\000V\000o\000n\000\040\000K\000a\000r\000m\000a\000n\122\250\221\317\171\357\122\006\145\271\172\013}{section.7.4}% 192
\BOOKMARK [2][-]{subsection.7.4.2}{\376\377\000P\000o\000h\000l\000h\000a\000u\000s\000e\000n\145\271\154\325}{section.7.4}% 193
\BOOKMARK [2][-]{subsection.7.4.3}{\376\377\000T\000h\000w\000a\000i\000t\000e\000s\145\271\154\325}{section.7.4}% 194
\BOOKMARK [1][-]{section.7.5}{\376\377\217\271\165\114\134\102\122\006\171\273}{chapter.7}% 195
\BOOKMARK [2][-]{subsection.7.5.1}{\376\377\122\006\171\273\166\204\162\151\164\006\147\072\122\066}{section.7.5}% 196
\BOOKMARK [2][-]{subsection.7.5.2}{\376\377\122\006\171\273\166\204\143\247\122\066}{section.7.5}% 197
\BOOKMARK [2][-]{subsection.7.5.3}{\376\377\134\076\217\371\123\072}{section.7.5}% 198
\BOOKMARK [1][-]{section.7.6}{\376\377\134\102\155\101\217\271\165\114\134\102\166\204\217\154\143\151}{chapter.7}% 199
\BOOKMARK [2][-]{subsection.7.6.1}{\376\377\217\154\143\151\166\204\135\345\172\013\141\017\116\111}{section.7.6}% 200
\BOOKMARK [2][-]{subsection.7.6.2}{\376\377\137\161\124\315\217\154\143\151\166\204\126\340\175\040}{section.7.6}% 201
\BOOKMARK [2][-]{subsection.7.6.3}{\376\377\201\352\161\066\217\154\143\151\116\016\145\301\215\357\217\154\143\151}{section.7.6}% 202
\BOOKMARK [1][-]{section.7.7}{\376\377\156\115\155\101\217\271\165\114\134\102}{chapter.7}% 203
\BOOKMARK [2][-]{subsection.7.7.1}{\376\377\156\115\155\101\217\271\165\114\134\102\166\204\131\032\134\102\176\323\147\204}{section.7.7}% 204
\BOOKMARK [2][-]{subsection.7.7.2}{\376\377\130\301\227\142\137\213\377\010\000L\000a\000w\000\040\000o\000f\000\040\000t\000h\000e\000\040\000W\000a\000l\000l\377\011}{section.7.7}% 205
\BOOKMARK [2][-]{subsection.7.7.3}{\376\377\156\115\155\101\217\271\165\114\134\102\166\204\176\337\213\241\162\171\140\047}{section.7.7}% 206
\BOOKMARK [2][-]{subsection.7.7.4}{\376\377\136\163\147\177\156\115\155\101\217\271\165\114\134\102\166\204\144\151\144\346\226\073\122\233}{section.7.7}% 207
\BOOKMARK [2][-]{subsection.7.7.5}{\376\377\174\227\174\331\136\246\133\371\156\115\155\101\217\271\165\114\134\102\166\204\137\161\124\315}{section.7.7}% 208
\BOOKMARK [1][-]{section.7.8}{\376\377\116\011\176\364\217\271\165\114\134\102}{chapter.7}% 209
\BOOKMARK [1][-]{section.7.9}{\376\377\147\054\172\340\140\073\176\323}{chapter.7}% 210
\BOOKMARK [0][-]{chapter.8}{\376\377\155\241\221\317\122\250\122\233\133\146}{}% 211
\BOOKMARK [1][-]{section.8.1}{\376\377\155\241\221\317\166\204\127\372\147\054\140\047\215\050}{chapter.8}% 212
\BOOKMARK [2][-]{subsection.8.1.1}{\376\377\155\241\221\317\166\204\133\232\116\111\116\016\217\320\122\250\133\146}{section.8.1}% 213
\BOOKMARK [2][-]{subsection.8.1.2}{\376\377\123\330\137\142\163\207\137\040\221\317\116\016\155\241\221\317}{section.8.1}% 214
\BOOKMARK [2][-]{subsection.8.1.3}{\376\377\155\241\221\317\217\223\217\320\145\271\172\013}{section.8.1}% 215
\BOOKMARK [1][-]{section.8.2}{\376\377\155\241\173\241\116\016\163\257\221\317\133\210\140\122\040\024\040\024\000H\000e\000l\000m\000h\000o\000l\000t\000z\155\241\133\232\164\006}{chapter.8}% 216
\BOOKMARK [2][-]{subsection.8.2.1}{\376\377\155\241\176\277\060\001\155\241\173\241\116\016\155\241\116\035}{section.8.2}% 217
\BOOKMARK [2][-]{subsection.8.2.2}{\376\377\000H\000e\000l\000m\000h\000o\000l\000t\000z\155\241\133\232\164\006}{section.8.2}% 218
\BOOKMARK [2][-]{subsection.8.2.3}{\376\377\000K\000e\000l\000v\000i\000n\163\257\221\317\133\232\164\006}{section.8.2}% 219
\BOOKMARK [1][-]{section.8.3}{\376\377\155\241\176\277\166\204\142\311\117\070\116\016\120\076\145\234}{chapter.8}% 220
\BOOKMARK [2][-]{subsection.8.3.1}{\376\377\155\241\145\313\142\311\117\070\166\204\162\151\164\006\147\072\122\066}{section.8.3}% 221
\BOOKMARK [2][-]{subsection.8.3.2}{\376\377\155\241\145\313\120\076\145\234}{section.8.3}% 222
\BOOKMARK [2][-]{subsection.8.3.3}{\376\377\116\214\176\364\155\241\122\250\122\233\133\146\166\204\173\200\123\026}{section.8.3}% 223
\BOOKMARK [1][-]{section.8.4}{\376\377\116\214\176\364\155\241\122\250\122\233\133\146}{chapter.8}% 224
\BOOKMARK [2][-]{subsection.8.4.1}{\376\377\155\241\221\317\000-\155\101\121\375\145\160\121\154\137\017}{section.8.4}% 225
\BOOKMARK [2][-]{subsection.8.4.2}{\376\377\160\271\155\241\116\016\160\271\155\241\174\373}{section.8.4}% 226
\BOOKMARK [2][-]{subsection.8.4.3}{\376\377\000K\000a\000r\000m\000a\000n\155\241\210\127}{section.8.4}% 227
\BOOKMARK [2][-]{subsection.8.4.4}{\376\377\116\214\176\364\155\241\145\313\166\204\124\010\136\166}{section.8.4}% 228
\BOOKMARK [1][-]{section.8.5}{\376\377\116\011\176\364\155\241\176\323\147\204}{chapter.8}% 229
\BOOKMARK [2][-]{subsection.8.5.1}{\376\377\232\154\216\104\155\241}{section.8.5}% 230
\BOOKMARK [2][-]{subsection.8.5.2}{\376\377\155\241\163\257}{section.8.5}% 231
\BOOKMARK [2][-]{subsection.8.5.3}{\376\377\155\241\145\313\170\064\210\302}{section.8.5}% 232
\BOOKMARK [1][-]{section.8.6}{\376\377\155\241\221\317\166\204\165\037\142\020\116\016\142\151\145\143}{chapter.8}% 233
\BOOKMARK [2][-]{subsection.8.6.1}{\376\377\130\301\227\142\155\241\221\317\166\204\165\037\142\020\040\024\040\024\000L\000i\000g\000h\000t\000h\000i\000l\000l\147\072\122\066}{section.8.6}% 234
\BOOKMARK [2][-]{subsection.8.6.2}{\376\377\155\241\221\317\142\151\145\143\145\271\172\013}{section.8.6}% 235
\BOOKMARK [2][-]{subsection.8.6.3}{\376\377\155\241\221\317\166\204\000R\000e\145\160\117\235\215\126\140\047}{section.8.6}% 236
\BOOKMARK [1][-]{section.8.7}{\376\377\155\241\145\271\154\325}{chapter.8}% 237
\BOOKMARK [2][-]{subsection.8.7.1}{\376\377\155\241\145\271\154\325\166\204\127\372\147\054\123\237\164\006}{section.8.7}% 238
\BOOKMARK [2][-]{subsection.8.7.2}{\376\377\116\214\176\364\155\241\126\342\154\325}{section.8.7}% 239
\BOOKMARK [2][-]{subsection.8.7.3}{\376\377\155\241\145\271\154\325\166\204\117\030\177\072\160\271}{section.8.7}% 240
\BOOKMARK [2][-]{subsection.8.7.4}{\376\377\155\241\145\271\154\325\166\204\122\115\154\277\136\224\165\050}{section.8.7}% 241
\BOOKMARK [1][-]{section.8.8}{\376\377\147\054\172\340\140\073\176\323}{chapter.8}% 242
\BOOKMARK [0][-]{chapter.9}{\376\377\123\357\123\213\177\051\155\101\122\250}{}% 243
\BOOKMARK [1][-]{section.9.1}{\376\377\160\355\122\233\133\146\127\372\170\100}{chapter.9}% 244
\BOOKMARK [2][-]{subsection.9.1.1}{\376\377\162\266\140\001\145\271\172\013\116\016\127\372\147\054\160\355\122\233\133\146\221\317}{section.9.1}% 245
\BOOKMARK [2][-]{subsection.9.1.2}{\376\377\173\111\161\265\121\163\174\373}{section.9.1}% 246
\BOOKMARK [2][-]{subsection.9.1.3}{\376\377\116\064\165\114\162\266\140\001}{section.9.1}% 247
\BOOKMARK [1][-]{section.9.2}{\376\377\130\360\220\037\116\016\000M\000a\000c\000h\145\160}{chapter.9}% 248
\BOOKMARK [2][-]{subsection.9.2.1}{\376\377\130\360\220\037\166\204\162\151\164\006\147\054\215\050}{section.9.2}% 249
\BOOKMARK [2][-]{subsection.9.2.2}{\376\377\000M\000a\000c\000h\145\160\123\312\121\166\122\006\174\173}{section.9.2}% 250
\BOOKMARK [2][-]{subsection.9.2.3}{\376\377\000M\000a\000c\000h\211\322\116\016\137\161\124\315\123\072\127\337}{section.9.2}% 251
\BOOKMARK [1][-]{section.9.3}{\376\377\123\357\123\213\177\051\155\101\122\250\166\204\127\372\147\054\145\271\172\013}{chapter.9}% 252
\BOOKMARK [2][-]{subsection.9.3.1}{\376\377\133\210\140\122\137\142\137\017}{section.9.3}% 253
\BOOKMARK [2][-]{subsection.9.3.2}{\376\377\123\237\131\313\123\330\221\317\137\142\137\017}{section.9.3}% 254
\BOOKMARK [2][-]{subsection.9.3.3}{\376\377\220\037\136\246\122\277\145\271\172\013\116\016\121\150\220\037\122\277\145\271\172\013}{section.9.3}% 255
\BOOKMARK [1][-]{section.9.4}{\376\377\116\000\176\364\173\111\161\265\155\101\122\250}{chapter.9}% 256
\BOOKMARK [2][-]{subsection.9.4.1}{\376\377\123\330\142\052\227\142\173\241\155\101}{section.9.4}% 257
\BOOKMARK [2][-]{subsection.9.4.2}{\376\377\000L\000a\000v\000a\000l\125\267\173\241}{section.9.4}% 258
\BOOKMARK [2][-]{subsection.9.4.3}{\376\377\130\305\130\136\163\260\214\141}{section.9.4}% 259
\BOOKMARK [1][-]{section.9.5}{\376\377\153\143\157\300\154\342}{chapter.9}% 260
\BOOKMARK [2][-]{subsection.9.5.1}{\376\377\157\300\154\342\166\204\137\142\142\020}{section.9.5}% 261
\BOOKMARK [2][-]{subsection.9.5.2}{\376\377\000R\000a\000n\000k\000i\000n\000e\000-\000H\000u\000g\000o\000n\000i\000o\000t\121\163\174\373}{section.9.5}% 262
\BOOKMARK [2][-]{subsection.9.5.3}{\376\377\000P\000r\000a\000n\000d\000t\000l\121\163\174\373}{section.9.5}% 263
\BOOKMARK [2][-]{subsection.9.5.4}{\376\377\157\300\154\342\173\241\225\356\230\230}{section.9.5}% 264
\BOOKMARK [1][-]{section.9.6}{\376\377\145\234\157\300\154\342\116\016\201\250\200\300\154\342}{chapter.9}% 265
\BOOKMARK [2][-]{subsection.9.6.1}{\376\377\145\234\157\300\154\342}{section.9.6}% 266
\BOOKMARK [2][-]{subsection.9.6.2}{\376\377\000P\000r\000a\000n\000d\000t\000l\000-\000M\000e\000y\000e\000r\201\250\200\300\154\342}{section.9.6}% 267
\BOOKMARK [2][-]{subsection.9.6.3}{\376\377\157\300\154\342\147\201\176\277\126\376}{section.9.6}% 268
\BOOKMARK [1][-]{section.9.7}{\376\377\232\330\215\205\227\363\220\037\155\101\122\250}{chapter.9}% 269
\BOOKMARK [2][-]{subsection.9.7.1}{\376\377\232\330\215\205\227\363\220\037\155\101\122\250\166\204\162\171\137\201}{section.9.7}% 270
\BOOKMARK [2][-]{subsection.9.7.2}{\376\377\154\024\122\250\122\240\160\355\116\016\160\355\226\062\142\244}{section.9.7}% 271
\BOOKMARK [2][-]{subsection.9.7.3}{\376\377\167\037\133\236\154\024\117\123\145\110\136\224}{section.9.7}% 272
\BOOKMARK [2][-]{subsection.9.7.4}{\376\377\202\052\131\051\126\150\121\215\121\145\154\024\122\250\160\355\122\233\133\146}{section.9.7}% 273
\BOOKMARK [2][-]{subsection.9.7.5}{\376\377\157\300\154\342\000-\157\300\154\342\166\370\116\222\117\134\165\050}{section.9.7}% 274
\BOOKMARK [1][-]{section.9.8}{\376\377\123\357\123\213\177\051\155\101\122\250\166\204\145\160\120\074\143\021\142\030}{chapter.9}% 275
\BOOKMARK [0][-]{chapter.10}{\376\377\213\241\173\227\155\101\117\123\122\233\133\146\133\374\213\272}{}% 276
\BOOKMARK [1][-]{section.10.1}{\376\377\000C\000F\000D\151\202\217\360}{chapter.10}% 277
\BOOKMARK [2][-]{subsection.10.1.1}{\376\377\145\160\120\074\145\271\154\325\166\204\137\305\211\201\140\047}{section.10.1}% 278
\BOOKMARK [2][-]{subsection.10.1.2}{\376\377\000C\000F\000D\135\345\117\134\155\101\172\013}{section.10.1}% 279
\BOOKMARK [1][-]{section.10.2}{\376\377\143\247\122\066\145\271\172\013\166\204\171\273\145\143\123\026}{chapter.10}% 280
\BOOKMARK [2][-]{subsection.10.2.1}{\376\377\116\011\131\047\171\273\145\143\123\026\145\271\154\325\151\202\217\360}{section.10.2}% 281
\BOOKMARK [2][-]{subsection.10.2.2}{\376\377\147\011\226\120\135\356\122\006\154\325\127\372\147\054\123\237\164\006}{section.10.2}% 282
\BOOKMARK [2][-]{subsection.10.2.3}{\376\377\000T\000a\000y\000l\000o\000r\134\125\137\000\116\016\142\052\145\255\213\357\135\356}{section.10.2}% 283
\BOOKMARK [2][-]{subsection.10.2.4}{\376\377\147\011\226\120\117\123\171\357\154\325\173\200\116\313}{section.10.2}% 284
\BOOKMARK [1][-]{section.10.3}{\376\377\147\011\226\120\135\356\122\006\154\325\213\346\211\343}{chapter.10}% 285
\BOOKMARK [2][-]{subsection.10.3.1}{\376\377\116\000\176\364\172\063\140\001\133\371\155\101\000-\142\151\145\143\145\271\172\013}{section.10.3}% 286
\BOOKMARK [2][-]{subsection.10.3.2}{\376\377\232\330\174\276\136\246\150\074\137\017}{section.10.3}% 287
\BOOKMARK [1][-]{section.10.4}{\376\377\116\000\176\364\133\371\155\101\145\271\172\013}{chapter.10}% 288
\BOOKMARK [2][-]{subsection.10.4.1}{\376\377\145\271\172\013\116\016\162\151\164\006\141\017\116\111}{section.10.4}% 289
\BOOKMARK [2][-]{subsection.10.4.2}{\376\377\000F\000T\000C\000S\150\074\137\017\377\010\116\015\172\063\133\232\377\011}{section.10.4}% 290
\BOOKMARK [2][-]{subsection.10.4.3}{\376\377\217\316\230\316\150\074\137\017}{section.10.4}% 291
\BOOKMARK [2][-]{subsection.10.4.4}{\376\377\000L\000a\000x\000-\000W\000e\000n\000d\000r\000o\000f\000f\150\074\137\017}{section.10.4}% 292
\BOOKMARK [2][-]{subsection.10.4.5}{\376\377\117\356\153\143\145\271\172\013\166\204\162\151\164\006\213\340\221\312}{section.10.4}% 293
\BOOKMARK [1][-]{section.10.5}{\376\377\116\000\176\364\142\151\145\143\145\271\172\013}{chapter.10}% 294
\BOOKMARK [2][-]{subsection.10.5.1}{\376\377\145\271\172\013\143\317\217\360}{section.10.5}% 295
\BOOKMARK [2][-]{subsection.10.5.2}{\376\377\146\076\137\017\000F\000T\000C\000S\150\074\137\017}{section.10.5}% 296
\BOOKMARK [2][-]{subsection.10.5.3}{\376\377\226\220\137\017\150\074\137\017}{section.10.5}% 297
\BOOKMARK [2][-]{subsection.10.5.4}{\376\377\000C\000r\000a\000n\000k\000-\000N\000i\000c\000o\000l\000s\000o\000n\150\074\137\017}{section.10.5}% 298
\BOOKMARK [1][-]{section.10.6}{\376\377\172\063\133\232\140\047\122\006\147\220}{chapter.10}% 299
\BOOKMARK [2][-]{subsection.10.6.1}{\376\377\000v\000o\000n\000\040\000N\000e\000u\000m\000a\000n\000n\145\271\154\325}{section.10.6}% 300
\BOOKMARK [2][-]{subsection.10.6.2}{\376\377\000C\000F\000L\147\141\116\366}{section.10.6}% 301
\BOOKMARK [2][-]{subsection.10.6.3}{\376\377\200\027\145\143\116\016\202\162\145\143\213\357\135\356\166\204\133\232\221\317\143\317\217\360}{section.10.6}% 302
\BOOKMARK [1][-]{section.10.7}{\376\377\116\015\123\357\123\213\000N\000S\145\271\172\013\166\204\145\160\120\074\154\102\211\343}{chapter.10}% 303
\BOOKMARK [2][-]{subsection.10.7.1}{\376\377\123\213\122\233\000-\220\037\136\246\200\046\124\010\225\356\230\230}{section.10.7}% 304
\BOOKMARK [2][-]{subsection.10.7.2}{\376\377\142\225\137\161\154\325}{section.10.7}% 305
\BOOKMARK [2][-]{subsection.10.7.3}{\376\377\000S\000I\000M\000P\000L\000E\173\227\154\325}{section.10.7}% 306
\BOOKMARK [1][-]{section.10.8}{\376\377\000P\000y\000t\000h\000o\000n\145\160\120\074\171\072\117\213}{chapter.10}% 307
\BOOKMARK [2][-]{subsection.10.8.1}{\376\377\116\000\176\364\133\371\155\101\145\271\172\013\154\102\211\343}{section.10.8}% 308
\BOOKMARK [2][-]{subsection.10.8.2}{\376\377\116\000\176\364\142\151\145\143\145\271\172\013\154\102\211\343}{section.10.8}% 309
\BOOKMARK [2][-]{subsection.10.8.3}{\376\377\116\214\176\364\000P\000o\000i\000s\000s\000o\000n\145\271\172\013\154\102\211\343}{section.10.8}% 310
\BOOKMARK [2][-]{subsection.10.8.4}{\376\377\116\214\176\364\000P\000o\000i\000s\000e\000u\000i\000l\000l\000e\155\101\122\250\154\102\211\343\126\150}{section.10.8}% 311
\BOOKMARK [0][-]{chapter.11}{\376\377\156\115\155\101\152\041\127\213\116\016\145\160\120\074\152\041\142\337}{}% 312
\BOOKMARK [1][-]{section.11.1}{\376\377\156\115\155\101\166\204\131\032\134\072\136\246\147\054\215\050}{chapter.11}% 313
\BOOKMARK [2][-]{subsection.11.1.1}{\376\377\116\316\134\102\155\101\122\060\156\115\155\101\040\024\040\024\217\154\143\151}{section.11.1}% 314
\BOOKMARK [2][-]{subsection.11.1.2}{\376\377\000K\000o\000l\000m\000o\000g\000o\000r\000o\000v\166\204\200\375\221\317\176\247\116\062}{section.11.1}% 315
\BOOKMARK [2][-]{subsection.11.1.3}{\376\377\134\072\136\246\122\006\171\273\116\016\145\160\120\074\122\006\217\250\163\207\227\000\154\102}{section.11.1}% 316
\BOOKMARK [1][-]{section.11.2}{\376\377\156\115\155\101\145\160\120\074\152\041\142\337\166\204\116\011\171\315\220\024\137\204}{chapter.11}% 317
\BOOKMARK [2][-]{subsection.11.2.1}{\376\377\145\271\154\325\140\073\211\310}{section.11.2}% 318
\BOOKMARK [1][-]{section.11.3}{\376\377\000D\000N\000S\040\024\040\024\166\364\143\245\145\160\120\074\152\041\142\337}{chapter.11}% 319
\BOOKMARK [2][-]{subsection.11.3.1}{\376\377\000D\000N\000S\166\204\145\160\133\146\143\317\217\360}{section.11.3}% 320
\BOOKMARK [2][-]{subsection.11.3.2}{\376\377\214\061\145\271\154\325\166\204\117\030\215\212\140\047\116\016\134\100\226\120\140\047}{section.11.3}% 321
\BOOKMARK [2][-]{subsection.11.3.3}{\376\377\000D\000N\000S\166\204\221\314\172\013\170\221\213\241\173\227}{section.11.3}% 322
\BOOKMARK [1][-]{section.11.4}{\376\377\000R\000A\000N\000S\156\115\155\101\152\041\127\213}{chapter.11}% 323
\BOOKMARK [2][-]{subsection.11.4.1}{\376\377\000R\000e\000y\000n\000o\000l\000d\000s\136\163\127\107}{section.11.4}% 324
\BOOKMARK [2][-]{subsection.11.4.2}{\376\377\000B\000o\000u\000s\000s\000i\000n\000e\000s\000q\155\241\236\317\120\107\213\276}{section.11.4}% 325
\BOOKMARK [2][-]{subsection.11.4.3}{\376\377\226\366\145\271\172\013\152\041\127\213}{section.11.4}% 326
\BOOKMARK [2][-]{subsection.11.4.4}{\376\377\116\000\145\271\172\013\152\041\127\213}{section.11.4}% 327
\BOOKMARK [2][-]{subsection.11.4.5}{\376\377\116\044\145\271\172\013\152\041\127\213}{section.11.4}% 328
\BOOKMARK [2][-]{subsection.11.4.6}{\376\377\226\367\213\372\136\224\122\233\152\041\127\213}{section.11.4}% 329
\BOOKMARK [2][-]{subsection.11.4.7}{\376\377\130\301\227\142\131\004\164\006}{section.11.4}% 330
\BOOKMARK [1][-]{section.11.5}{\376\377\000L\000E\000S\040\024\040\024\131\047\155\241\152\041\142\337}{chapter.11}% 331
\BOOKMARK [2][-]{subsection.11.5.1}{\376\377\156\344\154\342\144\315\117\134}{section.11.5}% 332
\BOOKMARK [2][-]{subsection.11.5.2}{\376\377\000S\000m\000a\000g\000o\000r\000i\000n\000s\000k\000y\116\232\150\074\133\120\152\041\127\213}{section.11.5}% 333
\BOOKMARK [2][-]{subsection.11.5.3}{\376\377\122\250\140\001\000S\000m\000a\000g\000o\000r\000i\000n\000s\000k\000y\152\041\127\213}{section.11.5}% 334
\BOOKMARK [2][-]{subsection.11.5.4}{\376\377\130\301\227\142\152\041\127\213\116\016\000L\000E\000S}{section.11.5}% 335
\BOOKMARK [1][-]{section.11.6}{\376\377\000D\000E\000S\040\024\040\024\122\006\171\273\155\241\152\041\142\337}{chapter.11}% 336
\BOOKMARK [1][-]{section.11.7}{\376\377\156\115\155\101\152\041\127\213\166\204\220\011\142\351\143\007\123\127}{chapter.11}% 337
\BOOKMARK [0][-]{chapter.12}{\376\377\155\101\117\123\122\233\133\146\122\115\154\277\170\024\172\166\116\016\136\224\165\050}{}% 338
\BOOKMARK [1][-]{section.12.1}{\376\377\147\072\126\150\133\146\116\140\116\016\155\101\117\123\122\233\133\146}{chapter.12}% 339
\BOOKMARK [2][-]{subsection.12.1.1}{\376\377\203\003\137\017\217\154\123\330}{section.12.1}% 340
\BOOKMARK [2][-]{subsection.12.1.2}{\376\377\162\151\164\006\117\341\140\157\171\136\176\317\177\121\176\334}{section.12.1}% 341
\BOOKMARK [2][-]{subsection.12.1.3}{\376\377\000P\000I\000N\000N\154\102\211\343\000N\000a\000v\000i\000e\000r\000-\000S\000t\000o\000k\000e\000s\145\271\172\013}{section.12.1}% 342
\BOOKMARK [2][-]{subsection.12.1.4}{\376\377\000P\000I\000N\000N\166\204\000P\000y\000t\000h\000o\000n\133\236\163\260}{section.12.1}% 343
\BOOKMARK [2][-]{subsection.12.1.5}{\376\377\145\160\143\156\232\161\122\250\166\204\156\115\155\101\152\041\127\213}{section.12.1}% 344
\BOOKMARK [2][-]{subsection.12.1.6}{\376\377\155\101\127\072\226\115\226\066\136\372\152\041}{section.12.1}% 345
\BOOKMARK [1][-]{section.12.2}{\376\377\155\101\122\250\143\247\122\066}{chapter.12}% 346
\BOOKMARK [2][-]{subsection.12.2.1}{\376\377\116\073\122\250\116\016\210\253\122\250\143\247\122\066}{section.12.2}% 347
\BOOKMARK [2][-]{subsection.12.2.2}{\376\377\173\111\171\273\133\120\117\123\157\300\122\261\126\150}{section.12.2}% 348
\BOOKMARK [2][-]{subsection.12.2.3}{\376\377\124\010\142\020\134\004\155\101}{section.12.2}% 349
\BOOKMARK [1][-]{section.12.3}{\376\377\165\037\162\151\155\101\117\123\122\233\133\146}{chapter.12}% 350
\BOOKMARK [2][-]{subsection.12.3.1}{\376\377\137\303\210\100\173\241\155\101\122\250}{section.12.3}% 351
\BOOKMARK [2][-]{subsection.12.3.2}{\376\377\146\006\206\153\230\336\210\114\166\204\227\136\133\232\136\070\172\172\154\024\122\250\122\233\133\146}{section.12.3}% 352
\BOOKMARK [2][-]{subsection.12.3.3}{\376\377\234\174\174\173\156\070\122\250\166\204\143\250\217\333\147\072\122\066}{section.12.3}% 353
\BOOKMARK [1][-]{section.12.4}{\376\377\131\032\166\370\155\101}{chapter.12}% 354
\BOOKMARK [2][-]{subsection.12.4.1}{\376\377\131\032\166\370\155\101\122\006\174\173}{section.12.4}% 355
\BOOKMARK [2][-]{subsection.12.4.2}{\376\377\165\114\227\142\217\375\216\052\145\271\154\325}{section.12.4}% 356
\BOOKMARK [1][-]{section.12.5}{\376\377\137\256\176\263\134\072\136\246\155\101\122\250}{chapter.12}% 357
\BOOKMARK [2][-]{subsection.12.5.1}{\376\377\217\336\176\355\116\313\215\050\120\107\213\276\166\204\147\201\226\120\040\024\040\024\000K\000n\000u\000d\000s\000e\000n\145\160}{section.12.5}% 358
\BOOKMARK [2][-]{subsection.12.5.2}{\376\377\156\321\171\373\217\271\165\114\147\141\116\366}{section.12.5}% 359
\BOOKMARK [2][-]{subsection.12.5.3}{\376\377\137\256\155\101\143\247\202\257\162\107}{section.12.5}% 360
\BOOKMARK [1][-]{section.12.6}{\376\377\163\257\130\203\155\101\117\123\122\233\133\146}{chapter.12}% 361
\BOOKMARK [2][-]{subsection.12.6.1}{\376\377\131\047\154\024\217\271\165\114\134\102}{section.12.6}% 362
\BOOKMARK [2][-]{subsection.12.6.2}{\376\377\154\141\147\323\162\151\142\151\145\143}{section.12.6}% 363
\BOOKMARK [2][-]{subsection.12.6.3}{\376\377\155\167\155\013\163\257\155\101}{section.12.6}% 364
\BOOKMARK [1][-]{section.12.7}{\376\377\131\051\117\123\162\151\164\006\155\101\117\123\122\233\133\146}{chapter.12}% 365
\BOOKMARK [2][-]{subsection.12.7.1}{\376\377\124\070\171\357\166\330}{section.12.7}% 366
\BOOKMARK [2][-]{subsection.12.7.2}{\376\377\140\122\146\037\133\371\155\101}{section.12.7}% 367
\BOOKMARK [1][-]{section.12.8}{\376\377\215\205\155\101\117\123\116\016\221\317\133\120\155\101\117\123}{chapter.12}% 368
\BOOKMARK [2][-]{subsection.12.8.1}{\376\377\154\046\000I\000I\166\204\116\044\155\101\117\123\152\041\127\213}{section.12.8}% 369
\BOOKMARK [2][-]{subsection.12.8.2}{\376\377\000B\000o\000s\000e\000-\000E\000i\000n\000s\000t\000e\000i\000n\121\335\200\132}{section.12.8}% 370
\BOOKMARK [2][-]{subsection.12.8.3}{\376\377\221\317\133\120\155\241\145\313\122\250\122\233\133\146}{section.12.8}% 371
\BOOKMARK [1][-]{section.12.9}{\376\377\155\101\117\123\122\233\133\146\116\055\166\204\147\052\211\343\225\356\230\230}{chapter.12}% 372
\BOOKMARK [2][-]{subsection.12.9.1}{\376\377\000N\000S\145\271\172\013\166\204\145\160\133\146\133\130\127\050\140\047\124\214\121\111\156\321\140\047}{section.12.9}% 373
\BOOKMARK [2][-]{subsection.12.9.2}{\376\377\156\115\155\101\134\001\225\355\225\356\230\230}{section.12.9}% 374
\BOOKMARK [2][-]{subsection.12.9.3}{\376\377\217\154\143\151\230\204\155\113}{section.12.9}% 375
