\BOOKMARK [0][-]{chapter.1}{\376\377\137\025\212\000}{}% 1
\BOOKMARK [1][-]{section.1.1}{\376\377\116\300\116\110\146\057\000\040\000D\000H\000\040\123\302\145\160\154\325}{chapter.1}% 2
\BOOKMARK [1][-]{section.1.2}{\376\377\147\072\126\150\116\272\217\320\122\250\133\146\166\204\127\372\147\054\116\373\122\241}{chapter.1}% 3
\BOOKMARK [1][-]{section.1.3}{\376\377\116\062\200\124\147\072\126\150\116\272\166\204\127\372\147\054\176\304\142\020}{chapter.1}% 4
\BOOKMARK [1][-]{section.1.4}{\376\377\127\372\147\054\120\107\213\276}{chapter.1}% 5
\BOOKMARK [1][-]{section.1.5}{\376\377\116\072\116\300\116\110\116\305\227\000\126\333\116\052\123\302\145\160}{chapter.1}% 6
\BOOKMARK [1][-]{section.1.6}{\376\377\000D\000H\000\040\123\302\145\160\154\325\166\204\123\206\123\362\141\017\116\111}{chapter.1}% 7
\BOOKMARK [0][-]{chapter.2}{\376\377\145\160\133\146\127\372\170\100}{}% 8
\BOOKMARK [1][-]{section.2.1}{\376\377\117\115\177\156\116\016\131\377\140\001\166\204\143\317\217\360}{chapter.2}% 9
\BOOKMARK [2][-]{subsection.2.1.1}{\376\377\117\115\177\156\166\204\143\317\217\360}{section.2.1}% 10
\BOOKMARK [2][-]{subsection.2.1.2}{\376\377\131\377\140\001\166\204\143\317\217\360\040\024\040\024\145\313\217\154\167\351\226\065}{section.2.1}% 11
\BOOKMARK [2][-]{subsection.2.1.3}{\376\377\176\325\127\120\150\007\217\164\166\204\127\372\147\054\145\313\217\154}{section.2.1}% 12
\BOOKMARK [1][-]{section.2.2}{\376\377\237\120\153\041\123\330\143\142\167\351\226\065}{chapter.2}% 13
\BOOKMARK [2][-]{subsection.2.2.1}{\376\377\127\372\147\054\237\120\153\041\123\330\143\142}{section.2.2}% 14
\BOOKMARK [2][-]{subsection.2.2.2}{\376\377\237\120\153\041\123\330\143\142\166\204\121\340\117\125\141\017\116\111}{section.2.2}% 15
\BOOKMARK [1][-]{section.2.3}{\376\377\127\120\150\007\174\373\166\204\123\330\143\142\224\376}{chapter.2}% 16
\BOOKMARK [0][-]{chapter.3}{\376\377\000D\000H\000\040\123\302\145\160\166\204\121\340\117\125\133\232\116\111}{}% 17
\BOOKMARK [1][-]{section.3.1}{\376\377\217\336\147\106\116\016\121\163\202\202\166\204\177\026\123\367}{chapter.3}% 18
\BOOKMARK [1][-]{section.3.2}{\376\377\126\333\116\052\000\040\000D\000H\000\040\123\302\145\160\166\204\121\340\117\125\141\017\116\111}{chapter.3}% 19
\BOOKMARK [2][-]{subsection.3.2.1}{\376\377\123\302\145\160\166\204\217\333\116\000\153\145\211\343\221\312}{section.3.2}% 20
\BOOKMARK [1][-]{section.3.3}{\376\377\217\336\147\106\127\120\150\007\174\373\166\204\136\372\172\313\211\304\122\031}{chapter.3}% 21
\BOOKMARK [2][-]{subsection.3.3.1}{\376\377\127\372\127\120\150\007\174\373\000\040\000\173\0000\000\175\000\040\124\214\147\053\172\357\127\120\150\007\174\373\000\040\000\173\000n\000\175\000\040\166\204\131\004\164\006}{section.3.3}% 22
\BOOKMARK [1][-]{section.3.4}{\376\377\000D\000H\000\040\123\302\145\160\210\150\166\204\136\372\172\313}{chapter.3}% 23
\BOOKMARK [1][-]{section.3.5}{\376\377\133\214\145\164\166\204\123\302\145\160\215\113\120\074\153\145\232\244}{chapter.3}% 24
\BOOKMARK [2][-]{subsection.3.5.1}{\376\377\162\171\117\213\131\004\164\006}{section.3.5}% 25
\BOOKMARK [0][-]{chapter.4}{\376\377\000D\000H\000\040\123\330\143\142\167\351\226\065\166\204\143\250\133\374}{}% 26
\BOOKMARK [1][-]{section.4.1}{\376\377\116\316\000\040\000\173\000i\000-\0001\000\175\000\040\122\060\000\040\000\173\000i\000\175\000\040\166\204\126\333\153\145\123\330\143\142}{chapter.4}% 27
\BOOKMARK [2][-]{subsection.4.1.1}{\376\377\167\351\226\065\166\204\146\076\137\017\134\125\137\000}{section.4.1}% 28
\BOOKMARK [2][-]{subsection.4.1.2}{\376\377\143\250\133\374\217\307\172\013}{section.4.1}% 29
\BOOKMARK [1][-]{section.4.2}{\376\377\145\071\217\333\000\040\000D\000H\000\040\123\302\145\160\154\325\377\010\000M\000o\000d\000i\000f\000i\000e\000d\000\040\000D\000H\000\040\000/\000\040\000C\000r\000a\000i\000g\000\040\162\110\147\054\377\011}{chapter.4}% 30
\BOOKMARK [2][-]{subsection.4.2.1}{\376\377\116\044\176\304\176\246\133\232\166\204\123\302\145\160\133\371\136\224\121\163\174\373}{section.4.2}% 31
\BOOKMARK [2][-]{subsection.4.2.2}{\376\377\145\071\217\333\000\040\000D\000H\000\040\166\204\146\076\137\017\167\351\226\065}{section.4.2}% 32
\BOOKMARK [2][-]{subsection.4.2.3}{\376\377\116\044\171\315\176\246\133\232\166\204\220\011\142\351\136\372\213\256}{section.4.2}% 33
\BOOKMARK [1][-]{section.4.3}{\376\377\213\241\173\227\147\053\172\357\117\115\131\377}{chapter.4}% 34
\BOOKMARK [0][-]{chapter.5}{\376\377\136\224\165\050\133\236\117\213}{}% 35
\BOOKMARK [1][-]{section.5.1}{\376\377\136\163\227\142\116\214\217\336\147\106\147\072\150\260\201\302}{chapter.5}% 36
\BOOKMARK [2][-]{subsection.5.1.1}{\376\377\127\120\150\007\174\373\136\372\172\313\116\016\000\040\000D\000H\000\040\123\302\145\160\210\150}{section.5.1}% 37
\BOOKMARK [2][-]{subsection.5.1.2}{\376\377\123\330\143\142\167\351\226\065\213\241\173\227}{section.5.1}% 38
\BOOKMARK [1][-]{section.5.2}{\376\377\000S\000C\000A\000R\000A\000\040\147\072\126\150\116\272}{chapter.5}% 39
\BOOKMARK [2][-]{subsection.5.2.1}{\376\377\000D\000H\000\040\123\302\145\160\210\150\377\010\145\071\217\333\000\040\000D\000H\000\040\176\246\133\232\377\011}{section.5.2}% 40
\BOOKMARK [1][-]{section.5.3}{\376\377\150\007\121\306\000\040\000D\000H\000\040\171\072\117\213\377\032\000P\000U\000M\000A\000\040\0005\0006\0000}{chapter.5}% 41
\BOOKMARK [2][-]{subsection.5.3.1}{\376\377\121\231\121\372\123\330\143\142\167\351\226\065}{section.5.3}% 42
\BOOKMARK [1][-]{section.5.4}{\376\377\000D\000H\000\040\123\302\145\160\154\325\166\204\134\100\226\120\116\016\154\350\141\017\116\213\230\171}{chapter.5}% 43
\BOOKMARK [1][-]{section.5.5}{\376\377\134\017\176\323}{chapter.5}% 44
