\BOOKMARK [0][-]{chapter.1}{\376\377\000M\000u\000J\000o\000C\000o\116\013\217\175\133\211\210\305}{}% 1
\BOOKMARK [1][-]{section.1.1}{\376\377\000C\000/\000C\000+\000+\133\211\210\305}{chapter.1}% 2
\BOOKMARK [1][-]{section.1.2}{\376\377\000P\000y\000t\000h\000o\000n\133\211\210\305}{chapter.1}% 3
\BOOKMARK [0][-]{chapter.2}{\376\377\000I\000n\000t\000r\000o\000d\000u\000c\000t\000i\000o\000n\000\040\173\200\116\313}{}% 4
\BOOKMARK [1][-]{section.2.1}{\376\377\000K\000e\000y\000\040\000f\000e\000a\000t\000u\000r\000e\000s\000\040\116\073\211\201\162\171\137\201}{chapter.2}% 5
\BOOKMARK [2][-]{subsection.2.1.1}{\376\377\000G\000e\000n\000e\000r\000a\000l\000i\000z\000e\000d\000\040\000c\000o\000o\000r\000d\000i\000n\000a\000t\000e\000s\000\040\000c\000o\000m\000b\000i\000n\000e\000d\000\040\000w\000i\000t\000h\000\040\000m\000o\000d\000e\000r\000n\000\040\000c\000o\000n\000t\000a\000c\000t\000\040\000d\000y\000n\000a\000m\000i\000c\000s\000\040\136\177\116\111\127\120\150\007\174\373\116\016\163\260\116\343\143\245\211\346\122\250\122\233\133\146\166\204\176\323\124\010}{section.2.1}% 6
\BOOKMARK [2][-]{subsection.2.1.2}{\376\377\000S\000o\000f\000t\000,\000\040\000c\000o\000n\000v\000e\000x\000\040\000a\000n\000d\000\040\000a\000n\000a\000l\000y\000t\000i\000c\000a\000l\000l\000y\000-\000i\000n\000v\000e\000r\000t\000i\000b\000l\000e\000\040\000c\000o\000n\000t\000a\000c\000t\000\040\000d\000y\000n\000a\000m\000i\000c\000s\000\040\217\157\143\245\211\346\060\001\121\370\143\245\211\346\124\214\211\343\147\220\123\357\220\006\143\245\211\346\122\250\122\233\133\146}{section.2.1}% 7
\BOOKMARK [2][-]{subsection.2.1.3}{\376\377\000T\000e\000n\000d\000o\000n\000\040\000g\000e\000o\000m\000e\000t\000r\000y\000\040\200\214\201\161\121\340\117\125\176\323\147\204}{section.2.1}% 8
\BOOKMARK [2][-]{subsection.2.1.4}{\376\377\000G\000e\000n\000e\000r\000a\000l\000\040\000a\000c\000t\000u\000a\000t\000i\000o\000n\000\040\000m\000o\000d\000e\000l\000\040\146\156\220\002\232\161\122\250\152\041\127\213}{section.2.1}% 9
\BOOKMARK [2][-]{subsection.2.1.5}{\376\377\000R\000e\000c\000o\000n\000f\000i\000g\000u\000r\000a\000b\000l\000e\000\040\000c\000o\000m\000p\000u\000t\000a\000t\000i\000o\000n\000\040\000p\000i\000p\000e\000l\000i\000n\000e\000\040\123\357\221\315\147\204\213\241\173\227\155\101\154\064\176\277}{section.2.1}% 10
\BOOKMARK [2][-]{subsection.2.1.6}{\376\377\000M\000o\000d\000e\000l\000\040\000c\000o\000m\000p\000i\000l\000a\000t\000i\000o\000n\000\040\152\041\127\213\177\026\213\321}{section.2.1}% 11
\BOOKMARK [2][-]{subsection.2.1.7}{\376\377\000S\000e\000p\000a\000r\000a\000t\000i\000o\000n\000\040\000o\000f\000\040\000m\000o\000d\000e\000l\000\040\000a\000n\000d\000\040\000d\000a\000t\000a\000\040\152\041\127\213\116\016\145\160\143\156\166\204\122\006\171\273}{section.2.1}% 12
\BOOKMARK [2][-]{subsection.2.1.8}{\376\377\000I\000n\000t\000e\000r\000a\000c\000t\000i\000v\000e\000\040\000s\000i\000m\000u\000l\000a\000t\000i\000o\000n\000\040\000a\000n\000d\000\040\000v\000i\000s\000u\000a\000l\000i\000z\000a\000t\000i\000o\000n\000\040\116\244\116\222\137\017\116\377\167\037\116\016\123\357\211\306\123\026}{section.2.1}% 13
\BOOKMARK [2][-]{subsection.2.1.9}{\376\377\000P\000o\000w\000e\000r\000f\000u\000l\000\040\000y\000e\000t\000\040\000i\000n\000t\000u\000i\000t\000i\000v\000e\000\040\000m\000o\000d\000e\000l\000i\000n\000g\000\040\000l\000a\000n\000g\000u\000a\000g\000e\000\040\137\072\131\047\200\014\166\364\211\302\166\204\136\372\152\041\213\355\212\000}{section.2.1}% 14
\BOOKMARK [2][-]{subsection.2.1.10}{\376\377\000A\000u\000t\000o\000m\000a\000t\000e\000d\000\040\000g\000e\000n\000e\000r\000a\000t\000i\000o\000n\000\040\000o\000f\000\040\000c\000o\000m\000p\000o\000s\000i\000t\000e\000\040\000f\000l\000e\000x\000i\000b\000l\000e\000\040\000o\000b\000j\000e\000c\000t\000s\000\040\124\010\142\020\147\324\140\047\133\371\214\141\166\204\201\352\122\250\165\037\142\020}{section.2.1}% 15
\BOOKMARK [1][-]{section.2.2}{\376\377\000M\000o\000d\000e\000l\000\040\000i\000n\000s\000t\000a\000n\000c\000e\000s\000\040\152\041\127\213\133\236\117\213}{chapter.2}% 16
\BOOKMARK [1][-]{section.2.3}{\376\377\000E\000x\000a\000m\000p\000l\000e\000s\000\040\171\072\117\213}{chapter.2}% 17
\BOOKMARK [1][-]{section.2.4}{\376\377\000M\000o\000d\000e\000l\000\040\000e\000l\000e\000m\000e\000n\000t\000s\000\040\152\041\127\213\121\103\175\040}{chapter.2}% 18
\BOOKMARK [2][-]{subsection.2.4.1}{\376\377\000O\000p\000t\000i\000o\000n\000s}{section.2.4}% 19
\BOOKMARK [2][-]{subsection.2.4.2}{\376\377\000A\000s\000s\000e\000t\000s\000\040\215\104\156\220}{section.2.4}% 20
\BOOKMARK [1][-]{section.2.5}{\376\377\000K\000i\000n\000e\000m\000a\000t\000i\000c\000\040\000t\000r\000e\000e\000\040\217\320\122\250\133\146\150\021}{chapter.2}% 21
\BOOKMARK [2][-]{subsection.2.5.1}{\376\377\000B\000o\000d\000y\000\040\162\151\117\123}{section.2.5}% 22
\BOOKMARK [2][-]{subsection.2.5.2}{\376\377\000J\000o\000i\000n\000t\000\040\121\163\202\202}{section.2.5}% 23
\BOOKMARK [2][-]{subsection.2.5.3}{\376\377\000D\000O\000F\000\040\201\352\165\061\136\246}{section.2.5}% 24
\BOOKMARK [2][-]{subsection.2.5.4}{\376\377\000T\000r\000e\000e\000\040\150\021}{section.2.5}% 25
\BOOKMARK [2][-]{subsection.2.5.5}{\376\377\000G\000e\000o\000m\000\040\121\340\117\125}{section.2.5}% 26
\BOOKMARK [2][-]{subsection.2.5.6}{\376\377\000S\000i\000t\000e\000\040\172\331\160\271}{section.2.5}% 27
\BOOKMARK [2][-]{subsection.2.5.7}{\376\377\000C\000a\000m\000e\000r\000a\000\040\144\104\120\317\147\072}{section.2.5}% 28
\BOOKMARK [2][-]{subsection.2.5.8}{\376\377\000L\000i\000g\000h\000t\000\040\121\111}{section.2.5}% 29
\BOOKMARK [1][-]{section.2.6}{\376\377\000S\000t\000a\000n\000d\000-\000a\000l\000o\000n\000e}{chapter.2}% 30
\BOOKMARK [2][-]{subsection.2.6.1}{\376\377\000T\000e\000n\000d\000o\000n\000\040\200\214\201\161}{section.2.6}% 31
\BOOKMARK [2][-]{subsection.2.6.2}{\376\377\000A\000c\000t\000u\000a\000t\000o\000r\000\040\142\147\210\114\126\150}{section.2.6}% 32
\BOOKMARK [2][-]{subsection.2.6.3}{\376\377\000S\000e\000n\000s\000o\000r\000\040\117\040\141\037\126\150}{section.2.6}% 33
\BOOKMARK [2][-]{subsection.2.6.4}{\376\377\000E\000q\000u\000a\000l\000i\000t\000y\000\040\173\111\137\017}{section.2.6}% 34
\BOOKMARK [2][-]{subsection.2.6.5}{\376\377\000F\000l\000e\000x\000\040\147\324\140\047\117\123}{section.2.6}% 35
\BOOKMARK [2][-]{subsection.2.6.6}{\376\377\000C\000o\000n\000t\000a\000c\000t\000\040\000p\000a\000i\000r\000\040\143\245\211\346\133\371}{section.2.6}% 36
\BOOKMARK [2][-]{subsection.2.6.7}{\376\377\000C\000o\000n\000t\000a\000c\000t\000\040\000e\000x\000c\000l\000u\000d\000e}{section.2.6}% 37
\BOOKMARK [2][-]{subsection.2.6.8}{\376\377\000C\000u\000s\000t\000o\000m\000\040\000n\000u\000m\000e\000r\000i\000c\000\040\201\352\133\232\116\111\145\160\133\127}{section.2.6}% 38
\BOOKMARK [2][-]{subsection.2.6.9}{\376\377\000C\000u\000s\000t\000o\000m\000\040\000t\000e\000x\000t\000\040\201\352\133\232\116\111\145\207\147\054}{section.2.6}% 39
\BOOKMARK [2][-]{subsection.2.6.10}{\376\377\000C\000u\000s\000t\000o\000m\000\040\000t\000u\000p\000l\000e\000\040\201\352\133\232\116\111\121\103\176\304}{section.2.6}% 40
\BOOKMARK [2][-]{subsection.2.6.11}{\376\377\000K\000e\000y\000f\000r\000a\000m\000e\000\040\121\163\225\056\136\047}{section.2.6}% 41
\BOOKMARK [0][-]{chapter.3}{\376\377\000C\000o\000m\000p\000u\000t\000a\000t\000i\000o\000n\000\040\213\241\173\227}{}% 42
\BOOKMARK [0][-]{chapter.4}{\376\377\000M\000o\000d\000e\000l\000i\000n\000g\000\040\136\372\152\041}{}% 43
\BOOKMARK [1][-]{section.4.1}{\376\377\173\054\116\000\140\047\123\237\164\006}{chapter.4}% 44
\BOOKMARK [2][-]{subsection.4.1.1}{\376\377\000\040\173\054\116\000\140\047\123\237\164\006\166\204\121\205\133\271}{section.4.1}% 45
\BOOKMARK [2][-]{subsection.4.1.2}{\376\377\147\072\126\150\116\272\133\146}{section.4.1}% 46
\BOOKMARK [1][-]{section.4.2}{\376\377\000M\000J\000C\000F\000\040\000M\000e\000c\000h\000a\000n\000i\000s\000m\000s}{chapter.4}% 47
\BOOKMARK [2][-]{subsection.4.2.1}{\376\377\000K\000i\000n\000e\000m\000a\000t\000i\000c\000s\000\040\000t\000r\000e\000e}{section.4.2}% 48
\BOOKMARK [2][-]{subsection.4.2.2}{\376\377\000D\000e\000f\000a\000u\000l\000t\000\040\000s\000e\000t\000t\000i\000n\000g\000s\000\040\236\330\213\244\213\276\177\156}{section.4.2}% 49
