\BOOKMARK [0][-]{chapter.1}{\376\377\176\352\213\272}{}% 1
\BOOKMARK [1][-]{section.1.1}{\376\377\136\070\137\256\122\006\145\271\172\013\152\041\127\213}{chapter.1}% 2
\BOOKMARK [2][-]{subsection.1.1.1}{\376\377\000R\000L\000\040\000/\000\040\000R\000L\000C\000\040\165\065\215\357}{section.1.1}% 3
\BOOKMARK [2][-]{subsection.1.1.2}{\376\377\145\160\133\146\144\106}{section.1.1}% 4
\BOOKMARK [2][-]{subsection.1.1.3}{\376\377\116\272\123\343\152\041\127\213\377\010\000M\000a\000l\000t\000h\000u\000s\377\011}{section.1.1}% 5
\BOOKMARK [2][-]{subsection.1.1.4}{\376\377\116\272\123\343\152\041\127\213\166\204\145\071\217\333\377\032\000l\000o\000g\000i\000s\000t\000i\000c\000\040\152\041\127\213\377\010\000V\000e\000r\000h\000u\000l\000s\000t\377\011}{section.1.1}% 6
\BOOKMARK [2][-]{subsection.1.1.5}{\376\377\000S\000I\000\040\117\040\147\323\165\305\152\041\127\213}{section.1.1}% 7
\BOOKMARK [2][-]{subsection.1.1.6}{\376\377\000V\000o\000l\000t\000e\000r\000r\000a\000\040\210\253\143\125\230\337\040\023\143\125\230\337\152\041\127\213}{section.1.1}% 8
\BOOKMARK [2][-]{subsection.1.1.7}{\376\377\000L\000o\000r\000e\000n\000z\000\040\145\271\172\013\377\010\207\164\207\166\145\110\136\224\377\011}{section.1.1}% 9
\BOOKMARK [2][-]{subsection.1.1.8}{\376\377\136\372\152\041\140\073\176\323}{section.1.1}% 10
\BOOKMARK [1][-]{section.1.2}{\376\377\137\256\122\006\145\271\172\013\166\204\127\372\147\054\151\202\137\365}{chapter.1}% 11
\BOOKMARK [2][-]{subsection.1.2.1}{\376\377\137\256\122\006\145\271\172\013\166\204\133\232\116\111}{section.1.2}% 12
\BOOKMARK [2][-]{subsection.1.2.2}{\376\377\136\070\137\256\122\006\145\271\172\013\116\016\120\117\137\256\122\006\145\271\172\013}{section.1.2}% 13
\BOOKMARK [2][-]{subsection.1.2.3}{\376\377\137\256\122\006\145\271\172\013\166\204\226\066}{section.1.2}% 14
\BOOKMARK [2][-]{subsection.1.2.4}{\376\377\176\277\140\047\116\016\227\136\176\277\140\047}{section.1.2}% 15
\BOOKMARK [2][-]{subsection.1.2.5}{\376\377\137\256\122\006\145\271\172\013\166\204\211\343}{section.1.2}% 16
\BOOKMARK [2][-]{subsection.1.2.6}{\376\377\146\076\137\017\211\343\116\016\226\220\137\017\211\343}{section.1.2}% 17
\BOOKMARK [2][-]{subsection.1.2.7}{\376\377\220\032\211\343\116\016\162\171\211\343}{section.1.2}% 18
\BOOKMARK [2][-]{subsection.1.2.8}{\376\377\133\232\211\343\147\141\116\366\116\016\122\035\120\074\225\356\230\230\377\010\000C\000a\000u\000c\000h\000y\000\040\225\356\230\230\377\011}{section.1.2}% 19
\BOOKMARK [2][-]{subsection.1.2.9}{\376\377\171\357\122\006\146\362\176\277\116\016\145\271\124\021\127\072}{section.1.2}% 20
\BOOKMARK [2][-]{subsection.1.2.10}{\376\377\137\256\122\006\145\271\172\013\176\304}{section.1.2}% 21
\BOOKMARK [2][-]{subsection.1.2.11}{\376\377\232\173\133\232\377\010\201\352\154\273\377\011\116\016\227\136\232\173\133\232\377\010\227\136\201\352\154\273\377\011}{section.1.2}% 22
\BOOKMARK [2][-]{subsection.1.2.12}{\376\377\166\370\172\172\225\364\060\001\217\150\176\277\116\016\131\107\160\271}{section.1.2}% 23
\BOOKMARK [2][-]{subsection.1.2.13}{\376\377\127\202\166\364\173\111\120\076\176\277\060\001\154\064\136\163\173\111\120\076\176\277}{section.1.2}% 24
\BOOKMARK [0][-]{chapter.2}{\376\377\116\000\226\066\137\256\122\006\145\271\172\013\166\204\122\035\173\111\171\357\122\006\154\325}{}% 25
\BOOKMARK [1][-]{section.2.1}{\376\377\123\330\221\317\122\006\171\273\145\271\172\013\116\016\123\330\221\317\123\330\143\142}{chapter.2}% 26
\BOOKMARK [2][-]{subsection.2.1.1}{\376\377\123\330\221\317\122\006\171\273\145\271\172\013}{section.2.1}% 27
\BOOKMARK [2][-]{subsection.2.1.2}{\376\377\123\357\123\026\116\072\123\330\221\317\122\006\171\273\145\271\172\013\166\204\174\173\127\213}{section.2.1}% 28
\BOOKMARK [1][-]{section.2.2}{\376\377\176\277\140\047\145\271\172\013\116\016\136\070\145\160\123\330\146\023\154\325}{chapter.2}% 29
\BOOKMARK [2][-]{subsection.2.2.1}{\376\377\116\000\226\066\176\277\140\047\137\256\122\006\145\271\172\013}{section.2.2}% 30
\BOOKMARK [2][-]{subsection.2.2.2}{\376\377\136\070\145\160\123\330\146\023\154\325}{section.2.2}% 31
\BOOKMARK [2][-]{subsection.2.2.3}{\376\377\117\057\122\252\122\051\377\010\000B\000e\000r\000n\000o\000u\000l\000l\000i\377\011\145\271\172\013}{section.2.2}% 32
\BOOKMARK [2][-]{subsection.2.2.4}{\376\377\176\277\140\047\137\256\122\006\145\271\172\013\166\204\136\224\165\050\116\076\117\213\377\032\000R\000-\000L\000\040\116\062\200\124\165\065\215\357}{section.2.2}% 33
\BOOKMARK [1][-]{section.2.3}{\376\377\140\160\137\123\145\271\172\013\116\016\171\357\122\006\126\340\133\120}{chapter.2}% 34
\BOOKMARK [2][-]{subsection.2.3.1}{\376\377\140\160\137\123\145\271\172\013\166\204\133\232\116\111\123\312\147\141\116\366}{section.2.3}% 35
\BOOKMARK [2][-]{subsection.2.3.2}{\376\377\145\271\172\013\116\072\140\160\137\123\145\271\172\013\166\204\121\105\211\201\147\141\116\366}{section.2.3}% 36
\BOOKMARK [2][-]{subsection.2.3.3}{\376\377\140\160\137\123\145\271\172\013\166\204\154\102\211\343}{section.2.3}% 37
\BOOKMARK [2][-]{subsection.2.3.4}{\376\377\171\357\122\006\126\340\133\120}{section.2.3}% 38
\BOOKMARK [1][-]{section.2.4}{\376\377\116\000\226\066\226\220\145\271\172\013\116\016\123\302\145\160\210\150\171\072}{chapter.2}% 39
\BOOKMARK [2][-]{subsection.2.4.1}{\376\377\123\357\211\343\121\372\000\040\000y\000'\000\040\166\204\145\271\172\013\377\032\000y\000\040\000=\000\040\000f\000\050\000x\000,\000\040\000y\000'\000\051}{section.2.4}% 40
\BOOKMARK [2][-]{subsection.2.4.2}{\376\377\123\357\211\343\121\372\000\040\000x\000\040\166\204\145\271\172\013\377\032\000x\000\040\000=\000\040\000f\000\050\000y\000,\000\040\000y\000'\000\051}{section.2.4}% 41
\BOOKMARK [2][-]{subsection.2.4.3}{\376\377\116\015\146\076\124\053\000\040\000y\000\040\166\204\145\271\172\013\377\032\000F\000\050\000x\000,\000\040\000y\000'\000\051\000\040\000=\000\040\0000}{section.2.4}% 42
\BOOKMARK [2][-]{subsection.2.4.4}{\376\377\116\015\146\076\124\053\000\040\000x\000\040\166\204\145\271\172\013\377\032\000F\000\050\000y\000,\000\040\000y\000'\000\051\000\040\000=\000\040\0000}{section.2.4}% 43
\BOOKMARK [2][-]{subsection.2.4.5}{\376\377\122\051\165\050\123\330\221\317\116\343\143\142\166\204\137\256\122\006\145\271\172\013\171\357\122\006\154\325}{section.2.4}% 44
\BOOKMARK [0][-]{chapter.3}{\376\377\116\000\226\066\137\256\122\006\145\271\172\013\211\343\166\204\133\130\127\050\133\232\164\006}{}% 45
\BOOKMARK [1][-]{section.3.1}{\376\377\211\343\166\204\133\130\127\050\125\057\116\000\140\047\133\232\164\006\116\016\220\020\153\145\220\074\217\321\154\325}{chapter.3}% 46
\BOOKMARK [2][-]{subsection.3.1.1}{\376\377\133\130\127\050\125\057\116\000\140\047\133\232\164\006}{section.3.1}% 47
\BOOKMARK [1][-]{section.3.2}{\376\377\211\343\166\204\136\366\142\323\124\214\211\343\133\371\122\035\120\074\166\204\217\336\176\355\140\047\116\016\123\357\137\256\140\047}{chapter.3}% 48
\BOOKMARK [2][-]{subsection.3.2.1}{\376\377\211\343\166\204\136\366\142\323}{section.3.2}% 49
\BOOKMARK [1][-]{section.3.3}{\376\377\131\107\211\343}{chapter.3}% 50
\BOOKMARK [2][-]{subsection.3.3.1}{\376\377\123\005\176\334\124\214\131\107\211\343\166\204\133\232\116\111}{section.3.3}% 51
\BOOKMARK [2][-]{subsection.3.3.2}{\376\377\154\102\131\107\211\343\377\010\123\005\176\334\176\277\377\011\166\204\145\271\154\325}{section.3.3}% 52
\BOOKMARK [1][-]{section.3.4}{\376\377\145\160\120\074\211\343}{chapter.3}% 53
\BOOKMARK [2][-]{subsection.3.4.1}{\376\377\153\047\142\311\154\325\116\016\150\257\137\142\154\325}{section.3.4}% 54
\BOOKMARK [2][-]{subsection.3.4.2}{\376\377\116\214\226\066\000\040\000R\000u\000n\000g\000e\040\023\000K\000u\000t\000t\000a\000\040\145\271\154\325\377\010\116\055\160\271\154\325\377\011}{section.3.4}% 55
\BOOKMARK [2][-]{subsection.3.4.3}{\376\377\176\317\121\170\126\333\226\066\000\040\000R\000u\000n\000g\000e\040\023\000K\000u\000t\000t\000a\000\040\145\271\154\325}{section.3.4}% 56
\BOOKMARK [0][-]{chapter.4}{\376\377\232\330\226\066\137\256\122\006\145\271\172\013}{}% 57
\BOOKMARK [1][-]{section.4.1}{\376\377\176\277\140\047\137\256\122\006\145\271\172\013\166\204\116\000\202\054\164\006\213\272}{chapter.4}% 58
\BOOKMARK [2][-]{subsection.4.1.1}{\376\377\127\372\147\054\151\202\137\365}{section.4.1}% 59
\BOOKMARK [2][-]{subsection.4.1.2}{\376\377\237\120\176\277\140\047\145\271\172\013\166\204\211\343\166\204\140\047\215\050\124\214\176\323\147\204}{section.4.1}% 60
\BOOKMARK [2][-]{subsection.4.1.3}{\376\377\227\136\237\120\153\041\176\277\140\047\145\271\172\013\116\016\136\070\145\160\123\330\146\023\154\325}{section.4.1}% 61
\BOOKMARK [1][-]{section.4.2}{\376\377\136\070\174\373\145\160\176\277\140\047\145\271\172\013\166\204\211\343\154\325}{chapter.4}% 62
\BOOKMARK [2][-]{subsection.4.2.1}{\376\377\131\015\120\074\121\375\145\160\116\016\131\015\120\074\211\343}{section.4.2}% 63
\BOOKMARK [2][-]{subsection.4.2.2}{\376\377\136\070\174\373\145\160\237\120\176\277\140\047\145\271\172\013\124\214\153\047\142\311\145\271\172\013}{section.4.2}% 64
\BOOKMARK [2][-]{subsection.4.2.3}{\376\377\227\136\237\120\153\041\176\277\140\047\145\271\172\013\116\016\153\324\217\203\174\373\145\160\154\325}{section.4.2}% 65
\BOOKMARK [1][-]{section.4.3}{\376\377\232\330\226\066\145\271\172\013\166\204\226\115\226\066\154\325\124\214\136\102\176\247\145\160\211\343\154\325}{chapter.4}% 66
\BOOKMARK [2][-]{subsection.4.3.1}{\376\377\123\357\226\115\226\066\166\204\145\271\172\013\166\204\174\173\127\213}{section.4.3}% 67
\BOOKMARK [2][-]{subsection.4.3.2}{\376\377\116\214\226\066\176\277\140\047\145\271\172\013\166\204\136\102\176\247\145\160\211\343\154\325\377\010\154\102\162\171\211\343\377\011}{section.4.3}% 68
\BOOKMARK [0][-]{chapter.5}{\376\377\176\277\140\047\137\256\122\006\145\271\172\013\176\304}{}% 69
\BOOKMARK [1][-]{section.5.1}{\376\377\176\277\140\047\137\256\122\006\145\271\172\013\176\304\211\343\166\204\133\130\127\050\125\057\116\000\140\047\133\232\164\006}{chapter.5}% 70
\BOOKMARK [2][-]{subsection.5.1.1}{\376\377\213\260\123\367\116\016\133\232\116\111}{section.5.1}% 71
\BOOKMARK [2][-]{subsection.5.1.2}{\376\377\000n\000\040\226\066\176\277\140\047\137\256\122\006\145\271\172\013\116\016\116\000\226\066\176\277\140\047\137\256\122\006\145\271\172\013\176\304\173\111\116\367}{section.5.1}% 72
\BOOKMARK [2][-]{subsection.5.1.3}{\376\377\133\130\127\050\125\057\116\000\140\047\133\232\164\006}{section.5.1}% 73
\BOOKMARK [2][-]{subsection.5.1.4}{\376\377\173\200\123\125\145\271\172\013\176\304\166\204\155\210\121\103\154\325}{section.5.1}% 74
\BOOKMARK [1][-]{section.5.2}{\376\377\176\277\140\047\137\256\122\006\145\271\172\013\176\304\166\204\116\000\202\054\164\006\213\272}{chapter.5}% 75
\BOOKMARK [2][-]{subsection.5.2.1}{\376\377\237\120\153\041\176\277\140\047\137\256\122\006\145\271\172\013\176\304}{section.5.2}% 76
\BOOKMARK [2][-]{subsection.5.2.2}{\376\377\227\136\237\120\153\041\176\277\140\047\137\256\122\006\145\271\172\013\176\304}{section.5.2}% 77
\BOOKMARK [1][-]{section.5.3}{\376\377\136\070\174\373\145\160\176\277\140\047\137\256\122\006\145\271\172\013\176\304}{chapter.5}% 78
\BOOKMARK [2][-]{subsection.5.3.1}{\376\377\167\351\226\065\143\007\145\160\000\040\000e\000x\000p\000\040\000A\000\040\166\204\133\232\116\111\124\214\154\102\154\325}{section.5.3}% 79
\BOOKMARK [1][-]{section.5.4}{\376\377\142\311\146\156\142\311\145\257\123\330\143\142}{chapter.5}% 80
\BOOKMARK [2][-]{subsection.5.4.1}{\376\377\142\311\146\156\142\311\145\257\123\330\143\142}{section.5.4}% 81
\BOOKMARK [2][-]{subsection.5.4.2}{\376\377\137\256\122\006\145\271\172\013\176\304\166\204\142\311\146\156\142\311\145\257\123\330\143\142}{section.5.4}% 82
\BOOKMARK [0][-]{chapter.6}{\376\377\227\136\176\277\140\047\137\256\122\006\145\271\172\013}{}% 83
\BOOKMARK [1][-]{section.6.1}{\376\377\172\063\133\232\140\047}{chapter.6}% 84
\BOOKMARK [2][-]{subsection.6.1.1}{\376\377\137\025\121\145\117\213\377\032\116\000\226\066\227\136\176\277\140\047\145\271\172\013\166\204\211\343\166\204\126\376\214\214}{section.6.1}% 85
\BOOKMARK [2][-]{subsection.6.1.2}{\376\377\147\116\226\305\146\156\213\372\131\053\172\063\133\232\140\047}{section.6.1}% 86
\BOOKMARK [2][-]{subsection.6.1.3}{\376\377\143\011\176\277\140\047\217\321\117\074\121\263\133\232\172\063\133\232\140\047}{section.6.1}% 87
\BOOKMARK [2][-]{subsection.6.1.4}{\376\377\000V\000\040\121\375\145\160\145\271\154\325\377\010\147\116\226\305\146\156\213\372\131\053\173\054\116\214\145\271\154\325\377\011}{section.6.1}% 88
\BOOKMARK [1][-]{section.6.2}{\376\377\133\232\140\047\164\006\213\272}{chapter.6}% 89
\BOOKMARK [2][-]{subsection.6.2.1}{\376\377\131\107\160\271}{section.6.2}% 90
\BOOKMARK [2][-]{subsection.6.2.2}{\376\377\147\201\226\120\163\257}{section.6.2}% 91
\BOOKMARK [2][-]{subsection.6.2.3}{\376\377\136\163\227\142\126\376\214\214}{section.6.2}% 92
\BOOKMARK [1][-]{section.6.3}{\376\377\124\310\133\306\230\177\174\373\176\337\060\001\133\144\172\313\133\120\124\214\155\367\154\214\377\010\151\202\217\360\377\011}{chapter.6}% 93
