\BOOKMARK [0][-]{chapter.1}{\376\377\137\025\212\000\116\016\145\160\133\146\127\372\170\100}{}% 1
\BOOKMARK [1][-]{section.1.1}{\376\377\154\102\211\343\145\271\154\325\151\202\217\360}{chapter.1}% 2
\BOOKMARK [1][-]{section.1.2}{\376\377\124\021\221\317\122\006\147\220\127\372\170\100}{chapter.1}% 3
\BOOKMARK [1][-]{section.1.3}{\376\377\120\205\221\314\123\366\176\247\145\160}{chapter.1}% 4
\BOOKMARK [0][-]{chapter.2}{\376\377\120\117\137\256\122\006\145\271\172\013\127\372\147\054\151\202\137\365}{}% 5
\BOOKMARK [1][-]{section.2.1}{\376\377\145\271\172\013\166\204\122\006\174\173}{chapter.2}% 6
\BOOKMARK [1][-]{section.2.2}{\376\377\133\232\211\343\147\141\116\366}{chapter.2}% 7
\BOOKMARK [1][-]{section.2.3}{\376\377\220\002\133\232\140\047\116\016\123\340\122\240\123\237\164\006}{chapter.2}% 8
\BOOKMARK [0][-]{chapter.3}{\376\377\154\342\122\250\145\271\172\013}{}% 9
\BOOKMARK [1][-]{section.3.1}{\376\377\137\046\143\057\122\250\145\271\172\013\166\204\136\372\172\313}{chapter.3}% 10
\BOOKMARK [1][-]{section.3.2}{\376\377\217\276\147\027\215\035\134\024\121\154\137\017}{chapter.3}% 11
\BOOKMARK [1][-]{section.3.3}{\376\377\154\342\122\250\166\204\140\047\215\050}{chapter.3}% 12
\BOOKMARK [0][-]{chapter.4}{\376\377\160\355\117\040\133\374\145\271\172\013}{}% 13
\BOOKMARK [1][-]{section.4.1}{\376\377\127\372\147\054\211\343}{chapter.4}% 14
\BOOKMARK [1][-]{section.4.2}{\376\377\122\035\120\074\225\356\230\230}{chapter.4}% 15
\BOOKMARK [1][-]{section.4.3}{\376\377\123\112\145\340\165\114\225\356\230\230}{chapter.4}% 16
\BOOKMARK [0][-]{chapter.5}{\376\377\142\311\146\156\142\311\145\257\145\271\172\013\116\016\154\312\147\176\145\271\172\013}{}% 17
\BOOKMARK [1][-]{section.5.1}{\376\377\127\372\147\054\133\232\164\006}{chapter.5}% 18
\BOOKMARK [1][-]{section.5.2}{\376\377\150\074\147\227\121\375\145\160}{chapter.5}% 19
\BOOKMARK [1][-]{section.5.3}{\376\377\125\057\116\000\140\047\133\232\164\006}{chapter.5}% 20
\BOOKMARK [0][-]{chapter.6}{\376\377\122\006\171\273\123\330\221\317\154\325}{}% 21
\BOOKMARK [1][-]{section.6.1}{\376\377\127\372\147\054\140\035\140\363}{chapter.6}% 22
\BOOKMARK [1][-]{section.6.2}{\376\377\160\355\117\040\133\374\145\271\172\013}{chapter.6}% 23
\BOOKMARK [1][-]{section.6.3}{\376\377\154\342\122\250\145\271\172\013}{chapter.6}% 24
\BOOKMARK [0][-]{chapter.7}{\376\377\171\357\122\006\123\330\143\142\154\325}{}% 25
\BOOKMARK [1][-]{section.7.1}{\376\377\120\205\221\314\123\366\123\330\143\142\154\325}{chapter.7}% 26
\BOOKMARK [1][-]{section.7.2}{\376\377\142\311\146\156\142\311\145\257\123\330\143\142\154\325}{chapter.7}% 27
\BOOKMARK [0][-]{chapter.8}{\376\377\150\074\147\227\121\375\145\160\154\325}{}% 28
\BOOKMARK [1][-]{section.8.1}{\376\377\150\074\147\227\121\375\145\160\166\204\140\047\215\050}{chapter.8}% 29
\BOOKMARK [1][-]{section.8.2}{\376\377\121\170\127\213\123\072\127\337\166\204\150\074\147\227\121\375\145\160}{chapter.8}% 30
\BOOKMARK [1][-]{section.8.3}{\376\377\154\312\147\176\145\271\172\013\166\204\211\343}{chapter.8}% 31
\BOOKMARK [0][-]{chapter.9}{\376\377\123\330\122\006\154\325}{}% 32
\BOOKMARK [1][-]{section.9.1}{\376\377\123\330\122\006\225\356\230\230}{chapter.9}% 33
\BOOKMARK [1][-]{section.9.2}{\376\377\164\136\122\051\000-\221\314\121\171\145\271\154\325}{chapter.9}% 34
\BOOKMARK [0][-]{chapter.10}{\376\377\162\171\153\212\121\375\145\160}{}% 35
\BOOKMARK [1][-]{section.10.1}{\376\377\215\035\130\136\134\024\121\375\145\160}{chapter.10}% 36
\BOOKMARK [1][-]{section.10.2}{\376\377\122\322\213\251\137\267\131\032\230\171\137\017}{chapter.10}% 37
\BOOKMARK [0][-]{chapter.11}{\376\377\145\275\126\376\131\306\000-\122\030\176\364\134\024\164\006\213\272}{}% 38
\BOOKMARK [0][-]{chapter.12}{\376\377\145\160\120\074\211\343\154\325\173\200\116\313}{}% 39
\BOOKMARK [1][-]{section.12.1}{\376\377\147\011\226\120\135\356\122\006\154\325}{chapter.12}% 40
\BOOKMARK [1][-]{section.12.2}{\376\377\147\011\226\120\121\103\145\271\154\325}{chapter.12}% 41
\BOOKMARK [0][-]{chapter.13}{\376\377\136\224\165\050\133\236\117\213}{}% 42
\BOOKMARK [1][-]{section.13.1}{\376\377\160\355\117\040\133\374\225\356\230\230}{chapter.13}% 43
\BOOKMARK [1][-]{section.13.2}{\376\377\137\046\143\057\122\250}{chapter.13}% 44
\BOOKMARK [1][-]{section.13.3}{\376\377\227\131\165\065\127\072}{chapter.13}% 45
\BOOKMARK [0][-]{chapter.14}{\376\377\140\073\176\323\116\016\134\125\147\033}{}% 46
\BOOKMARK [1][-]{section.14.1}{\376\377\121\205\133\271\126\336\230\176}{chapter.14}% 47
\BOOKMARK [1][-]{section.14.2}{\376\377\217\333\226\066\145\271\124\021}{chapter.14}% 48
