\BOOKMARK [0][-]{chapter.1}{\376\377\124\175\230\230\220\073\217\221}{}% 1
\BOOKMARK [1][-]{section.1.1}{\376\377\124\175\230\230\116\016\200\124\176\323\213\315}{chapter.1}% 2
\BOOKMARK [2][-]{subsection.1.1.1}{\376\377\220\073\217\221\200\124\176\323\213\315\140\073\211\310}{section.1.1}% 3
\BOOKMARK [1][-]{section.1.2}{\376\377\124\175\230\230\121\154\137\017\116\016\167\037\120\074\210\150}{chapter.1}% 4
\BOOKMARK [1][-]{section.1.3}{\376\377\154\070\167\037\137\017\060\001\154\070\120\107\137\017\060\001\123\357\156\341\215\263\137\017}{chapter.1}% 5
\BOOKMARK [1][-]{section.1.4}{\376\377\220\073\217\221\173\111\116\367}{chapter.1}% 6
\BOOKMARK [2][-]{subsection.1.4.1}{\376\377\221\315\211\201\220\073\217\221\173\111\116\367\137\017}{section.1.4}% 7
\BOOKMARK [2][-]{subsection.1.4.2}{\376\377\220\073\217\221\173\111\116\367\166\204\213\301\146\016\145\271\154\325}{section.1.4}% 8
\BOOKMARK [1][-]{section.1.5}{\376\377\203\003\137\017}{chapter.1}% 9
\BOOKMARK [2][-]{subsection.1.5.1}{\376\377\145\207\133\127\060\001\173\200\123\125\124\010\123\326\137\017\116\016\173\200\123\125\147\220\123\326\137\017}{section.1.5}% 10
\BOOKMARK [2][-]{subsection.1.5.2}{\376\377\147\220\123\326\203\003\137\017\000\040\000D\000N\000F}{section.1.5}% 11
\BOOKMARK [2][-]{subsection.1.5.3}{\376\377\124\010\123\326\203\003\137\017\000\040\000C\000N\000F}{section.1.5}% 12
\BOOKMARK [2][-]{subsection.1.5.4}{\376\377\116\073\203\003\137\017}{section.1.5}% 13
\BOOKMARK [2][-]{subsection.1.5.5}{\376\377\154\102\116\073\203\003\137\017\166\204\145\271\154\325}{section.1.5}% 14
\BOOKMARK [1][-]{section.1.6}{\376\377\143\250\164\006\164\006\213\272}{chapter.1}% 15
\BOOKMARK [2][-]{subsection.1.6.1}{\376\377\127\372\147\054\151\202\137\365}{section.1.6}% 16
\BOOKMARK [2][-]{subsection.1.6.2}{\376\377\127\372\147\054\143\250\164\006\211\304\122\031}{section.1.6}% 17
\BOOKMARK [2][-]{subsection.1.6.3}{\376\377\137\142\137\017\213\301\146\016\171\072\117\213}{section.1.6}% 18
\BOOKMARK [2][-]{subsection.1.6.4}{\376\377\226\104\122\240\122\115\143\320\213\301\146\016\154\325\116\016\137\122\214\054\154\325}{section.1.6}% 19
\BOOKMARK [0][-]{chapter.2}{\376\377\214\023\213\315\220\073\217\221}{}% 20
\BOOKMARK [1][-]{section.2.1}{\376\377\214\023\213\315\116\016\116\052\117\123\213\315}{chapter.2}% 21
\BOOKMARK [2][-]{subsection.2.1.1}{\376\377\116\052\117\123\213\315}{section.2.1}% 22
\BOOKMARK [2][-]{subsection.2.1.2}{\376\377\214\023\213\315}{section.2.1}% 23
\BOOKMARK [2][-]{subsection.2.1.3}{\376\377\201\352\161\066\213\355\212\000\177\373\213\321\152\041\147\177}{section.2.1}% 24
\BOOKMARK [1][-]{section.2.2}{\376\377\221\317\213\315}{chapter.2}% 25
\BOOKMARK [2][-]{subsection.2.2.1}{\376\377\121\150\171\360\221\317\213\315\000\040\000\040\116\016\133\130\127\050\221\317\213\315\000\040}{section.2.2}% 26
\BOOKMARK [2][-]{subsection.2.2.2}{\376\377\217\226\127\337\060\001\201\352\165\061\123\330\121\103\116\016\176\246\147\137\123\330\121\103}{section.2.2}% 27
\BOOKMARK [2][-]{subsection.2.2.3}{\376\377\123\330\121\103\166\204\145\071\124\015\211\304\122\031}{section.2.2}% 28
\BOOKMARK [1][-]{section.2.3}{\376\377\214\023\213\315\121\154\137\017\116\016\211\343\221\312}{chapter.2}% 29
\BOOKMARK [2][-]{subsection.2.3.1}{\376\377\230\171\116\016\123\237\133\120\121\154\137\017}{section.2.3}% 30
\BOOKMARK [2][-]{subsection.2.3.2}{\376\377\124\010\137\017\121\154\137\017}{section.2.3}% 31
\BOOKMARK [2][-]{subsection.2.3.3}{\376\377\211\343\221\312\116\016\167\037\120\074}{section.2.3}% 32
\BOOKMARK [1][-]{section.2.4}{\376\377\221\317\213\315\166\204\173\111\116\367\116\016\154\070\167\037\137\017}{chapter.2}% 33
\BOOKMARK [2][-]{subsection.2.4.1}{\376\377\221\317\213\315\166\204\124\046\133\232\137\213}{section.2.4}% 34
\BOOKMARK [2][-]{subsection.2.4.2}{\376\377\221\317\213\315\166\204\122\006\221\115\137\213}{section.2.4}% 35
\BOOKMARK [2][-]{subsection.2.4.3}{\376\377\221\317\213\315\117\134\165\050\127\337\166\204\142\151\137\040\116\016\145\066\177\051}{section.2.4}% 36
\BOOKMARK [2][-]{subsection.2.4.4}{\376\377\221\317\213\315\230\172\136\217\116\016\116\222\143\142}{section.2.4}% 37
\BOOKMARK [1][-]{section.2.5}{\376\377\122\115\147\137\203\003\137\017}{chapter.2}% 38
\BOOKMARK [2][-]{subsection.2.5.1}{\376\377\154\102\122\115\147\137\203\003\137\017\166\204\126\333\153\145\154\325}{section.2.5}% 39
\BOOKMARK [1][-]{section.2.6}{\376\377\214\023\213\315\220\073\217\221\143\250\164\006}{chapter.2}% 40
\BOOKMARK [2][-]{subsection.2.6.1}{\376\377\221\317\213\315\166\204\143\250\164\006\211\304\122\031}{section.2.6}% 41
\BOOKMARK [2][-]{subsection.2.6.2}{\376\377\137\142\137\017\213\301\146\016\171\072\117\213}{section.2.6}% 42
\BOOKMARK [2][-]{subsection.2.6.3}{\376\377\136\070\211\301\143\250\164\006\225\031\213\357}{section.2.6}% 43
\BOOKMARK [0][-]{chapter.3}{\376\377\226\306\124\010\213\272}{}% 44
\BOOKMARK [1][-]{section.3.1}{\376\377\226\306\124\010\166\204\127\372\147\054\151\202\137\365}{chapter.3}% 45
\BOOKMARK [2][-]{subsection.3.1.1}{\376\377\226\306\124\010\166\204\210\150\171\072\154\325}{section.3.1}% 46
\BOOKMARK [2][-]{subsection.3.1.2}{\376\377\162\171\153\212\226\306\124\010}{section.3.1}% 47
\BOOKMARK [2][-]{subsection.3.1.3}{\376\377\127\372\145\160}{section.3.1}% 48
\BOOKMARK [1][-]{section.3.2}{\376\377\133\120\226\306\060\001\167\037\133\120\226\306\060\001\136\102\226\306}{chapter.3}% 49
\BOOKMARK [2][-]{subsection.3.2.1}{\376\377\133\120\226\306\116\016\226\306\124\010\166\370\173\111}{section.3.2}% 50
\BOOKMARK [2][-]{subsection.3.2.2}{\376\377\136\102\226\306}{section.3.2}% 51
\BOOKMARK [1][-]{section.3.3}{\376\377\226\306\124\010\217\320\173\227}{chapter.3}% 52
\BOOKMARK [2][-]{subsection.3.3.1}{\376\377\136\166\226\306\000\040\000\040\116\016\116\244\226\306\000\040}{section.3.3}% 53
\BOOKMARK [2][-]{subsection.3.3.2}{\376\377\135\356\226\306\116\016\210\145\226\306}{section.3.3}% 54
\BOOKMARK [2][-]{subsection.3.3.3}{\376\377\133\371\171\360\135\356\000\040}{section.3.3}% 55
\BOOKMARK [2][-]{subsection.3.3.4}{\376\377\136\177\116\111\136\166\124\214\136\177\116\111\116\244}{section.3.3}% 56
\BOOKMARK [1][-]{section.3.4}{\376\377\226\306\124\010\140\122\173\111\137\017}{chapter.3}% 57
\BOOKMARK [2][-]{subsection.3.4.1}{\376\377\140\122\173\111\137\017\213\301\146\016\171\072\117\213}{section.3.4}% 58
\BOOKMARK [1][-]{section.3.5}{\376\377\147\011\136\217\133\371\116\016\173\033\123\141\134\024\171\357}{chapter.3}% 59
\BOOKMARK [2][-]{subsection.3.5.1}{\376\377\000n\000\040\121\103\147\011\136\217\176\304}{section.3.5}% 60
\BOOKMARK [1][-]{section.3.6}{\376\377\133\271\145\245\123\237\164\006}{chapter.3}% 61
\BOOKMARK [2][-]{subsection.3.6.1}{\376\377\116\044\226\306\124\010\116\016\116\011\226\306\124\010}{section.3.6}% 62
\BOOKMARK [2][-]{subsection.3.6.2}{\376\377\116\000\202\054\000\040\000n\000\040\116\052\226\306\124\010\166\204\133\271\145\245\123\237\164\006}{section.3.6}% 63
\BOOKMARK [2][-]{subsection.3.6.3}{\376\377\136\224\165\050\171\072\117\213}{section.3.6}% 64
\BOOKMARK [0][-]{chapter.4}{\376\377\121\163\174\373\116\016\121\375\145\160}{}% 65
\BOOKMARK [1][-]{section.4.1}{\376\377\116\214\121\103\121\163\174\373\166\204\127\372\147\054\151\202\137\365}{chapter.4}% 66
\BOOKMARK [2][-]{subsection.4.1.1}{\376\377\121\163\174\373\166\204\210\150\171\072\154\325}{section.4.1}% 67
\BOOKMARK [2][-]{subsection.4.1.2}{\376\377\133\232\116\111\127\337\060\001\120\074\127\337\116\016\127\337}{section.4.1}% 68
\BOOKMARK [1][-]{section.4.2}{\376\377\121\163\174\373\166\204\217\320\173\227}{chapter.4}% 69
\BOOKMARK [2][-]{subsection.4.2.1}{\376\377\220\006\121\163\174\373}{section.4.2}% 70
\BOOKMARK [2][-]{subsection.4.2.2}{\376\377\131\015\124\010\121\163\174\373}{section.4.2}% 71
\BOOKMARK [2][-]{subsection.4.2.3}{\376\377\121\163\174\373\167\351\226\065\166\204\136\003\134\024\171\357}{section.4.2}% 72
\BOOKMARK [1][-]{section.4.3}{\376\377\121\163\174\373\166\204\140\047\215\050}{chapter.4}% 73
\BOOKMARK [2][-]{subsection.4.3.1}{\376\377\201\352\123\315\140\047\116\016\123\315\201\352\123\315\140\047}{section.4.3}% 74
\BOOKMARK [2][-]{subsection.4.3.2}{\376\377\133\371\171\360\140\047\116\016\123\315\133\371\171\360\140\047}{section.4.3}% 75
\BOOKMARK [2][-]{subsection.4.3.3}{\376\377\117\040\220\022\140\047}{section.4.3}% 76
\BOOKMARK [2][-]{subsection.4.3.4}{\376\377\140\047\215\050\225\364\166\204\121\163\174\373}{section.4.3}% 77
\BOOKMARK [1][-]{section.4.4}{\376\377\225\355\123\005}{chapter.4}% 78
\BOOKMARK [2][-]{subsection.4.4.1}{\376\377\000W\000a\000r\000s\000h\000a\000l\000l\173\227\154\325\154\102\117\040\220\022\225\355\123\005}{section.4.4}% 79
\BOOKMARK [1][-]{section.4.5}{\376\377\173\111\116\367\121\163\174\373\116\016\122\022\122\006}{chapter.4}% 80
\BOOKMARK [2][-]{subsection.4.5.1}{\376\377\173\111\116\367\174\173\116\016\125\106\226\306}{section.4.5}% 81
\BOOKMARK [2][-]{subsection.4.5.2}{\376\377\122\022\122\006\116\016\173\111\116\367\121\163\174\373\166\204\116\000\116\000\133\371\136\224}{section.4.5}% 82
\BOOKMARK [1][-]{section.4.6}{\376\377\120\117\136\217\121\163\174\373}{chapter.4}% 83
\BOOKMARK [2][-]{subsection.4.6.1}{\376\377\124\310\130\136\126\376}{section.4.6}% 84
\BOOKMARK [2][-]{subsection.4.6.2}{\376\377\147\201\131\047\121\103\000/\147\201\134\017\121\103\116\016\147\000\131\047\121\103\000/\147\000\134\017\121\103}{section.4.6}% 85
\BOOKMARK [2][-]{subsection.4.6.3}{\376\377\116\012\165\114\000/\116\013\165\114\116\016\170\156\165\114}{section.4.6}% 86
\BOOKMARK [2][-]{subsection.4.6.4}{\376\377\121\150\136\217\116\016\202\157\136\217}{section.4.6}% 87
\BOOKMARK [1][-]{section.4.7}{\376\377\121\375\145\160}{chapter.4}% 88
\BOOKMARK [2][-]{subsection.4.7.1}{\376\377\123\125\134\004\060\001\156\341\134\004\060\001\123\314\134\004}{section.4.7}% 89
\BOOKMARK [2][-]{subsection.4.7.2}{\376\377\121\375\145\160\166\204\131\015\124\010\116\016\220\006\121\375\145\160}{section.4.7}% 90
\BOOKMARK [2][-]{subsection.4.7.3}{\376\377\121\340\174\173\162\171\153\212\121\375\145\160}{section.4.7}% 91
\BOOKMARK [1][-]{section.4.8}{\376\377\236\075\135\342\123\237\164\006}{chapter.4}% 92
\BOOKMARK [0][-]{chapter.5}{\376\377\176\304\124\010\145\160\133\146}{}% 93
\BOOKMARK [1][-]{section.5.1}{\376\377\213\241\145\160\127\372\147\054\123\237\164\006}{chapter.5}% 94
\BOOKMARK [2][-]{subsection.5.1.1}{\376\377\122\240\154\325\123\237\164\006}{section.5.1}% 95
\BOOKMARK [2][-]{subsection.5.1.2}{\376\377\116\130\154\325\123\237\164\006}{section.5.1}% 96
\BOOKMARK [2][-]{subsection.5.1.3}{\376\377\121\317\154\325\123\237\164\006}{section.5.1}% 97
\BOOKMARK [1][-]{section.5.2}{\376\377\143\222\122\027}{chapter.5}% 98
\BOOKMARK [2][-]{subsection.5.2.1}{\376\377\176\277\143\222\122\027\377\010\116\015\221\315\131\015\143\222\122\027\377\011}{section.5.2}% 99
\BOOKMARK [2][-]{subsection.5.2.2}{\376\377\123\357\221\315\131\015\143\222\122\027}{section.5.2}% 100
\BOOKMARK [2][-]{subsection.5.2.3}{\376\377\127\006\143\222\122\027}{section.5.2}% 101
\BOOKMARK [2][-]{subsection.5.2.4}{\376\377\131\032\221\315\226\306\166\204\143\222\122\027}{section.5.2}% 102
\BOOKMARK [1][-]{section.5.3}{\376\377\176\304\124\010}{chapter.5}% 103
\BOOKMARK [2][-]{subsection.5.3.1}{\376\377\176\304\124\010\145\160\377\010\116\015\221\315\131\015\176\304\124\010\377\011}{section.5.3}% 104
\BOOKMARK [2][-]{subsection.5.3.2}{\376\377\123\357\221\315\131\015\176\304\124\010\377\010\226\224\147\177\154\325\377\011}{section.5.3}% 105
\BOOKMARK [1][-]{section.5.4}{\376\377\116\214\230\171\137\017\133\232\164\006\116\016\176\304\124\010\140\122\173\111\137\017}{chapter.5}% 106
\BOOKMARK [2][-]{subsection.5.4.1}{\376\377\116\214\230\171\137\017\133\232\164\006}{section.5.4}% 107
\BOOKMARK [2][-]{subsection.5.4.2}{\376\377\147\150\217\211\116\011\211\322\377\010\000P\000a\000s\000c\000a\000l\000\040\116\011\211\322\377\011}{section.5.4}% 108
\BOOKMARK [2][-]{subsection.5.4.3}{\376\377\176\304\124\010\140\122\173\111\137\017}{section.5.4}% 109
\BOOKMARK [1][-]{section.5.5}{\376\377\236\075\135\342\123\237\164\006}{chapter.5}% 110
\BOOKMARK [2][-]{subsection.5.5.1}{\376\377\127\372\147\054\137\142\137\017}{section.5.5}% 111
\BOOKMARK [2][-]{subsection.5.5.2}{\376\377\122\240\137\072\137\142\137\017}{section.5.5}% 112
\BOOKMARK [2][-]{subsection.5.5.3}{\376\377\000R\000a\000m\000s\000e\000y\000\040\164\006\213\272\121\145\225\350}{section.5.5}% 113
\BOOKMARK [1][-]{section.5.6}{\376\377\133\271\145\245\123\237\164\006}{chapter.5}% 114
\BOOKMARK [2][-]{subsection.5.6.1}{\376\377\127\372\147\054\137\142\137\017}{section.5.6}% 115
\BOOKMARK [2][-]{subsection.5.6.2}{\376\377\116\000\202\054\137\142\137\017}{section.5.6}% 116
\BOOKMARK [2][-]{subsection.5.6.3}{\376\377\225\031\117\115\143\222\122\027}{section.5.6}% 117
\BOOKMARK [1][-]{section.5.7}{\376\377\220\022\143\250\121\163\174\373\121\145\225\350}{chapter.5}% 118
\BOOKMARK [2][-]{subsection.5.7.1}{\376\377\220\022\143\250\121\163\174\373\166\204\127\372\147\054\151\202\137\365}{section.5.7}% 119
\BOOKMARK [2][-]{subsection.5.7.2}{\376\377\116\000\226\066\176\277\140\047\220\022\143\250}{section.5.7}% 120
\BOOKMARK [1][-]{section.5.8}{\376\377\000C\000a\000t\000a\000l\000a\000n\000\040\145\160}{chapter.5}% 121
\BOOKMARK [1][-]{section.5.9}{\376\377\143\222\122\027\176\304\124\010\166\204\177\026\172\013\133\236\163\260}{chapter.5}% 122
\BOOKMARK [1][-]{section.5.10}{\376\377\147\054\172\340\134\017\176\323}{chapter.5}% 123
\BOOKMARK [0][-]{chapter.6}{\376\377\126\376\213\272\127\372\170\100}{}% 124
\BOOKMARK [1][-]{section.6.1}{\376\377\126\376\166\204\127\372\147\054\151\202\137\365}{chapter.6}% 125
\BOOKMARK [2][-]{subsection.6.1.1}{\376\377\145\340\124\021\126\376\116\016\147\011\124\021\126\376\166\204\133\232\116\111}{section.6.1}% 126
\BOOKMARK [2][-]{subsection.6.1.2}{\376\377\220\273\143\245\060\001\121\163\200\124\116\016\136\246}{section.6.1}% 127
\BOOKMARK [2][-]{subsection.6.1.3}{\376\377\143\341\142\113\133\232\164\006}{section.6.1}% 128
\BOOKMARK [1][-]{section.6.2}{\376\377\126\376\166\204\122\006\174\173}{chapter.6}% 129
\BOOKMARK [2][-]{subsection.6.2.1}{\376\377\173\200\123\125\126\376\060\001\133\214\121\150\126\376\116\016\116\214\220\350\126\376}{section.6.2}% 130
\BOOKMARK [2][-]{subsection.6.2.2}{\376\377\153\143\122\031\126\376\116\016\210\145\126\376}{section.6.2}% 131
\BOOKMARK [2][-]{subsection.6.2.3}{\376\377\133\120\126\376\174\173\127\213}{section.6.2}% 132
\BOOKMARK [1][-]{section.6.3}{\376\377\126\376\166\204\210\150\171\072}{chapter.6}% 133
\BOOKMARK [2][-]{subsection.6.3.1}{\376\377\220\273\143\245\167\351\226\065}{section.6.3}% 134
\BOOKMARK [2][-]{subsection.6.3.2}{\376\377\220\273\143\245\210\150\116\016\121\163\200\124\167\351\226\065}{section.6.3}% 135
\BOOKMARK [1][-]{section.6.4}{\376\377\215\357\137\204\116\016\217\336\220\032\140\047}{chapter.6}% 136
\BOOKMARK [2][-]{subsection.6.4.1}{\376\377\220\032\215\357\116\016\126\336\215\357}{section.6.4}% 137
\BOOKMARK [2][-]{subsection.6.4.2}{\376\377\217\336\220\032\140\047}{section.6.4}% 138
\BOOKMARK [2][-]{subsection.6.4.3}{\376\377\160\271\217\336\220\032\136\246\116\016\217\271\217\336\220\032\136\246}{section.6.4}% 139
\BOOKMARK [1][-]{section.6.5}{\376\377\153\047\142\311\126\376}{chapter.6}% 140
\BOOKMARK [2][-]{subsection.6.5.1}{\376\377\000F\000l\000e\000u\000r\000y\000\040\173\227\154\325}{section.6.5}% 141
\BOOKMARK [1][-]{section.6.6}{\376\377\124\310\133\306\230\177\126\376}{chapter.6}% 142
\BOOKMARK [1][-]{section.6.7}{\376\377\136\163\227\142\126\376}{chapter.6}% 143
\BOOKMARK [2][-]{subsection.6.7.1}{\376\377\153\047\142\311\121\154\137\017}{section.6.7}% 144
\BOOKMARK [2][-]{subsection.6.7.2}{\376\377\000K\000u\000r\000a\000t\000o\000w\000s\000k\000i\000\040\133\232\164\006}{section.6.7}% 145
\BOOKMARK [1][-]{section.6.8}{\376\377\126\376\166\204\167\100\202\162}{chapter.6}% 146
\BOOKMARK [2][-]{subsection.6.8.1}{\376\377\230\166\160\271\167\100\202\162\116\016\202\162\145\160}{section.6.8}% 147
\BOOKMARK [2][-]{subsection.6.8.2}{\376\377\126\333\202\162\133\232\164\006}{section.6.8}% 148
\BOOKMARK [2][-]{subsection.6.8.3}{\376\377\215\052\137\303\167\100\202\162\173\227\154\325}{section.6.8}% 149
\BOOKMARK [1][-]{section.6.9}{\376\377\126\376\166\204\177\026\172\013\133\236\163\260}{chapter.6}% 150
\BOOKMARK [1][-]{section.6.10}{\376\377\147\054\172\340\134\017\176\323}{chapter.6}% 151
\BOOKMARK [0][-]{chapter.7}{\376\377\150\021}{}% 152
\BOOKMARK [1][-]{section.7.1}{\376\377\150\021\166\204\127\372\147\054\151\202\137\365}{chapter.7}% 153
\BOOKMARK [2][-]{subsection.7.1.1}{\376\377\150\021\166\204\133\232\116\111}{section.7.1}% 154
\BOOKMARK [2][-]{subsection.7.1.2}{\376\377\150\021\166\204\121\155\116\052\173\111\116\367\147\141\116\366}{section.7.1}% 155
\BOOKMARK [2][-]{subsection.7.1.3}{\376\377\150\021\123\366\116\016\150\356\147\227}{section.7.1}% 156
\BOOKMARK [1][-]{section.7.2}{\376\377\165\037\142\020\150\021}{chapter.7}% 157
\BOOKMARK [2][-]{subsection.7.2.1}{\376\377\133\232\116\111\116\016\133\130\127\050\140\047}{section.7.2}% 158
\BOOKMARK [2][-]{subsection.7.2.2}{\376\377\147\000\134\017\165\037\142\020\150\021\000\040\000\050\000M\000S\000T\000\051}{section.7.2}% 159
\BOOKMARK [2][-]{subsection.7.2.3}{\376\377\000C\000a\000y\000l\000e\000y\000\040\133\232\164\006}{section.7.2}% 160
\BOOKMARK [1][-]{section.7.3}{\376\377\147\011\150\071\150\021\116\016\116\214\123\311\150\021}{chapter.7}% 161
\BOOKMARK [2][-]{subsection.7.3.1}{\376\377\147\011\150\071\150\021}{section.7.3}% 162
\BOOKMARK [2][-]{subsection.7.3.2}{\376\377\000m\000\040\123\311\150\021}{section.7.3}% 163
\BOOKMARK [2][-]{subsection.7.3.3}{\376\377\116\214\123\311\150\021}{section.7.3}% 164
\BOOKMARK [2][-]{subsection.7.3.4}{\376\377\116\214\123\311\150\021\166\204\220\115\123\206}{section.7.3}% 165
\BOOKMARK [1][-]{section.7.4}{\376\377\124\310\131\053\146\374\150\021\116\016\124\310\131\053\146\374\177\026\170\001}{chapter.7}% 166
\BOOKMARK [2][-]{subsection.7.4.1}{\376\377\124\310\131\053\146\374\150\021\377\010\147\000\117\030\116\214\123\311\150\021\377\011}{section.7.4}% 167
\BOOKMARK [2][-]{subsection.7.4.2}{\376\377\124\310\131\053\146\374\177\026\170\001}{section.7.4}% 168
\BOOKMARK [1][-]{section.7.5}{\376\377\177\026\172\013\133\236\163\260}{chapter.7}% 169
\BOOKMARK [1][-]{section.7.6}{\376\377\147\054\172\340\134\017\176\323}{chapter.7}% 170
\BOOKMARK [0][-]{chapter.8}{\376\377\116\343\145\160\176\323\147\204}{}% 171
\BOOKMARK [1][-]{section.8.1}{\376\377\116\343\145\160\174\373\176\337\166\204\127\372\147\054\151\202\137\365}{chapter.8}% 172
\BOOKMARK [2][-]{subsection.8.1.1}{\376\377\116\214\121\103\217\320\173\227}{section.8.1}% 173
\BOOKMARK [2][-]{subsection.8.1.2}{\376\377\162\171\153\212\121\103\175\040\377\032\136\172\121\103\060\001\226\366\121\103\116\016\220\006\121\103}{section.8.1}% 174
\BOOKMARK [2][-]{subsection.8.1.3}{\376\377\116\343\145\160\176\323\147\204\134\102\153\041}{section.8.1}% 175
\BOOKMARK [1][-]{section.8.2}{\376\377\123\112\177\244\116\016\136\172\123\112\177\244}{chapter.8}% 176
\BOOKMARK [2][-]{subsection.8.2.1}{\376\377\123\112\177\244}{section.8.2}% 177
\BOOKMARK [2][-]{subsection.8.2.2}{\376\377\136\172\123\112\177\244}{section.8.2}% 178
\BOOKMARK [1][-]{section.8.3}{\376\377\177\244}{chapter.8}% 179
\BOOKMARK [2][-]{subsection.8.3.1}{\376\377\177\244\166\204\133\232\116\111}{section.8.3}% 180
\BOOKMARK [2][-]{subsection.8.3.2}{\376\377\177\244\166\204\127\372\147\054\140\047\215\050}{section.8.3}% 181
\BOOKMARK [2][-]{subsection.8.3.3}{\376\377\133\120\177\244\116\016\122\044\133\232\133\232\164\006}{section.8.3}% 182
\BOOKMARK [2][-]{subsection.8.3.4}{\376\377\137\252\163\257\177\244}{section.8.3}% 183
\BOOKMARK [2][-]{subsection.8.3.5}{\376\377\226\152\226\306\116\016\142\311\150\074\147\027\145\345\133\232\164\006}{section.8.3}% 184
\BOOKMARK [2][-]{subsection.8.3.6}{\376\377\153\143\211\304\133\120\177\244\116\016\125\106\177\244}{section.8.3}% 185
\BOOKMARK [2][-]{subsection.8.3.7}{\376\377\177\244\124\014\140\001\116\016\124\014\147\204\133\232\164\006}{section.8.3}% 186
\BOOKMARK [1][-]{section.8.4}{\376\377\177\156\143\142\177\244}{chapter.8}% 187
\BOOKMARK [2][-]{subsection.8.4.1}{\376\377\177\156\143\142\166\204\210\150\171\072}{section.8.4}% 188
\BOOKMARK [2][-]{subsection.8.4.2}{\376\377\133\371\171\360\177\244\116\016\116\244\225\031\177\244}{section.8.4}% 189
\BOOKMARK [1][-]{section.8.5}{\376\377\163\257\116\016\127\337}{chapter.8}% 190
\BOOKMARK [2][-]{subsection.8.5.1}{\376\377\163\257\166\204\133\232\116\111}{section.8.5}% 191
\BOOKMARK [2][-]{subsection.8.5.2}{\376\377\163\257\166\204\174\173\127\213}{section.8.5}% 192
\BOOKMARK [2][-]{subsection.8.5.3}{\376\377\133\120\163\257\116\016\164\006\140\363}{section.8.5}% 193
\BOOKMARK [2][-]{subsection.8.5.4}{\376\377\127\337}{section.8.5}% 194
\BOOKMARK [2][-]{subsection.8.5.5}{\376\377\147\011\226\120\127\337}{section.8.5}% 195
\BOOKMARK [1][-]{section.8.6}{\376\377\150\074}{chapter.8}% 196
\BOOKMARK [2][-]{subsection.8.6.1}{\376\377\150\074\117\134\116\072\120\117\136\217\226\306}{section.8.6}% 197
\BOOKMARK [2][-]{subsection.8.6.2}{\376\377\150\074\117\134\116\072\116\343\145\160\176\323\147\204}{section.8.6}% 198
\BOOKMARK [2][-]{subsection.8.6.3}{\376\377\162\171\153\212\150\074}{section.8.6}% 199
\BOOKMARK [1][-]{section.8.7}{\376\377\177\026\172\013\133\236\163\260}{chapter.8}% 200
\BOOKMARK [1][-]{section.8.8}{\376\377\147\054\172\340\134\017\176\323}{chapter.8}% 201
\BOOKMARK [0][-]{chapter.9}{\376\377\136\003\134\024\116\343\145\160}{}% 202
\BOOKMARK [1][-]{section.9.1}{\376\377\136\003\134\024\116\343\145\160\166\204\133\232\116\111}{chapter.9}% 203
\BOOKMARK [2][-]{subsection.9.1.1}{\376\377\121\154\164\006\123\026\133\232\116\111}{section.9.1}% 204
\BOOKMARK [2][-]{subsection.9.1.2}{\376\377\116\250\136\367\230\177\121\154\164\006\117\123\174\373}{section.9.1}% 205
\BOOKMARK [2][-]{subsection.9.1.3}{\376\377\117\134\116\072\147\011\210\145\122\006\221\115\150\074\166\204\136\003\134\024\116\343\145\160}{section.9.1}% 206
\BOOKMARK [2][-]{subsection.9.1.4}{\376\377\221\315\211\201\117\213\133\120}{section.9.1}% 207
\BOOKMARK [1][-]{section.9.2}{\376\377\136\003\134\024\116\343\145\160\166\204\127\372\147\054\140\047\215\050}{chapter.9}% 208
\BOOKMARK [2][-]{subsection.9.2.1}{\376\377\136\102\173\111\137\213}{section.9.2}% 209
\BOOKMARK [2][-]{subsection.9.2.2}{\376\377\226\366\137\213}{section.9.2}% 210
\BOOKMARK [2][-]{subsection.9.2.3}{\376\377\124\070\145\066\137\213}{section.9.2}% 211
\BOOKMARK [2][-]{subsection.9.2.4}{\376\377\210\145\121\103\166\204\125\057\116\000\140\047}{section.9.2}% 212
\BOOKMARK [2][-]{subsection.9.2.5}{\376\377\137\267\144\151\150\071\137\213}{section.9.2}% 213
\BOOKMARK [2][-]{subsection.9.2.6}{\376\377\123\314\221\315\124\046\133\232\137\213}{section.9.2}% 214
\BOOKMARK [2][-]{subsection.9.2.7}{\376\377\140\047\215\050\140\073\210\150}{section.9.2}% 215
\BOOKMARK [1][-]{section.9.3}{\376\377\136\003\134\024\121\375\145\160}{chapter.9}% 216
\BOOKMARK [2][-]{subsection.9.3.1}{\376\377\136\003\134\024\121\375\145\160\166\204\133\232\116\111}{section.9.3}% 217
\BOOKMARK [2][-]{subsection.9.3.2}{\376\377\147\201\134\017\230\171\116\016\147\201\131\047\230\171}{section.9.3}% 218
\BOOKMARK [1][-]{section.9.4}{\376\377\136\003\134\024\210\150\217\276\137\017\166\204\123\026\173\200}{chapter.9}% 219
\BOOKMARK [2][-]{subsection.9.4.1}{\376\377\116\343\145\160\123\026\173\200\154\325}{section.9.4}% 220
\BOOKMARK [2][-]{subsection.9.4.2}{\376\377\123\141\213\372\126\376}{section.9.4}% 221
\BOOKMARK [2][-]{subsection.9.4.3}{\376\377\000Q\000u\000i\000n\000e\000-\000M\000c\000C\000l\000u\000s\000k\000e\000y\173\227\154\325}{section.9.4}% 222
\BOOKMARK [1][-]{section.9.5}{\376\377\220\073\217\221\225\350\165\065\215\357}{chapter.9}% 223
\BOOKMARK [2][-]{subsection.9.5.1}{\376\377\127\372\147\054\220\073\217\221\225\350}{section.9.5}% 224
\BOOKMARK [2][-]{subsection.9.5.2}{\376\377\167\037\120\074\210\150}{section.9.5}% 225
\BOOKMARK [2][-]{subsection.9.5.3}{\376\377\122\237\200\375\133\214\131\007\140\047}{section.9.5}% 226
\BOOKMARK [2][-]{subsection.9.5.4}{\376\377\122\240\154\325\126\150\165\065\215\357}{section.9.5}% 227
\BOOKMARK [1][-]{section.9.6}{\376\377\177\026\172\013\133\236\163\260}{chapter.9}% 228
\BOOKMARK [0][-]{chapter.10}{\376\377\220\022\143\250\121\163\174\373\116\016\165\037\142\020\121\375\145\160}{}% 229
\BOOKMARK [1][-]{section.10.1}{\376\377\220\022\143\250\121\163\174\373\166\204\127\372\147\054\151\202\137\365}{chapter.10}% 230
\BOOKMARK [1][-]{section.10.2}{\376\377\176\277\140\047\220\022\143\250\121\163\174\373\166\204\154\102\211\343}{chapter.10}% 231
\BOOKMARK [2][-]{subsection.10.2.1}{\376\377\116\000\226\066\176\277\140\047\220\022\143\250}{section.10.2}% 232
\BOOKMARK [2][-]{subsection.10.2.2}{\376\377\237\120\153\041\176\277\140\047\220\022\143\250\166\204\162\171\137\201\145\271\172\013\154\325}{section.10.2}% 233
\BOOKMARK [2][-]{subsection.10.2.3}{\376\377\227\136\237\120\153\041\176\277\140\047\220\022\143\250}{section.10.2}% 234
\BOOKMARK [2][-]{subsection.10.2.4}{\376\377\000F\000i\000b\000o\000n\000a\000c\000c\000i\145\160\122\027\166\204\133\214\145\164\154\102\211\343}{section.10.2}% 235
\BOOKMARK [1][-]{section.10.3}{\376\377\122\006\154\273\220\022\143\250\116\016\000M\000a\000s\000t\000e\000r\133\232\164\006}{chapter.10}% 236
\BOOKMARK [2][-]{subsection.10.3.1}{\376\377\122\006\154\273\173\227\154\325\166\204\220\022\143\250\137\142\137\017}{section.10.3}% 237
\BOOKMARK [2][-]{subsection.10.3.2}{\376\377\000M\000a\000s\000t\000e\000r\133\232\164\006}{section.10.3}% 238
\BOOKMARK [1][-]{section.10.4}{\376\377\165\037\142\020\121\375\145\160\377\010\153\315\121\375\145\160\377\011}{chapter.10}% 239
\BOOKMARK [2][-]{subsection.10.4.1}{\376\377\146\156\220\032\165\037\142\020\121\375\145\160\166\204\133\232\116\111}{section.10.4}% 240
\BOOKMARK [2][-]{subsection.10.4.2}{\376\377\136\070\211\301\136\217\122\027\166\204\165\037\142\020\121\375\145\160}{section.10.4}% 241
\BOOKMARK [2][-]{subsection.10.4.3}{\376\377\165\037\142\020\121\375\145\160\166\204\217\320\173\227}{section.10.4}% 242
\BOOKMARK [2][-]{subsection.10.4.4}{\376\377\165\050\165\037\142\020\121\375\145\160\211\343\000F\000i\000b\000o\000n\000a\000c\000c\000i\220\022\143\250}{section.10.4}% 243
\BOOKMARK [2][-]{subsection.10.4.5}{\376\377\143\007\145\160\165\037\142\020\121\375\145\160}{section.10.4}% 244
\BOOKMARK [1][-]{section.10.5}{\376\377\165\037\142\020\121\375\145\160\116\016\176\304\124\010\213\241\145\160}{chapter.10}% 245
\BOOKMARK [2][-]{subsection.10.5.1}{\376\377\131\032\221\315\226\306\166\204\176\304\124\010\145\160}{section.10.5}% 246
\BOOKMARK [2][-]{subsection.10.5.2}{\376\377\145\164\145\160\142\306\122\006\166\204\165\037\142\020\121\375\145\160}{section.10.5}% 247
\BOOKMARK [1][-]{section.10.6}{\376\377\177\026\172\013\133\236\163\260}{chapter.10}% 248
\BOOKMARK [0][-]{chapter.11}{\376\377\122\035\173\111\145\160\213\272}{}% 249
\BOOKMARK [1][-]{section.11.1}{\376\377\145\164\226\144\164\006\213\272}{chapter.11}% 250
\BOOKMARK [2][-]{subsection.11.1.1}{\376\377\145\164\226\144\166\204\133\232\116\111\116\016\127\372\147\054\140\047\215\050}{section.11.1}% 251
\BOOKMARK [2][-]{subsection.11.1.2}{\376\377\136\046\117\131\226\144\154\325}{section.11.1}% 252
\BOOKMARK [2][-]{subsection.11.1.3}{\376\377\147\000\131\047\121\154\126\340\145\160\116\016\217\227\217\154\166\370\226\144\154\325}{section.11.1}% 253
\BOOKMARK [2][-]{subsection.11.1.4}{\376\377\147\000\134\017\121\154\120\015\145\160}{section.11.1}% 254
\BOOKMARK [2][-]{subsection.11.1.5}{\376\377\142\151\134\125\153\047\121\340\221\314\137\227\173\227\154\325\116\016\000B\000\351\000z\000o\000u\000t\133\232\164\006}{section.11.1}% 255
\BOOKMARK [1][-]{section.11.2}{\376\377\175\040\145\160}{chapter.11}% 256
\BOOKMARK [2][-]{subsection.11.2.1}{\376\377\175\040\145\160\116\016\173\227\147\057\127\372\147\054\133\232\164\006}{section.11.2}% 257
\BOOKMARK [2][-]{subsection.11.2.2}{\376\377\175\040\145\160\147\011\145\340\172\167\131\032\116\052}{section.11.2}% 258
\BOOKMARK [2][-]{subsection.11.2.3}{\376\377\175\040\145\160\122\044\133\232\116\016\173\133\154\325}{section.11.2}% 259
\BOOKMARK [2][-]{subsection.11.2.4}{\376\377\175\040\145\160\133\232\164\006}{section.11.2}% 260
\BOOKMARK [1][-]{section.11.3}{\376\377\124\014\117\131\116\016\152\041\173\227\147\057}{chapter.11}% 261
\BOOKMARK [2][-]{subsection.11.3.1}{\376\377\124\014\117\131\166\204\133\232\116\111}{section.11.3}% 262
\BOOKMARK [2][-]{subsection.11.3.2}{\376\377\152\041\173\227\147\057\127\372\147\054\140\047\215\050}{section.11.3}% 263
\BOOKMARK [2][-]{subsection.11.3.3}{\376\377\176\277\140\047\124\014\117\131\145\271\172\013}{section.11.3}% 264
\BOOKMARK [2][-]{subsection.11.3.4}{\376\377\152\041\220\006\121\103\116\016\215\071\232\154\134\017\133\232\164\006}{section.11.3}% 265
\BOOKMARK [1][-]{section.11.4}{\376\377\116\055\126\375\122\151\117\131\133\232\164\006}{chapter.11}% 266
\BOOKMARK [1][-]{section.11.5}{\376\377\153\047\142\311\133\232\164\006\116\016\000R\000S\000A\133\306\170\001\117\123\122\066}{chapter.11}% 267
\BOOKMARK [2][-]{subsection.11.5.1}{\376\377\153\047\142\311\121\375\145\160\116\016\153\047\142\311\133\232\164\006}{section.11.5}% 268
\BOOKMARK [2][-]{subsection.11.5.2}{\376\377\000R\000S\000A\133\306\170\001\117\123\122\066}{section.11.5}% 269
\BOOKMARK [2][-]{subsection.11.5.3}{\376\377\000R\000S\000A\166\204\133\211\121\150\140\047}{section.11.5}% 270
\BOOKMARK [1][-]{section.11.6}{\376\377\116\214\153\041\122\151\117\131}{chapter.11}% 271
\BOOKMARK [1][-]{section.11.7}{\376\377\177\026\172\013\133\236\163\260}{chapter.11}% 272
\BOOKMARK [0][-]{chapter.12}{\376\377\173\227\154\325\116\016\213\241\173\227\164\006\213\272\122\035\153\145}{}% 273
\BOOKMARK [1][-]{section.12.1}{\376\377\173\227\154\325\166\204\127\372\147\054\151\202\137\365}{chapter.12}% 274
\BOOKMARK [2][-]{subsection.12.1.1}{\376\377\173\227\154\325\166\204\133\232\116\111\116\016\162\171\140\047}{section.12.1}% 275
\BOOKMARK [2][-]{subsection.12.1.2}{\376\377\173\227\154\325\166\204\210\150\171\072}{section.12.1}% 276
\BOOKMARK [1][-]{section.12.2}{\376\377\173\227\154\325\131\015\147\102\136\246\122\006\147\220}{chapter.12}% 277
\BOOKMARK [2][-]{subsection.12.2.1}{\376\377\156\020\217\333\213\260\123\367}{section.12.2}% 278
\BOOKMARK [2][-]{subsection.12.2.2}{\376\377\136\070\211\301\131\015\147\102\136\246\143\222\136\217}{section.12.2}% 279
\BOOKMARK [1][-]{section.12.3}{\376\377\176\317\121\170\173\227\154\325\213\276\213\241\173\126\165\145}{chapter.12}% 280
\BOOKMARK [2][-]{subsection.12.3.1}{\376\377\215\052\137\303\173\227\154\325}{section.12.3}% 281
\BOOKMARK [2][-]{subsection.12.3.2}{\376\377\122\006\154\273\173\227\154\325}{section.12.3}% 282
\BOOKMARK [2][-]{subsection.12.3.3}{\376\377\122\250\140\001\211\304\122\022}{section.12.3}% 283
\BOOKMARK [1][-]{section.12.4}{\376\377\213\241\173\227\164\006\213\272\121\145\225\350}{chapter.12}% 284
\BOOKMARK [2][-]{subsection.12.4.1}{\376\377\137\142\137\017\213\355\212\000\116\016\000C\000h\000o\000m\000s\000k\000y\214\061\174\373}{section.12.4}% 285
\BOOKMARK [2][-]{subsection.12.4.2}{\376\377\147\011\226\120\201\352\122\250\147\072}{section.12.4}% 286
\BOOKMARK [2][-]{subsection.12.4.3}{\376\377\227\136\170\156\133\232\127\213\147\011\226\120\201\352\122\250\147\072}{section.12.4}% 287
\BOOKMARK [2][-]{subsection.12.4.4}{\376\377\153\143\122\031\210\150\217\276\137\017}{section.12.4}% 288
\BOOKMARK [2][-]{subsection.12.4.5}{\376\377\126\376\160\165\147\072\173\200\116\313}{section.12.4}% 289
\BOOKMARK [1][-]{section.12.5}{\376\377\000P\116\016\000N\000P\225\356\230\230\173\200\116\313}{chapter.12}% 290
\BOOKMARK [2][-]{subsection.12.5.1}{\376\377\000P\174\173\116\016\000N\000P\174\173}{section.12.5}% 291
\BOOKMARK [2][-]{subsection.12.5.2}{\376\377\000N\000P\133\214\121\150\140\047}{section.12.5}% 292
\BOOKMARK [2][-]{subsection.12.5.3}{\376\377\000C\000o\000o\000k\000-\000L\000e\000v\000i\000n\133\232\164\006\116\016\000P\000=\000N\000P\225\356\230\230}{section.12.5}% 293
\BOOKMARK [1][-]{section.12.6}{\376\377\177\026\172\013\133\236\163\260}{chapter.12}% 294
