\BOOKMARK [0][-]{chapter.1}{\376\377\145\160\133\146\127\372\170\100}{}% 1
\BOOKMARK [1][-]{section.1.1}{\376\377\151\202\163\207\213\272\127\372\170\100}{chapter.1}% 2
\BOOKMARK [2][-]{subsection.1.1.1}{\376\377\226\217\147\072\123\330\221\317\116\016\151\202\163\207\122\006\136\003}{section.1.1}% 3
\BOOKMARK [2][-]{subsection.1.1.2}{\376\377\147\141\116\366\151\202\163\207\060\001\215\035\123\366\145\257\121\154\137\017\116\016\121\150\151\202\163\207\121\154\137\017}{section.1.1}% 4
\BOOKMARK [2][-]{subsection.1.1.3}{\376\377\147\037\147\033\060\001\145\271\135\356\116\016\123\117\145\271\135\356}{section.1.1}% 5
\BOOKMARK [2][-]{subsection.1.1.4}{\376\377\131\047\145\160\133\232\137\213\116\016\116\055\137\303\147\201\226\120\133\232\164\006}{section.1.1}% 6
\BOOKMARK [2][-]{subsection.1.1.5}{\376\377\147\141\116\366\147\037\147\033\116\016\121\150\147\037\147\033\121\154\137\017}{section.1.1}% 7
\BOOKMARK [2][-]{subsection.1.1.6}{\376\377\221\315\211\201\140\047\221\307\150\067\000\050\000I\000m\000p\000o\000r\000t\000a\000n\000c\000e\000\040\000S\000a\000m\000p\000l\000i\000n\000g\000\051}{section.1.1}% 8
\BOOKMARK [1][-]{section.1.2}{\376\377\176\277\140\047\116\343\145\160\127\372\170\100}{chapter.1}% 9
\BOOKMARK [2][-]{subsection.1.2.1}{\376\377\124\021\221\317\116\016\167\351\226\065}{section.1.2}% 10
\BOOKMARK [2][-]{subsection.1.2.2}{\376\377\162\171\137\201\120\074\116\016\162\171\137\201\124\021\221\317}{section.1.2}% 11
\BOOKMARK [2][-]{subsection.1.2.3}{\376\377\167\351\226\065\220\006\116\016\117\052\220\006}{section.1.2}% 12
\BOOKMARK [2][-]{subsection.1.2.4}{\376\377\176\277\140\047\145\271\172\013\176\304\166\204\154\102\211\343}{section.1.2}% 13
\BOOKMARK [2][-]{subsection.1.2.5}{\376\377\124\021\221\317\116\016\167\351\226\065\203\003\145\160}{section.1.2}% 14
\BOOKMARK [2][-]{subsection.1.2.6}{\376\377\150\257\136\246\116\016\000H\000e\000s\000s\000i\000a\000n\167\351\226\065}{section.1.2}% 15
\BOOKMARK [1][-]{section.1.3}{\376\377\117\030\123\026\127\372\170\100}{chapter.1}% 16
\BOOKMARK [2][-]{subsection.1.3.1}{\376\377\121\370\226\306\116\016\121\370\121\375\145\160}{section.1.3}% 17
\BOOKMARK [2][-]{subsection.1.3.2}{\376\377\150\257\136\246\116\013\226\115\154\325}{section.1.3}% 18
\BOOKMARK [2][-]{subsection.1.3.3}{\376\377\226\217\147\072\150\257\136\246\116\013\226\115\000\040\000\050\000S\000G\000D\000\051}{section.1.3}% 19
\BOOKMARK [2][-]{subsection.1.3.4}{\376\377\176\246\147\137\117\030\123\026\116\016\000L\000a\000g\000r\000a\000n\000g\000e\116\130\133\120\154\325}{section.1.3}% 20
\BOOKMARK [2][-]{subsection.1.3.5}{\376\377\000K\000L\145\143\136\246}{section.1.3}% 21
\BOOKMARK [1][-]{section.1.4}{\376\377\137\256\171\357\122\006\126\336\230\176}{chapter.1}% 22
\BOOKMARK [2][-]{subsection.1.4.1}{\376\377\224\376\137\017\154\325\122\031}{section.1.4}% 23
\BOOKMARK [2][-]{subsection.1.4.2}{\376\377\133\371\145\160\154\102\133\374\142\200\135\347}{section.1.4}% 24
\BOOKMARK [2][-]{subsection.1.4.3}{\376\377\123\213\177\051\146\040\134\004\116\016\000B\000a\000n\000a\000c\000h\116\015\122\250\160\271\133\232\164\006}{section.1.4}% 25
\BOOKMARK [1][-]{section.1.5}{\376\377\147\054\172\340\134\017\176\323}{chapter.1}% 26
\BOOKMARK [0][-]{chapter.2}{\376\377\232\154\134\024\123\357\131\053\121\263\173\126\217\307\172\013}{}% 27
\BOOKMARK [1][-]{section.2.1}{\376\377\146\172\200\375\117\123\000-\163\257\130\203\116\244\116\222\152\041\127\213}{chapter.2}% 28
\BOOKMARK [2][-]{subsection.2.1.1}{\376\377\127\372\147\054\150\106\147\266}{section.2.1}% 29
\BOOKMARK [2][-]{subsection.2.1.2}{\376\377\121\163\225\056\151\202\137\365\166\204\137\142\137\017\123\026}{section.2.1}% 30
\BOOKMARK [1][-]{section.2.2}{\376\377\232\154\134\024\123\357\131\053\140\047\215\050}{chapter.2}% 31
\BOOKMARK [2][-]{subsection.2.2.1}{\376\377\133\232\116\111\116\016\121\205\155\265}{section.2.2}% 32
\BOOKMARK [2][-]{subsection.2.2.2}{\376\377\220\350\122\006\123\357\211\302\155\113\232\154\134\024\123\357\131\053\121\263\173\126\217\307\172\013\000\040\000\050\000P\000O\000M\000D\000P\000\051}{section.2.2}% 33
\BOOKMARK [1][-]{section.2.3}{\376\377\000M\000D\000P\166\204\137\142\137\017\123\026\133\232\116\111}{chapter.2}% 34
\BOOKMARK [2][-]{subsection.2.3.1}{\376\377\217\154\171\373\151\202\163\207\167\351\226\065}{section.2.3}% 35
\BOOKMARK [2][-]{subsection.2.3.2}{\376\377\131\126\122\261\121\375\145\160\166\204\116\011\171\315\137\142\137\017}{section.2.3}% 36
\BOOKMARK [2][-]{subsection.2.3.3}{\376\377\142\230\142\143\126\340\133\120\000\040\000\040\166\204\117\134\165\050}{section.2.3}% 37
\BOOKMARK [1][-]{section.2.4}{\376\377\173\126\165\145\000\040\000\050\000P\000o\000l\000i\000c\000y\000\051}{chapter.2}% 38
\BOOKMARK [1][-]{section.2.5}{\376\377\126\336\142\245\116\016\120\074\121\375\145\160}{chapter.2}% 39
\BOOKMARK [2][-]{subsection.2.5.1}{\376\377\126\336\142\245\000\040\000\050\000R\000e\000t\000u\000r\000n\000\051}{section.2.5}% 40
\BOOKMARK [2][-]{subsection.2.5.2}{\376\377\162\266\140\001\120\074\121\375\145\160}{section.2.5}% 41
\BOOKMARK [2][-]{subsection.2.5.3}{\376\377\122\250\117\134\120\074\121\375\145\160}{section.2.5}% 42
\BOOKMARK [1][-]{section.2.6}{\376\377\000B\000e\000l\000l\000m\000a\000n\145\271\172\013}{chapter.2}% 43
\BOOKMARK [2][-]{subsection.2.6.1}{\376\377\000B\000e\000l\000l\000m\000a\000n\147\037\147\033\145\271\172\013\040\024\040\024\000V}{section.2.6}% 44
\BOOKMARK [2][-]{subsection.2.6.2}{\376\377\000B\000e\000l\000l\000m\000a\000n\147\037\147\033\145\271\172\013\040\024\040\024\000Q}{section.2.6}% 45
\BOOKMARK [2][-]{subsection.2.6.3}{\376\377\000B\000e\000l\000l\000m\000a\000n\145\271\172\013\166\204\167\351\226\065\137\142\137\017}{section.2.6}% 46
\BOOKMARK [2][-]{subsection.2.6.4}{\376\377\000B\000e\000l\000l\000m\000a\000n\147\000\117\030\145\271\172\013}{section.2.6}% 47
\BOOKMARK [1][-]{section.2.7}{\376\377\116\016\232\154\134\024\123\357\131\053\224\376\166\204\121\163\174\373}{chapter.2}% 48
\BOOKMARK [1][-]{section.2.8}{\376\377\000G\000r\000i\000d\000W\000o\000r\000l\000d\000\040\133\214\145\164\171\072\117\213}{chapter.2}% 49
\BOOKMARK [1][-]{section.2.9}{\376\377\147\054\172\340\134\017\176\323}{chapter.2}% 50
\BOOKMARK [0][-]{chapter.3}{\376\377\122\250\140\001\211\304\122\022\145\271\154\325}{}% 51
\BOOKMARK [1][-]{section.3.1}{\376\377\137\025\212\000\377\032\000D\000P\127\050\000R\000L\116\055\166\204\127\060\117\115}{chapter.3}% 52
\BOOKMARK [1][-]{section.3.2}{\376\377\173\126\165\145\213\304\117\060\000\040\000\050\000P\000o\000l\000i\000c\000y\000\040\000E\000v\000a\000l\000u\000a\000t\000i\000o\000n\000\051}{chapter.3}% 53
\BOOKMARK [2][-]{subsection.3.2.1}{\376\377\225\356\230\230\226\110\217\360}{section.3.2}% 54
\BOOKMARK [2][-]{subsection.3.2.2}{\376\377\217\355\116\343\173\126\165\145\213\304\117\060}{section.3.2}% 55
\BOOKMARK [2][-]{subsection.3.2.3}{\376\377\145\066\145\133\140\047\122\006\147\220}{section.3.2}% 56
\BOOKMARK [2][-]{subsection.3.2.4}{\376\377\000G\000r\000i\000d\000W\000o\000r\000l\000d\173\126\165\145\213\304\117\060\133\236\117\213}{section.3.2}% 57
\BOOKMARK [1][-]{section.3.3}{\376\377\173\126\165\145\145\071\217\333\000\040\000\050\000P\000o\000l\000i\000c\000y\000\040\000I\000m\000p\000r\000o\000v\000e\000m\000e\000n\000t\000\051}{chapter.3}% 58
\BOOKMARK [2][-]{subsection.3.3.1}{\376\377\173\126\165\145\145\071\217\333\133\232\164\006}{section.3.3}% 59
\BOOKMARK [2][-]{subsection.3.3.2}{\376\377\215\052\137\303\173\126\165\145\145\071\217\333}{section.3.3}% 60
\BOOKMARK [1][-]{section.3.4}{\376\377\173\126\165\145\217\355\116\343\000\040\000\050\000P\000o\000l\000i\000c\000y\000\040\000I\000t\000e\000r\000a\000t\000i\000o\000n\000\051}{chapter.3}% 61
\BOOKMARK [2][-]{subsection.3.4.1}{\376\377\173\227\154\325\143\317\217\360}{section.3.4}% 62
\BOOKMARK [2][-]{subsection.3.4.2}{\376\377\145\066\145\133\140\047\116\016\131\015\147\102\136\246}{section.3.4}% 63
\BOOKMARK [2][-]{subsection.3.4.3}{\376\377\000G\000r\000i\000d\000W\000o\000r\000l\000d\173\126\165\145\217\355\116\343\133\236\117\213}{section.3.4}% 64
\BOOKMARK [1][-]{section.3.5}{\376\377\120\074\217\355\116\343\000\040\000\050\000V\000a\000l\000u\000e\000\040\000I\000t\000e\000r\000a\000t\000i\000o\000n\000\051}{chapter.3}% 65
\BOOKMARK [2][-]{subsection.3.5.1}{\376\377\173\227\154\325\143\250\133\374}{section.3.5}% 66
\BOOKMARK [2][-]{subsection.3.5.2}{\376\377\145\066\145\133\140\047\213\250\213\272}{section.3.5}% 67
\BOOKMARK [2][-]{subsection.3.5.3}{\376\377\116\316\000\040\000V\000*\000\040\143\320\123\326\000\040\000*}{section.3.5}% 68
\BOOKMARK [2][-]{subsection.3.5.4}{\376\377\173\126\165\145\217\355\116\343\000\040\000v\000s\000\040\120\074\217\355\116\343}{section.3.5}% 69
\BOOKMARK [1][-]{section.3.6}{\376\377\136\177\116\111\173\126\165\145\217\355\116\343\000\040\000\050\000G\000e\000n\000e\000r\000a\000l\000i\000z\000e\000d\000\040\000P\000o\000l\000i\000c\000y\000\040\000I\000t\000e\000r\000a\000t\000i\000o\000n\000,\000\040\000G\000P\000I\000\051}{chapter.3}% 70
\BOOKMARK [1][-]{section.3.7}{\376\377\137\002\153\145\122\250\140\001\211\304\122\022}{chapter.3}% 71
\BOOKMARK [2][-]{subsection.3.7.1}{\376\377\134\061\127\060\122\250\140\001\211\304\122\022\000\040\000\050\000I\000n\000-\000P\000l\000a\000c\000e\000\040\000D\000P\000\051}{section.3.7}% 72
\BOOKMARK [2][-]{subsection.3.7.2}{\376\377\117\030\121\110\142\153\143\317\000\040\000\050\000P\000r\000i\000o\000r\000i\000t\000i\000z\000e\000d\000\040\000S\000w\000e\000e\000p\000i\000n\000g\000\051}{section.3.7}% 73
\BOOKMARK [2][-]{subsection.3.7.3}{\376\377\133\236\145\366\122\250\140\001\211\304\122\022\000\040\000\050\000R\000e\000a\000l\000-\000T\000i\000m\000e\000\040\000D\000P\000,\000\040\000R\000T\000D\000P\000\051}{section.3.7}% 74
\BOOKMARK [1][-]{section.3.8}{\376\377\000D\000P\166\204\145\110\163\207\116\016\134\100\226\120}{chapter.3}% 75
\BOOKMARK [2][-]{subsection.3.8.1}{\376\377\213\241\173\227\131\015\147\102\136\246\122\006\147\220}{section.3.8}% 76
\BOOKMARK [2][-]{subsection.3.8.2}{\376\377\176\364\136\246\160\176\226\276\000\040\000\050\000C\000u\000r\000s\000e\000\040\000o\000f\000\040\000D\000i\000m\000e\000n\000s\000i\000o\000n\000a\000l\000i\000t\000y\000\051}{section.3.8}% 77
\BOOKMARK [2][-]{subsection.3.8.3}{\376\377\227\000\211\201\133\214\145\164\152\041\127\213}{section.3.8}% 78
\BOOKMARK [1][-]{section.3.9}{\376\377\145\160\120\074\171\072\117\213\377\032\173\126\165\145\217\355\116\343\000\040\000v\000s\000\040\120\074\217\355\116\343}{chapter.3}% 79
\BOOKMARK [1][-]{section.3.10}{\376\377\147\054\172\340\134\017\176\323}{chapter.3}% 80
\BOOKMARK [0][-]{chapter.4}{\376\377\204\231\162\171\123\141\155\033\116\016\145\366\136\217\135\356\122\006\133\146\116\140}{}% 81
\BOOKMARK [1][-]{section.4.1}{\376\377\137\025\212\000\377\032\116\316\152\041\127\213\135\362\167\345\122\060\152\041\127\213\147\052\167\345}{chapter.4}% 82
\BOOKMARK [1][-]{section.4.2}{\376\377\204\231\162\171\123\141\155\033\145\271\154\325}{chapter.4}% 83
\BOOKMARK [2][-]{subsection.4.2.1}{\376\377\116\316\176\317\232\214\116\055\133\146\116\140}{section.4.2}% 84
\BOOKMARK [2][-]{subsection.4.2.2}{\376\377\000F\000i\000r\000s\000t\000-\000V\000i\000s\000i\000t\000\040\000M\000C\000\040\116\016\000\040\000E\000v\000e\000r\000y\000-\000V\000i\000s\000i\000t\000\040\000M\000C}{section.4.2}% 85
\BOOKMARK [2][-]{subsection.4.2.3}{\376\377\000M\000C\000\040\173\126\165\145\213\304\117\060\166\204\145\066\145\133\140\047}{section.4.2}% 86
\BOOKMARK [2][-]{subsection.4.2.4}{\376\377\000M\000C\000\040\117\060\213\241\122\250\117\134\120\074\121\375\145\160\000\040\000Q}{section.4.2}% 87
\BOOKMARK [2][-]{subsection.4.2.5}{\376\377\143\242\175\042\116\016\122\051\165\050\377\032\000E\000x\000p\000l\000o\000r\000i\000n\000g\000\040\000S\000t\000a\000r\000t\000s}{section.4.2}% 88
\BOOKMARK [2][-]{subsection.4.2.6}{\376\377\000-\215\052\137\303\173\126\165\145}{section.4.2}% 89
\BOOKMARK [2][-]{subsection.4.2.7}{\376\377\000G\000L\000I\000E\000\040\147\141\116\366}{section.4.2}% 90
\BOOKMARK [2][-]{subsection.4.2.8}{\376\377\000O\000n\000-\000P\000o\000l\000i\000c\000y\000\040\000M\000C\000\040\143\247\122\066}{section.4.2}% 91
\BOOKMARK [2][-]{subsection.4.2.9}{\376\377\000O\000f\000f\000-\000P\000o\000l\000i\000c\000y\000\040\000M\000C\000\040\116\016\221\315\211\201\140\047\221\307\150\067}{section.4.2}% 92
\BOOKMARK [2][-]{subsection.4.2.10}{\376\377\000M\000C\000\040\145\271\154\325\166\204\117\030\177\072\160\271\140\073\176\323}{section.4.2}% 93
\BOOKMARK [1][-]{section.4.3}{\376\377\145\366\136\217\135\356\122\006\133\146\116\140}{chapter.4}% 94
\BOOKMARK [2][-]{subsection.4.3.1}{\376\377\150\070\137\303\140\035\140\363\377\032\000B\000o\000o\000t\000s\000t\000r\000a\000p}{section.4.3}% 95
\BOOKMARK [2][-]{subsection.4.3.2}{\376\377\000T\000D\000\050\0000\000\051\000\040\173\227\154\325}{section.4.3}% 96
\BOOKMARK [2][-]{subsection.4.3.3}{\376\377\000T\000D\000\040\213\357\135\356\000\040\000t\000\040\166\204\124\053\116\111}{section.4.3}% 97
\BOOKMARK [2][-]{subsection.4.3.4}{\376\377\000T\000D\000\040\166\204\120\117\135\356\000-\145\271\135\356\122\006\147\220}{section.4.3}% 98
\BOOKMARK [2][-]{subsection.4.3.5}{\376\377\000M\000C\000\040\000v\000s\000\040\000T\000D\377\032\226\217\147\072\156\070\215\160\171\072\117\213}{section.4.3}% 99
\BOOKMARK [1][-]{section.4.4}{\376\377\000S\000A\000R\000S\000A\000\040\040\024\000\040\000O\000n\000-\000P\000o\000l\000i\000c\000y\000\040\000T\000D\000\040\143\247\122\066}{chapter.4}% 100
\BOOKMARK [2][-]{subsection.4.4.1}{\376\377\146\364\145\260\121\154\137\017}{section.4.4}% 101
\BOOKMARK [2][-]{subsection.4.4.2}{\376\377\000C\000l\000i\000f\000f\000\040\000W\000a\000l\000k\000i\000n\000g\000\040\171\072\117\213}{section.4.4}% 102
\BOOKMARK [2][-]{subsection.4.4.3}{\376\377\000S\000A\000R\000S\000A\000\040\166\204\145\066\145\133\140\047}{section.4.4}% 103
\BOOKMARK [1][-]{section.4.5}{\376\377\000Q\000-\000L\000e\000a\000r\000n\000i\000n\000g\000\040\040\024\000\040\000O\000f\000f\000-\000P\000o\000l\000i\000c\000y\000\040\000T\000D\000\040\143\247\122\066}{chapter.4}% 104
\BOOKMARK [2][-]{subsection.4.5.1}{\376\377\146\364\145\260\121\154\137\017}{section.4.5}% 105
\BOOKMARK [2][-]{subsection.4.5.2}{\376\377\000S\000A\000R\000S\000A\000\040\000v\000s\000\040\000Q\000-\000L\000e\000a\000r\000n\000i\000n\000g\000\040\133\371\153\324}{section.4.5}% 106
\BOOKMARK [1][-]{section.4.6}{\376\377\000E\000x\000p\000e\000c\000t\000e\000d\000\040\000S\000A\000R\000S\000A}{chapter.4}% 107
\BOOKMARK [1][-]{section.4.7}{\376\377\000D\000o\000u\000b\000l\000e\000\040\000Q\000-\000L\000e\000a\000r\000n\000i\000n\000g}{chapter.4}% 108
\BOOKMARK [2][-]{subsection.4.7.1}{\376\377\217\307\117\060\213\241\225\356\230\230}{section.4.7}% 109
\BOOKMARK [2][-]{subsection.4.7.2}{\376\377\123\314\117\060\213\241\126\150\211\343\121\263\145\271\150\110}{section.4.7}% 110
\BOOKMARK [1][-]{section.4.8}{\376\377\000T\000D\000\050\000\051\000\040\116\016\215\104\150\074\217\371}{chapter.4}% 111
\BOOKMARK [2][-]{subsection.4.8.1}{\376\377\000n\000-\153\145\126\336\142\245}{section.4.8}% 112
\BOOKMARK [2][-]{subsection.4.8.2}{\376\377\000-\126\336\142\245\377\032\143\007\145\160\122\240\147\103\136\163\127\107}{section.4.8}% 113
\BOOKMARK [2][-]{subsection.4.8.3}{\376\377\122\115\124\021\211\306\211\322\116\016\124\016\124\021\211\306\211\322}{section.4.8}% 114
\BOOKMARK [2][-]{subsection.4.8.4}{\376\377\215\104\150\074\217\371}{section.4.8}% 115
\BOOKMARK [2][-]{subsection.4.8.5}{\376\377\000T\000D\000\050\000\051\000\040\173\227\154\325}{section.4.8}% 116
\BOOKMARK [2][-]{subsection.4.8.6}{\376\377\000S\000A\000R\000S\000A\000\050\000\051}{section.4.8}% 117
\BOOKMARK [1][-]{section.4.9}{\376\377\116\011\174\173\145\271\154\325\166\204\176\337\116\000\133\371\153\324}{chapter.4}% 118
\BOOKMARK [2][-]{subsection.4.9.1}{\376\377\000D\000P\060\001\000M\000C\060\001\000T\000D\000\040\166\204\176\337\116\000\150\106\147\266}{section.4.9}% 119
\BOOKMARK [2][-]{subsection.4.9.2}{\376\377\000B\000o\000o\000t\000s\000t\000r\000a\000p\000\040\000v\000s\000\040\000S\000a\000m\000p\000l\000i\000n\000g\000\040\166\204\116\214\176\364\150\106\147\266}{section.4.9}% 120
\BOOKMARK [2][-]{subsection.4.9.3}{\376\377\120\117\135\356\000-\145\271\135\356\147\103\210\141\210\150}{section.4.9}% 121
\BOOKMARK [1][-]{section.4.10}{\376\377\147\054\172\340\134\017\176\323}{chapter.4}% 122
\BOOKMARK [0][-]{chapter.5}{\376\377\120\074\121\375\145\160\217\321\117\074\116\016\155\361\136\246\000Q\177\121\176\334}{}% 123
\BOOKMARK [1][-]{section.5.1}{\376\377\116\316\210\150\150\074\122\060\121\375\145\160\217\321\117\074}{chapter.5}% 124
\BOOKMARK [2][-]{subsection.5.1.1}{\376\377\176\364\136\246\160\176\226\276}{section.5.1}% 125
\BOOKMARK [2][-]{subsection.5.1.2}{\376\377\176\277\140\047\121\375\145\160\217\321\117\074}{section.5.1}% 126
\BOOKMARK [2][-]{subsection.5.1.3}{\376\377\227\136\176\277\140\047\217\321\117\074\116\016\171\136\176\317\177\121\176\334}{section.5.1}% 127
\BOOKMARK [2][-]{subsection.5.1.4}{\376\377\230\204\155\113\166\356\150\007\377\032\147\000\134\017\123\026\127\107\145\271\120\074\213\357\135\356}{section.5.1}% 128
\BOOKMARK [1][-]{section.5.2}{\376\377\226\217\147\072\150\257\136\246\116\013\226\115\165\050\116\216\120\074\121\375\145\160}{chapter.5}% 129
\BOOKMARK [2][-]{subsection.5.2.1}{\376\377\000S\000G\000D\000\040\146\364\145\260\211\304\122\031}{section.5.2}% 130
\BOOKMARK [2][-]{subsection.5.2.2}{\376\377\123\112\150\257\136\246\145\271\154\325}{section.5.2}% 131
\BOOKMARK [2][-]{subsection.5.2.3}{\376\377\176\277\140\047\000\040\000T\000D\000\050\0000\000\051\000\040\166\204\145\066\145\133\140\047}{section.5.2}% 132
\BOOKMARK [1][-]{section.5.3}{\376\377\000D\000Q\000N\000\040\213\346\176\306\116\313\176\315}{chapter.5}% 133
\BOOKMARK [2][-]{subsection.5.3.1}{\376\377\000D\000Q\000N\000\040\147\266\147\204}{section.5.3}% 134
\BOOKMARK [2][-]{subsection.5.3.2}{\376\377\176\317\232\214\126\336\145\076}{section.5.3}% 135
\BOOKMARK [2][-]{subsection.5.3.3}{\376\377\166\356\150\007\177\121\176\334}{section.5.3}% 136
\BOOKMARK [2][-]{subsection.5.3.4}{\376\377\133\214\145\164\173\227\154\325\117\052\116\343\170\001}{section.5.3}% 137
\BOOKMARK [2][-]{subsection.5.3.5}{\376\377\000A\000t\000a\000r\000i\000\040\156\070\142\017\116\055\166\204\210\150\163\260}{section.5.3}% 138
\BOOKMARK [1][-]{section.5.4}{\376\377\000D\000Q\000N\000\040\145\071\217\333\174\373\122\027}{chapter.5}% 139
\BOOKMARK [2][-]{subsection.5.4.1}{\376\377\000D\000o\000u\000b\000l\000e\000\040\000D\000Q\000N}{section.5.4}% 140
\BOOKMARK [2][-]{subsection.5.4.2}{\376\377\000D\000u\000e\000l\000i\000n\000g\000\040\000D\000Q\000N}{section.5.4}% 141
\BOOKMARK [2][-]{subsection.5.4.3}{\376\377\000P\000r\000i\000o\000r\000i\000t\000i\000z\000e\000d\000\040\000E\000x\000p\000e\000r\000i\000e\000n\000c\000e\000\040\000R\000e\000p\000l\000a\000y}{section.5.4}% 142
\BOOKMARK [2][-]{subsection.5.4.4}{\376\377\000M\000u\000l\000t\000i\000-\000s\000t\000e\000p\000\040\000D\000Q\000N}{section.5.4}% 143
\BOOKMARK [2][-]{subsection.5.4.5}{\376\377\000N\000o\000i\000s\000y\000\040\000N\000e\000t\000s}{section.5.4}% 144
\BOOKMARK [2][-]{subsection.5.4.6}{\376\377\000D\000i\000s\000t\000r\000i\000b\000u\000t\000i\000o\000n\000a\000l\000\040\000R\000L}{section.5.4}% 145
\BOOKMARK [2][-]{subsection.5.4.7}{\376\377\000R\000a\000i\000n\000b\000o\000w\377\032\226\306\131\047\142\020\200\005}{section.5.4}% 146
\BOOKMARK [1][-]{section.5.5}{\376\377\217\336\176\355\122\250\117\134\172\172\225\364\166\204\143\021\142\030}{chapter.5}% 147
\BOOKMARK [2][-]{subsection.5.5.1}{\376\377\116\072\116\300\116\110\000\040\000D\000Q\000N\000\040\116\015\220\002\124\010\217\336\176\355\122\250\117\134}{section.5.5}% 148
\BOOKMARK [1][-]{section.5.6}{\376\377\147\054\172\340\134\017\176\323}{chapter.5}% 149
\BOOKMARK [0][-]{chapter.6}{\376\377\173\126\165\145\150\257\136\246\145\271\154\325}{}% 150
\BOOKMARK [1][-]{section.6.1}{\376\377\116\072\116\300\116\110\227\000\211\201\173\126\165\145\150\257\136\246}{chapter.6}% 151
\BOOKMARK [2][-]{subsection.6.1.1}{\376\377\000D\000Q\000N\000\040\127\050\217\336\176\355\122\250\117\134\172\172\225\364\166\204\134\100\226\120}{section.6.1}% 152
\BOOKMARK [2][-]{subsection.6.1.2}{\376\377\226\217\147\072\173\126\165\145\166\204\131\051\161\066\117\030\122\277}{section.6.1}% 153
\BOOKMARK [2][-]{subsection.6.1.3}{\376\377\173\126\165\145\166\204\123\302\145\160\123\026\210\150\171\072}{section.6.1}% 154
\BOOKMARK [1][-]{section.6.2}{\376\377\173\126\165\145\150\257\136\246\133\232\164\006}{chapter.6}% 155
\BOOKMARK [2][-]{subsection.6.2.1}{\376\377\166\356\150\007\121\375\145\160}{section.6.2}% 156
\BOOKMARK [2][-]{subsection.6.2.2}{\376\377\133\371\145\160\133\374\145\160\142\200\135\347}{section.6.2}% 157
\BOOKMARK [2][-]{subsection.6.2.3}{\376\377\217\150\217\371\151\202\163\207\166\204\150\257\136\246}{section.6.2}% 158
\BOOKMARK [2][-]{subsection.6.2.4}{\376\377\173\126\165\145\150\257\136\246\133\232\164\006\166\204\143\250\133\374}{section.6.2}% 159
\BOOKMARK [2][-]{subsection.6.2.5}{\376\377\116\072\116\300\116\110\116\015\227\000\211\201\163\257\130\203\152\041\127\213}{section.6.2}% 160
\BOOKMARK [1][-]{section.6.3}{\376\377\000R\000E\000I\000N\000F\000O\000R\000C\000E\377\032\204\231\162\171\123\141\155\033\173\126\165\145\150\257\136\246}{chapter.6}% 161
\BOOKMARK [2][-]{subsection.6.3.1}{\376\377\173\227\154\325\143\250\133\374}{section.6.3}% 162
\BOOKMARK [2][-]{subsection.6.3.2}{\376\377\173\227\154\325\117\052\116\343\170\001}{section.6.3}% 163
\BOOKMARK [2][-]{subsection.6.3.3}{\376\377\232\330\145\271\135\356\225\356\230\230}{section.6.3}% 164
\BOOKMARK [1][-]{section.6.4}{\376\377\145\271\135\356\121\317\134\017\142\200\147\057}{chapter.6}% 165
\BOOKMARK [2][-]{subsection.6.4.1}{\376\377\000B\000a\000s\000e\000l\000i\000n\000e}{section.6.4}% 166
\BOOKMARK [2][-]{subsection.6.4.2}{\376\377\147\000\117\030\127\372\176\277\166\204\143\250\133\374}{section.6.4}% 167
\BOOKMARK [2][-]{subsection.6.4.3}{\376\377\137\025\121\145\117\030\122\277\121\375\145\160}{section.6.4}% 168
\BOOKMARK [1][-]{section.6.5}{\376\377\000A\000c\000t\000o\000r\000-\000C\000r\000i\000t\000i\000c\000\040\147\266\147\204}{chapter.6}% 169
\BOOKMARK [2][-]{subsection.6.5.1}{\376\377\147\266\147\204\213\276\213\241}{section.6.5}% 170
\BOOKMARK [2][-]{subsection.6.5.2}{\376\377\000A\000c\000t\000o\000r\000\040\146\364\145\260}{section.6.5}% 171
\BOOKMARK [2][-]{subsection.6.5.3}{\376\377\000C\000r\000i\000t\000i\000c\000\040\146\364\145\260}{section.6.5}% 172
\BOOKMARK [2][-]{subsection.6.5.4}{\376\377\000A\0002\000C\377\032\000A\000d\000v\000a\000n\000t\000a\000g\000e\000\040\000A\000c\000t\000o\000r\000-\000C\000r\000i\000t\000i\000c}{section.6.5}% 173
\BOOKMARK [2][-]{subsection.6.5.5}{\376\377\000A\0003\000C\377\032\000A\000s\000y\000n\000c\000h\000r\000o\000n\000o\000u\000s\000\040\000A\000d\000v\000a\000n\000t\000a\000g\000e\000\040\000A\000c\000t\000o\000r\000-\000C\000r\000i\000t\000i\000c}{section.6.5}% 174
\BOOKMARK [1][-]{section.6.6}{\376\377\170\156\133\232\140\047\173\126\165\145\150\257\136\246}{chapter.6}% 175
\BOOKMARK [2][-]{subsection.6.6.1}{\376\377\000D\000P\000G\000\040\164\006\213\272}{section.6.6}% 176
\BOOKMARK [2][-]{subsection.6.6.2}{\376\377\000O\000f\000f\000-\000p\000o\000l\000i\000c\000y\000\040\000D\000P\000G}{section.6.6}% 177
\BOOKMARK [1][-]{section.6.7}{\376\377\145\271\154\325\133\371\153\324\116\016\140\073\176\323}{chapter.6}% 178
\BOOKMARK [2][-]{subsection.6.7.1}{\376\377\000V\000a\000l\000u\000e\000-\000B\000a\000s\000e\000d\000\040\000v\000s\000\040\000P\000o\000l\000i\000c\000y\000-\000B\000a\000s\000e\000d\000\040\000v\000s\000\040\000A\000c\000t\000o\000r\000-\000C\000r\000i\000t\000i\000c}{section.6.7}% 179
\BOOKMARK [2][-]{subsection.6.7.2}{\376\377\133\236\226\105\220\011\142\351\143\007\123\127}{section.6.7}% 180
\BOOKMARK [2][-]{subsection.6.7.3}{\376\377\147\054\172\340\134\017\176\323}{section.6.7}% 181
\BOOKMARK [0][-]{chapter.7}{\376\377\000T\000R\000P\000O\060\001\000P\000P\000O\000\040\116\016\000\040\000G\000A\000E}{}% 182
\BOOKMARK [1][-]{section.7.1}{\376\377\116\316\173\126\165\145\150\257\136\246\122\060\000\040\000T\000R\000P\000O}{chapter.7}% 183
\BOOKMARK [2][-]{subsection.7.1.1}{\376\377\173\126\165\145\150\257\136\246\166\204\126\360\130\203}{section.7.1}% 184
\BOOKMARK [2][-]{subsection.7.1.2}{\376\377\221\315\211\201\140\047\221\307\150\067\116\016\000\040\000O\000f\000f\000-\000P\000o\000l\000i\000c\000y\000\040\217\307\156\041}{section.7.1}% 185
\BOOKMARK [2][-]{subsection.7.1.3}{\376\377\000T\000R\000P\000O\000\040\166\204\176\246\147\137\117\030\123\026\137\142\137\017}{section.7.1}% 186
\BOOKMARK [2][-]{subsection.7.1.4}{\376\377\000F\000i\000s\000h\000e\000r\000\040\117\341\140\157\167\351\226\065\116\016\201\352\161\066\150\257\136\246}{section.7.1}% 187
\BOOKMARK [2][-]{subsection.7.1.5}{\376\377\121\161\217\155\150\257\136\246\154\325\154\102\211\343}{section.7.1}% 188
\BOOKMARK [2][-]{subsection.7.1.6}{\376\377\176\277\140\047\144\034\175\042}{section.7.1}% 189
\BOOKMARK [2][-]{subsection.7.1.7}{\376\377\000T\000R\000P\000O\000\040\133\214\145\164\173\227\154\325}{section.7.1}% 190
\BOOKMARK [1][-]{section.7.2}{\376\377\000G\000A\000E\377\032\154\333\123\026\117\030\122\277\117\060\213\241}{chapter.7}% 191
\BOOKMARK [2][-]{subsection.7.2.1}{\376\377\117\030\122\277\121\375\145\160\117\060\213\241\166\204\120\117\135\356\000-\145\271\135\356\147\103\210\141}{section.7.2}% 192
\BOOKMARK [2][-]{subsection.7.2.2}{\376\377\000G\000A\000E\000\050\000\051\000\040\166\204\133\232\116\111}{section.7.2}% 193
\BOOKMARK [2][-]{subsection.7.2.3}{\376\377\000G\000A\000E\000\040\127\050\000\040\000P\000P\000O\000\040\116\055\166\204\117\177\165\050}{section.7.2}% 194
\BOOKMARK [1][-]{section.7.3}{\376\377\000P\000P\000O\377\032\217\321\172\357\173\126\165\145\117\030\123\026}{chapter.7}% 195
\BOOKMARK [2][-]{subsection.7.3.1}{\376\377\116\316\000\040\000T\000R\000P\000O\000\040\122\060\000\040\000P\000P\000O\000\040\166\204\173\200\123\026\140\035\215\357}{section.7.3}% 196
\BOOKMARK [2][-]{subsection.7.3.2}{\376\377\000P\000P\000O\000-\000C\000l\000i\000p}{section.7.3}% 197
\BOOKMARK [2][-]{subsection.7.3.3}{\376\377\000P\000P\000O\000-\000P\000e\000n\000a\000l\000t\000y}{section.7.3}% 198
\BOOKMARK [2][-]{subsection.7.3.4}{\376\377\000C\000r\000i\000t\000i\000c\000\040\000L\000o\000s\000s\000\040\116\016\000\040\000V\000a\000l\000u\000e\000\040\000C\000l\000i\000p\000p\000i\000n\000g}{section.7.3}% 199
\BOOKMARK [2][-]{subsection.7.3.5}{\376\377\133\214\145\164\000\040\000P\000P\000O\000\040\173\227\154\325}{section.7.3}% 200
\BOOKMARK [2][-]{subsection.7.3.6}{\376\377\215\205\123\302\145\160\136\372\213\256}{section.7.3}% 201
\BOOKMARK [2][-]{subsection.7.3.7}{\376\377\000P\000P\000O\000\040\116\072\116\300\116\110\136\177\154\333\155\101\210\114}{section.7.3}% 202
\BOOKMARK [1][-]{section.7.4}{\376\377\000P\000P\000O\000\040\166\204\133\236\163\260\176\306\202\202}{chapter.7}% 203
\BOOKMARK [2][-]{subsection.7.4.1}{\376\377\131\032\217\156\146\364\145\260\166\204\141\017\116\111}{section.7.4}% 204
\BOOKMARK [2][-]{subsection.7.4.2}{\376\377\000M\000i\000n\000i\000-\000B\000a\000t\000c\000h\000\040\213\255\176\303}{section.7.4}% 205
\BOOKMARK [2][-]{subsection.7.4.3}{\376\377\117\030\122\277\137\122\116\000\123\026}{section.7.4}% 206
\BOOKMARK [2][-]{subsection.7.4.4}{\376\377\161\265\153\143\122\031\230\171}{section.7.4}% 207
\BOOKMARK [2][-]{subsection.7.4.5}{\376\377\133\146\116\140\163\207\214\003\136\246}{section.7.4}% 208
\BOOKMARK [2][-]{subsection.7.4.6}{\376\377\133\214\145\164\213\255\176\303\137\252\163\257\377\010\116\343\170\001\176\247\122\053\117\052\116\343\170\001\377\011}{section.7.4}% 209
\BOOKMARK [1][-]{section.7.5}{\376\377\133\236\232\214\116\016\133\371\153\324\122\006\147\220}{chapter.7}% 210
\BOOKMARK [2][-]{subsection.7.5.1}{\376\377\000T\000R\000P\000O\000\040\000v\000s\000\040\000P\000P\000O\000\040\127\050\000\040\000M\000u\000J\000o\000C\000o\000\040\116\012\166\204\140\047\200\375}{section.7.5}% 211
\BOOKMARK [2][-]{subsection.7.5.2}{\376\377\000P\000P\000O\000-\000C\000l\000i\000p\000\040\000v\000s\000\040\000P\000P\000O\000-\000P\000e\000n\000a\000l\000t\000y}{section.7.5}% 212
\BOOKMARK [2][-]{subsection.7.5.3}{\376\377\000P\000P\000O\000\040\166\204\154\333\123\026\200\375\122\233}{section.7.5}% 213
\BOOKMARK [1][-]{section.7.6}{\376\377\147\054\172\340\134\017\176\323}{chapter.7}% 214
\BOOKMARK [0][-]{chapter.8}{\376\377\217\336\176\355\122\250\117\134\172\172\225\364\166\204\155\361\136\246\137\072\123\026\133\146\116\140}{}% 215
\BOOKMARK [1][-]{section.8.1}{\376\377\217\336\176\355\143\247\122\066\225\356\230\230}{chapter.8}% 216
\BOOKMARK [2][-]{subsection.8.1.1}{\376\377\217\336\176\355\122\250\117\134\172\172\225\364\166\204\137\142\137\017\123\026}{section.8.1}% 217
\BOOKMARK [2][-]{subsection.8.1.2}{\376\377\000D\000Q\000N\000\040\166\204\131\061\145\110}{section.8.1}% 218
\BOOKMARK [2][-]{subsection.8.1.3}{\376\377\136\224\133\371\173\126\165\145\377\032\116\011\174\173\145\271\154\325}{section.8.1}% 219
\BOOKMARK [1][-]{section.8.2}{\376\377\000D\000D\000P\000G\377\032\155\361\136\246\170\156\133\232\140\047\173\126\165\145\150\257\136\246}{chapter.8}% 220
\BOOKMARK [2][-]{subsection.8.2.1}{\376\377\170\156\133\232\140\047\173\126\165\145\150\257\136\246\126\336\230\176}{section.8.2}% 221
\BOOKMARK [2][-]{subsection.8.2.2}{\376\377\000A\000c\000t\000o\000r\000-\000C\000r\000i\000t\000i\000c\000\040\147\266\147\204}{section.8.2}% 222
\BOOKMARK [2][-]{subsection.8.2.3}{\376\377\000D\000Q\000N\000\040\142\200\135\347\166\204\171\373\151\015}{section.8.2}% 223
\BOOKMARK [2][-]{subsection.8.2.4}{\376\377\000O\000r\000n\000s\000t\000e\000i\000n\000-\000U\000h\000l\000e\000n\000b\000e\000c\000k\000\040\126\152\130\360}{section.8.2}% 224
\BOOKMARK [2][-]{subsection.8.2.5}{\376\377\142\171\221\317\137\122\116\000\123\026}{section.8.2}% 225
\BOOKMARK [2][-]{subsection.8.2.6}{\376\377\000D\000D\000P\000G\000\040\133\214\145\164\173\227\154\325}{section.8.2}% 226
\BOOKMARK [1][-]{section.8.3}{\376\377\000T\000D\0003\377\032\123\314\136\366\217\337\155\361\136\246\170\156\133\232\140\047\173\126\165\145\150\257\136\246}{chapter.8}% 227
\BOOKMARK [2][-]{subsection.8.3.1}{\376\377\000D\000D\000P\000G\000\040\166\204\116\011\131\047\225\356\230\230}{section.8.3}% 228
\BOOKMARK [2][-]{subsection.8.3.2}{\376\377\145\071\217\333\116\000\377\032\000C\000l\000i\000p\000p\000e\000d\000\040\000D\000o\000u\000b\000l\000e\000\040\000Q\000-\000L\000e\000a\000r\000n\000i\000n\000g}{section.8.3}% 229
\BOOKMARK [2][-]{subsection.8.3.3}{\376\377\145\071\217\333\116\214\377\032\136\366\217\337\173\126\165\145\146\364\145\260}{section.8.3}% 230
\BOOKMARK [2][-]{subsection.8.3.4}{\376\377\145\071\217\333\116\011\377\032\166\356\150\007\173\126\165\145\136\163\156\321}{section.8.3}% 231
\BOOKMARK [2][-]{subsection.8.3.5}{\376\377\000T\000D\0003\000\040\133\214\145\164\173\227\154\325}{section.8.3}% 232
\BOOKMARK [2][-]{subsection.8.3.6}{\376\377\000T\000D\0003\000\040\166\204\155\210\207\215\133\236\232\214\122\006\147\220}{section.8.3}% 233
\BOOKMARK [1][-]{section.8.4}{\376\377\000S\000A\000C\377\032\147\324\140\047\000\040\000A\000c\000t\000o\000r\000-\000C\000r\000i\000t\000i\000c}{chapter.8}% 234
\BOOKMARK [2][-]{subsection.8.4.1}{\376\377\147\000\131\047\161\265\137\072\123\026\133\146\116\140\150\106\147\266}{section.8.4}% 235
\BOOKMARK [2][-]{subsection.8.4.2}{\376\377\000S\000o\000f\000t\000\040\000B\000e\000l\000l\000m\000a\000n\000\040\145\271\172\013}{section.8.4}% 236
\BOOKMARK [2][-]{subsection.8.4.3}{\376\377\000S\000o\000f\000t\000\040\000Q\000\040\121\375\145\160\146\364\145\260}{section.8.4}% 237
\BOOKMARK [2][-]{subsection.8.4.4}{\376\377\000S\000o\000f\000t\000\040\173\126\165\145\146\364\145\260\377\032\221\315\123\302\145\160\123\026\142\200\135\347}{section.8.4}% 238
\BOOKMARK [2][-]{subsection.8.4.5}{\376\377\156\051\136\246\123\302\145\160\000\040\000\040\166\204\201\352\122\250\214\003\202\202}{section.8.4}% 239
\BOOKMARK [2][-]{subsection.8.4.6}{\376\377\000S\000A\000C\000\040\133\214\145\164\173\227\154\325}{section.8.4}% 240
\BOOKMARK [2][-]{subsection.8.4.7}{\376\377\000S\000A\000C\000\040\116\016\000\040\000D\000D\000P\000G\000\040\000/\000\040\000T\000D\0003\000\040\166\204\174\373\176\337\133\371\153\324}{section.8.4}% 241
\BOOKMARK [1][-]{section.8.5}{\376\377\173\227\154\325\220\011\142\351\143\007\123\127}{chapter.8}% 242
\BOOKMARK [2][-]{subsection.8.5.1}{\376\377\220\011\142\351\176\364\136\246}{section.8.5}% 243
\BOOKMARK [2][-]{subsection.8.5.2}{\376\377\143\250\203\120\155\101\172\013}{section.8.5}% 244
\BOOKMARK [1][-]{section.8.6}{\376\377\147\054\172\340\134\017\176\323}{chapter.8}% 245
\BOOKMARK [0][-]{chapter.9}{\376\377\152\041\127\213\127\372\137\072\123\026\133\146\116\140}{}% 246
\BOOKMARK [1][-]{section.9.1}{\376\377\000M\000o\000d\000e\000l\000-\000F\000r\000e\000e\000\040\000v\000s\000\040\000M\000o\000d\000e\000l\000-\000B\000a\000s\000e\000d}{chapter.9}% 247
\BOOKMARK [2][-]{subsection.9.1.1}{\376\377\150\070\137\303\123\072\122\053}{section.9.1}% 248
\BOOKMARK [2][-]{subsection.9.1.2}{\376\377\117\125\145\366\117\177\165\050\000\040\000M\000o\000d\000e\000l\000-\000B\000a\000s\000e\000d}{section.9.1}% 249
\BOOKMARK [1][-]{section.9.2}{\376\377\133\146\116\140\163\257\130\203\152\041\127\213}{chapter.9}% 250
\BOOKMARK [2][-]{subsection.9.2.1}{\376\377\122\115\124\021\122\250\122\233\133\146\152\041\127\213}{section.9.2}% 251
\BOOKMARK [2][-]{subsection.9.2.2}{\376\377\131\126\122\261\152\041\127\213}{section.9.2}% 252
\BOOKMARK [2][-]{subsection.9.2.3}{\376\377\152\041\127\213\213\255\176\303}{section.9.2}% 253
\BOOKMARK [2][-]{subsection.9.2.4}{\376\377\170\156\133\232\140\047\152\041\127\213\000\040\000v\000s\000\040\151\202\163\207\152\041\127\213}{section.9.2}% 254
\BOOKMARK [2][-]{subsection.9.2.5}{\376\377\226\306\142\020\152\041\127\213\377\010\000E\000n\000s\000e\000m\000b\000l\000e\377\011}{section.9.2}% 255
\BOOKMARK [1][-]{section.9.3}{\376\377\165\050\152\041\127\213\120\132\211\304\122\022}{chapter.9}% 256
\BOOKMARK [2][-]{subsection.9.3.1}{\376\377\000D\000y\000n\000a\000-\000Q}{section.9.3}% 257
\BOOKMARK [2][-]{subsection.9.3.2}{\376\377\000D\000y\000n\000a\000\040\147\266\147\204\126\376}{section.9.3}% 258
\BOOKMARK [2][-]{subsection.9.3.3}{\376\377\211\304\122\022\153\145\145\160\000\040\000n\000\040\166\204\220\011\142\351}{section.9.3}% 259
\BOOKMARK [1][-]{section.9.4}{\376\377\000M\000P\000C\377\032\152\041\127\213\230\204\155\113\143\247\122\066}{chapter.9}% 260
\BOOKMARK [2][-]{subsection.9.4.1}{\376\377\000M\000P\000C\000\040\166\204\150\070\137\303\140\035\140\363}{section.9.4}% 261
\BOOKMARK [2][-]{subsection.9.4.2}{\376\377\116\072\116\300\116\110\000\040\000M\000P\000C\000\040\220\002\165\050\116\216\133\146\122\060\166\204\152\041\127\213}{section.9.4}% 262
\BOOKMARK [2][-]{subsection.9.4.3}{\376\377\226\217\147\072\221\307\150\067\145\271\154\325\377\032\000R\000a\000n\000d\000o\000m\000\040\000S\000h\000o\000o\000t\000i\000n\000g}{section.9.4}% 263
\BOOKMARK [2][-]{subsection.9.4.4}{\376\377\000C\000E\000M\377\032\116\244\123\311\161\265\145\271\154\325}{section.9.4}% 264
\BOOKMARK [2][-]{subsection.9.4.5}{\376\377\116\016\000\040\000R\000L\000\040\166\204\176\323\124\010}{section.9.4}% 265
\BOOKMARK [1][-]{section.9.5}{\376\377\121\110\217\333\000\040\000M\000o\000d\000e\000l\000-\000B\000a\000s\000e\000d\000\040\145\271\154\325}{chapter.9}% 266
\BOOKMARK [2][-]{subsection.9.5.1}{\376\377\000M\000B\000P\000O\377\032\127\372\116\216\152\041\127\213\166\204\173\126\165\145\117\030\123\026}{section.9.5}% 267
\BOOKMARK [2][-]{subsection.9.5.2}{\376\377\152\041\127\213\127\372\116\016\152\041\127\213\145\340\121\163\166\204\155\367\124\010}{section.9.5}% 268
\BOOKMARK [2][-]{subsection.9.5.3}{\376\377\000D\000r\000e\000a\000m\000e\000r\377\032\127\050\116\026\165\114\152\041\127\213\116\055\133\146\116\140}{section.9.5}% 269
\BOOKMARK [1][-]{section.9.6}{\376\377\152\041\127\213\213\357\135\356}{chapter.9}% 270
\BOOKMARK [2][-]{subsection.9.6.1}{\376\377\131\015\124\010\213\357\135\356}{section.9.6}% 271
\BOOKMARK [2][-]{subsection.9.6.2}{\376\377\142\052\145\255\000\040\000R\000o\000l\000l\000o\000u\000t}{section.9.6}% 272
\BOOKMARK [2][-]{subsection.9.6.3}{\376\377\116\015\170\156\133\232\140\047\141\037\167\345\211\304\122\022}{section.9.6}% 273
\BOOKMARK [1][-]{section.9.7}{\376\377\147\054\172\340\134\017\176\323}{chapter.9}% 274
\BOOKMARK [0][-]{chapter.10}{\376\377\147\072\126\150\116\272\133\146\127\372\170\100}{}% 275
\BOOKMARK [1][-]{section.10.1}{\376\377\122\032\117\123\217\320\122\250\166\204\143\317\217\360}{chapter.10}% 276
\BOOKMARK [2][-]{subsection.10.1.1}{\376\377\117\115\177\156\124\021\221\317}{section.10.1}% 277
\BOOKMARK [2][-]{subsection.10.1.2}{\376\377\145\313\217\154\167\351\226\065\116\016\000S\000O\000\050\0003\000\051}{section.10.1}% 278
\BOOKMARK [2][-]{subsection.10.1.3}{\376\377\176\325\127\120\150\007\217\164\166\204\127\372\147\054\145\313\217\154}{section.10.1}% 279
\BOOKMARK [2][-]{subsection.10.1.4}{\376\377\237\120\153\041\123\330\143\142\167\351\226\065\116\016\000S\000E\000\050\0003\000\051}{section.10.1}% 280
\BOOKMARK [2][-]{subsection.10.1.5}{\376\377\153\047\142\311\211\322}{section.10.1}% 281
\BOOKMARK [2][-]{subsection.10.1.6}{\376\377\126\333\121\103\145\160\210\150\171\072}{section.10.1}% 282
\BOOKMARK [1][-]{section.10.2}{\376\377\000D\000H\123\302\145\160\154\325}{chapter.10}% 283
\BOOKMARK [2][-]{subsection.10.2.1}{\376\377\000D\000H\176\246\133\232\166\204\122\250\147\072}{section.10.2}% 284
\BOOKMARK [2][-]{subsection.10.2.2}{\376\377\126\333\116\052\000D\000H\123\302\145\160}{section.10.2}% 285
\BOOKMARK [2][-]{subsection.10.2.3}{\376\377\217\336\147\106\127\120\150\007\174\373\166\204\136\372\172\313\211\304\122\031}{section.10.2}% 286
\BOOKMARK [2][-]{subsection.10.2.4}{\376\377\000D\000H\123\330\143\142\167\351\226\065\166\204\143\250\133\374}{section.10.2}% 287
\BOOKMARK [2][-]{subsection.10.2.5}{\376\377\150\007\121\306\000D\000H\000\040\000v\000s\000\040\145\071\217\333\000D\000H}{section.10.2}% 288
\BOOKMARK [2][-]{subsection.10.2.6}{\376\377\133\214\145\164\171\072\117\213\377\032\136\163\227\142\0002\000R\147\072\150\260\201\302}{section.10.2}% 289
\BOOKMARK [2][-]{subsection.10.2.7}{\376\377\000P\000U\000M\000A\000\040\0005\0006\0000\000\040\147\072\126\150\116\272}{section.10.2}% 290
\BOOKMARK [1][-]{section.10.3}{\376\377\153\143\217\320\122\250\133\146}{chapter.10}% 291
\BOOKMARK [2][-]{subsection.10.3.1}{\376\377\123\330\143\142\167\351\226\065\217\336\116\130}{section.10.3}% 292
\BOOKMARK [2][-]{subsection.10.3.2}{\376\377\147\053\172\357\117\115\131\377\166\204\213\241\173\227}{section.10.3}% 293
\BOOKMARK [1][-]{section.10.4}{\376\377\226\305\123\357\153\324\167\351\226\065}{chapter.10}% 294
\BOOKMARK [2][-]{subsection.10.4.1}{\376\377\220\037\136\246\217\320\122\250\133\146}{section.10.4}% 295
\BOOKMARK [2][-]{subsection.10.4.2}{\376\377\121\340\117\125\226\305\123\357\153\324}{section.10.4}% 296
\BOOKMARK [2][-]{subsection.10.4.3}{\376\377\211\343\147\220\226\305\123\357\153\324}{section.10.4}% 297
\BOOKMARK [2][-]{subsection.10.4.4}{\376\377\131\107\137\002\140\047}{section.10.4}% 298
\BOOKMARK [2][-]{subsection.10.4.5}{\376\377\122\233\127\337\226\305\123\357\153\324}{section.10.4}% 299
\BOOKMARK [1][-]{section.10.5}{\376\377\147\072\126\150\116\272\122\250\122\233\133\146}{chapter.10}% 300
\BOOKMARK [2][-]{subsection.10.5.1}{\376\377\000L\000a\000g\000r\000a\000n\000g\000i\000a\000n\137\142\137\017\166\204\122\250\122\233\133\146\145\271\172\013}{section.10.5}% 301
\BOOKMARK [2][-]{subsection.10.5.2}{\376\377\136\163\227\142\0002\000R\201\302\166\204\000L\000a\000g\000r\000a\000n\000g\000i\000a\000n\122\250\122\233\133\146}{section.10.5}% 302
\BOOKMARK [2][-]{subsection.10.5.3}{\376\377\000N\000e\000w\000t\000o\000n\000-\000E\000u\000l\000e\000r\220\022\143\250\173\227\154\325}{section.10.5}% 303
\BOOKMARK [2][-]{subsection.10.5.4}{\376\377\153\143\122\250\122\233\133\146\000\040\000v\000s\000\040\220\006\122\250\122\233\133\146}{section.10.5}% 304
\BOOKMARK [1][-]{section.10.6}{\376\377\172\172\225\364\124\021\221\317\116\343\145\160}{chapter.10}% 305
\BOOKMARK [2][-]{subsection.10.6.1}{\376\377\172\172\225\364\220\037\136\246}{section.10.6}% 306
\BOOKMARK [2][-]{subsection.10.6.2}{\376\377\172\172\225\364\122\233}{section.10.6}% 307
\BOOKMARK [2][-]{subsection.10.6.3}{\376\377\000P\000l\000\374\000c\000k\000e\000r\127\120\150\007}{section.10.6}% 308
\BOOKMARK [2][-]{subsection.10.6.4}{\376\377\172\172\225\364\123\330\143\142}{section.10.6}% 309
\BOOKMARK [2][-]{subsection.10.6.5}{\376\377\121\163\202\202\172\172\225\364\140\357\140\047\167\351\226\065}{section.10.6}% 310
\BOOKMARK [1][-]{section.10.7}{\376\377\220\006\217\320\122\250\133\146}{chapter.10}% 311
\BOOKMARK [2][-]{subsection.10.7.1}{\376\377\220\006\217\320\122\250\133\146\225\356\230\230\166\204\143\320\154\325}{section.10.7}% 312
\BOOKMARK [2][-]{subsection.10.7.2}{\376\377\145\160\120\074\211\343\154\325}{section.10.7}% 313
\BOOKMARK [1][-]{section.10.8}{\376\377\147\054\172\340\134\017\176\323}{chapter.10}% 314
\BOOKMARK [0][-]{chapter.11}{\376\377\147\072\126\150\116\272\166\204\137\072\123\026\133\146\116\140\143\247\122\066}{}% 315
\BOOKMARK [1][-]{section.11.1}{\376\377\147\072\126\150\116\272\143\247\122\066\225\356\230\230\166\204\000R\000L\136\372\152\041}{chapter.11}% 316
\BOOKMARK [2][-]{subsection.11.1.1}{\376\377\162\266\140\001\172\172\225\364\213\276\213\241}{section.11.1}% 317
\BOOKMARK [2][-]{subsection.11.1.2}{\376\377\122\250\117\134\172\172\225\364}{section.11.1}% 318
\BOOKMARK [2][-]{subsection.11.1.3}{\376\377\134\006\122\250\122\233\133\146\145\271\172\013\176\263\121\145\000M\000D\000P}{section.11.1}% 319
\BOOKMARK [2][-]{subsection.11.1.4}{\376\377\145\366\225\364\171\273\145\143\123\026}{section.11.1}% 320
\BOOKMARK [1][-]{section.11.2}{\376\377\131\126\122\261\121\375\145\160\213\276\213\241}{chapter.11}% 321
\BOOKMARK [2][-]{subsection.11.2.1}{\376\377\166\356\150\007\133\374\124\021\131\126\122\261}{section.11.2}% 322
\BOOKMARK [2][-]{subsection.11.2.2}{\376\377\200\375\200\027\140\351\177\132}{section.11.2}% 323
\BOOKMARK [2][-]{subsection.11.2.3}{\376\377\136\163\156\321\140\047\140\351\177\132}{section.11.2}% 324
\BOOKMARK [2][-]{subsection.11.2.4}{\376\377\133\211\121\150\176\246\147\137}{section.11.2}% 325
\BOOKMARK [2][-]{subsection.11.2.5}{\376\377\000P\000o\000t\000e\000n\000t\000i\000a\000l\000-\000B\000a\000s\000e\000d\000\040\000R\000e\000w\000a\000r\000d\000\040\000S\000h\000a\000p\000i\000n\000g}{section.11.2}% 326
\BOOKMARK [2][-]{subsection.11.2.6}{\376\377\172\000\165\217\131\126\122\261\000\040\000v\000s\000\040\172\040\133\306\131\126\122\261}{section.11.2}% 327
\BOOKMARK [2][-]{subsection.11.2.7}{\376\377\000R\000e\000w\000a\000r\000d\000\040\000H\000a\000c\000k\000i\000n\000g\225\356\230\230}{section.11.2}% 328
\BOOKMARK [1][-]{section.11.3}{\376\377\116\377\167\037\163\257\130\203}{chapter.11}% 329
\BOOKMARK [2][-]{subsection.11.3.1}{\376\377\000M\000u\000J\000o\000C\000o}{section.11.3}% 330
\BOOKMARK [2][-]{subsection.11.3.2}{\376\377\000O\000p\000e\000n\000A\000I\000\040\000G\000y\000m\000\040\000\046\000\040\000G\000y\000m\000n\000a\000s\000i\000u\000m}{section.11.3}% 331
\BOOKMARK [2][-]{subsection.11.3.3}{\376\377\136\070\165\050\163\257\130\203\151\202\211\310}{section.11.3}% 332
\BOOKMARK [1][-]{section.11.4}{\376\377\176\317\121\170\143\247\122\066\116\373\122\241}{chapter.11}% 333
\BOOKMARK [2][-]{subsection.11.4.1}{\376\377\000C\000a\000r\000t\000P\000o\000l\000e\377\010\121\145\225\350\176\247\377\011}{section.11.4}% 334
\BOOKMARK [2][-]{subsection.11.4.2}{\376\377\000H\000a\000l\000f\000C\000h\000e\000e\000t\000a\000h\377\010\116\055\173\111\226\276\136\246\377\011}{section.11.4}% 335
\BOOKMARK [2][-]{subsection.11.4.3}{\376\377\000A\000n\000t\377\010\116\055\173\111\226\276\136\246\377\011}{section.11.4}% 336
\BOOKMARK [2][-]{subsection.11.4.4}{\376\377\000H\000u\000m\000a\000n\000o\000i\000d\377\010\126\360\226\276\176\247\122\053\377\011}{section.11.4}% 337
\BOOKMARK [2][-]{subsection.11.4.5}{\376\377\000F\000e\000t\000c\000h\000\040\000R\000o\000b\000o\000t\000\040\000A\000r\000m\377\010\144\315\117\134\116\373\122\241\377\011}{section.11.4}% 338
\BOOKMARK [1][-]{section.11.5}{\376\377\213\255\176\303\173\126\165\145}{chapter.11}% 339
\BOOKMARK [2][-]{subsection.11.5.1}{\376\377\000P\000P\000O\127\050\000M\000u\000J\000o\000C\000o\116\012\166\204\215\205\123\302\145\160\221\115\177\156}{section.11.5}% 340
\BOOKMARK [2][-]{subsection.11.5.2}{\376\377\000S\000A\000C\127\050\217\336\176\355\143\247\122\066\116\055\166\204\117\030\122\277}{section.11.5}% 341
\BOOKMARK [2][-]{subsection.11.5.3}{\376\377\136\166\210\114\213\255\176\303}{section.11.5}% 342
\BOOKMARK [2][-]{subsection.11.5.4}{\376\377\213\255\176\303\146\362\176\277\211\343\213\373}{section.11.5}% 343
\BOOKMARK [2][-]{subsection.11.5.5}{\376\377\136\070\211\301\225\356\230\230\116\016\214\003\213\325}{section.11.5}% 344
\BOOKMARK [1][-]{section.11.6}{\376\377\217\333\226\066\142\200\147\057}{chapter.11}% 345
\BOOKMARK [2][-]{subsection.11.6.1}{\376\377\000C\000u\000r\000r\000i\000c\000u\000l\000u\000m\000\040\000L\000e\000a\000r\000n\000i\000n\000g}{section.11.6}% 346
\BOOKMARK [2][-]{subsection.11.6.2}{\376\377\131\032\116\373\122\241\000R\000L}{section.11.6}% 347
\BOOKMARK [2][-]{subsection.11.6.3}{\376\377\121\103\133\146\116\140\377\010\000M\000e\000t\000a\000-\000R\000L\377\011}{section.11.6}% 348
\BOOKMARK [2][-]{subsection.11.6.4}{\376\377\000H\000i\000n\000d\000s\000i\000g\000h\000t\000\040\000E\000x\000p\000e\000r\000i\000e\000n\000c\000e\000\040\000R\000e\000p\000l\000a\000y\000\040\000\050\000H\000E\000R\000\051}{section.11.6}% 349
\BOOKMARK [1][-]{section.11.7}{\376\377\167\037\133\236\147\072\126\150\116\272\220\350\177\162\166\204\143\021\142\030}{chapter.11}% 350
\BOOKMARK [2][-]{subsection.11.7.1}{\376\377\142\147\210\114\126\150\136\366\217\337}{section.11.7}% 351
\BOOKMARK [2][-]{subsection.11.7.2}{\376\377\117\040\141\037\126\150\126\152\130\360}{section.11.7}% 352
\BOOKMARK [2][-]{subsection.11.7.3}{\376\377\133\211\121\150\176\246\147\137}{section.11.7}% 353
\BOOKMARK [2][-]{subsection.11.7.4}{\376\377\133\236\145\366\140\047\211\201\154\102}{section.11.7}% 354
\BOOKMARK [1][-]{section.11.8}{\376\377\147\054\172\340\134\017\176\323}{chapter.11}% 355
\BOOKMARK [0][-]{chapter.12}{\376\377\116\316\116\377\167\037\122\060\167\037\133\236\377\032\000S\000i\000m\000-\000t\000o\000-\000R\000e\000a\000l\000\040\000T\000r\000a\000n\000s\000f\000e\000r}{}% 356
\BOOKMARK [1][-]{section.12.1}{\376\377\000S\000i\000m\000-\000t\000o\000-\000R\000e\000a\000l\000\040\000G\000a\000p\166\204\150\071\156\220}{chapter.12}% 357
\BOOKMARK [2][-]{subsection.12.1.1}{\376\377\162\151\164\006\123\302\145\160\116\015\121\306\170\156}{section.12.1}% 358
\BOOKMARK [2][-]{subsection.12.1.2}{\376\377\144\151\144\346\116\016\226\073\134\074\136\372\152\041}{section.12.1}% 359
\BOOKMARK [2][-]{subsection.12.1.3}{\376\377\117\040\141\037\126\150\136\372\152\041\135\356\137\002}{section.12.1}% 360
\BOOKMARK [2][-]{subsection.12.1.4}{\376\377\142\147\210\114\126\150\122\250\122\233\133\146}{section.12.1}% 361
\BOOKMARK [2][-]{subsection.12.1.5}{\376\377\211\306\211\311\135\356\137\002}{section.12.1}% 362
\BOOKMARK [2][-]{subsection.12.1.6}{\376\377\145\366\225\364\171\273\145\143\123\026\213\357\135\356}{section.12.1}% 363
\BOOKMARK [1][-]{section.12.2}{\376\377\127\337\226\217\147\072\123\026}{chapter.12}% 364
\BOOKMARK [2][-]{subsection.12.2.1}{\376\377\150\070\137\303\123\237\164\006}{section.12.2}% 365
\BOOKMARK [2][-]{subsection.12.2.2}{\376\377\162\151\164\006\123\302\145\160\226\217\147\072\123\026}{section.12.2}% 366
\BOOKMARK [2][-]{subsection.12.2.3}{\376\377\211\306\211\311\226\217\147\072\123\026}{section.12.2}% 367
\BOOKMARK [2][-]{subsection.12.2.4}{\376\377\122\250\122\233\133\146\226\217\147\072\123\026}{section.12.2}% 368
\BOOKMARK [2][-]{subsection.12.2.5}{\376\377\150\110\117\213\122\006\147\220\377\032\000O\000p\000e\000n\000A\000I\000\040\000R\000u\000b\000i\000k\000'\000s\000\040\000C\000u\000b\000e}{section.12.2}% 369
\BOOKMARK [2][-]{subsection.12.2.6}{\376\377\226\217\147\072\123\026\203\003\126\364\166\204\214\003\117\030}{section.12.2}% 370
\BOOKMARK [2][-]{subsection.12.2.7}{\376\377\156\020\217\333\137\017\226\217\147\072\123\026}{section.12.2}% 371
\BOOKMARK [1][-]{section.12.3}{\376\377\174\373\176\337\217\250\213\306}{chapter.12}% 372
\BOOKMARK [2][-]{subsection.12.3.1}{\376\377\116\316\167\037\133\236\145\160\143\156\142\337\124\010\116\377\167\037\123\302\145\160}{section.12.3}% 373
\BOOKMARK [2][-]{subsection.12.3.2}{\376\377\123\302\145\160\217\250\213\306\000\040\000v\000s\000\040\227\136\123\302\145\160\217\250\213\306}{section.12.3}% 374
\BOOKMARK [2][-]{subsection.12.3.3}{\376\377\127\050\176\277\000\040\000v\000s\000\040\171\273\176\277\217\250\213\306}{section.12.3}% 375
\BOOKMARK [1][-]{section.12.4}{\376\377\127\337\201\352\220\002\136\224}{chapter.12}% 376
\BOOKMARK [2][-]{subsection.12.4.1}{\376\377\162\171\137\201\127\337\133\371\237\120}{section.12.4}% 377
\BOOKMARK [2][-]{subsection.12.4.2}{\376\377\133\371\142\227\127\337\201\352\220\002\136\224}{section.12.4}% 378
\BOOKMARK [2][-]{subsection.12.4.3}{\376\377\137\252\163\257\116\000\201\364\140\047}{section.12.4}% 379
\BOOKMARK [1][-]{section.12.5}{\376\377\156\020\217\333\137\256\214\003}{chapter.12}% 380
\BOOKMARK [2][-]{subsection.12.5.1}{\376\377\116\377\167\037\230\204\213\255\176\303\000\040\000+\000\040\167\037\133\236\137\256\214\003}{section.12.5}% 381
\BOOKMARK [2][-]{subsection.12.5.2}{\376\377\133\211\121\150\137\256\214\003\173\126\165\145}{section.12.5}% 382
\BOOKMARK [2][-]{subsection.12.5.3}{\376\377\116\272\127\050\163\257\215\357\377\010\000H\000u\000m\000a\000n\000-\000i\000n\000-\000t\000h\000e\000-\000L\000o\000o\000p\377\011}{section.12.5}% 383
\BOOKMARK [1][-]{section.12.6}{\376\377\167\037\133\236\147\072\126\150\116\272\220\350\177\162\150\110\117\213}{chapter.12}% 384
\BOOKMARK [2][-]{subsection.12.6.1}{\376\377\126\333\215\263\147\072\126\150\116\272\210\114\215\160\377\010\000E\000T\000H\000\040\000Z\000u\000r\000i\000c\000h\377\011}{section.12.6}% 385
\BOOKMARK [2][-]{subsection.12.6.2}{\376\377\160\165\135\347\142\113\144\315\117\134\377\010\000O\000p\000e\000n\000A\000I\000/\000S\000h\000a\000d\000o\000w\000\040\000H\000a\000n\000d\377\011}{section.12.6}% 386
\BOOKMARK [2][-]{subsection.12.6.3}{\376\377\145\340\116\272\147\072\230\336\210\114\143\247\122\066}{section.12.6}% 387
\BOOKMARK [2][-]{subsection.12.6.4}{\376\377\201\352\122\250\232\176\232\166\116\055\166\204\000R\000L}{section.12.6}% 388
\BOOKMARK [1][-]{section.12.7}{\376\377\133\211\121\150\137\072\123\026\133\146\116\140}{chapter.12}% 389
\BOOKMARK [2][-]{subsection.12.7.1}{\376\377\000C\000o\000n\000s\000t\000r\000a\000i\000n\000e\000d\000\040\000M\000D\000P\000\040\000\050\000C\000M\000D\000P\000\051}{section.12.7}% 390
\BOOKMARK [2][-]{subsection.12.7.2}{\376\377\133\211\121\150\134\102}{section.12.7}% 391
\BOOKMARK [2][-]{subsection.12.7.3}{\376\377\134\117\226\234\121\375\145\160}{section.12.7}% 392
\BOOKMARK [1][-]{section.12.8}{\376\377\147\052\147\145\134\125\147\033}{chapter.12}% 393
\BOOKMARK [2][-]{subsection.12.8.1}{\376\377\131\047\211\304\152\041\136\166\210\114\116\377\167\037}{section.12.8}% 394
\BOOKMARK [2][-]{subsection.12.8.2}{\376\377\127\372\170\100\152\041\127\213\000\040\000+\000\040\000R\000L}{section.12.8}% 395
\BOOKMARK [2][-]{subsection.12.8.3}{\376\377\000R\000L\000\040\000f\000o\000r\000\040\000S\000c\000i\000e\000n\000c\000e}{section.12.8}% 396
\BOOKMARK [1][-]{section.12.9}{\376\377\147\054\172\340\134\017\176\323}{chapter.12}% 397
