\BOOKMARK [0][-]{chapter.1}{\376\377\176\352\213\272\116\016\145\160\133\146\127\372\170\100}{}% 1
\BOOKMARK [1][-]{section.1.1}{\376\377\174\373\176\337\122\250\122\233\133\146\136\372\152\041\151\202\217\360}{chapter.1}% 2
\BOOKMARK [2][-]{subsection.1.1.1}{\376\377\174\373\176\337\122\250\122\233\133\146\166\204\127\372\147\054\151\202\137\365}{section.1.1}% 3
\BOOKMARK [2][-]{subsection.1.1.2}{\376\377\122\250\122\233\133\146\174\373\176\337\166\204\122\006\174\173}{section.1.1}% 4
\BOOKMARK [1][-]{section.1.2}{\376\377\136\070\137\256\122\006\145\271\172\013\127\372\147\054\151\202\137\365}{chapter.1}% 5
\BOOKMARK [2][-]{subsection.1.2.1}{\376\377\136\070\137\256\122\006\145\271\172\013\166\204\133\232\116\111\116\016\122\006\174\173}{section.1.2}% 6
\BOOKMARK [2][-]{subsection.1.2.2}{\376\377\122\035\120\074\225\356\230\230\116\016\217\271\120\074\225\356\230\230}{section.1.2}% 7
\BOOKMARK [1][-]{section.1.3}{\376\377\211\343\166\204\133\130\127\050\125\057\116\000\140\047}{chapter.1}% 8
\BOOKMARK [2][-]{subsection.1.3.1}{\376\377\000G\000r\000o\000n\000w\000a\000l\000l\000\040\116\015\173\111\137\017}{section.1.3}% 9
\BOOKMARK [1][-]{section.1.4}{\376\377\134\006\232\330\226\066\145\271\172\013\123\026\116\072\116\000\226\066\145\271\172\013\176\304}{chapter.1}% 10
\BOOKMARK [0][-]{chapter.2}{\376\377\142\311\150\074\147\027\145\345\145\271\172\013\116\016\200\375\221\317\154\325}{}% 11
\BOOKMARK [1][-]{section.2.1}{\376\377\122\006\147\220\122\233\133\146\127\372\170\100}{chapter.2}% 12
\BOOKMARK [2][-]{subsection.2.1.1}{\376\377\176\246\147\137\166\204\122\006\174\173\116\016\201\352\165\061\136\246}{section.2.1}% 13
\BOOKMARK [2][-]{subsection.2.1.2}{\376\377\136\177\116\111\127\120\150\007\116\016\201\352\165\061\136\246}{section.2.1}% 14
\BOOKMARK [2][-]{subsection.2.1.3}{\376\377\206\132\117\115\171\373\116\016\206\132\122\237}{section.2.1}% 15
\BOOKMARK [2][-]{subsection.2.1.4}{\376\377\206\132\122\237\123\237\164\006\116\016\000\040\000D\000'\000A\000l\000e\000m\000b\000e\000r\000t\000\040\123\237\164\006}{section.2.1}% 16
\BOOKMARK [1][-]{section.2.2}{\376\377\173\054\116\214\174\173\000\040\000L\000a\000g\000r\000a\000n\000g\000e\000\040\145\271\172\013\166\204\133\214\145\164\143\250\133\374}{chapter.2}% 17
\BOOKMARK [2][-]{subsection.2.2.1}{\376\377\121\306\131\007\135\345\117\134\377\032\116\044\116\052\121\163\225\056\140\122\173\111\137\017}{section.2.2}% 18
\BOOKMARK [2][-]{subsection.2.2.2}{\376\377\116\316\000\040\000D\000'\000A\000l\000e\000m\000b\000e\000r\000t\000\040\123\237\164\006\122\060\000\040\000L\000a\000g\000r\000a\000n\000g\000e\000\040\145\271\172\013}{section.2.2}% 19
\BOOKMARK [2][-]{subsection.2.2.3}{\376\377\000L\000a\000g\000r\000a\000n\000g\000e\000\040\145\271\172\013\166\204\176\323\147\204\116\016\162\151\164\006\141\017\116\111}{section.2.2}% 20
\BOOKMARK [1][-]{section.2.3}{\376\377\000L\000a\000g\000r\000a\000n\000g\000e\000\040\145\271\172\013\166\204\136\224\165\050\133\236\117\213}{chapter.2}% 21
\BOOKMARK [1][-]{section.2.4}{\376\377\123\327\227\136\117\335\133\210\122\233\174\373\176\337\166\204\000\040\000L\000a\000g\000r\000a\000n\000g\000e\000\040\145\271\172\013}{chapter.2}% 22
\BOOKMARK [2][-]{subsection.2.4.1}{\376\377\136\177\116\111\122\233\166\204\213\241\173\227}{section.2.4}% 23
\BOOKMARK [2][-]{subsection.2.4.2}{\376\377\000R\000a\000y\000l\000e\000i\000g\000h\000\040\200\027\145\143\121\375\145\160}{section.2.4}% 24
\BOOKMARK [2][-]{subsection.2.4.3}{\376\377\143\250\136\177\166\204\000\040\000L\000a\000g\000r\000a\000n\000g\000e\000\040\145\271\172\013}{section.2.4}% 25
\BOOKMARK [1][-]{section.2.5}{\376\377\000H\000a\000m\000i\000l\000t\000o\000n\000\040\123\237\164\006\040\024\040\024\171\357\122\006\137\142\137\017\166\204\123\330\122\006\123\237\164\006}{chapter.2}% 26
\BOOKMARK [2][-]{subsection.2.5.1}{\376\377\123\330\122\006\154\325\166\204\127\372\147\054\151\202\137\365}{section.2.5}% 27
\BOOKMARK [2][-]{subsection.2.5.2}{\376\377\116\316\000\040\000H\000a\000m\000i\000l\000t\000o\000n\000\040\123\237\164\006\122\060\133\210\140\122\137\213\040\024\040\024\000N\000o\000e\000t\000h\000e\000r\000\040\133\232\164\006\173\200\116\313}{section.2.5}% 28
\BOOKMARK [1][-]{section.2.6}{\376\377\000H\000a\000m\000i\000l\000t\000o\000n\000\040\122\233\133\146\040\024\040\024\000L\000e\000g\000e\000n\000d\000r\000e\000\040\123\330\143\142\116\016\166\370\172\172\225\364}{chapter.2}% 29
\BOOKMARK [2][-]{subsection.2.6.1}{\376\377\000L\000e\000g\000e\000n\000d\000r\000e\000\040\123\330\143\142\116\016\000\040\000H\000a\000m\000i\000l\000t\000o\000n\000\040\121\375\145\160}{section.2.6}% 30
\BOOKMARK [2][-]{subsection.2.6.2}{\376\377\000H\000a\000m\000i\000l\000t\000o\000n\000\040\153\143\122\031\145\271\172\013}{section.2.6}% 31
\BOOKMARK [2][-]{subsection.2.6.3}{\376\377\217\233\121\340\117\125\176\323\147\204\116\016\145\160\120\074\171\357\122\006\166\204\121\163\200\124}{section.2.6}% 32
\BOOKMARK [2][-]{subsection.2.6.4}{\376\377\200\375\221\317\154\325\127\050\135\345\172\013\136\372\152\041\116\055\166\204\176\337\116\000\211\306\211\322}{section.2.6}% 33
\BOOKMARK [0][-]{chapter.3}{\376\377\136\070\137\256\122\006\145\271\172\013\211\343\147\220\211\343\154\325}{}% 34
\BOOKMARK [1][-]{section.3.1}{\376\377\116\000\226\066\136\070\137\256\122\006\145\271\172\013\166\204\211\343\147\220\145\271\154\325}{chapter.3}% 35
\BOOKMARK [2][-]{subsection.3.1.1}{\376\377\122\006\171\273\123\330\221\317\154\325}{section.3.1}% 36
\BOOKMARK [2][-]{subsection.3.1.2}{\376\377\116\000\226\066\176\277\140\047\137\256\122\006\145\271\172\013\116\016\171\357\122\006\126\340\133\120\154\325}{section.3.1}% 37
\BOOKMARK [1][-]{section.3.2}{\376\377\116\214\226\066\176\277\140\047\136\070\137\256\122\006\145\271\172\013}{chapter.3}% 38
\BOOKMARK [2][-]{subsection.3.2.1}{\376\377\136\070\174\373\145\160\237\120\153\041\145\271\172\013}{section.3.2}% 39
\BOOKMARK [2][-]{subsection.3.2.2}{\376\377\136\070\174\373\145\160\227\136\237\120\153\041\145\271\172\013}{section.3.2}% 40
\BOOKMARK [1][-]{section.3.3}{\376\377\116\000\226\066\176\277\140\047\136\070\137\256\122\006\145\271\172\013\176\304}{chapter.3}% 41
\BOOKMARK [2][-]{subsection.3.3.1}{\376\377\136\070\174\373\145\160\237\120\153\041\145\271\172\013\176\304}{section.3.3}% 42
\BOOKMARK [1][-]{section.3.4}{\376\377\122\250\122\233\174\373\176\337\133\232\140\047\122\006\147\220\122\035\153\145}{chapter.3}% 43
\BOOKMARK [2][-]{subsection.3.4.1}{\376\377\136\163\210\141\160\271\116\016\172\063\133\232\140\047}{section.3.4}% 44
\BOOKMARK [2][-]{subsection.3.4.2}{\376\377\116\214\176\364\176\277\140\047\174\373\176\337\166\204\166\370\126\376\122\006\174\173}{section.3.4}% 45
\BOOKMARK [0][-]{chapter.4}{\376\377\145\160\120\074\211\343\154\325\040\024\040\024\123\125\153\145\154\325}{}% 46
\BOOKMARK [1][-]{section.4.1}{\376\377\145\160\120\074\211\343\154\325\166\204\127\372\147\054\140\035\140\363}{chapter.4}% 47
\BOOKMARK [2][-]{subsection.4.1.1}{\376\377\171\273\145\143\123\026\145\271\154\325}{section.4.1}% 48
\BOOKMARK [2][-]{subsection.4.1.2}{\376\377\134\100\220\350\142\052\145\255\213\357\135\356\116\016\145\066\145\133\226\066}{section.4.1}% 49
\BOOKMARK [1][-]{section.4.2}{\376\377\000E\000u\000l\000e\000r\000\040\145\271\154\325}{chapter.4}% 50
\BOOKMARK [2][-]{subsection.4.2.1}{\376\377\146\076\137\017\000\040\000E\000u\000l\000e\000r\000\040\154\325\377\010\000F\000o\000r\000w\000a\000r\000d\000\040\000E\000u\000l\000e\000r\377\011}{section.4.2}% 51
\BOOKMARK [2][-]{subsection.4.2.2}{\376\377\226\220\137\017\000\040\000E\000u\000l\000e\000r\000\040\154\325\377\010\000B\000a\000c\000k\000w\000a\000r\000d\000\040\000E\000u\000l\000e\000r\377\011}{section.4.2}% 52
\BOOKMARK [1][-]{section.4.3}{\376\377\145\071\217\333\166\204\000\040\000E\000u\000l\000e\000r\000\040\154\325\377\010\150\257\137\142\154\325\377\011}{chapter.4}% 53
\BOOKMARK [2][-]{subsection.4.3.1}{\376\377\145\071\217\333\166\204\000\040\000E\000u\000l\000e\000r\000\040\154\325\377\010\230\204\155\113\000-\150\041\153\143\150\074\137\017\377\011}{section.4.3}% 54
\BOOKMARK [1][-]{section.4.4}{\376\377\000R\000u\000n\000g\000e\000-\000K\000u\000t\000t\000a\000\040\145\271\154\325}{chapter.4}% 55
\BOOKMARK [2][-]{subsection.4.4.1}{\376\377\127\372\147\054\140\035\140\363}{section.4.4}% 56
\BOOKMARK [2][-]{subsection.4.4.2}{\376\377\116\214\176\247\116\214\226\066\000\040\000R\000K\000\040\145\271\154\325}{section.4.4}% 57
\BOOKMARK [2][-]{subsection.4.4.3}{\376\377\176\317\121\170\126\333\176\247\126\333\226\066\000\040\000R\000K\000\040\145\271\154\325\377\010\000R\000K\0004\377\011}{section.4.4}% 58
\BOOKMARK [2][-]{subsection.4.4.4}{\376\377\123\330\153\145\225\177\000\040\000R\000K\000\040\145\271\154\325\377\010\135\114\121\145\137\017\133\371\377\011}{section.4.4}% 59
\BOOKMARK [1][-]{section.4.5}{\376\377\123\125\153\145\154\325\166\204\145\066\145\133\140\047\116\016\166\370\133\271\140\047}{chapter.4}% 60
\BOOKMARK [0][-]{chapter.5}{\376\377\145\160\120\074\211\343\154\325\040\024\040\024\131\032\153\145\154\325}{}% 61
\BOOKMARK [1][-]{section.5.1}{\376\377\131\032\153\145\154\325\166\204\127\372\147\054\140\035\140\363}{chapter.5}% 62
\BOOKMARK [1][-]{section.5.2}{\376\377\127\372\116\216\145\160\120\074\171\357\122\006\166\204\147\204\220\040\145\271\154\325}{chapter.5}% 63
\BOOKMARK [2][-]{subsection.5.2.1}{\376\377\000A\000d\000a\000m\000s\000-\000B\000a\000s\000h\000f\000o\000r\000t\000h\000\040\146\076\137\017\121\154\137\017}{section.5.2}% 64
\BOOKMARK [2][-]{subsection.5.2.2}{\376\377\000A\000d\000a\000m\000s\000-\000M\000o\000u\000l\000t\000o\000n\000\040\226\220\137\017\121\154\137\017}{section.5.2}% 65
\BOOKMARK [1][-]{section.5.3}{\376\377\230\204\155\113\000-\150\041\153\143\145\271\154\325\377\010\000A\000d\000a\000m\000s\000-\000B\000a\000s\000h\000f\000o\000r\000t\000h\000-\000M\000o\000u\000l\000t\000o\000n\377\011}{chapter.5}% 66
\BOOKMARK [1][-]{section.5.4}{\376\377\131\032\153\145\154\325\166\204\124\057\122\250\225\356\230\230}{chapter.5}% 67
\BOOKMARK [1][-]{section.5.5}{\376\377\176\277\140\047\131\032\153\145\154\325\166\204\226\066\147\141\116\366}{chapter.5}% 68
\BOOKMARK [1][-]{section.5.6}{\376\377\124\021\124\016\137\256\122\006\121\154\137\017\377\010\000B\000D\000F\377\011}{chapter.5}% 69
\BOOKMARK [1][-]{section.5.7}{\376\377\136\070\165\050\000\040\000M\000A\000T\000L\000A\000B\000\040\154\102\211\343\126\150\140\073\176\323}{chapter.5}% 70
\BOOKMARK [1][-]{section.5.8}{\376\377\145\160\120\074\145\271\154\325\166\204\133\236\163\260\150\106\147\266}{chapter.5}% 71
\BOOKMARK [0][-]{chapter.6}{\376\377\172\063\133\232\140\047\116\016\122\032\140\047\145\271\172\013}{}% 72
\BOOKMARK [1][-]{section.6.1}{\376\377\145\160\120\074\172\063\133\232\140\047\166\204\127\372\147\054\151\202\137\365}{chapter.6}% 73
\BOOKMARK [2][-]{subsection.6.1.1}{\376\377\226\366\172\063\133\232\140\047\116\016\176\335\133\371\172\063\133\232\140\047}{section.6.1}% 74
\BOOKMARK [2][-]{subsection.6.1.2}{\376\377\172\063\133\232\121\375\145\160\116\016\172\063\133\232\127\337}{section.6.1}% 75
\BOOKMARK [1][-]{section.6.2}{\376\377\000A\000-\172\063\133\232\140\047}{chapter.6}% 76
\BOOKMARK [1][-]{section.6.3}{\376\377\122\032\140\047\145\271\172\013}{chapter.6}% 77
\BOOKMARK [2][-]{subsection.6.3.1}{\376\377\122\032\140\047\166\204\151\202\137\365}{section.6.3}% 78
\BOOKMARK [2][-]{subsection.6.3.2}{\376\377\122\032\140\047\145\271\172\013\166\204\154\102\211\343\173\126\165\145}{section.6.3}% 79
\BOOKMARK [1][-]{section.6.4}{\376\377\000A\000\050\000\051\000-\172\063\133\232\140\047}{chapter.6}% 80
\BOOKMARK [1][-]{section.6.5}{\376\377\227\136\176\277\140\047\172\063\133\232\140\047\116\016\137\072\172\063\133\232\140\047\117\335\143\001\145\271\154\325}{chapter.6}% 81
\BOOKMARK [1][-]{section.6.6}{\376\377\226\220\137\017\000\040\000R\000K\000\040\145\271\154\325\116\016\000\040\000R\000a\000d\000a\000u\000\040\000I\000I\000A}{chapter.6}% 82
\BOOKMARK [2][-]{subsection.6.6.1}{\376\377\000R\000a\000d\000a\000u\000\040\000I\000I\000A\000\040\145\271\154\325}{section.6.6}% 83
\BOOKMARK [1][-]{section.6.7}{\376\377\153\145\225\177\143\247\122\066\116\016\213\357\135\356\117\060\213\241}{chapter.6}% 84
\BOOKMARK [0][-]{chapter.7}{\376\377\123\125\201\352\165\061\136\246\174\373\176\337\122\250\122\233\133\146\136\372\152\041}{}% 85
\BOOKMARK [1][-]{section.7.1}{\376\377\137\071\174\047\000-\215\050\221\317\000-\226\073\134\074\174\373\176\337}{chapter.7}% 86
\BOOKMARK [2][-]{subsection.7.1.1}{\376\377\217\320\122\250\145\271\172\013}{section.7.1}% 87
\BOOKMARK [1][-]{section.7.2}{\376\377\201\352\165\061\143\057\122\250}{chapter.7}% 88
\BOOKMARK [2][-]{subsection.7.2.1}{\376\377\145\340\226\073\134\074\201\352\165\061\143\057\122\250\377\010\000=\000\040\0000\377\011}{section.7.2}% 89
\BOOKMARK [2][-]{subsection.7.2.2}{\376\377\153\040\226\073\134\074\201\352\165\061\143\057\122\250\377\010\0000\000\040\000<\000\040\000<\000\040\0001\377\011}{section.7.2}% 90
\BOOKMARK [2][-]{subsection.7.2.3}{\376\377\116\064\165\114\226\073\134\074\377\010\000=\000\040\0001\377\011\116\016\217\307\226\073\134\074\377\010\000>\000\040\0001\377\011}{section.7.2}% 91
\BOOKMARK [1][-]{section.7.3}{\376\377\123\327\217\353\143\057\122\250}{chapter.7}% 92
\BOOKMARK [2][-]{subsection.7.3.1}{\376\377\173\200\214\020\157\300\122\261\116\013\166\204\172\063\140\001\124\315\136\224}{section.7.3}% 93
\BOOKMARK [2][-]{subsection.7.3.2}{\376\377\131\015\230\221\124\315\136\224\121\375\145\160}{section.7.3}% 94
\BOOKMARK [1][-]{section.7.4}{\376\377\116\373\141\017\157\300\122\261\116\013\166\204\124\315\136\224\040\024\040\024\201\011\121\262\124\315\136\224\116\016\123\167\171\357}{chapter.7}% 95
\BOOKMARK [2][-]{subsection.7.4.1}{\376\377\123\125\117\115\201\011\121\262\124\315\136\224\121\375\145\160}{section.7.4}% 96
\BOOKMARK [2][-]{subsection.7.4.2}{\376\377\000D\000u\000h\000a\000m\000e\000l\000\040\171\357\122\006\377\010\123\167\171\357\171\357\122\006\377\011}{section.7.4}% 97
\BOOKMARK [1][-]{section.7.5}{\376\377\200\375\221\317\145\271\154\325}{chapter.7}% 98
\BOOKMARK [2][-]{subsection.7.5.1}{\376\377\122\250\200\375\116\016\122\277\200\375}{section.7.5}% 99
\BOOKMARK [2][-]{subsection.7.5.2}{\376\377\173\111\145\110\215\050\221\317\116\016\173\111\145\110\122\032\136\246\040\024\040\024\200\375\221\317\154\325}{section.7.5}% 100
\BOOKMARK [1][-]{section.7.6}{\376\377\162\266\140\001\172\172\225\364\133\236\163\260}{chapter.7}% 101
\BOOKMARK [0][-]{chapter.8}{\376\377\131\032\201\352\165\061\136\246\174\373\176\337\122\250\122\233\133\146\136\372\152\041}{}% 102
\BOOKMARK [1][-]{section.8.1}{\376\377\131\032\201\352\165\061\136\246\174\373\176\337\166\204\127\372\147\054\143\317\217\360}{chapter.8}% 103
\BOOKMARK [1][-]{section.8.2}{\376\377\145\340\226\073\134\074\201\352\165\061\143\057\122\250\116\016\162\171\137\201\120\074\225\356\230\230}{chapter.8}% 104
\BOOKMARK [2][-]{subsection.8.2.1}{\376\377\162\171\137\201\120\074\225\356\230\230}{section.8.2}% 105
\BOOKMARK [2][-]{subsection.8.2.2}{\376\377\143\057\127\213\166\204\153\143\116\244\140\047}{section.8.2}% 106
\BOOKMARK [1][-]{section.8.3}{\376\377\152\041\140\001\123\340\122\240\154\325}{chapter.8}% 107
\BOOKMARK [2][-]{subsection.8.3.1}{\376\377\127\120\150\007\123\330\143\142}{section.8.3}% 108
\BOOKMARK [2][-]{subsection.8.3.2}{\376\377\211\343\200\046\145\271\172\013}{section.8.3}% 109
\BOOKMARK [1][-]{section.8.4}{\376\377\153\324\117\213\226\073\134\074\116\016\116\000\202\054\226\073\134\074}{chapter.8}% 110
\BOOKMARK [2][-]{subsection.8.4.1}{\376\377\000R\000a\000y\000l\000e\000i\000g\000h\000\040\226\073\134\074}{section.8.4}% 111
\BOOKMARK [2][-]{subsection.8.4.2}{\376\377\116\000\202\054\236\317\140\047\226\073\134\074}{section.8.4}% 112
\BOOKMARK [1][-]{section.8.5}{\376\377\131\015\152\041\140\001\122\006\147\220}{chapter.8}% 113
\BOOKMARK [1][-]{section.8.6}{\376\377\230\221\163\207\124\315\136\224\121\375\145\160\167\351\226\065}{chapter.8}% 114
\BOOKMARK [1][-]{section.8.7}{\376\377\145\160\120\074\154\102\211\343\154\350\141\017\116\213\230\171}{chapter.8}% 115
\BOOKMARK [0][-]{chapter.9}{\376\377\162\266\140\001\172\172\225\364\145\271\154\325}{}% 116
\BOOKMARK [1][-]{section.9.1}{\376\377\162\266\140\001\172\172\225\364\210\150\171\072\166\204\127\372\147\054\151\202\137\365}{chapter.9}% 117
\BOOKMARK [2][-]{subsection.9.1.1}{\376\377\116\316\116\214\226\066\174\373\176\337\122\060\116\000\226\066\162\266\140\001\145\271\172\013}{section.9.1}% 118
\BOOKMARK [2][-]{subsection.9.1.2}{\376\377\176\277\140\047\145\366\116\015\123\330\377\010\000L\000T\000I\377\011\174\373\176\337\166\204\211\304\203\003\140\047}{section.9.1}% 119
\BOOKMARK [1][-]{section.9.2}{\376\377\162\266\140\001\145\271\172\013\166\204\211\343}{chapter.9}% 120
\BOOKMARK [2][-]{subsection.9.2.1}{\376\377\237\120\153\041\211\343\040\024\040\024\162\266\140\001\217\154\171\373\167\351\226\065}{section.9.2}% 121
\BOOKMARK [2][-]{subsection.9.2.2}{\376\377\227\136\237\120\153\041\211\343\040\024\040\024\162\266\140\001\217\154\171\373\121\154\137\017}{section.9.2}% 122
\BOOKMARK [1][-]{section.9.3}{\376\377\123\357\143\247\140\047\116\016\123\357\211\302\140\047}{chapter.9}% 123
\BOOKMARK [1][-]{section.9.4}{\376\377\167\351\226\065\143\007\145\160\166\204\145\160\120\074\213\241\173\227}{chapter.9}% 124
\BOOKMARK [2][-]{subsection.9.4.1}{\376\377\162\171\137\201\122\006\211\343\154\325}{section.9.4}% 125
\BOOKMARK [2][-]{subsection.9.4.2}{\376\377\000L\000a\000p\000l\000a\000c\000e\000\040\123\330\143\142\154\325}{section.9.4}% 126
\BOOKMARK [2][-]{subsection.9.4.3}{\376\377\145\160\120\074\145\271\154\325\040\024\040\024\000P\000a\000d\000\351\000\040\220\074\217\321\116\016\177\051\145\076\136\163\145\271\154\325}{section.9.4}% 127
\BOOKMARK [1][-]{section.9.5}{\376\377\117\040\220\022\121\375\145\160\167\351\226\065}{chapter.9}% 128
\BOOKMARK [1][-]{section.9.6}{\376\377\176\277\140\047\123\315\231\210\143\247\122\066\122\035\153\145}{chapter.9}% 129
\BOOKMARK [2][-]{subsection.9.6.1}{\376\377\162\266\140\001\123\315\231\210}{section.9.6}% 130
\BOOKMARK [2][-]{subsection.9.6.2}{\376\377\176\277\140\047\116\214\153\041\127\213\214\003\202\202\126\150\377\010\000L\000Q\000R\377\011}{section.9.6}% 131
\BOOKMARK [0][-]{chapter.10}{\376\377\135\345\172\013\116\377\167\037\136\224\165\050\150\110\117\213}{}% 132
\BOOKMARK [1][-]{section.10.1}{\376\377\150\110\117\213\116\000\377\032\143\007\145\160\210\160\121\317\174\373\176\337\166\204\145\160\120\074\116\377\167\037}{chapter.10}% 133
\BOOKMARK [2][-]{subsection.10.1.1}{\376\377\225\356\230\230\143\317\217\360}{section.10.1}% 134
\BOOKMARK [2][-]{subsection.10.1.2}{\376\377\211\343\147\220\211\343}{section.10.1}% 135
\BOOKMARK [2][-]{subsection.10.1.3}{\376\377\145\160\120\074\154\102\211\343\040\024\040\024\146\076\137\017\000\040\000E\000u\000l\000e\000r\000\040\154\325}{section.10.1}% 136
\BOOKMARK [2][-]{subsection.10.1.4}{\376\377\000M\000A\000T\000L\000A\000B\000\040\000o\000d\000e\0004\0005\000\040\133\236\163\260}{section.10.1}% 137
\BOOKMARK [1][-]{section.10.2}{\376\377\150\110\117\213\116\214\377\032\173\111\137\072\136\246\147\361\166\204\000\040\000O\000D\000E\000\040\136\372\152\041\116\016\116\377\167\037}{chapter.10}% 138
\BOOKMARK [2][-]{subsection.10.2.1}{\376\377\162\151\164\006\200\314\146\157}{section.10.2}% 139
\BOOKMARK [2][-]{subsection.10.2.2}{\376\377\145\160\133\146\152\041\127\213}{section.10.2}% 140
\BOOKMARK [2][-]{subsection.10.2.3}{\376\377\140\073\117\070\225\177\221\317}{section.10.2}% 141
\BOOKMARK [2][-]{subsection.10.2.4}{\376\377\145\160\120\074\116\377\167\037\153\145\232\244}{section.10.2}% 142
\BOOKMARK [2][-]{subsection.10.2.5}{\376\377\123\302\145\160\145\117\141\037\140\047\122\006\147\220}{section.10.2}% 143
\BOOKMARK [1][-]{section.10.3}{\376\377\150\110\117\213\116\011\377\032\131\032\122\032\117\123\174\373\176\337\166\204\122\250\122\233\133\146\116\377\167\037}{chapter.10}% 144
\BOOKMARK [2][-]{subsection.10.3.1}{\376\377\146\362\147\304\000-\217\336\147\106\147\072\147\204}{section.10.3}% 145
\BOOKMARK [2][-]{subsection.10.3.2}{\376\377\145\160\120\074\154\102\211\343\143\021\142\030}{section.10.3}% 146
\BOOKMARK [2][-]{subsection.10.3.3}{\376\377\226\115\143\007\150\007\145\271\154\325}{section.10.3}% 147
\BOOKMARK [1][-]{section.10.4}{\376\377\116\377\167\037\133\236\215\365\211\201\160\271\140\073\176\323}{chapter.10}% 148
\BOOKMARK [2][-]{subsection.10.4.1}{\376\377\116\343\170\001\176\304\176\307\176\323\147\204}{section.10.4}% 149
\BOOKMARK [2][-]{subsection.10.4.2}{\376\377\136\070\211\301\214\003\213\325\225\356\230\230}{section.10.4}% 150
\BOOKMARK [2][-]{subsection.10.4.3}{\376\377\136\372\152\041\116\016\116\377\167\037\166\204\147\000\117\163\133\236\215\365}{section.10.4}% 151
