\BOOKMARK [0][-]{chapter.1}{\376\377\127\372\147\054\151\202\137\365}{}% 1
\BOOKMARK [1][-]{section.1.1}{\376\377\140\073\117\123\060\001\150\067\147\054\116\016\176\337\213\241\221\317}{chapter.1}% 2
\BOOKMARK [2][-]{subsection.1.1.1}{\376\377\140\073\117\123\116\016\150\067\147\054}{section.1.1}% 3
\BOOKMARK [2][-]{subsection.1.1.2}{\376\377\176\337\213\241\221\317}{section.1.1}% 4
\BOOKMARK [1][-]{section.1.2}{\376\377\136\070\165\050\176\337\213\241\221\317\166\204\122\006\136\003\377\010\142\275\150\067\122\006\136\003\377\011}{chapter.1}% 5
\BOOKMARK [2][-]{subsection.1.2.1}{\376\377\0002\000\040\122\006\136\003}{section.1.2}% 6
\BOOKMARK [2][-]{subsection.1.2.2}{\376\377\000t\000\040\122\006\136\003}{section.1.2}% 7
\BOOKMARK [2][-]{subsection.1.2.3}{\376\377\000F\000\040\122\006\136\003}{section.1.2}% 8
\BOOKMARK [1][-]{section.1.3}{\376\377\153\143\140\001\140\073\117\123\116\013\166\204\116\011\131\047\142\275\150\067\133\232\164\006}{chapter.1}% 9
\BOOKMARK [2][-]{subsection.1.3.1}{\376\377\226\104\122\240\221\315\211\201\176\323\213\272}{section.1.3}% 10
\BOOKMARK [0][-]{chapter.2}{\376\377\123\302\145\160\117\060\213\241}{}% 11
\BOOKMARK [1][-]{section.2.1}{\376\377\123\302\145\160\117\060\213\241\166\204\151\202\137\365}{chapter.2}% 12
\BOOKMARK [1][-]{section.2.2}{\376\377\167\351\117\060\213\241\154\325\377\010\173\200\171\360\040\034\167\351\154\325\040\035\377\011}{chapter.2}% 13
\BOOKMARK [1][-]{section.2.3}{\376\377\147\201\131\047\117\074\161\066\117\060\213\241\154\325}{chapter.2}% 14
\BOOKMARK [1][-]{section.2.4}{\376\377\117\060\213\241\221\317\166\204\213\304\220\011\150\007\121\306}{chapter.2}% 15
\BOOKMARK [2][-]{subsection.2.4.1}{\376\377\145\340\120\117\140\047}{section.2.4}% 16
\BOOKMARK [2][-]{subsection.2.4.2}{\376\377\147\011\145\110\140\047}{section.2.4}% 17
\BOOKMARK [2][-]{subsection.2.4.3}{\376\377\116\000\201\364\140\047}{section.2.4}% 18
\BOOKMARK [2][-]{subsection.2.4.4}{\376\377\226\104\122\240\117\213\230\230\377\010\147\000\117\030\145\340\120\117\117\060\213\241\377\011}{section.2.4}% 19
\BOOKMARK [1][-]{section.2.5}{\376\377\123\072\225\364\117\060\213\241}{chapter.2}% 20
\BOOKMARK [2][-]{subsection.2.5.1}{\376\377\151\202\137\365}{section.2.5}% 21
\BOOKMARK [2][-]{subsection.2.5.2}{\376\377\153\143\140\001\140\073\117\123\166\204\142\275\150\067\122\006\136\003\133\232\164\006\377\010\147\242\217\164\221\317\377\011}{section.2.5}% 22
\BOOKMARK [2][-]{subsection.2.5.3}{\376\377\153\143\140\001\140\073\117\123\123\302\145\160\166\204\123\072\225\364\117\060\213\241}{section.2.5}% 23
\BOOKMARK [0][-]{chapter.3}{\376\377\120\107\213\276\150\300\232\214}{}% 24
\BOOKMARK [1][-]{section.3.1}{\376\377\120\107\213\276\150\300\232\214\166\204\127\372\147\054\151\202\137\365\124\214\140\035\140\363}{chapter.3}% 25
\BOOKMARK [2][-]{subsection.3.1.1}{\376\377\123\237\120\107\213\276\116\016\131\007\142\351\120\107\213\276}{section.3.1}% 26
\BOOKMARK [2][-]{subsection.3.1.2}{\376\377\150\300\232\214\154\325\122\031\116\016\142\322\176\335\127\337}{section.3.1}% 27
\BOOKMARK [2][-]{subsection.3.1.3}{\376\377\150\300\232\214\166\204\116\044\171\315\225\031\213\357}{section.3.1}% 28
\BOOKMARK [2][-]{subsection.3.1.4}{\376\377\146\076\204\127\140\047\150\300\232\214\166\204\127\372\147\054\153\145\232\244}{section.3.1}% 29
\BOOKMARK [1][-]{section.3.2}{\376\377\123\125\116\052\153\143\140\001\140\073\117\123\166\204\120\107\213\276\150\300\232\214}{chapter.3}% 30
\BOOKMARK [2][-]{subsection.3.2.1}{\376\377\123\125\116\052\153\143\140\001\140\073\117\123\127\107\120\074\166\204\120\107\213\276\150\300\232\214}{section.3.2}% 31
\BOOKMARK [2][-]{subsection.3.2.2}{\376\377\123\125\116\052\140\073\117\123\145\271\135\356\166\204\120\107\213\276\150\300\232\214}{section.3.2}% 32
\BOOKMARK [1][-]{section.3.3}{\376\377\123\314\153\143\140\001\140\073\117\123\127\107\120\074\116\016\145\271\135\356\153\324\166\204\120\107\213\276\150\300\232\214}{chapter.3}% 33
\BOOKMARK [2][-]{subsection.3.3.1}{\376\377\127\107\120\074\135\356\166\204\120\107\213\276\150\300\232\214}{section.3.3}% 34
\BOOKMARK [2][-]{subsection.3.3.2}{\376\377\145\271\135\356\153\324\166\204\120\107\213\276\150\300\232\214}{section.3.3}% 35
