\BOOKMARK [0][-]{chapter.1}{\376\377\000R\213\355\212\000\173\200\116\313}{}% 1
\BOOKMARK [1][-]{section.1.1}{\376\377\133\211\210\305\177\121\127\100}{chapter.1}% 2
\BOOKMARK [1][-]{section.1.2}{\376\377\165\114\227\142\144\315\117\134\171\072\117\213}{chapter.1}% 3
\BOOKMARK [1][-]{section.1.3}{\376\377\116\000\116\052\173\200\123\125\166\204\171\072\117\213\000\050\116\015\146\057\000H\000e\000l\000l\000o\000\040\000W\000o\000r\000l\000d\000\051}{chapter.1}% 4
\BOOKMARK [0][-]{chapter.2}{\376\377\000R\213\355\212\000\230\204\131\007\167\345\213\306}{}% 5
\BOOKMARK [1][-]{section.2.1}{\376\377\127\372\147\054\124\175\116\344}{chapter.2}% 6
\BOOKMARK [2][-]{subsection.2.1.1}{\376\377\203\267\123\326\135\345\117\134\166\356\137\125}{section.2.1}% 7
\BOOKMARK [2][-]{subsection.2.1.2}{\376\377\213\276\177\156\135\345\117\134\166\356\137\125}{section.2.1}% 8
\BOOKMARK [2][-]{subsection.2.1.3}{\376\377\154\350\221\312}{section.2.1}% 9
\BOOKMARK [2][-]{subsection.2.1.4}{\376\377\123\330\221\317\124\015\166\204\124\175\124\015}{section.2.1}% 10
\BOOKMARK [2][-]{subsection.2.1.5}{\376\377\215\113\120\074}{section.2.1}% 11
\BOOKMARK [2][-]{subsection.2.1.6}{\376\377\123\330\221\317\166\204\146\076\171\072}{section.2.1}% 12
\BOOKMARK [2][-]{subsection.2.1.7}{\376\377\147\345\167\013\116\016\156\005\226\144\123\330\221\317}{section.2.1}% 13
\BOOKMARK [2][-]{subsection.2.1.8}{\376\377\121\375\145\160\136\056\122\251\145\207\150\143\147\345\213\342}{section.2.1}% 14
\BOOKMARK [2][-]{subsection.2.1.9}{\376\377\217\157\116\366\166\204\220\000\121\372\116\016\117\335\133\130}{section.2.1}% 15
\BOOKMARK [2][-]{subsection.2.1.10}{\376\377\117\335\133\130\145\160\143\156}{section.2.1}% 16
\BOOKMARK [1][-]{section.2.2}{\376\377\000R\213\355\212\000\213\355\154\325}{chapter.2}% 17
\BOOKMARK [2][-]{subsection.2.2.1}{\376\377\121\375\145\160}{section.2.2}% 18
\BOOKMARK [2][-]{subsection.2.2.2}{\376\377\124\021\221\317\000\040\000\050\000V\000e\000c\000t\000o\000r\000\051}{section.2.2}% 19
\BOOKMARK [2][-]{subsection.2.2.3}{\376\377\000N\000A\000\040\116\016\000\040\000N\000U\000L\000L\000\040\120\074}{section.2.2}% 20
\BOOKMARK [2][-]{subsection.2.2.4}{\376\377\167\351\226\065\000\040\000\050\000M\000a\000t\000r\000i\000x\000\051}{section.2.2}% 21
\BOOKMARK [2][-]{subsection.2.2.5}{\376\377\122\027\210\150\000\040\000\050\000L\000i\000s\000t\000\051}{section.2.2}% 22
\BOOKMARK [2][-]{subsection.2.2.6}{\376\377\145\160\143\156\150\106\000\040\000\050\000D\000a\000t\000a\000\040\000F\000r\000a\000m\000e\000\051}{section.2.2}% 23
\BOOKMARK [2][-]{subsection.2.2.7}{\376\377\126\340\133\120\000\040\000\050\000F\000a\000c\000t\000o\000r\000\051}{section.2.2}% 24
\BOOKMARK [2][-]{subsection.2.2.8}{\376\377\136\070\165\050\145\160\133\146\116\016\176\337\213\241\121\375\145\160}{section.2.2}% 25
\BOOKMARK [1][-]{section.2.3}{\376\377\143\247\122\066\155\101\116\016\201\352\133\232\116\111\121\375\145\160}{chapter.2}% 26
\BOOKMARK [0][-]{chapter.3}{\376\377\145\160\143\156\122\006\147\220}{}% 27
\BOOKMARK [1][-]{section.3.1}{\376\377\145\160\143\156\156\005\155\027\116\016\217\154\143\142\000\040\000\050\000d\000p\000l\000y\000r\000\040\000\046\000\040\000t\000i\000d\000y\000r\000\051}{chapter.3}% 28
\BOOKMARK [2][-]{subsection.3.1.1}{\376\377\000d\000p\000l\000y\000r\000\040\166\204\150\070\137\303\122\250\117\134\000\040\000\050\000V\000e\000r\000b\000s\000\051}{section.3.1}% 29
\BOOKMARK [2][-]{subsection.3.1.2}{\376\377\000t\000i\000d\000y\000r\000\040\166\204\145\160\143\156\221\315\130\121}{section.3.1}% 30
\BOOKMARK [2][-]{subsection.3.1.3}{\376\377\136\070\165\050\156\005\155\027\121\375\145\160\133\371\153\324\140\073\176\323}{section.3.1}% 31
\BOOKMARK [1][-]{section.3.2}{\376\377\145\160\143\156\123\357\211\306\123\026\000\040\000\050\000g\000g\000p\000l\000o\000t\0002\000\051}{chapter.3}% 32
\BOOKMARK [2][-]{subsection.3.2.1}{\376\377\000g\000g\000p\000l\000o\000t\0002\000\040\166\204\127\372\170\100\213\355\154\325\176\323\147\204}{section.3.2}% 33
\BOOKMARK [2][-]{subsection.3.2.2}{\376\377\136\070\211\301\126\376\210\150\174\173\127\213\000\040\000\050\000G\000e\000o\000m\000s\000\051}{section.3.2}% 34
\BOOKMARK [2][-]{subsection.3.2.3}{\376\377\126\376\137\142\177\216\123\026\377\032\230\234\202\162\060\001\150\007\173\176\116\016\116\073\230\230}{section.3.2}% 35
\BOOKMARK [2][-]{subsection.3.2.4}{\376\377\122\006\227\142\000\040\000\050\000F\000a\000c\000e\000t\000i\000n\000g\000\051}{section.3.2}% 36
\BOOKMARK [2][-]{subsection.3.2.5}{\376\377\136\070\165\050\131\026\211\302\214\003\145\164\121\375\145\160\133\371\161\147\210\150}{section.3.2}% 37
\BOOKMARK [1][-]{section.3.3}{\376\377\176\337\213\241\150\300\232\214\127\372\170\100}{chapter.3}% 38
\BOOKMARK [2][-]{subsection.3.3.1}{\376\377\127\107\120\074\153\324\217\203\000\040\000\050\000T\000-\000T\000e\000s\000t\000\040\000\046\000\040\000A\000N\000O\000V\000A\000\051}{section.3.3}% 39
\BOOKMARK [2][-]{subsection.3.3.2}{\376\377\166\370\121\163\140\047\116\016\126\336\137\122\122\006\147\220}{section.3.3}% 40
\BOOKMARK [2][-]{subsection.3.3.3}{\376\377\136\070\165\050\176\337\213\241\121\375\145\160\220\037\147\345\210\150}{section.3.3}% 41
