\BOOKMARK [0][-]{chapter.1}{\376\377\176\352\213\272}{}% 1
\BOOKMARK [1][-]{section.1.1}{\376\377\173\046\123\367\213\364\146\016}{chapter.1}% 2
\BOOKMARK [0][-]{chapter.2}{\376\377\147\120\145\231\122\233\133\146\166\204\116\000\116\233\127\372\147\054}{}% 3
\BOOKMARK [1][-]{section.2.1}{\376\377\127\372\147\054\116\373\122\241}{chapter.2}% 4
\BOOKMARK [1][-]{section.2.2}{\376\377\127\372\147\054\120\107\213\276}{chapter.2}% 5
\BOOKMARK [1][-]{section.2.3}{\376\377\127\372\147\054\123\330\137\142\137\142\137\017}{chapter.2}% 6
\BOOKMARK [1][-]{section.2.4}{\376\377\127\372\147\054\170\024\172\166\133\371\214\141}{chapter.2}% 7
\BOOKMARK [1][-]{section.2.5}{\376\377\127\372\147\054\151\202\137\365}{chapter.2}% 8
\BOOKMARK [2][-]{subsection.2.5.1}{\376\377\121\205\122\233}{section.2.5}% 9
\BOOKMARK [2][-]{subsection.2.5.2}{\376\377\136\224\122\233}{section.2.5}% 10
\BOOKMARK [2][-]{subsection.2.5.3}{\376\377\136\224\123\330}{section.2.5}% 11
\BOOKMARK [0][-]{chapter.3}{\376\377\217\164\124\021\142\311\117\070\116\016\123\213\177\051}{}% 12
\BOOKMARK [1][-]{section.3.1}{\376\377\145\234\142\052\227\142\116\012\166\204\136\224\122\233}{chapter.3}% 13
\BOOKMARK [1][-]{section.3.2}{\376\377\147\120\145\231\142\311\117\070\145\366\166\204\122\233\133\146\140\047\200\375}{chapter.3}% 14
\BOOKMARK [2][-]{subsection.3.2.1}{\376\377\130\121\140\047\147\120\145\231\142\311\117\070\145\366\166\204\122\233\133\146\140\047\200\375}{section.3.2}% 15
\BOOKMARK [2][-]{subsection.3.2.2}{\376\377\201\006\140\047\147\120\145\231\142\311\117\070\145\366\166\204\122\233\133\146\140\047\200\375}{section.3.2}% 16
\BOOKMARK [1][-]{section.3.3}{\376\377\147\120\145\231\123\213\177\051\145\366\166\204\122\233\133\146\140\047\200\375}{chapter.3}% 17
\BOOKMARK [1][-]{section.3.4}{\376\377\142\311\123\213\147\106\166\204\137\072\136\246\147\141\116\366}{chapter.3}% 18
\BOOKMARK [2][-]{subsection.3.4.1}{\376\377\213\270\165\050\136\224\122\233}{section.3.4}% 19
\BOOKMARK [2][-]{subsection.3.4.2}{\376\377\137\072\136\246\147\141\116\366}{section.3.4}% 20
\BOOKMARK [1][-]{section.3.5}{\376\377\142\311\123\213\147\106\166\204\123\330\137\142}{chapter.3}% 21
\BOOKMARK [2][-]{subsection.3.5.1}{\376\377\217\164\124\021\123\330\137\142}{section.3.5}% 22
\BOOKMARK [2][-]{subsection.3.5.2}{\376\377\152\052\124\021\123\330\137\142}{section.3.5}% 23
\BOOKMARK [1][-]{section.3.6}{\376\377\142\311\060\001\123\213\215\205\227\131\133\232\225\356\230\230}{chapter.3}% 24
\BOOKMARK [1][-]{section.3.7}{\376\377\142\311\123\213\145\366\166\204\136\224\123\330\200\375}{chapter.3}% 25
\BOOKMARK [1][-]{section.3.8}{\376\377\136\224\122\233\226\306\116\055}{chapter.3}% 26
\BOOKMARK [0][-]{chapter.4}{\376\377\122\152\122\007}{}% 27
\BOOKMARK [1][-]{section.4.1}{\376\377\123\327\122\233\116\016\123\330\137\142\162\171\160\271}{chapter.4}% 28
\BOOKMARK [2][-]{subsection.4.1.1}{\376\377\123\327\122\233\162\171\160\271}{section.4.1}% 29
\BOOKMARK [1][-]{section.4.2}{\376\377\122\152\122\007\166\204\133\236\165\050\213\241\173\227}{chapter.4}% 30
\BOOKMARK [2][-]{subsection.4.2.1}{\376\377\121\205\122\233\122\006\147\220}{section.4.2}% 31
\BOOKMARK [2][-]{subsection.4.2.2}{\376\377\122\007\136\224\122\233\213\241\173\227}{section.4.2}% 32
\BOOKMARK [2][-]{subsection.4.2.3}{\376\377\122\007\136\224\122\233\137\072\136\246\147\141\116\366}{section.4.2}% 33
\BOOKMARK [1][-]{section.4.3}{\376\377\143\044\123\213\166\204\133\236\165\050\213\241\173\227}{chapter.4}% 34
\BOOKMARK [2][-]{subsection.4.3.1}{\376\377\143\044\123\213\136\224\122\233\121\154\137\017}{section.4.3}% 35
\BOOKMARK [2][-]{subsection.4.3.2}{\376\377\143\044\123\213\227\142\171\357\166\204\170\156\133\232}{section.4.3}% 36
\BOOKMARK [0][-]{chapter.5}{\376\377\142\155\217\154\000\040\000\050\000T\000o\000r\000s\000i\000o\000n\000\051}{}% 37
\BOOKMARK [1][-]{section.5.1}{\376\377\123\327\122\233\116\016\123\330\137\142\162\171\160\271}{chapter.5}% 38
\BOOKMARK [2][-]{subsection.5.1.1}{\376\377\123\327\122\233\162\171\160\271}{section.5.1}% 39
\BOOKMARK [2][-]{subsection.5.1.2}{\376\377\123\330\137\142\162\171\160\271}{section.5.1}% 40
\BOOKMARK [1][-]{section.5.2}{\376\377\131\026\122\233\120\166\167\351\166\204\213\241\173\227}{chapter.5}% 41
\BOOKMARK [2][-]{subsection.5.2.1}{\376\377\166\364\143\245\213\241\173\227}{section.5.2}% 42
\BOOKMARK [2][-]{subsection.5.2.2}{\376\377\143\011\217\223\121\145\122\237\163\207\124\214\217\154\220\037\213\241\173\227}{section.5.2}% 43
\BOOKMARK [1][-]{section.5.3}{\376\377\127\006\217\164\142\155\217\154\145\366\166\204\136\224\122\233\116\016\137\072\136\246\122\006\147\220}{chapter.5}% 44
\BOOKMARK [2][-]{subsection.5.3.1}{\376\377\176\257\122\152\122\007\116\016\205\204\130\301\127\006\173\122}{section.5.3}% 45
\BOOKMARK [1][-]{section.5.4}{\376\377\122\007\136\224\122\233\116\222\173\111\133\232\164\006\000\040}{chapter.5}% 46
\BOOKMARK [2][-]{subsection.5.4.1}{\376\377\122\233\133\146\147\054\215\050}{section.5.4}% 47
\BOOKMARK [2][-]{subsection.5.4.2}{\376\377\176\257\122\152\122\007\162\266\140\001}{section.5.4}% 48
\BOOKMARK [2][-]{subsection.5.4.3}{\376\377\122\152\122\007\206\116\121\113\133\232\137\213}{section.5.4}% 49
\BOOKMARK [2][-]{subsection.5.4.4}{\376\377\127\006\217\164\142\155\217\154\136\224\122\233\121\154\137\017\143\250\133\374}{section.5.4}% 50
\BOOKMARK [2][-]{subsection.5.4.5}{\376\377\136\224\122\233\121\154\137\017}{section.5.4}% 51
\BOOKMARK [2][-]{subsection.5.4.6}{\376\377\142\052\227\142\121\340\117\125\123\302\145\160}{section.5.4}% 52
\BOOKMARK [1][-]{section.5.5}{\376\377\127\006\217\164\142\155\217\154\123\330\137\142\116\016\122\032\136\246\213\241\173\227}{chapter.5}% 53
\BOOKMARK [2][-]{subsection.5.5.1}{\376\377\123\330\137\142\121\154\137\017}{section.5.5}% 54
\BOOKMARK [2][-]{subsection.5.5.2}{\376\377\137\072\136\246\147\141\116\366\116\016\122\032\136\246\147\141\116\366}{section.5.5}% 55
\BOOKMARK [0][-]{chapter.6}{\376\377\137\057\146\362\121\205\122\233}{}% 56
\BOOKMARK [1][-]{section.6.1}{\376\377\137\057\146\362\166\204\151\202\137\365}{chapter.6}% 57
\BOOKMARK [1][-]{section.6.2}{\376\377\123\327\137\057\147\106\116\366\166\204\173\200\123\026}{chapter.6}% 58
\BOOKMARK [2][-]{subsection.6.2.1}{\376\377\145\057\136\247\166\204\121\340\171\315\127\372\147\054\137\142\137\017}{section.6.2}% 59
\BOOKMARK [1][-]{section.6.3}{\376\377\136\163\227\142\122\032\147\266\124\214\146\362\147\106\166\204\137\057\146\362\121\205\122\233}{chapter.6}% 60
\BOOKMARK [0][-]{chapter.7}{\376\377\137\057\146\362\136\224\122\233}{}% 61
\BOOKMARK [1][-]{section.7.1}{\376\377\176\257\137\057\146\362\116\016\152\052\122\233\137\057\146\362}{chapter.7}% 62
\BOOKMARK [1][-]{section.7.2}{\376\377\176\257\137\057\146\362\153\143\136\224\122\233\121\154\137\017}{chapter.7}% 63
\BOOKMARK [2][-]{subsection.7.2.1}{\376\377\123\330\137\142\121\340\117\125\121\163\174\373}{section.7.2}% 64
\BOOKMARK [2][-]{subsection.7.2.2}{\376\377\162\151\164\006\121\163\174\373\377\010\200\341\121\113\133\232\137\213\377\011}{section.7.2}% 65
\BOOKMARK [2][-]{subsection.7.2.3}{\376\377\227\131\122\233\121\163\174\373}{section.7.2}% 66
\BOOKMARK [2][-]{subsection.7.2.4}{\376\377\136\070\165\050\142\052\227\142\166\204\140\357\140\047\167\351\116\016\142\227\137\057\174\373\145\160}{section.7.2}% 67
\BOOKMARK [1][-]{section.7.3}{\376\377\152\052\122\233\137\057\146\362\166\204\153\143\136\224\122\233}{chapter.7}% 68
\BOOKMARK [1][-]{section.7.4}{\376\377\137\057\146\362\122\152\136\224\122\233}{chapter.7}% 69
\BOOKMARK [2][-]{subsection.7.4.1}{\376\377\167\351\137\142\142\052\227\142\150\201\166\204\122\152\136\224\122\233}{section.7.4}% 70
\BOOKMARK [2][-]{subsection.7.4.2}{\376\377\121\166\116\326\136\070\165\050\142\052\227\142\166\204\122\152\136\224\122\233}{section.7.4}% 71
\BOOKMARK [1][-]{section.7.5}{\376\377\137\057\146\362\137\072\136\246\147\141\116\366}{chapter.7}% 72
\BOOKMARK [2][-]{subsection.7.5.1}{\376\377\153\143\136\224\122\233\137\072\136\246\147\141\116\366}{section.7.5}% 73
\BOOKMARK [2][-]{subsection.7.5.2}{\376\377\122\152\136\224\122\233\137\072\136\246\147\141\116\366}{section.7.5}% 74
\BOOKMARK [2][-]{subsection.7.5.3}{\376\377\137\072\136\246\150\041\150\070\166\204\116\011\174\173\225\356\230\230}{section.7.5}% 75
\BOOKMARK [1][-]{section.7.6}{\376\377\143\320\232\330\137\057\146\362\137\072\136\246\166\204\143\252\145\275}{chapter.7}% 76
\BOOKMARK [0][-]{chapter.8}{\376\377\137\057\146\362\123\330\137\142}{}% 77
\BOOKMARK [1][-]{section.8.1}{\376\377\127\372\147\054\151\202\137\365\116\016\127\372\147\054\120\107\213\276}{chapter.8}% 78
\BOOKMARK [1][-]{section.8.2}{\376\377\143\040\146\362\176\277\217\321\117\074\137\256\122\006\145\271\172\013}{chapter.8}% 79
\BOOKMARK [1][-]{section.8.3}{\376\377\171\357\122\006\154\325\154\102\137\057\146\362\123\330\137\142}{chapter.8}% 80
\BOOKMARK [2][-]{subsection.8.3.1}{\376\377\217\271\165\114\147\141\116\366\116\016\217\336\176\355\147\141\116\366}{section.8.3}% 81
\BOOKMARK [2][-]{subsection.8.3.2}{\376\377\171\357\122\006\154\325\153\145\232\244}{section.8.3}% 82
\BOOKMARK [1][-]{section.8.4}{\376\377\123\340\122\240\154\325\154\102\137\057\146\362\123\330\137\142}{chapter.8}% 83
\BOOKMARK [2][-]{subsection.8.4.1}{\376\377\136\070\165\050\123\340\122\240\176\323\147\234\377\010\173\200\145\057\150\201\060\001\140\254\201\302\150\201\377\011}{section.8.4}% 84
\BOOKMARK [1][-]{section.8.5}{\376\377\173\200\123\125\215\205\227\131\133\232\150\201}{chapter.8}% 85
\BOOKMARK [2][-]{subsection.8.5.1}{\376\377\154\102\211\343\140\035\215\357\377\010\123\330\137\142\153\324\217\203\154\325\377\011}{section.8.5}% 86
\BOOKMARK [2][-]{subsection.8.5.2}{\376\377\136\070\211\301\215\205\227\131\133\232\150\201\171\072\117\213}{section.8.5}% 87
\BOOKMARK [0][-]{chapter.9}{\376\377\136\224\122\233\162\266\140\001\122\006\147\220\124\214\137\072\136\246\164\006\213\272}{}% 88
\BOOKMARK [1][-]{section.9.1}{\376\377\170\024\172\166\136\224\122\233\162\266\140\001\166\204\145\271\154\325\040\024\040\024\123\125\121\103\117\123\154\325}{chapter.9}% 89
\BOOKMARK [2][-]{subsection.9.1.1}{\376\377\123\125\121\103\117\123\166\204\151\202\137\365}{section.9.1}% 90
\BOOKMARK [2][-]{subsection.9.1.2}{\376\377\136\224\122\233\166\204\173\046\123\367\211\304\133\232}{section.9.1}% 91
\BOOKMARK [1][-]{section.9.2}{\376\377\211\343\147\220\154\325\154\102\211\343\116\214\124\021\136\224\122\233\162\266\140\001}{chapter.9}% 92
\BOOKMARK [2][-]{subsection.9.2.1}{\376\377\116\373\141\017\145\234\142\052\227\142\116\012\166\204\136\224\122\233\143\250\133\374}{section.9.2}% 93
\BOOKMARK [2][-]{subsection.9.2.2}{\376\377\116\073\136\224\122\233\116\016\116\073\136\163\227\142}{section.9.2}% 94
\BOOKMARK [2][-]{subsection.9.2.3}{\376\377\147\000\131\047\122\007\136\224\122\233}{section.9.2}% 95
\BOOKMARK [2][-]{subsection.9.2.4}{\376\377\136\163\227\142\136\224\122\233\162\266\140\001\166\204\153\143\136\224\122\233\116\015\123\330\221\317}{section.9.2}% 96
\BOOKMARK [1][-]{section.9.3}{\376\377\136\224\122\233\127\006\377\010\203\253\134\024\127\006\377\011\154\325}{chapter.9}% 97
\BOOKMARK [1][-]{section.9.4}{\376\377\137\072\136\246\164\006\213\272\000\040\000\050\000S\000t\000r\000e\000n\000g\000t\000h\000\040\000T\000h\000e\000o\000r\000i\000e\000s\000\051}{chapter.9}% 98
\BOOKMARK [2][-]{subsection.9.4.1}{\376\377\170\064\127\117\121\306\122\031\151\202\217\360}{section.9.4}% 99
\BOOKMARK [0][-]{chapter.10}{\376\377\176\304\124\010\123\330\137\142}{}% 100
\BOOKMARK [1][-]{section.10.1}{\376\377\151\202\217\360}{chapter.10}% 101
\BOOKMARK [1][-]{section.10.2}{\376\377\145\234\137\057\146\362\377\010\123\314\124\021\137\057\146\362\377\011}{chapter.10}% 102
\BOOKMARK [2][-]{subsection.10.2.1}{\376\377\136\224\122\233\213\241\173\227}{section.10.2}% 103
\BOOKMARK [2][-]{subsection.10.2.2}{\376\377\116\055\140\047\217\164\117\115\177\156}{section.10.2}% 104
\BOOKMARK [2][-]{subsection.10.2.3}{\376\377\147\000\131\047\153\143\136\224\122\233}{section.10.2}% 105
\BOOKMARK [1][-]{section.10.3}{\376\377\142\311\117\070\377\010\123\213\177\051\377\011\116\016\137\057\146\362\166\204\176\304\124\010}{chapter.10}% 106
\BOOKMARK [2][-]{subsection.10.3.1}{\376\377\152\052\124\021\122\233\116\016\217\164\124\021\122\233\124\014\145\366\117\134\165\050}{section.10.3}% 107
\BOOKMARK [2][-]{subsection.10.3.2}{\376\377\120\117\137\303\142\311\117\070\377\010\123\213\177\051\377\011}{section.10.3}% 108
\BOOKMARK [2][-]{subsection.10.3.3}{\376\377\142\052\227\142\150\070\137\303}{section.10.3}% 109
\BOOKMARK [1][-]{section.10.4}{\376\377\137\057\146\362\116\016\142\155\217\154\166\204\176\304\124\010}{chapter.10}% 110
\BOOKMARK [2][-]{subsection.10.4.1}{\376\377\127\006\217\164\137\057\142\155\176\304\124\010}{section.10.4}% 111
\BOOKMARK [2][-]{subsection.10.4.2}{\376\377\137\057\142\311\377\010\123\213\377\011\142\155\176\304\124\010}{section.10.4}% 112
\BOOKMARK [1][-]{section.10.5}{\376\377\176\304\124\010\123\330\137\142\166\204\116\000\202\054\153\145\232\244}{chapter.10}% 113
\BOOKMARK [0][-]{chapter.11}{\376\377\123\213\147\106\172\063\133\232\140\047}{}% 114
\BOOKMARK [1][-]{section.11.1}{\376\377\123\213\147\106\172\063\133\232\166\204\127\372\147\054\151\202\137\365}{chapter.11}% 115
\BOOKMARK [1][-]{section.11.2}{\376\377\176\306\225\177\123\213\147\106\166\204\116\064\165\114\123\213\122\233\040\024\040\024\153\047\142\311\121\154\137\017}{chapter.11}% 116
\BOOKMARK [1][-]{section.11.3}{\376\377\116\015\124\014\176\246\147\137\147\141\116\366\116\013\166\204\153\047\142\311\121\154\137\017}{chapter.11}% 117
\BOOKMARK [1][-]{section.11.4}{\376\377\153\047\142\311\121\154\137\017\166\204\220\002\165\050\203\003\126\364}{chapter.11}% 118
\BOOKMARK [1][-]{section.11.5}{\376\377\116\055\060\001\134\017\147\324\136\246\147\106\166\204\176\317\232\214\121\154\137\017}{chapter.11}% 119
\BOOKMARK [1][-]{section.11.6}{\376\377\123\213\147\106\166\204\172\063\133\232\150\041\150\070}{chapter.11}% 120
\BOOKMARK [0][-]{chapter.12}{\376\377\200\375\221\317\154\325}{}% 121
\BOOKMARK [1][-]{section.12.1}{\376\377\136\224\123\330\200\375\166\204\213\241\173\227}{chapter.12}% 122
\BOOKMARK [2][-]{subsection.12.1.1}{\376\377\131\026\122\233\122\237\116\016\136\224\123\330\200\375}{section.12.1}% 123
\BOOKMARK [2][-]{subsection.12.1.2}{\376\377\121\113\142\311\153\324\226\206\133\232\164\006}{section.12.1}% 124
\BOOKMARK [1][-]{section.12.2}{\376\377\123\141\154\017\133\232\164\006}{chapter.12}% 125
\BOOKMARK [1][-]{section.12.3}{\376\377\203\253\134\024\133\232\164\006\377\010\123\125\117\115\217\175\203\167\154\325\377\011}{chapter.12}% 126
\BOOKMARK [1][-]{section.12.4}{\376\377\126\376\116\130\154\325}{chapter.12}% 127
\BOOKMARK [1][-]{section.12.5}{\376\377\116\222\173\111\133\232\164\006}{chapter.12}% 128
\BOOKMARK [2][-]{subsection.12.5.1}{\376\377\122\237\166\204\116\222\173\111\133\232\164\006\377\010\215\035\204\202\000-\164\136\122\051\116\222\173\111\133\232\164\006\377\011}{section.12.5}% 129
\BOOKMARK [2][-]{subsection.12.5.2}{\376\377\117\115\171\373\116\222\173\111\133\232\164\006\377\010\236\246\121\113\145\257\227\346\116\222\173\111\133\232\164\006\377\011}{section.12.5}% 130
\BOOKMARK [0][-]{chapter.13}{\376\377\227\131\116\015\133\232\225\356\230\230}{}% 131
\BOOKMARK [1][-]{section.13.1}{\376\377\127\372\147\054\151\202\137\365}{chapter.13}% 132
\BOOKMARK [1][-]{section.13.2}{\376\377\122\233\154\325\377\010\123\330\137\142\153\324\217\203\154\325\377\011}{chapter.13}% 133
\BOOKMARK [2][-]{subsection.13.2.1}{\376\377\127\372\147\054\140\035\140\363}{section.13.2}% 134
\BOOKMARK [2][-]{subsection.13.2.2}{\376\377\122\233\154\325\154\102\211\343\166\204\116\000\202\054\153\145\232\244}{section.13.2}% 135
\BOOKMARK [2][-]{subsection.13.2.3}{\376\377\122\233\154\325\153\143\122\031\145\271\172\013}{section.13.2}% 136
\BOOKMARK [1][-]{section.13.3}{\376\377\133\371\171\360\140\047\127\050\227\131\116\015\133\232\225\356\230\230\116\055\166\204\136\224\165\050}{chapter.13}% 137
\BOOKMARK [2][-]{subsection.13.3.1}{\376\377\133\371\171\360\176\323\147\204}{section.13.3}% 138
\BOOKMARK [2][-]{subsection.13.3.2}{\376\377\217\175\203\167\166\204\122\006\174\173}{section.13.3}% 139
\BOOKMARK [2][-]{subsection.13.3.3}{\376\377\133\371\171\360\140\047\173\200\123\026\211\304\122\031}{section.13.3}% 140
\BOOKMARK [2][-]{subsection.13.3.4}{\376\377\133\371\171\360\140\047\116\016\122\233\154\325\166\204\176\323\124\010}{section.13.3}% 141
\BOOKMARK [0][-]{appendix.A}{\376\377\210\145\121\105\147\120\145\231}{}% 142
