\BOOKMARK [0][-]{chapter.1}{\376\377\131\032\122\032\117\123\174\373\176\337\217\320\122\250\133\146\145\271\172\013\220\022\143\250\137\142\137\017}{}% 1
\BOOKMARK [1][-]{section.1.1}{\376\377\131\032\122\032\117\123\174\373\176\337\150\021\137\142\142\323\142\121\143\317\217\360}{chapter.1}% 2
\BOOKMARK [2][-]{subsection.1.1.1}{\376\377\122\250\122\233\133\146\152\041\127\213\142\323\142\121\126\376}{section.1.1}% 3
\BOOKMARK [2][-]{subsection.1.1.2}{\376\377\155\076\165\037\150\021\142\323\142\121\143\317\217\360\116\016\121\103\116\366\150\007\123\367}{section.1.1}% 4
\BOOKMARK [2][-]{subsection.1.1.3}{\376\377\174\373\176\337\136\177\116\111\127\120\150\007\116\016\176\246\147\137\145\271\172\013}{section.1.1}% 5
\BOOKMARK [1][-]{section.1.2}{\376\377\166\370\220\273\117\123\121\103\116\366\217\320\122\250\133\146\221\317\220\022\143\250\121\163\174\373}{chapter.1}% 6
\BOOKMARK [2][-]{subsection.1.2.1}{\376\377\117\115\177\156\176\247\220\022\143\250\121\163\174\373}{section.1.2}% 7
\BOOKMARK [2][-]{subsection.1.2.2}{\376\377\220\037\136\246\176\247\220\022\143\250\121\163\174\373}{section.1.2}% 8
\BOOKMARK [2][-]{subsection.1.2.3}{\376\377\122\240\220\037\136\246\220\022\143\250\121\163\174\373}{section.1.2}% 9
\BOOKMARK [2][-]{subsection.1.2.4}{\376\377\116\016\122\032\117\123\126\372\217\336\166\204\160\271\166\204\176\335\133\371\217\320\122\250}{section.1.2}% 10
\BOOKMARK [1][-]{section.1.3}{\376\377\116\073\224\360\121\103\116\366\166\370\133\371\217\320\122\250\133\146\145\271\172\013}{chapter.1}% 11
\BOOKMARK [2][-]{subsection.1.3.1}{\376\377\206\132\142\337\224\360\121\103\116\366\377\010\0006\201\352\165\061\136\246\377\011}{section.1.3}% 12
\BOOKMARK [2][-]{subsection.1.3.2}{\376\377\217\154\122\250\224\360\121\103\116\366\377\010\0001\201\352\165\061\136\246\377\011}{section.1.3}% 13
\BOOKMARK [2][-]{subsection.1.3.3}{\376\377\150\361\147\361\224\360\121\103\116\366\377\010\0001\201\352\165\061\136\246\377\011}{section.1.3}% 14
\BOOKMARK [2][-]{subsection.1.3.4}{\376\377\126\372\176\323\224\360\121\103\116\366\377\010\0000\201\352\165\061\136\246\377\011}{section.1.3}% 15
\BOOKMARK [2][-]{subsection.1.3.5}{\376\377\164\003\224\360\121\103\116\366\377\010\0003\201\352\165\061\136\246\377\011}{section.1.3}% 16
\BOOKMARK [2][-]{subsection.1.3.6}{\376\377\116\007\124\021\202\202\377\010\0002\201\352\165\061\136\246\377\011}{section.1.3}% 17
\BOOKMARK [1][-]{section.1.4}{\376\377\117\123\121\103\116\366\220\037\136\246\121\163\116\216\174\373\176\337\136\177\116\111\220\037\136\246\166\204\176\277\140\047\210\150\217\276\137\017}{chapter.1}% 18
\BOOKMARK [1][-]{section.1.5}{\376\377\225\355\163\257\122\007\145\255\224\360\121\103\116\366\166\370\133\371\217\320\122\250\133\146\221\317\166\204\213\241\173\227}{chapter.1}% 19
\BOOKMARK [2][-]{subsection.1.5.1}{\376\377\217\154\122\250\224\360}{section.1.5}% 20
\BOOKMARK [1][-]{section.1.6}{\376\377\225\355\163\257\122\007\145\255\224\360\121\103\116\366\176\246\147\137\145\271\172\013}{chapter.1}% 21
\BOOKMARK [1][-]{section.1.7}{\376\377\220\037\136\246\176\247\176\246\147\137\145\271\172\013\121\163\116\216\174\373\176\337\136\177\116\111\220\037\136\246\166\204\176\277\140\047\210\150\217\276\137\017}{chapter.1}% 22
\BOOKMARK [1][-]{section.1.8}{\376\377\225\355\163\257\217\335\176\246\117\356\153\143}{chapter.1}% 23
\BOOKMARK [0][-]{chapter.2}{\376\377\131\032\122\032\117\123\174\373\176\337\142\311\150\074\147\027\145\345\145\271\172\013\220\022\143\250\137\142\137\017}{}% 24
\BOOKMARK [1][-]{section.2.1}{\376\377\174\373\176\337\217\320\122\250\137\256\122\006\145\271\172\013\040\024\137\256\122\006\116\343\145\160\155\367\124\010\145\271\172\013}{chapter.2}% 25
\BOOKMARK [1][-]{section.2.2}{\376\377\174\373\176\337\136\177\116\111\215\050\221\317\167\351\226\065\166\204\220\022\143\250\147\204\220\040}{chapter.2}% 26
\BOOKMARK [1][-]{section.2.3}{\376\377\174\373\176\337\136\177\116\111\215\050\221\317\167\351\226\065\133\371\145\366\225\364\166\204\116\000\226\066\133\374\145\160}{chapter.2}% 27
\BOOKMARK [1][-]{section.2.4}{\376\377\174\373\176\337\122\250\200\375\133\371\136\177\116\111\127\120\150\007\166\204\120\117\133\374\145\160}{chapter.2}% 28
\BOOKMARK [1][-]{section.2.5}{\376\377\122\240\220\037\136\246\176\246\147\137\145\271\172\013}{chapter.2}% 29
\BOOKMARK [1][-]{section.2.6}{\376\377\116\016\227\136\122\007\145\255\224\360\121\103\116\366\176\321\133\232\166\204\137\071\140\047\226\073\134\074\122\233\116\016\143\247\122\066\122\233}{chapter.2}% 30
\BOOKMARK [1][-]{section.2.7}{\376\377\121\166\133\203\174\373\176\337\136\177\116\111\122\233\040\024\173\111\145\110\117\123\121\103\116\366\122\233\166\204\136\177\116\111\122\233\217\154\123\026}{chapter.2}% 31
\BOOKMARK [1][-]{section.2.8}{\376\377\122\250\122\233\133\146\137\256\122\006\116\343\145\160\166\204\176\246\123\026}{chapter.2}% 32
\BOOKMARK [0][-]{chapter.3}{\376\377\131\032\122\032\117\123\174\373\176\337\122\250\122\233\133\146\133\214\121\150\220\022\143\250\173\227\154\325}{}% 33
\BOOKMARK [0][-]{appendix.A}{\376\377\226\104\137\125}{}% 34
\BOOKMARK [1][-]{section.A.1}{\376\377\217\320\122\250\133\146\145\271\172\013\213\301\146\016\213\346\137\125}{appendix.A}% 35
\BOOKMARK [2][-]{subsection.A.1.1}{\376\377\220\037\136\246\220\022\143\250\166\204\133\214\145\164\116\343\145\160\143\250\133\374}{section.A.1}% 36
\BOOKMARK [2][-]{subsection.A.1.2}{\376\377\162\165\217\336\220\037\136\246\167\351\226\065\166\204\117\040\220\022\140\122\173\111\137\017}{section.A.1}% 37
\BOOKMARK [1][-]{section.A.2}{\376\377\174\373\176\337\147\072\150\260\200\375}{appendix.A}% 38
\BOOKMARK [2][-]{subsection.A.2.1}{\376\377\174\373\176\337\122\250\200\375}{section.A.2}% 39
\BOOKMARK [2][-]{subsection.A.2.2}{\376\377\174\373\176\337\221\315\122\233\122\277\200\375}{section.A.2}% 40
\BOOKMARK [2][-]{subsection.A.2.3}{\376\377\224\360\137\071\140\047\122\277\200\375}{section.A.2}% 41
\BOOKMARK [1][-]{section.A.3}{\376\377\143\245\211\346\152\041\127\213}{appendix.A}% 42
\BOOKMARK [2][-]{subsection.A.3.1}{\376\377\164\003\116\016\145\340\226\120\131\047\136\163\227\142\143\245\211\346}{section.A.3}% 43
\BOOKMARK [2][-]{subsection.A.3.2}{\376\377\154\325\124\021\143\245\211\346\122\233\040\024\137\071\174\047\226\073\134\074\152\041\127\213}{section.A.3}% 44
\BOOKMARK [2][-]{subsection.A.3.3}{\376\377\122\007\124\021\144\151\144\346\122\233\040\024\153\143\122\031\123\026\136\223\117\046\144\151\144\346}{section.A.3}% 45
\BOOKMARK [2][-]{subsection.A.3.4}{\376\377\000s\000t\000e\000p\0005\121\375\145\160}{section.A.3}% 46
