\BOOKMARK [0][-]{chapter.1}{\376\377\176\352\213\272}{}% 1
\BOOKMARK [0][-]{chapter.2}{\376\377\147\011\226\120\176\364\136\177\116\111\123\330\122\006\123\237\164\006}{}% 2
\BOOKMARK [1][-]{section.2.1}{\376\377\162\354\172\313\123\330\122\006\123\237\164\006}{chapter.2}% 3
\BOOKMARK [2][-]{subsection.2.1.1}{\376\377\127\372\170\100\151\202\137\365}{section.2.1}% 4
\BOOKMARK [2][-]{subsection.2.1.2}{\376\377\162\354\172\313\123\330\122\006\123\237\164\006}{section.2.1}% 5
\BOOKMARK [1][-]{section.2.2}{\376\377\162\354\172\313\123\330\122\006\123\237\164\006\127\050\131\032\121\103\121\375\145\160\201\352\165\061\147\201\120\074\225\356\230\230\116\055\166\204\136\224\165\050}{chapter.2}% 6
\BOOKMARK [2][-]{subsection.2.2.1}{\376\377\131\032\121\103\121\375\145\160}{section.2.2}% 7
\BOOKMARK [2][-]{subsection.2.2.2}{\376\377\131\032\121\103\121\375\145\160\166\204\201\352\165\061\147\201\120\074}{section.2.2}% 8
\BOOKMARK [2][-]{subsection.2.2.3}{\376\377\131\032\121\103\121\375\145\160\166\204\154\360\122\322\134\125\137\000\137\017}{section.2.2}% 9
\BOOKMARK [2][-]{subsection.2.2.4}{\376\377\131\032\121\103\121\375\145\160\166\204\232\173\160\271}{section.2.2}% 10
\BOOKMARK [2][-]{subsection.2.2.5}{\376\377\131\032\121\103\121\375\145\160\166\204\232\173\160\271\116\072\147\201\120\074\160\271\166\204\121\105\211\201\147\141\116\366}{section.2.2}% 11
\BOOKMARK [1][-]{section.2.3}{\376\377\227\136\162\354\172\313\123\330\122\006\123\237\164\006}{chapter.2}% 12
\BOOKMARK [2][-]{subsection.2.3.1}{\376\377\116\015\124\053\121\227\117\131\176\246\147\137\166\204\147\011\226\120\176\364\227\136\162\354\172\313\123\330\122\006}{section.2.3}% 13
\BOOKMARK [2][-]{subsection.2.3.2}{\376\377\124\053\121\227\117\131\176\246\147\137\166\204\147\011\226\120\176\364\227\136\162\354\172\313\123\330\122\006\123\237\164\006}{section.2.3}% 14
\BOOKMARK [1][-]{section.2.4}{\376\377\227\136\162\354\172\313\123\330\122\006\123\237\164\006\127\050\131\032\121\103\121\375\145\160\147\141\116\366\147\201\120\074\225\356\230\230\166\204\136\224\165\050}{chapter.2}% 15
\BOOKMARK [0][-]{chapter.3}{\376\377\131\032\117\123\174\373\176\337\142\311\150\074\147\027\145\345\145\271\172\013}{}% 16
\BOOKMARK [1][-]{section.3.1}{\376\377\131\032\117\123\174\373\176\337\136\177\116\111\127\120\150\007\116\016\136\177\116\111\220\037\136\246}{chapter.3}% 17
\BOOKMARK [2][-]{subsection.3.1.1}{\376\377\174\373\176\337\136\177\116\111\127\120\150\007}{section.3.1}% 18
\BOOKMARK [2][-]{subsection.3.1.2}{\376\377\174\373\176\337\136\177\116\111\220\037\136\246}{section.3.1}% 19
\BOOKMARK [1][-]{section.3.2}{\376\377\174\373\176\337\162\266\140\001\123\330\221\317\176\246\147\137\145\271\172\013}{chapter.3}% 20
\BOOKMARK [1][-]{section.3.3}{\376\377\133\214\145\164\174\373\176\337\166\204\206\132\117\115\171\373}{chapter.3}% 21
\BOOKMARK [2][-]{subsection.3.3.1}{\376\377\136\177\116\111\206\132\117\115\171\373}{section.3.3}% 22
\BOOKMARK [2][-]{subsection.3.3.2}{\376\377\136\177\116\111\206\132\117\115\171\373\176\246\147\137\145\271\172\013}{section.3.3}% 23
\BOOKMARK [2][-]{subsection.3.3.3}{\376\377\215\050\160\271\166\204\206\132\117\115\171\373}{section.3.3}% 24
\BOOKMARK [1][-]{section.3.4}{\376\377\206\132\122\237\123\237\164\006\116\016\133\214\145\164\174\373\176\337\142\311\150\074\147\027\145\345\145\271\172\013}{chapter.3}% 25
\BOOKMARK [2][-]{subsection.3.4.1}{\376\377\215\050\160\271\166\204\217\320\122\250\137\256\122\006\145\271\172\013}{section.3.4}% 26
\BOOKMARK [2][-]{subsection.3.4.2}{\376\377\215\050\160\271\116\016\215\050\160\271\174\373\166\204\206\132\122\237\145\271\172\013}{section.3.4}% 27
\BOOKMARK [2][-]{subsection.3.4.3}{\376\377\174\373\176\337\206\132\122\237\145\271\172\013\166\204\123\026\173\200}{section.3.4}% 28
\BOOKMARK [2][-]{subsection.3.4.4}{\376\377\174\373\176\337\227\136\140\357\140\047\122\233\166\204\206\132\122\237}{section.3.4}% 29
\BOOKMARK [2][-]{subsection.3.4.5}{\376\377\142\311\150\074\147\027\145\345\145\271\172\013}{section.3.4}% 30
\BOOKMARK [1][-]{section.3.5}{\376\377\147\011\122\277\122\233\123\312\121\166\136\177\116\111\122\233}{chapter.3}% 31
\BOOKMARK [2][-]{subsection.3.5.1}{\376\377\147\011\122\277\122\233}{section.3.5}% 32
\BOOKMARK [2][-]{subsection.3.5.2}{\376\377\122\277\200\375\116\016\147\011\122\277\166\204\121\163\174\373}{section.3.5}% 33
\BOOKMARK [1][-]{section.3.6}{\376\377\173\054\116\214\174\173\142\311\150\074\147\027\145\345\145\271\172\013}{chapter.3}% 34
\BOOKMARK [2][-]{subsection.3.6.1}{\376\377\173\054\116\214\174\173\142\311\150\074\147\027\145\345\145\271\172\013}{section.3.6}% 35
\BOOKMARK [1][-]{section.3.7}{\376\377\117\335\133\210\174\373\176\337\147\072\150\260\200\375\133\210\140\122}{chapter.3}% 36
\BOOKMARK [2][-]{subsection.3.7.1}{\376\377\174\373\176\337\136\177\116\111\200\375\221\317}{section.3.7}% 37
\BOOKMARK [2][-]{subsection.3.7.2}{\376\377\174\373\176\337\122\250\200\375\121\163\116\216\174\373\176\337\136\177\116\111\220\037\136\246\166\204\116\214\153\041\127\213\137\142\137\017}{section.3.7}% 38
\BOOKMARK [2][-]{subsection.3.7.3}{\376\377\117\335\133\210\174\373\176\337\147\072\150\260\200\375\133\210\140\122}{section.3.7}% 39
\BOOKMARK [0][-]{chapter.4}{\376\377\174\373\176\337\217\320\122\250\137\256\122\006\145\271\172\013\123\312\121\166\145\160\120\074\154\102\211\343}{}% 40
\BOOKMARK [1][-]{section.4.1}{\376\377\174\373\176\337\122\250\122\233\133\146\137\256\122\006\116\343\145\160\145\271\172\013}{chapter.4}% 41
\BOOKMARK [1][-]{section.4.2}{\376\377\174\373\176\337\122\250\122\233\133\146\145\271\172\013\145\160\120\074\154\102\211\343}{chapter.4}% 42
\BOOKMARK [2][-]{subsection.4.2.1}{\376\377\136\070\137\256\122\006\145\271\172\013\145\160\120\074\154\102\211\343\166\204\213\241\173\227\174\276\136\246\116\016\172\063\133\232\140\047}{section.4.2}% 43
\BOOKMARK [2][-]{subsection.4.2.2}{\376\377\136\070\137\256\122\006\145\271\172\013\145\160\120\074\154\102\211\343\166\204\213\241\173\227\174\276\136\246\116\016\172\063\133\232\140\047}{section.4.2}% 44
\BOOKMARK [2][-]{subsection.4.2.3}{\376\377\134\006\232\330\226\066\136\070\137\256\122\006\145\271\172\013\217\154\123\026\116\072\116\000\226\066\136\070\137\256\122\006\145\271\172\013\176\304}{section.4.2}% 45
\BOOKMARK [2][-]{subsection.4.2.4}{\376\377\116\000\226\066\136\070\137\256\122\006\145\271\172\013\176\304\122\035\120\074\225\356\230\230\166\204\116\000\202\054\137\142\137\017}{section.4.2}% 46
\BOOKMARK [2][-]{subsection.4.2.5}{\376\377\116\000\226\066\136\070\137\256\122\006\145\271\172\013\176\304\122\035\120\074\225\356\230\230\145\160\120\074\211\343\154\325\377\010\116\000\377\011}{section.4.2}% 47
\BOOKMARK [2][-]{subsection.4.2.6}{\376\377\116\000\226\066\136\070\137\256\122\006\145\271\172\013\176\304\122\035\120\074\225\356\230\230\145\160\120\074\211\343\154\325\377\010\116\214\377\011}{section.4.2}% 48
\BOOKMARK [2][-]{subsection.4.2.7}{\376\377\116\000\226\066\136\070\137\256\122\006\145\271\172\013\176\304\122\035\120\074\225\356\230\230\145\160\120\074\211\343\154\325\377\010\116\011\377\011}{section.4.2}% 49
\BOOKMARK [2][-]{subsection.4.2.8}{\376\377\137\256\122\006\116\343\145\160\145\271\172\013\122\035\120\074\225\356\230\230\145\160\120\074\154\102\211\343}{section.4.2}% 50
\BOOKMARK [2][-]{subsection.4.2.9}{\376\377\117\115\177\156\176\247\060\001\220\037\136\246\176\247\116\016\122\240\220\037\136\246\176\247\174\373\176\337\176\246\147\137\145\271\172\013}{section.4.2}% 51
\BOOKMARK [2][-]{subsection.4.2.10}{\376\377\174\373\176\337\122\250\122\233\133\146\145\271\172\013}{section.4.2}% 52
\BOOKMARK [2][-]{subsection.4.2.11}{\376\377\116\214\226\066\136\070\137\256\122\006\145\271\172\013\176\304\137\142\137\017\166\204\174\373\176\337\122\250\122\233\133\146\145\271\172\013}{section.4.2}% 53
\BOOKMARK [2][-]{subsection.4.2.12}{\376\377\116\000\226\066\136\070\137\256\122\006\145\271\172\013\176\304\137\142\137\017\166\204\174\373\176\337\122\250\122\233\133\146\145\271\172\013}{section.4.2}% 54
\BOOKMARK [2][-]{subsection.4.2.13}{\376\377\217\335\176\246\116\016\117\356\153\143}{section.4.2}% 55
\BOOKMARK [0][-]{chapter.5}{\376\377\173\033\123\141\134\024\137\040\221\317}{}% 56
\BOOKMARK [1][-]{section.5.1}{\376\377\127\120\150\007\174\373\060\001\127\120\150\007\217\164\116\012\166\204\123\125\117\115\167\342\221\317\116\016\167\342\221\317\127\372}{chapter.5}% 57
\BOOKMARK [2][-]{subsection.5.1.1}{\376\377\123\363\142\113\173\033\123\141\134\024\166\364\211\322\127\120\150\007\174\373\123\312\121\166\127\120\150\007\217\164\116\012\166\204\123\125\117\115\167\342\221\317}{section.5.1}% 58
\BOOKMARK [2][-]{subsection.5.1.2}{\376\377\123\363\142\113\173\033\123\141\134\024\166\364\211\322\127\120\150\007\174\373\167\342\221\317\127\372\123\312\121\166\217\320\173\227\154\325\122\031}{section.5.1}% 59
\BOOKMARK [1][-]{section.5.2}{\376\377\167\342\221\317\123\312\167\342\221\317\217\320\173\227\166\204\127\120\150\007\210\150\171\072}{chapter.5}% 60
\BOOKMARK [2][-]{subsection.5.2.1}{\376\377\167\342\221\317\166\204\127\120\150\007\210\150\171\072}{section.5.2}% 61
\BOOKMARK [2][-]{subsection.5.2.2}{\376\377\116\044\167\342\221\317\160\271\171\357\217\320\173\227\166\204\127\120\150\007\210\150\171\072}{section.5.2}% 62
\BOOKMARK [2][-]{subsection.5.2.3}{\376\377\116\044\167\342\221\317\123\311\171\357\217\320\173\227\166\204\127\120\150\007\210\150\171\072}{section.5.2}% 63
\BOOKMARK [2][-]{subsection.5.2.4}{\376\377\116\011\167\342\221\317\155\367\124\010\171\357\217\320\173\227\166\204\127\120\150\007\210\150\171\072}{section.5.2}% 64
\BOOKMARK [2][-]{subsection.5.2.5}{\376\377\116\011\167\342\221\317\123\311\171\357\217\320\173\227\166\204\127\120\150\007\210\150\171\072}{section.5.2}% 65
\BOOKMARK [0][-]{chapter.6}{\376\377\127\120\150\007\174\373\166\204\166\370\133\371\145\271\117\115}{}% 66
\BOOKMARK [1][-]{section.6.1}{\376\377\116\015\124\014\127\120\150\007\174\373\167\342\221\317\127\372\116\113\225\364\166\204\121\163\174\373\116\016\145\271\124\021\117\131\137\046\167\351\226\065}{chapter.6}% 67
\BOOKMARK [2][-]{subsection.6.1.1}{\376\377\145\271\124\021\117\131\137\046\167\351\226\065\166\204\140\047\215\050}{section.6.1}% 68
\BOOKMARK [1][-]{section.6.2}{\376\377\122\032\117\123\166\204\133\232\160\271\173\200\123\125\217\154\122\250}{chapter.6}% 69
\BOOKMARK [2][-]{subsection.6.2.1}{\376\377\122\032\117\123\166\204\133\232\160\271\173\200\123\125\217\154\122\250}{section.6.2}% 70
\BOOKMARK [2][-]{subsection.6.2.2}{\376\377\116\373\141\017\116\011\176\364\167\342\221\317\166\204\133\232\160\271\173\200\123\125\217\154\122\250}{section.6.2}% 71
\BOOKMARK [1][-]{section.6.3}{\376\377\133\232\160\271\173\200\123\125\217\154\122\250\116\016\145\271\124\021\117\131\137\046\167\351\226\065\166\204\121\163\174\373}{chapter.6}% 72
\BOOKMARK [2][-]{subsection.6.3.1}{\376\377\116\373\141\017\116\011\176\364\167\342\221\317\133\232\160\271\173\200\123\125\217\154\122\250\166\204\127\120\150\007\210\150\171\072}{section.6.3}% 73
\BOOKMARK [2][-]{subsection.6.3.2}{\376\377\177\127\137\267\221\314\150\074\145\257\145\313\217\154\121\154\137\017\166\204\162\171\153\212\137\142\137\017}{section.6.3}% 74
\BOOKMARK [2][-]{subsection.6.3.3}{\376\377\165\061\145\271\124\021\117\131\137\046\167\351\226\065\123\315\154\102\217\154\217\164\124\214\217\154\211\322}{section.6.3}% 75
\BOOKMARK [0][-]{chapter.7}{\376\377\166\370\133\371\217\154\122\250\211\322\220\037\136\246}{}% 76
\BOOKMARK [1][-]{section.7.1}{\376\377\126\372\176\323\127\050\122\250\174\373\116\012\166\204\160\271\166\204\166\370\133\371\220\037\136\246}{chapter.7}% 77
\BOOKMARK [1][-]{section.7.2}{\376\377\116\044\123\363\142\113\173\033\123\141\134\024\166\364\211\322\127\120\150\007\174\373\166\204\166\370\133\371\145\271\117\115}{chapter.7}% 78
\BOOKMARK [1][-]{section.7.3}{\376\377\145\271\124\021\117\131\137\046\167\351\226\065\166\204\145\366\225\364\123\330\123\026\163\207\377\010\165\061\000I\0003\000\040\000=\000\040\000A\000i\000j\000A\000i\000j\000T\121\372\123\321\377\011}{chapter.7}% 79
\BOOKMARK [1][-]{section.7.4}{\376\377\145\271\124\021\117\131\137\046\167\351\226\065\166\204\145\366\225\364\123\330\123\026\163\207\377\010\165\061\000I\0003\000\040\000=\000\040\000A\000i\000j\000T\000A\000i\000j\121\372\123\321\377\011}{chapter.7}% 80
\BOOKMARK [1][-]{section.7.5}{\376\377\145\271\124\021\117\131\137\046\167\351\226\065\166\204\145\366\225\364\123\330\123\026\163\207\040\024\040\024\116\044\171\315\143\250\133\374\166\204\176\337\116\000}{chapter.7}% 81
\BOOKMARK [1][-]{section.7.6}{\376\377\145\271\124\021\117\131\137\046\167\351\226\065\166\204\145\366\225\364\123\330\123\026\163\207\000i\000j}{chapter.7}% 82
\BOOKMARK [1][-]{section.7.7}{\376\377\171\321\221\314\131\145\122\051\121\154\137\017}{chapter.7}% 83
\BOOKMARK [1][-]{section.7.8}{\376\377\211\322\220\037\136\246\123\340\122\240\133\232\164\006}{chapter.7}% 84
\BOOKMARK [0][-]{chapter.8}{\376\377\127\120\150\007\174\373\166\204\131\377\140\001\136\177\116\111\127\120\150\007}{}% 85
\BOOKMARK [1][-]{section.8.1}{\376\377\217\154\217\164\124\214\217\154\211\322}{chapter.8}% 86
\BOOKMARK [2][-]{subsection.8.1.1}{\376\377\165\050\217\154\217\164\124\214\217\154\211\322\210\150\171\072\166\204\172\172\225\364\217\320\122\250\122\032\117\123\211\322\220\037\136\246}{section.8.1}% 87
\BOOKMARK [1][-]{section.8.2}{\376\377\153\047\142\311\123\302\145\160}{chapter.8}% 88
\BOOKMARK [2][-]{subsection.8.2.1}{\376\377\165\061\211\322\220\037\136\246\122\027\226\065\123\315\154\102\153\047\142\311\123\302\145\160\133\371\145\366\225\364\166\204\116\000\226\066\133\374\145\160}{section.8.2}% 89
\BOOKMARK [1][-]{section.8.3}{\376\377\153\047\142\311\211\322}{chapter.8}% 90
\BOOKMARK [2][-]{subsection.8.3.1}{\376\377\117\123\121\205\000Z\000X\000Z\217\154\122\250\377\010\176\317\121\170\153\047\142\311\211\322\377\011}{section.8.3}% 91
\BOOKMARK [2][-]{subsection.8.3.2}{\376\377\117\123\121\205\000Z\000Y\000X\217\154\122\250\377\010\123\141\134\024\116\071\211\322\377\014\000Y\000a\000w\000-\000P\000i\000t\000c\000h\000-\000R\000o\000l\000l\377\011}{section.8.3}% 92
\BOOKMARK [1][-]{section.8.4}{\376\377\127\120\150\007\174\373\131\377\140\001\136\177\116\111\127\120\150\007\166\204\121\166\116\326\137\142\137\017}{chapter.8}% 93
\BOOKMARK [1][-]{section.8.5}{\376\377\166\370\176\347\217\154\122\250}{chapter.8}% 94
\BOOKMARK [0][-]{chapter.9}{\376\377\172\172\225\364\217\320\122\250\122\032\117\123\166\204\122\250\200\375\116\016\122\277\200\375}{}% 95
\BOOKMARK [1][-]{section.9.1}{\376\377\172\172\225\364\217\320\122\250\122\032\117\123\121\103\116\366\166\204\122\250\200\375}{chapter.9}% 96
\BOOKMARK [2][-]{subsection.9.1.1}{\376\377\172\172\225\364\217\320\122\250\122\032\117\123\121\103\116\366\122\250\200\375\166\204\137\256\121\103\154\102\124\214\137\142\137\017}{section.9.1}% 97
\BOOKMARK [1][-]{section.9.2}{\376\377\172\172\225\364\217\320\122\250\122\032\117\123\121\103\116\366\166\204\221\315\122\233\122\277\200\375}{chapter.9}% 98
\BOOKMARK [1][-]{section.9.3}{\376\377\172\172\225\364\217\320\122\250\122\032\117\123\121\103\116\366\166\204\217\154\122\250\140\357\221\317\137\040\221\317}{chapter.9}% 99
\BOOKMARK [0][-]{chapter.10}{\376\377\117\123\121\103\116\366\136\177\116\111\127\120\150\007\116\016\174\373\176\337\140\073\117\123\122\250\122\233\133\146\145\271\172\013}{}% 100
\BOOKMARK [1][-]{section.10.1}{\376\377\131\032\122\032\117\123\174\373\176\337\117\123\121\103\116\366\136\177\116\111\127\120\150\007}{chapter.10}% 101
\BOOKMARK [1][-]{section.10.2}{\376\377\174\373\176\337\176\246\147\137\145\271\172\013}{chapter.10}% 102
\BOOKMARK [2][-]{subsection.10.2.1}{\376\377\224\360\121\103\116\366\176\246\147\137\145\271\172\013}{section.10.2}% 103
\BOOKMARK [2][-]{subsection.10.2.2}{\376\377\224\360\121\103\116\366\176\246\147\137\145\271\172\013\226\305\123\357\153\324\167\351\226\065}{section.10.2}% 104
\BOOKMARK [1][-]{section.10.3}{\376\377\174\373\176\337\122\250\200\375\123\312\121\166\133\371\136\177\116\111\127\120\150\007\166\204\120\117\133\374\145\160}{chapter.10}% 105
\BOOKMARK [2][-]{subsection.10.3.1}{\376\377\122\032\117\123\166\204\122\250\200\375}{section.10.3}% 106
\BOOKMARK [2][-]{subsection.10.3.2}{\376\377\122\032\117\123\166\204\220\037\136\246\122\027\226\065}{section.10.3}% 107
\BOOKMARK [2][-]{subsection.10.3.3}{\376\377\174\373\176\337\166\204\122\250\200\375}{section.10.3}% 108
\BOOKMARK [2][-]{subsection.10.3.4}{\376\377\174\373\176\337\122\250\200\375\133\371\136\177\116\111\127\120\150\007\166\204\120\117\133\374\145\160}{section.10.3}% 109
\BOOKMARK [2][-]{subsection.10.3.5}{\376\377\122\032\117\123\217\336\117\123\127\120\150\007\174\373\220\037\136\246\133\371\122\032\117\123\136\177\116\111\127\120\150\007\166\204\120\117\133\374\145\160}{section.10.3}% 110
\BOOKMARK [1][-]{section.10.4}{\376\377\221\315\122\233\122\277\200\375\123\312\121\166\133\371\136\177\116\111\127\120\150\007\166\204\120\117\133\374\145\160}{chapter.10}% 111
\BOOKMARK [0][-]{chapter.11}{\376\377\131\032\122\032\117\123\174\373\176\337\217\320\122\250\133\146\145\271\172\013\220\022\143\250\137\142\137\017}{}% 112
\BOOKMARK [1][-]{section.11.1}{\376\377\131\032\122\032\117\123\174\373\176\337\150\021\137\142\142\323\142\121\143\317\217\360}{chapter.11}% 113
\BOOKMARK [2][-]{subsection.11.1.1}{\376\377\122\250\122\233\133\146\152\041\127\213\142\323\142\121\126\376}{section.11.1}% 114
\BOOKMARK [2][-]{subsection.11.1.2}{\376\377\155\076\165\037\150\021\142\323\142\121\143\317\217\360\116\016\121\103\116\366\150\007\123\367}{section.11.1}% 115
\BOOKMARK [2][-]{subsection.11.1.3}{\376\377\174\373\176\337\136\177\116\111\127\120\150\007\116\016\176\246\147\137\145\271\172\013}{section.11.1}% 116
\BOOKMARK [1][-]{section.11.2}{\376\377\166\370\220\273\117\123\121\103\116\366\217\320\122\250\133\146\221\317\220\022\143\250\121\163\174\373}{chapter.11}% 117
\BOOKMARK [2][-]{subsection.11.2.1}{\376\377\166\370\220\273\117\123\121\103\116\366\117\115\177\156\176\247\217\320\122\250\133\146\221\317\220\022\143\250\121\163\174\373}{section.11.2}% 118
\BOOKMARK [2][-]{subsection.11.2.2}{\376\377\166\370\220\273\117\123\121\103\116\366\220\037\136\246\176\247\217\320\122\250\133\146\221\317\220\022\143\250\121\163\174\373}{section.11.2}% 119
\BOOKMARK [2][-]{subsection.11.2.3}{\376\377\166\370\220\273\117\123\121\103\116\366\122\240\220\037\136\246\217\320\122\250\133\146\221\317\220\022\143\250\121\163\174\373}{section.11.2}% 120
\BOOKMARK [1][-]{section.11.3}{\376\377\116\073\224\360\121\103\116\366\166\370\133\371\217\320\122\250\133\146\145\271\172\013}{chapter.11}% 121
\BOOKMARK [2][-]{subsection.11.3.1}{\376\377\206\132\142\337\224\360\121\103\116\366}{section.11.3}% 122
\BOOKMARK [2][-]{subsection.11.3.2}{\376\377\217\154\122\250\224\360\121\103\116\366}{section.11.3}% 123
\BOOKMARK [2][-]{subsection.11.3.3}{\376\377\150\361\147\361\224\360\121\103\116\366}{section.11.3}% 124
\BOOKMARK [2][-]{subsection.11.3.4}{\376\377\126\372\176\323\224\360\121\103\116\366}{section.11.3}% 125
\BOOKMARK [2][-]{subsection.11.3.5}{\376\377\164\003\224\360\121\103\116\366}{section.11.3}% 126
\BOOKMARK [2][-]{subsection.11.3.6}{\376\377\116\007\124\021\202\202}{section.11.3}% 127
\BOOKMARK [2][-]{subsection.11.3.7}{\376\377\127\006\147\361\224\360}{section.11.3}% 128
\BOOKMARK [2][-]{subsection.11.3.8}{\376\377\207\272\145\313\224\360}{section.11.3}% 129
\BOOKMARK [1][-]{section.11.4}{\376\377\117\123\121\103\116\366\220\037\136\246\121\163\116\216\174\373\176\337\136\177\116\111\220\037\136\246\166\204\176\277\140\047\210\150\217\276\137\017}{chapter.11}% 130
\BOOKMARK [1][-]{section.11.5}{\376\377\225\355\163\257\122\007\145\255\224\360\121\103\116\366\166\370\133\371\217\320\122\250\133\146\221\317\166\204\213\241\173\227}{chapter.11}% 131
\BOOKMARK [2][-]{subsection.11.5.1}{\376\377\217\154\122\250\224\360\121\103\116\366}{section.11.5}% 132
\BOOKMARK [2][-]{subsection.11.5.2}{\376\377\150\361\147\361\224\360\121\103\116\366}{section.11.5}% 133
\BOOKMARK [2][-]{subsection.11.5.3}{\376\377\126\372\176\323\224\360\121\103\116\366}{section.11.5}% 134
\BOOKMARK [2][-]{subsection.11.5.4}{\376\377\164\003\224\360\121\103\116\366}{section.11.5}% 135
\BOOKMARK [2][-]{subsection.11.5.5}{\376\377\116\007\124\021\202\202}{section.11.5}% 136
\BOOKMARK [1][-]{section.11.6}{\376\377\225\355\163\257\122\007\145\255\224\360\121\103\116\366\176\246\147\137\145\271\172\013}{chapter.11}% 137
\BOOKMARK [2][-]{subsection.11.6.1}{\376\377\217\154\122\250\224\360\121\103\116\366}{section.11.6}% 138
\BOOKMARK [2][-]{subsection.11.6.2}{\376\377\150\361\147\361\224\360\121\103\116\366}{section.11.6}% 139
\BOOKMARK [2][-]{subsection.11.6.3}{\376\377\126\372\176\323\224\360\121\103\116\366}{section.11.6}% 140
\BOOKMARK [2][-]{subsection.11.6.4}{\376\377\164\003\224\360\121\103\116\366}{section.11.6}% 141
\BOOKMARK [2][-]{subsection.11.6.5}{\376\377\116\007\124\021\202\202}{section.11.6}% 142
\BOOKMARK [1][-]{section.11.7}{\376\377\220\037\136\246\176\247\176\246\147\137\145\271\172\013\121\163\116\216\174\373\176\337\136\177\116\111\220\037\136\246\166\204\176\277\140\047\210\150\217\276\137\017}{chapter.11}% 143
\BOOKMARK [1][-]{section.11.8}{\376\377\225\355\163\257\217\335\176\246\117\356\153\143}{chapter.11}% 144
\BOOKMARK [2][-]{subsection.11.8.1}{\376\377\117\115\177\156\176\247\217\335\176\246\117\356\153\143}{section.11.8}% 145
\BOOKMARK [2][-]{subsection.11.8.2}{\376\377\220\037\136\246\176\247\217\335\176\246\117\356\153\143}{section.11.8}% 146
\BOOKMARK [0][-]{chapter.12}{\376\377\131\032\122\032\117\123\174\373\176\337\142\311\150\074\147\027\145\345\145\271\172\013\220\022\143\250\137\142\137\017}{}% 147
\BOOKMARK [1][-]{section.12.1}{\376\377\174\373\176\337\217\320\122\250\137\256\122\006\145\271\172\013}{chapter.12}% 148
\BOOKMARK [1][-]{section.12.2}{\376\377\174\373\176\337\136\177\116\111\215\050\221\317\167\351\226\065}{chapter.12}% 149
\BOOKMARK [1][-]{section.12.3}{\376\377\174\373\176\337\136\177\116\111\215\050\221\317\167\351\226\065\133\371\145\366\225\364\166\204\116\000\226\066\133\374\145\160}{chapter.12}% 150
\BOOKMARK [1][-]{section.12.4}{\376\377\174\373\176\337\122\250\200\375\133\371\136\177\116\111\127\120\150\007\166\204\120\117\133\374\145\160}{chapter.12}% 151
\BOOKMARK [1][-]{section.12.5}{\376\377\224\360\121\103\116\366\166\370\133\371\217\320\122\250\133\146\221\317\133\371\201\352\216\253\136\177\116\111\127\120\150\007\166\204\120\117\133\374\145\160}{chapter.12}% 152
\BOOKMARK [2][-]{subsection.12.5.1}{\376\377\206\132\142\337\224\360\121\103\116\366}{section.12.5}% 153
\BOOKMARK [2][-]{subsection.12.5.2}{\376\377\217\154\122\250\224\360\121\103\116\366}{section.12.5}% 154
\BOOKMARK [2][-]{subsection.12.5.3}{\376\377\150\361\147\361\224\360\121\103\116\366}{section.12.5}% 155
\BOOKMARK [2][-]{subsection.12.5.4}{\376\377\126\372\176\323\224\360\121\103\116\366}{section.12.5}% 156
\BOOKMARK [2][-]{subsection.12.5.5}{\376\377\164\003\224\360\121\103\116\366}{section.12.5}% 157
\BOOKMARK [2][-]{subsection.12.5.6}{\376\377\116\007\124\021\202\202}{section.12.5}% 158
\BOOKMARK [1][-]{section.12.6}{\376\377\122\240\220\037\136\246\176\246\147\137\145\271\172\013}{chapter.12}% 159
\BOOKMARK [2][-]{subsection.12.6.1}{\376\377\217\154\122\250\224\360\121\103\116\366}{section.12.6}% 160
\BOOKMARK [2][-]{subsection.12.6.2}{\376\377\150\361\147\361\224\360\121\103\116\366}{section.12.6}% 161
\BOOKMARK [2][-]{subsection.12.6.3}{\376\377\126\372\176\323\224\360\121\103\116\366}{section.12.6}% 162
\BOOKMARK [2][-]{subsection.12.6.4}{\376\377\164\003\224\360\121\103\116\366}{section.12.6}% 163
\BOOKMARK [2][-]{subsection.12.6.5}{\376\377\116\007\124\021\202\202}{section.12.6}% 164
\BOOKMARK [1][-]{section.12.7}{\376\377\116\016\227\136\122\007\145\255\224\360\121\103\116\366\176\321\133\232\166\204\137\071\140\047\226\073\134\074\122\233\116\016\143\247\122\066\122\233}{chapter.12}% 165
\BOOKMARK [1][-]{section.12.8}{\376\377\121\166\133\203\174\373\176\337\136\177\116\111\122\233}{chapter.12}% 166
\BOOKMARK [1][-]{section.12.9}{\376\377\122\250\122\233\133\146\137\256\122\006\116\343\145\160\166\204\176\246\123\026}{chapter.12}% 167
\BOOKMARK [2][-]{subsection.12.9.1}{\376\377\150\021\137\142\142\323\142\121\126\376}{section.12.9}% 168
\BOOKMARK [2][-]{subsection.12.9.2}{\376\377\217\320\122\250\133\146\145\271\172\013}{section.12.9}% 169
\BOOKMARK [2][-]{subsection.12.9.3}{\376\377\220\037\136\246\176\247\176\246\147\137\145\271\172\013\166\204\150\041\150\070}{section.12.9}% 170
\BOOKMARK [2][-]{subsection.12.9.4}{\376\377\174\373\176\337\147\072\150\260\200\375}{section.12.9}% 171
\BOOKMARK [2][-]{subsection.12.9.5}{\376\377\143\245\211\346\152\041\127\213}{section.12.9}% 172
\BOOKMARK [2][-]{subsection.12.9.6}{\376\377\000n\000\040\121\103\116\214\153\041\127\213\121\375\145\160\166\204\116\000\226\066\120\117\133\374\145\160}{section.12.9}% 173
\BOOKMARK [2][-]{subsection.12.9.7}{\376\377\000n\000\040\121\103\116\214\153\041\127\213\121\375\145\160\166\204\116\214\226\066\120\117\133\374\145\160}{section.12.9}% 174
\BOOKMARK [2][-]{subsection.12.9.8}{\376\377\000n\000\040\000n\000\040\121\103\116\214\153\041\127\213\121\375\145\160\166\204\116\000\226\066\120\117\133\374\145\160}{section.12.9}% 175
\BOOKMARK [2][-]{subsection.12.9.9}{\376\377\000n\000\040\000n\000\040\121\103\131\015\124\010\116\214\153\041\127\213\121\375\145\160\166\204\116\000\226\066\120\117\133\374\145\160}{section.12.9}% 176
